******************************************************************************
                  TI ARM Linker PC v18.1.3                     
******************************************************************************
>> Linked Thu Apr 25 14:41:06 2019

OUTPUT FILE NAME:   <ece3849d19_lab2_yaverdeja.out>
ENTRY POINT SYMBOL: "_c_int00"  address: 00008a99


MEMORY CONFIGURATION

         name            origin    length      used     unused   attr    fill
----------------------  --------  ---------  --------  --------  ----  --------
  FLASH                 00000000   00100000  0000da2c  000f25d4  R  X
  SRAM                  20000000   00040000  00013a2a  0002c5d6  RW X


SEGMENT ALLOCATION MAP

run origin  load origin   length   init length attrs members
----------  ----------- ---------- ----------- ----- -------
00000000    00000000    0000da38   0000da38    r-x
  00000000    00000000    0000003c   0000003c    r-- .resetVecs
  00000040    00000040    0000adba   0000adba    r-x .text
  0000ae00    0000ae00    00002956   00002956    r-- .const
  0000d758    0000d758    000002e0   000002e0    r-- .cinit
20000000    20000000    00013a30   00000000    rw-
  20000000    20000000    00000360   00000000    rw- .vecs
  20000360    20000360    0000ad0e   00000000    rw- .bss
  2000b070    2000b070    000086bc   00000000    rw- .data
  20013730    20013730    00000300   00000000    rw- .stack


SECTION ALLOCATION MAP

 output                                  attributes/
section   page    origin      length       input sections
--------  ----  ----------  ----------   ----------------
.text      0    00000040    0000adba     
                  00000040    00000a5e     rtsv7M4_T_le_v4SPD16_eabi.lib : _printfi.c.obj (.text:__TI_printfi)
                  00000a9e    00000002                                   : _lock.c.obj (.text:_nop)
                  00000aa0    00000738                                   : k_rem_pio2.c.obj (.text:__kernel_rem_pio2)
                  000011d8    000005dc                                   : s_cos.c.obj (.text:cos)
                  000017b4    000005c4                                   : s_sin.c.obj (.text:sin)
                  00001d78    00000430     sysbios.aem4f : BIOS.obj (.text:ti_sysbios_family_arm_m3_Hwi_excDumpRegs__I)
                  000021a8    0000034c     ti.targets.arm.rtsarm.aem4f : System.oem4f (.text:xdc_runtime_System_doPrint__I)
                  000024f4    00000004     driverlib.lib : timer.obj (.text:TimerIntClear)
                  000024f8    000002a4     sysbios.aem4f : BIOS.obj (.text:ti_sysbios_knl_Semaphore_pend__E)
                  0000279c    00000004     rtsv7M4_T_le_v4SPD16_eabi.lib : exit.c.obj (.text:abort:abort)
                  000027a0    0000028e     kiss_fft.obj (.text:kf_bfly5)
                  00002a2e    00000002     rtsv7M4_T_le_v4SPD16_eabi.lib : div0.asm.obj (.text)
                  00002a30    00000278     main.obj (.text:displayTask_func)
                  00002ca8    00000270     rtsv7M4_T_le_v4SPD16_eabi.lib : _printfi.c.obj (.text:_pconv_a)
                  00002f18    0000026c     sysbios.aem4f : BIOS.obj (.text:ti_sysbios_heaps_HeapMem_free__E)
                  00003184    00000004                   : BIOS.obj (.text:ti_sysbios_family_arm_lm4_Timer_masterEnable__I)
                  00003188    00000268     buttons.obj (.text:processingTask_func)
                  000033f0    00000256     grlib.lib : string.obj (.text:GrFontGlyphRender)
                  00003646    00000002     --HOLE-- [fill = 0]
                  00003648    00000250     sysbios.aem4f : BIOS.obj (.text:ti_sysbios_heaps_HeapMem_alloc__E)
                  00003898    00000204     driverlib.lib : sysctl.obj (.text:SysCtlClockFreqSet)
                  00003a9c    00000204     Boot.aem4f : Boot_sysctl.oem4f (.text:ti_catalog_arm_cortexm4_tiva_ce_Boot_sysCtlClockFreqSetI__I)
                  00003ca0    000001fc     sysbios.aem4f : BIOS.obj (.text:ti_sysbios_family_arm_m3_Hwi_excHandlerMax__I)
                  00003e9c    00000004     ti.targets.arm.rtsarm.aem4f : Error.oem4f (.text:xdc_runtime_Error_getSite__E)
                  00003ea0    000001f0     kiss_fft.obj (.text:kf_bfly4)
                  00004090    000001d0     rtsv7M4_T_le_v4SPD16_eabi.lib : _printfi.c.obj (.text:_pconv_g)
                  00004260    000001b6                                   : fd_add_t2.asm.obj (.text)
                  00004416    00000002     --HOLE-- [fill = 0]
                  00004418    000001b4     kiss_fft.obj (.text:kf_bfly3)
                  000045cc    00000004     ti.targets.arm.rtsarm.aem4f : System.oem4f (.text:xdc_runtime_System_aprintf_va__F)
                  000045d0    000001b0     buttons.obj (.text:ButtonInit)
                  00004780    00000174     rtsv7M4_T_le_v4SPD16_eabi.lib : k_sin.c.obj (.text:__kernel_sin)
                  000048f4    00000004     ti.targets.arm.rtsarm.aem4f : System.oem4f (.text:xdc_runtime_System_printf_va__F)
                  000048f8    00000174     sysbios.aem4f : BIOS.obj (.text:ti_sysbios_family_arm_m3_Hwi_excBusFault__I)
                  00004a6c    0000016c     rtsv7M4_T_le_v4SPD16_eabi.lib : k_cos.c.obj (.text:__kernel_cos)
                  00004bd8    00000164     sysbios.aem4f : BIOS.obj (.text:ti_sysbios_family_arm_m3_Hwi_excUsageFault__I)
                  00004d3c    00000158     rtsv7M4_T_le_v4SPD16_eabi.lib : e_log10f.c.obj (.text:log10f)
                  00004e94    00000158                                   : e_sqrt.c.obj (.text:sqrt)
                  00004fec    00000004     --HOLE-- [fill = 0]
                  00004ff0    00000148     sysbios.aem4f : BIOS.obj (.text:ti_sysbios_family_arm_m3_Hwi_excMemFault__I)
                  00005138    0000013c     rtsv7M4_T_le_v4SPD16_eabi.lib : _printfi.c.obj (.text:_pconv_e)
                  00005274    00000004     --HOLE-- [fill = 0]
                  00005278    0000013c     sysbios.aem4f : BIOS.obj (.text:ti_sysbios_heaps_HeapMem_Instance_init__E)
                  000053b4    00000136     rtsv7M4_T_le_v4SPD16_eabi.lib : fd_div_t2.asm.obj (.text)
                  000054ea    00000130     driverlib.lib : gpio.obj (.text:GPIOPadConfigSet)
                  0000561a    00000002     --HOLE-- [fill = 0]
                  0000561c    00000120     rtsv7M4_T_le_v4SPD16_eabi.lib : _printfi.c.obj (.text:fcvt)
                  0000573c    00000118     ti.targets.arm.rtsarm.aem4f : Error.oem4f (.text:xdc_runtime_Error_policyDefault__E)
                  00005854    00000110     rtsv7M4_T_le_v4SPD16_eabi.lib : s_scalbn.c.obj (.text:scalbn)
                  00005964    00000004     --HOLE-- [fill = 0]
                  00005968    00000108     sysbios.aem4f : BIOS.obj (.text:ti_sysbios_family_arm_lm4_Timer_start__E)
                  00005a70    00000106     grlib.lib : line.obj (.text:GrLineDraw)
                  00005b76    00000002     --HOLE-- [fill = 0]
                  00005b78    00000100     ti.targets.arm.rtsarm.aem4f : Core-mem.oem4f (.text:xdc_runtime_Core_createObject__I)
                  00005c78    000000fc     kiss_fft.obj (.text:kf_bfly_generic)
                  00005d74    000000fc     rtsv7M4_T_le_v4SPD16_eabi.lib : fd_mul_t2.asm.obj (.text)
                  00005e70    000000fc     rtos_pem4f.oem4f (.text:xdc_runtime_System_printfExtend__I)
                  00005f6c    000000f8     rtsv7M4_T_le_v4SPD16_eabi.lib : s_floor.c.obj (.text:floor)
                  00006064    000000f8     ti.targets.arm.rtsarm.aem4f : Startup.oem4f (.text:xdc_runtime_Startup_startMods__I)
                  0000615c    000000f4     sysbios.aem4f : m3_Hwi_asm.obj (.text:ti_sysbios_family_arm_m3_Hwi_dispatch__I)
                  00006250    000000ec                   : BIOS.obj (.text:ti_sysbios_knl_Semaphore_post__E)
                  0000633c    00000004     --HOLE-- [fill = 0]
                  00006340    000000e2     kiss_fft.obj (.text:kf_work)
                  00006422    00000006     driverlib.lib : gpio.obj (.text:GPIOPinRead)
                  00006428    000000e0     buttons.obj (.text:buttonTask_func)
                  00006508    000000dc     Crystalfontz128x128_ST7735.obj (.text:Crystalfontz128x128_PixelDrawMultiple)
                  000065e4    00000004     --HOLE-- [fill = 0]
                  000065e8    000000d4     buttons.obj (.text:ButtonReadJoystick)
                  000066bc    00000004     --HOLE-- [fill = 0]
                  000066c0    000000cc     kiss_fft.obj (.text:kiss_fft_alloc)
                  0000678c    00000004     --HOLE-- [fill = 0]
                  00006790    000000cc     buttons.obj (.text:userInputTask_func)
                  0000685c    000000cc     ti.targets.arm.rtsarm.aem4f : Core-smem.oem4f (.text:xdc_runtime_Core_constructObject__I)
                  00006928    000000c4     grlib.lib : string.obj (.text:GrDefaultStringRenderer)
                  000069ec    000000c0               : line.obj (.text:GrLineClip)
                  00006aac    00000004     --HOLE-- [fill = 0]
                  00006ab0    000000bc     Crystalfontz128x128_ST7735.obj (.text:Crystalfontz128x128_Init)
                  00006b6c    00000004     --HOLE-- [fill = 0]
                  00006b70    000000bc     sysbios.aem4f : BIOS.obj (.text:ti_sysbios_family_arm_m3_Hwi_excDebugMon__I)
                  00006c2c    00000004     --HOLE-- [fill = 0]
                  00006c30    000000bc                   : BIOS.obj (.text:ti_sysbios_family_arm_m3_Hwi_excHardFault__I)
                  00006cec    000000b4     rtsv7M4_T_le_v4SPD16_eabi.lib : s_cosf.c.obj (.text:cosf)
                  00006da0    000000b4     sysbios.aem4f : BIOS.obj (.text:ti_sysbios_gates_GateMutex_enter__E)
                  00006e54    00000004     --HOLE-- [fill = 0]
                  00006e58    000000b4                   : BIOS.obj (.text:ti_sysbios_knl_Task_checkStacks__E)
                  00006f0c    00000004     --HOLE-- [fill = 0]
                  00006f10    000000b4     buttons.obj (.text:triggerSearch)
                  00006fc4    00000004     --HOLE-- [fill = 0]
                  00006fc8    000000b4     buttons.obj (.text:waveformTask_func)
                  0000707c    000000b1     rtsv7M4_T_le_v4SPD16_eabi.lib : _printfi.c.obj (.text:_ltostr)
                  0000712d    00000003     --HOLE-- [fill = 0]
                  00007130    000000ac     sysbios.aem4f : BIOS.obj (.text:ti_sysbios_family_arm_lm4_Timer_enableTiva__I)
                  000071dc    000000a0     auto_init.aem4f : auto_init.oem4f (.text)
                  0000727c    000000a0     ti.targets.arm.rtsarm.aem4f : Text.oem4f (.text:xdc_runtime_Text_putMod__E)
                  0000731c    00000004     --HOLE-- [fill = 0]
                  00007320    0000009c     Crystalfontz128x128_ST7735.obj (.text:Crystalfontz128x128_SetDrawFrame)
                  000073bc    0000009c     rtsv7M4_T_le_v4SPD16_eabi.lib : memcpy_t2.asm.obj (.text)
                  00007458    0000009c     sysbios.aem4f : BIOS.obj (.text:ti_sysbios_knl_Semaphore_Instance_init__E)
                  000074f4    0000009a     ti.targets.arm.rtsarm.aem4f : Text.oem4f (.text:xdc_runtime_Text_putSite__E)
                  0000758e    00000002     --HOLE-- [fill = 0]
                  00007590    00000098     Boot.aem4f : Boot.oem4f (.text:ti_catalog_arm_cortexm4_tiva_ce_Boot_sysCtlClockFreqSet__E)
                  00007628    00000096     rtsv7M4_T_le_v4SPD16_eabi.lib : ull_div_t2.asm.obj (.text)
                  000076be    00000002     --HOLE-- [fill = 0]
                  000076c0    00000094     sysbios.aem4f : BIOS.obj (.text:ti_sysbios_family_arm_m3_Hwi_initNVIC__E)
                  00007754    0000008c                   : m3_TaskSupport_asm.obj (.text:ti_sysbios_family_arm_m3_TaskSupport_buildTaskStack)
                  000077e0    0000008c                   : BIOS.obj (.text:ti_sysbios_knl_Task_postInit__I)
                  0000786c    00000004     --HOLE-- [fill = 0]
                  00007870    00000088                   : BIOS.obj (.text:ti_sysbios_knl_Mailbox_post__E)
                  000078f8    00000086     grlib.lib : rectangle.obj (.text:GrRectFill)
                  0000797e    00000086     rtsv7M4_T_le_v4SPD16_eabi.lib : fd_cmp_t2.asm.obj (.text:__aeabi_cdcmple)
                  00007a04    00000086                                   : fd_cmp_t2.asm.obj (.text:__aeabi_cdrcmple)
                  00007a8a    00000006     driverlib.lib : gpio.obj (.text:GPIOPinWrite)
                  00007a90    00000084     sysbios.aem4f : BIOS.obj (.text:ti_sysbios_family_arm_m3_Hwi_postInit__I)
                  00007b14    00000004     --HOLE-- [fill = 0]
                  00007b18    00000080     Crystalfontz128x128_ST7735.obj (.text:Crystalfontz128x128_RectFill)
                  00007b98    00000080     rtsv7M4_T_le_v4SPD16_eabi.lib : s_floorf.c.obj (.text:floorf)
                  00007c18    00000080     kiss_fft.obj (.text:kf_bfly2)
                  00007c98    0000007a     driverlib.lib : adc.obj (.text:ADCSequenceStepConfigure)
                  00007d12    0000007a     rtsv7M4_T_le_v4SPD16_eabi.lib : memset_t2.asm.obj (.text)
                  00007d8c    00000004     --HOLE-- [fill = 0]
                  00007d90    00000078     HAL_EK_TM4C1294XL_Crystalfontz128x128_ST7735.obj (.text:HAL_LCD_PortInit)
                  00007e08    00000078     HAL_EK_TM4C1294XL_Crystalfontz128x128_ST7735.obj (.text:HAL_LCD_SpiInit)
                  00007e80    00000074     sysbios.aem4f : BIOS.obj (.text:ti_sysbios_knl_Mailbox_pend__E)
                  00007ef4    00000004     --HOLE-- [fill = 0]
                  00007ef8    00000070                   : BIOS.obj (.text:ti_sysbios_knl_Clock_workFunc__E)
                  00007f68    00000070                   : BIOS.obj (.text:ti_sysbios_knl_Task_exit__E)
                  00007fd8    0000006e     rtsv7M4_T_le_v4SPD16_eabi.lib : _printfi.c.obj (.text:_mcpy)
                  00008046    0000006e                                   : s_roundf.c.obj (.text:roundf)
                  000080b4    0000006e                                   : fd_tos_t2.asm.obj (.text)
                  00008122    00000002     --HOLE-- [fill = 0]
                  00008124    0000006d     ti.targets.arm.rtsarm.aem4f : System.oem4f (.text:xdc_runtime_System_formatNum__I)
                  00008191    00000001     --HOLE-- [fill = 0]
                  00008192    00000006     grlib.lib : string.obj (.text:GrContextFontSet)
                  00008198    0000006c     kiss_fft.obj (.text:kf_factor)
                  00008204    00000004     --HOLE-- [fill = 0]
                  00008208    0000006c     sysbios.aem4f : BIOS.obj (.text:ti_sysbios_knl_Swi_restoreHwi__E)
                  00008274    0000006c     ti.targets.arm.rtsarm.aem4f : Error.oem4f (.text:xdc_runtime_Error_print__E)
                  000082e0    0000006c                                 : Memory.oem4f (.text:xdc_runtime_Memory_alloc__E)
                  0000834c    00000068     grlib.lib : context.obj (.text:GrContextInit)
                  000083b4    00000068     rtsv7M4_T_le_v4SPD16_eabi.lib : copy_decompress_lzss.c.obj (.text:decompress:lzss:__TI_decompress_lzss)
                  0000841c    00000004     --HOLE-- [fill = 0]
                  00008420    00000068     sysbios.aem4f : BIOS.obj (.text:ti_sysbios_family_arm_lm4_TimestampProvider_initTimerHandle__I)
                  00008488    00000066     ti.targets.arm.rtsarm.aem4f : Core-mem.oem4f (.text:xdc_runtime_Core_deleteObject__I)
                  000084ee    00000002     --HOLE-- [fill = 0]
                  000084f0    00000064     rtsv7M4_T_le_v4SPD16_eabi.lib : s_frexp.c.obj (.text:frexp)
                  00008554    00000004     --HOLE-- [fill = 0]
                  00008558    00000064     sysbios.aem4f : BIOS.obj (.text:ti_sysbios_family_arm_lm4_Timer_Module_startup__E)
                  000085bc    00000004     --HOLE-- [fill = 0]
                  000085c0    00000064                   : BIOS.obj (.text:ti_sysbios_family_arm_m3_Hwi_dispatchC__I)
                  00008624    00000004     --HOLE-- [fill = 0]
                  00008628    00000060     buttons.obj (.text:ButtonDebounce)
                  00008688    00000060     driverlib.lib : timer.obj (.text:TimerConfigure)
                  000086e8    00000060     main.obj (.text:main)
                  00008748    00000060     sysbios.aem4f : BIOS.obj (.text:ti_sysbios_knl_Task_schedule__I)
                  000087a8    0000005c     kiss_fft.obj (.text:kiss_fft_stride)
                  00008804    00000004     --HOLE-- [fill = 0]
                  00008808    0000005c     sysbios.aem4f : BIOS.obj (.text:ti_sysbios_knl_Swi_run__I)
                  00008864    00000004     --HOLE-- [fill = 0]
                  00008868    0000005c                   : BIOS.obj (.text:ti_sysbios_knl_Swi_schedule__I)
                  000088c4    00000004     --HOLE-- [fill = 0]
                  000088c8    0000005c                   : BIOS.obj (.text:ti_sysbios_knl_Task_Module_startup__E)
                  00008924    00000004     --HOLE-- [fill = 0]
                  00008928    0000005c                   : BIOS.obj (.text:ti_sysbios_knl_Task_startCore__E)
                  00008984    0000005b     ti.targets.arm.rtsarm.aem4f : Text.oem4f (.text:xdc_runtime_Text_putLab__E)
                  000089df    00000001     --HOLE-- [fill = 0]
                  000089e0    0000005a     grlib.lib : string.obj (.text:FontWideGlyphDataGet)
                  00008a3a    00000006     driverlib.lib : sysctl.obj (.text:SysCtlDelay)
                  00008a40    00000058     buttons.obj (.text:ButtonAutoRepeat)
                  00008a98    00000058     boot.aem4f : boot.oem4f (.text)
                  00008af0    00000058     rtsv7M4_T_le_v4SPD16_eabi.lib : hostwrite.c.obj (.text:HOSTwrite)
                  00008b48    00000058     driverlib.lib : timer.obj (.text:TimerControlTrigger)
                  00008ba0    00000058     sysbios.aem4f : m3_Hwi_asm_switch.obj (.text:ti_sysbios_family_arm_m3_Hwi_initStacks__E)
                  00008bf8    00000056     rtsv7M4_T_le_v4SPD16_eabi.lib : _printfi.c.obj (.text:_pconv_f)
                  00008c4e    00000054                                   : ltoa.c.obj (.text:ltoa)
                  00008ca2    00000006     ti.targets.arm.rtsarm.aem4f : System.oem4f (.text:xdc_runtime_System_Module_startup__E)
                  00008ca8    00000054     sysbios.aem4f : BIOS.obj (.text:ti_sysbios_family_arm_lm4_Timer_initDevice__I)
                  00008cfc    00000054     ti.targets.arm.rtsarm.aem4f : Assert.oem4f (.text:xdc_runtime_Assert_raise__I)
                  00008d50    00000052     rtsv7M4_T_le_v4SPD16_eabi.lib : _printfi.c.obj (.text:_ecpy)
                  00008da2    00000002     --HOLE-- [fill = 0]
                  00008da4    00000050     Boot.aem4f : Boot_sysctl.oem4f (.text:_SysCtlFrequencyGet)
                  00008df4    00000004     --HOLE-- [fill = 0]
                  00008df8    00000050     sysbios.aem4f : BIOS.obj (.text:ti_sysbios_family_arm_m3_Hwi_Module_startup__E)
                  00008e48    00000050     ti.targets.arm.rtsarm.aem4f : Startup.oem4f (.text:xdc_runtime_Startup_exec__E)
                  00008e98    00000050                                 : Text.oem4f (.text:xdc_runtime_Text_visitRope2__I)
                  00008ee8    0000004c     rtsv7M4_T_le_v4SPD16_eabi.lib : atoi.c.obj (.text:atoi)
                  00008f34    0000004c                                   : cpy_tbl.c.obj (.text:copy_in)
                  00008f80    0000004c                                   : snprintf.c.obj (.text:snprintf)
                  00008fcc    00000004     --HOLE-- [fill = 0]
                  00008fd0    0000004c     sysbios.aem4f : BIOS.obj (.text:ti_sysbios_heaps_HeapMem_getStats__E)
                  0000901c    00000004     --HOLE-- [fill = 0]
                  00009020    0000004c                   : BIOS.obj (.text:ti_sysbios_knl_Swi_runLoop__I)
                  0000906c    00000004     --HOLE-- [fill = 0]
                  00009070    0000004c                   : BIOS.obj (.text:ti_sysbios_knl_Task_allBlockedFunction__I)
                  000090bc    0000004a     grlib.lib : string.obj (.text:UpdateContextCharMapping)
                  00009106    00000002     --HOLE-- [fill = 0]
                  00009108    00000048     buttons.obj (.text:ADC_ISR)
                  00009150    00000048     driverlib.lib : gpio.obj (.text:GPIOPinConfigure)
                  00009198    00000048     HAL_EK_TM4C1294XL_Crystalfontz128x128_ST7735.obj (.text:HAL_LCD_writeCommand)
                  000091e0    00000048     driverlib.lib : sysctl.obj (.text:_SysCtlFrequencyGet)
                  00009228    00000048     rtsv7M4_T_le_v4SPD16_eabi.lib : fd_toi_t2.asm.obj (.text)
                  00009270    00000048     sysbios.aem4f : BIOS.obj (.text:ti_sysbios_family_arm_lm4_Timer_enableTimers__I)
                  000092b8    00000048                   : BIOS.obj (.text:ti_sysbios_family_arm_m3_Hwi_disableInterrupt__E)
                  00009300    00000048                   : BIOS.obj (.text:ti_sysbios_family_arm_m3_Hwi_enableInterrupt__E)
                  00009348    00000048                   : BIOS.obj (.text:ti_sysbios_family_arm_m3_Hwi_excReserved__I)
                  00009390    00000048                   : BIOS.obj (.text:ti_sysbios_knl_Mailbox_Module_startup__E)
                  000093d8    00000046     grlib.lib : line.obj (.text:GrLineDrawH)
                  0000941e    00000046               : line.obj (.text:GrLineDrawV)
                  00009464    00000046     ti.targets.arm.rtsarm.aem4f : Core-params.oem4f (.text:xdc_runtime_Core_assignParams__I)
                  000094aa    00000006     --HOLE-- [fill = 0]
                  000094b0    00000044     Crystalfontz128x128_ST7735.obj (.text:Crystalfontz128x128_SetOrientation)
                  000094f4    00000004     --HOLE-- [fill = 0]
                  000094f8    00000044     sysbios.aem4f : BIOS.obj (.text:ti_sysbios_family_arm_lm4_Timer_isrStub__E)
                  0000953c    00000004     --HOLE-- [fill = 0]
                  00009540    00000044                   : BIOS.obj (.text:ti_sysbios_family_arm_m3_Hwi_getStackInfo__E)
                  00009584    00000004     --HOLE-- [fill = 0]
                  00009588    00000044                   : BIOS.obj (.text:ti_sysbios_knl_Swi_post__E)
                  000095cc    00000044     ti.targets.arm.rtsarm.aem4f : Error.oem4f (.text:xdc_runtime_Error_setX__E)
                  00009610    00000044                                 : SysMin.oem4f (.text:xdc_runtime_SysMin_flush__E)
                  00009654    00000044                                 : Text.oem4f (.text:xdc_runtime_Text_xprintf__I)
                  00009698    00000040     Crystalfontz128x128_ST7735.obj (.text:Crystalfontz128x128_LineDrawH)
                  000096d8    00000040     rtsv7M4_T_le_v4SPD16_eabi.lib : u_divt2.asm.obj (.text)
                  00009718    00000040     sysbios.aem4f : BIOS.obj (.text:ti_sysbios_family_arm_lm4_Timer_startup__E)
                  00009758    00000040     buttons.obj (.text:zero_crossing_point)
                  00009798    0000003e     driverlib.lib : adc.obj (.text:ADCSequenceConfigure)
                  000097d6    0000003e     rtsv7M4_T_le_v4SPD16_eabi.lib : _printfi.c.obj (.text:_fcpy)
                  00009814    0000003c     driverlib.lib : ssi.obj (.text:SSIConfigSetExpClk)
                  00009850    0000003c     sysbios.aem4f : BIOS.obj (.text:ti_sysbios_family_arm_m3_Hwi_excSvCall__I)
                  0000988c    00000004     --HOLE-- [fill = 0]
                  00009890    0000003c                   : BIOS.obj (.text:ti_sysbios_heaps_HeapMem_init__I)
                  000098cc    00000004     --HOLE-- [fill = 0]
                  000098d0    0000003c                   : BIOS.obj (.text:ti_sysbios_knl_Swi_restore__E)
                  0000990c    0000003a     grlib.lib : string.obj (.text:FontGlyphDataGet)
                  00009946    00000002     --HOLE-- [fill = 0]
                  00009948    00000038     Crystalfontz128x128_ST7735.obj (.text:Crystalfontz128x128_Flush)
                  00009980    00000038     rtsv7M4_T_le_v4SPD16_eabi.lib : trgmsg.c.obj (.text:__TI_writemsg)
                  000099b8    00000038                                   : fs_tod_t2.asm.obj (.text)
                  000099f0    00000038     sysbios.aem4f : BIOS.obj (.text:ti_sysbios_family_arm_m3_Hwi_excNoIsr__I)
                  00009a28    00000038                   : BIOS.obj (.text:ti_sysbios_knl_Task_processVitalTaskFlag__I)
                  00009a60    00000038     ti.targets.arm.rtsarm.aem4f : SysMin.oem4f (.text:xdc_runtime_SysMin_putch__E)
                  00009a98    00000038                                 : System.oem4f (.text:xdc_runtime_System_atexit__E)
                  00009ad0    00000036     grlib.lib : line.obj (.text:GrClipCodeGet)
                  00009b06    00000002     --HOLE-- [fill = 0]
                  00009b08    00000034     driverlib.lib : sysctl.obj (.text:SysCtlPeripheralEnable)
                  00009b3c    00000034     rtsv7M4_T_le_v4SPD16_eabi.lib : trgmsg.c.obj (.text:__TI_readmsg)
                  00009b70    00000034     sysbios.aem4f : BIOS.obj (.text:ti_sysbios_family_arm_m3_Hwi_excNmi__I)
                  00009ba4    00000004     --HOLE-- [fill = 0]
                  00009ba8    00000034                   : BIOS.obj (.text:ti_sysbios_hal_Hwi_checkStack)
                  00009bdc    00000034     ti.targets.arm.rtsarm.aem4f : Core-label.oem4f (.text:xdc_runtime_Core_assignLabel__I)
                  00009c10    00000033                                 : Text.oem4f (.text:xdc_runtime_Text_printVisFxn__I)
                  00009c43    00000005     --HOLE-- [fill = 0]
                  00009c48    00000032     sysbios.aem4f : BIOS.obj (.text:ti_sysbios_hal_Hwi_initStack)
                  00009c7a    00000030     rtsv7M4_T_le_v4SPD16_eabi.lib : snprintf.c.obj (.text:_outs)
                  00009caa    00000006     --HOLE-- [fill = 0]
                  00009cb0    00000030     buttons.obj (.text:cpu_load_count)
                  00009ce0    00000030     rtos_pem4f.oem4f (.text:ti_sysbios_BIOS_atExitFunc__I)
                  00009d10    00000030     sysbios.aem4f : BIOS.obj (.text:ti_sysbios_family_arm_lm4_Timer_stop__E)
                  00009d40    00000030                   : BIOS.obj (.text:ti_sysbios_family_arm_m3_TaskSupport_start__E)
                  00009d70    00000030     rtos_pem4f.oem4f (.text:ti_sysbios_gates_GateHwi_Object__create__S)
                  00009da0    00000030     rtos_pem4f.oem4f (.text:ti_sysbios_gates_GateMutex_Object__create__S)
                  00009dd0    00000030     rtos_pem4f.oem4f (.text:ti_sysbios_heaps_HeapMem_Object__create__S)
                  00009e00    00000030     sysbios.aem4f : BIOS.obj (.text:ti_sysbios_knl_Mailbox_postInit__I)
                  00009e30    00000030     rtos_pem4f.oem4f (.text:ti_sysbios_knl_Semaphore_construct)
                  00009e60    00000030     sysbios.aem4f : BIOS.obj (.text:ti_sysbios_knl_Semaphore_pendTimeout__I)
                  00009e90    00000030                   : BIOS.obj (.text:ti_sysbios_knl_Task_unblockI__E)
                  00009ec0    00000030     ti.targets.arm.rtsarm.aem4f : SysMin.oem4f (.text:xdc_runtime_SysMin_abort__E)
                  00009ef0    00000030                                 : System.oem4f (.text:xdc_runtime_System_processAtExit__E)
                  00009f20    0000002e     driverlib.lib : adc.obj (.text:ADCIntStatus)
                  00009f4e    0000002e     grlib.lib : string.obj (.text:GrStringNextCharGet)
                  00009f7c    00000004     --HOLE-- [fill = 0]
                  00009f80    0000002e     rtos_pem4f.oem4f (.text:malloc)
                  00009fae    0000002e     rtsv7M4_T_le_v4SPD16_eabi.lib : i_tofd_t2.asm.obj (.text)
                  00009fdc    00000004     --HOLE-- [fill = 0]
                  00009fe0    0000002c     rtos_pem4f.oem4f (.text:ti_sysbios_knl_Clock_doTick__I)
                  0000a00c    00000004     --HOLE-- [fill = 0]
                  0000a010    0000002c     rtos_pem4f.oem4f (.text:ti_sysbios_knl_Queue_construct)
                  0000a03c    00000004     --HOLE-- [fill = 0]
                  0000a040    0000002c     sysbios.aem4f : BIOS.obj (.text:ti_sysbios_knl_Task_restore__E)
                  0000a06c    0000002c     ti.targets.arm.rtsarm.aem4f : Text.oem4f (.text:xdc_runtime_Text_cordText__E)
                  0000a098    0000002a     driverlib.lib : gpio.obj (.text:GPIODirModeSet)
                  0000a0c2    0000002a     ti.targets.arm.rtsarm.aem4f : System.oem4f (.text:xdc_runtime_System_putchar__I)
                  0000a0ec    00000004     --HOLE-- [fill = 0]
                  0000a0f0    00000028     sysbios.aem4f : BIOS.obj (.text:ti_sysbios_knl_Clock_addI__E)
                  0000a118    00000028                   : BIOS.obj (.text:ti_sysbios_knl_Swi_Module_startup__E)
                  0000a140    00000026     grlib.lib : string.obj (.text:GrFontInfoGet)
                  0000a166    00000026     sysbios.aem4f : m3_Hwi_asm.obj (.text:ti_sysbios_family_arm_m3_Hwi_pendSV__I)
                  0000a18c    00000026     ti.targets.arm.rtsarm.aem4f : System.oem4f (.text:xdc_runtime_System_avprintf__E)
                  0000a1b2    00000006     --HOLE-- [fill = 0]
                  0000a1b8    00000024     rtos_pem4f.oem4f (.text:ti_sysbios_BIOS_errorRaiseHook__I)
                  0000a1dc    00000004     --HOLE-- [fill = 0]
                  0000a1e0    00000024     rtos_pem4f.oem4f (.text:ti_sysbios_BIOS_registerRTSLock__I)
                  0000a204    00000004     --HOLE-- [fill = 0]
                  0000a208    00000024     rtos_pem4f.oem4f (.text:ti_sysbios_BIOS_removeRTSLock__I)
                  0000a22c    00000004     --HOLE-- [fill = 0]
                  0000a230    00000024     rtos_pem4f.oem4f (.text:ti_sysbios_BIOS_startFunc__I)
                  0000a254    00000004     --HOLE-- [fill = 0]
                  0000a258    00000024     rtos_pem4f.oem4f (.text:ti_sysbios_gates_GateMutex_Object__delete__S)
                  0000a27c    00000004     --HOLE-- [fill = 0]
                  0000a280    00000024     sysbios.aem4f : BIOS.obj (.text:ti_sysbios_knl_Clock_Module_startup__E)
                  0000a2a4    00000004     --HOLE-- [fill = 0]
                  0000a2a8    00000024                   : BIOS.obj (.text:ti_sysbios_knl_Task_restoreHwi__E)
                  0000a2cc    00000024     ti.targets.arm.rtsarm.aem4f : System.oem4f (.text:xdc_runtime_System_vprintf__E)
                  0000a2f0    00000022     grlib.lib : string.obj (.text:GrFontGlyphDataGet)
                  0000a312    00000006     --HOLE-- [fill = 0]
                  0000a318    00000022     sysbios.aem4f : BIOS.obj (.text:ti_sysbios_family_arm_lm4_Timer_write__I)
                  0000a33a    00000006     --HOLE-- [fill = 0]
                  0000a340    00000022     rtos_pem4f.oem4f (.text:xdc_runtime_SysMin_output__I)
                  0000a362    00000002     --HOLE-- [fill = 0]
                  0000a364    00000020     Boot.aem4f : Boot_sysctl.oem4f (.text:_SysCtlMemTimingGet)
                  0000a384    00000004     --HOLE-- [fill = 0]
                  0000a388    00000020     rtos_pem4f.oem4f (.text:ti_sysbios_BIOS_rtsLock__I)
                  0000a3a8    00000020     sysbios.aem4f : m3_Hwi_asm.obj (.text:ti_sysbios_family_arm_m3_Hwi_excHandlerAsm__I)
                  0000a3c8    00000020                   : BIOS.obj (.text:ti_sysbios_family_arm_m3_Hwi_excHandler__I)
                  0000a3e8    00000020     rtos_pem4f.oem4f (.text:ti_sysbios_gates_GateHwi_Object__delete__S)
                  0000a408    00000020     rtos_pem4f.oem4f (.text:ti_sysbios_heaps_HeapMem_Object__delete__S)
                  0000a428    00000020     sysbios.aem4f : BIOS.obj (.text:ti_sysbios_knl_Idle_run__E)
                  0000a448    00000020     rtos_pem4f.oem4f (.text:ti_sysbios_knl_Semaphore_Object__destruct__S)
                  0000a468    00000020     ti.targets.arm.rtsarm.aem4f : Registry.oem4f (.text:xdc_runtime_Registry_findById__E)
                  0000a488    00000020                                 : SysMin.oem4f (.text:xdc_runtime_SysMin_Module_startup__E)
                  0000a4a8    0000001e     driverlib.lib : adc.obj (.text:ADCSequenceDataGet)
                  0000a4c6    00000002     --HOLE-- [fill = 0]
                  0000a4c8    0000001e     Crystalfontz128x128_ST7735.obj (.text:Crystalfontz128x128_ColorTranslate)
                  0000a4e6    0000001e     grlib.lib : string.obj (.text:GrFontCodepageGet)
                  0000a504    0000001e     sysbios.aem4f : m3_Hwi_asm_switch.obj (.text:ti_sysbios_family_xxx_Hwi_switchAndRunFunc)
                  0000a522    00000006     --HOLE-- [fill = 0]
                  0000a528    0000001c     Crystalfontz128x128_ST7735.obj (.text:Crystalfontz128x128_LineDrawV)
                  0000a544    0000001c     driverlib.lib : sysctl.obj (.text:_SysCtlMemTimingGet)
                  0000a560    0000001c     rtsv7M4_T_le_v4SPD16_eabi.lib : memccpy.c.obj (.text:memccpy)
                  0000a57c    00000004     --HOLE-- [fill = 0]
                  0000a580    0000001c     sysbios.aem4f : BIOS.obj (.text:ti_sysbios_gates_GateMutex_Instance_init__E)
                  0000a59c    00000004     --HOLE-- [fill = 0]
                  0000a5a0    0000001c     rtos_pem4f.oem4f (.text:ti_sysbios_knl_Queue_Object__destruct__S)
                  0000a5bc    00000004     --HOLE-- [fill = 0]
                  0000a5c0    0000001c     sysbios.aem4f : BIOS.obj (.text:ti_sysbios_knl_Queue_get__E)
                  0000a5dc    00000004     --HOLE-- [fill = 0]
                  0000a5e0    0000001c                   : BIOS.obj (.text:ti_sysbios_knl_Queue_put__E)
                  0000a5fc    00000004     --HOLE-- [fill = 0]
                  0000a600    0000001c                   : BIOS.obj (.text:ti_sysbios_knl_Task_enter__I)
                  0000a61c    0000001c     ti.targets.arm.rtsarm.aem4f : Error.oem4f (.text:xdc_runtime_Error_raiseX__E)
                  0000a638    0000001c                                 : Memory.oem4f (.text:xdc_runtime_Memory_valloc__E)
                  0000a654    0000001c                                 : SysMin.oem4f (.text:xdc_runtime_SysMin_exit__E)
                  0000a670    0000001c                                 : System.oem4f (.text:xdc_runtime_System_abort__E)
                  0000a68c    00000004     --HOLE-- [fill = 0]
                  0000a690    0000001a     rtos_pem4f.oem4f (.text:free)
                  0000a6aa    00000006     --HOLE-- [fill = 0]
                  0000a6b0    0000001a     rtos_pem4f.oem4f (.text:ti_sysbios_family_arm_m3_Hwi_Handle__label__S)
                  0000a6ca    00000006     --HOLE-- [fill = 0]
                  0000a6d0    0000001a     rtos_pem4f.oem4f (.text:ti_sysbios_gates_GateHwi_Handle__label__S)
                  0000a6ea    00000006     --HOLE-- [fill = 0]
                  0000a6f0    0000001a     rtos_pem4f.oem4f (.text:ti_sysbios_gates_GateMutex_Handle__label__S)
                  0000a70a    00000006     --HOLE-- [fill = 0]
                  0000a710    0000001a     rtos_pem4f.oem4f (.text:ti_sysbios_heaps_HeapMem_Handle__label__S)
                  0000a72a    00000006     --HOLE-- [fill = 0]
                  0000a730    0000001a     rtos_pem4f.oem4f (.text:ti_sysbios_knl_Swi_Handle__label__S)
                  0000a74a    00000006     --HOLE-- [fill = 0]
                  0000a750    0000001a     rtos_pem4f.oem4f (.text:ti_sysbios_knl_Task_Handle__label__S)
                  0000a76a    00000006     --HOLE-- [fill = 0]
                  0000a770    0000001a     rtos_pem4f.oem4f (.text:xdc_runtime_System_aprintf__E)
                  0000a78a    00000006     --HOLE-- [fill = 0]
                  0000a790    0000001a     rtos_pem4f.oem4f (.text:xdc_runtime_System_printf__E)
                  0000a7aa    00000018     driverlib.lib : adc.obj (.text:ADCClockConfigSet)
                  0000a7c2    00000018                   : adc.obj (.text:ADCProcessorTrigger)
                  0000a7da    00000018                   : gpio.obj (.text:GPIOPinTypeGPIOOutput)
                  0000a7f2    00000002     --HOLE-- [fill = 0]
                  0000a7f4    00000018     rtsv7M4_T_le_v4SPD16_eabi.lib : args_main.c.obj (.text:_args_main)
                  0000a80c    00000018                                   : snprintf.c.obj (.text:_outc)
                  0000a824    00000004     --HOLE-- [fill = 0]
                  0000a828    00000018     rtos_pem4f.oem4f (.text:ti_sysbios_BIOS_rtsUnlock__I)
                  0000a840    00000018     rtos_pem4f.oem4f (.text:ti_sysbios_family_arm_lm4_Timer_Module__startupDone__F)
                  0000a858    00000018     rtos_pem4f.oem4f (.text:ti_sysbios_family_arm_m3_Hwi_Module__startupDone__F)
                  0000a870    00000018     sysbios.aem4f : m3_TaskSupport_asm.obj (.text:ti_sysbios_family_arm_m3_TaskSupport_swap__E)
                  0000a888    00000018                   : BIOS.obj (.text:ti_sysbios_gates_GateMutex_leave__E)
                  0000a8a0    00000018     ti.targets.arm.rtsarm.aem4f : Error.oem4f (.text:xdc_runtime_Error_check__E)
                  0000a8b8    00000018                                 : System.oem4f (.text:xdc_runtime_System_exit__E)
                  0000a8d0    00000018                                 : Text.oem4f (.text:xdc_runtime_Text_ropeText__E)
                  0000a8e8    00000016     grlib.lib : string.obj (.text:GrStringDraw)
                  0000a8fe    00000016     rtsv7M4_T_le_v4SPD16_eabi.lib : strchr.c.obj (.text:strchr)
                  0000a914    00000004     --HOLE-- [fill = 0]
                  0000a918    00000016     rtos_pem4f.oem4f (.text:ti_sysbios_BIOS_exitFunc__I)
                  0000a92e    00000002     --HOLE-- [fill = 0]
                  0000a930    00000016     sysbios.aem4f : BIOS.obj (.text:ti_sysbios_knl_Task_unblock__E)
                  0000a946    00000002     --HOLE-- [fill = 0]
                  0000a948    00000014     Crystalfontz128x128_ST7735.obj (.text:Crystalfontz128x128_PixelDraw)
                  0000a95c    00000014     driverlib.lib : timer.obj (.text:TimerDisable)
                  0000a970    00000014     rtsv7M4_T_le_v4SPD16_eabi.lib : s_copysign.c.obj (.text:copysign)
                  0000a984    00000014                                   : strlen.c.obj (.text:strlen)
                  0000a998    00000014     rtos_pem4f.oem4f (.text:ti_sysbios_family_arm_m3_Hwi_Object__get__S)
                  0000a9ac    00000004     --HOLE-- [fill = 0]
                  0000a9b0    00000014     sysbios.aem4f : BIOS.obj (.text:ti_sysbios_family_arm_m3_Hwi_switchFromBootStack__E)
                  0000a9c4    00000004     --HOLE-- [fill = 0]
                  0000a9c8    00000014     rtos_pem4f.oem4f (.text:ti_sysbios_heaps_HeapMem_Object__get__S)
                  0000a9dc    00000004     --HOLE-- [fill = 0]
                  0000a9e0    00000014     rtos_pem4f.oem4f (.text:ti_sysbios_knl_Mailbox_Object__get__S)
                  0000a9f4    00000004     --HOLE-- [fill = 0]
                  0000a9f8    00000014     rtos_pem4f.oem4f (.text:ti_sysbios_knl_Swi_Object__get__S)
                  0000aa0c    00000012     driverlib.lib : gpio.obj (.text:GPIOPinTypeADC)
                  0000aa1e    00000012                   : gpio.obj (.text:GPIOPinTypeGPIOInput)
                  0000aa30    00000012                   : gpio.obj (.text:GPIOPinTypeSSI)
                  0000aa42    00000012                   : timer.obj (.text:TimerLoadSet)
                  0000aa54    00000004     --HOLE-- [fill = 0]
                  0000aa58    00000012     sysbios.aem4f : BIOS.obj (.text:ti_sysbios_hal_Hwi_Module_startup__E)
                  0000aa6a    00000012     rtsv7M4_T_le_v4SPD16_eabi.lib : wcslen.c.obj (.text:wcslen)
                  0000aa7c    00000004     --HOLE-- [fill = 0]
                  0000aa80    00000012     rtos_pem4f.oem4f (.text:xdc_runtime_Startup_exec__I)
                  0000aa92    00000006     --HOLE-- [fill = 0]
                  0000aa98    00000010     rtos_pem4f.oem4f (.text:.bootCodeSection:ti_catalog_arm_cortexm4_tiva_ce_Boot_init__I)
                  0000aaa8    00000010     driverlib.lib : adc.obj (.text:ADCIntEnable)
                  0000aab8    00000010                   : interrupt.obj (.text:IntMasterDisable)
                  0000aac8    00000010                   : interrupt.obj (.text:IntMasterEnable)
                  0000aad8    00000010     sysbios.aem4f : BIOS.obj (.text:ti_sysbios_BIOS_setThreadType__E)
                  0000aae8    00000010                   : BIOS.obj (.text:ti_sysbios_BIOS_start__E)
                  0000aaf8    00000010                   : m3_TaskSupport_asm.obj (.text:ti_sysbios_family_arm_m3_TaskSupport_glue)
                  0000ab08    00000010                   : BIOS.obj (.text:ti_sysbios_gates_GateMutex_Instance_finalize__E)
                  0000ab18    00000010                   : BIOS.obj (.text:ti_sysbios_knl_Semaphore_Instance_finalize__E)
                  0000ab28    00000010                   : BIOS.obj (.text:ti_sysbios_knl_Swi_disable__E)
                  0000ab38    00000010     rtos_pem4f.oem4f (.text:ti_sysbios_knl_Task_Object__get__S)
                  0000ab48    00000010     sysbios.aem4f : BIOS.obj (.text:ti_sysbios_knl_Task_disable__E)
                  0000ab58    00000010     ti.targets.arm.rtsarm.aem4f : Gate.oem4f (.text:xdc_runtime_Gate_leaveSystem__E)
                  0000ab68    00000010                                 : Memory.oem4f (.text:xdc_runtime_Memory_free__E)
                  0000ab78    00000010                                 : SysMin.oem4f (.text:xdc_runtime_SysMin_ready__E)
                  0000ab88    00000010                                 : System.oem4f (.text:xdc_runtime_System_vsnprintf__E)
                  0000ab98    00000010     rtos_pem4f.oem4f (.text:xdc_runtime_Text_visitRope__I)
                  0000aba8    0000000e     driverlib.lib : adc.obj (.text:ADCSequenceDisable)
                  0000abb6    0000000e                   : adc.obj (.text:ADCSequenceEnable)
                  0000abc4    0000000e                   : timer.obj (.text:TimerEnable)
                  0000abd2    0000000e     rtsv7M4_T_le_v4SPD16_eabi.lib : copy_decompress_none.c.obj (.text:decompress:none:__TI_decompress_none)
                  0000abe0    0000000e     sysbios.aem4f : BIOS.obj (.text:ti_sysbios_knl_Idle_loop__E)
                  0000abee    00000002     --HOLE-- [fill = 0]
                  0000abf0    0000000e                   : BIOS.obj (.text:ti_sysbios_knl_Queue_empty__E)
                  0000abfe    0000000c     driverlib.lib : cpu.obj (.text:CPUcpsid)
                  0000ac0a    0000000c                   : cpu.obj (.text:CPUcpsie)
                  0000ac16    00000002     --HOLE-- [fill = 0]
                  0000ac18    0000000c     HAL_EK_TM4C1294XL_Crystalfontz128x128_ST7735.obj (.text:HAL_LCD_writeData)
                  0000ac24    0000000c     rtsv7M4_T_le_v4SPD16_eabi.lib : _lock.c.obj (.text:_register_lock)
                  0000ac30    0000000c                                   : _lock.c.obj (.text:_register_unlock)
                  0000ac3c    00000004     --HOLE-- [fill = 0]
                  0000ac40    0000000c     buttons.obj (.text:clock_func)
                  0000ac4c    0000000c     rtsv7M4_T_le_v4SPD16_eabi.lib : copy_zero_init.c.obj (.text:decompress:ZI:__TI_zero_init)
                  0000ac58    0000000c     sysbios.aem4f : BIOS.obj (.text:ti_sysbios_family_arm_lm4_Timer_getMaxTicks__E)
                  0000ac64    00000004     --HOLE-- [fill = 0]
                  0000ac68    0000000c                   : BIOS.obj (.text:ti_sysbios_family_arm_m3_TaskSupport_checkStack__E)
                  0000ac74    00000004     --HOLE-- [fill = 0]
                  0000ac78    0000000c                   : BIOS.obj (.text:ti_sysbios_gates_GateHwi_enter__E)
                  0000ac84    00000004     --HOLE-- [fill = 0]
                  0000ac88    0000000c     rtos_pem4f.oem4f (.text:ti_sysbios_knl_Queue_Object__get__S)
                  0000ac94    0000000c     ti.targets.arm.rtsarm.aem4f : Error.oem4f (.text:xdc_runtime_Error_init__E)
                  0000aca0    0000000c                                 : Gate.oem4f (.text:xdc_runtime_Gate_enterSystem__E)
                  0000acac    0000000c                                 : Memory.oem4f (.text:xdc_runtime_Memory_calloc__E)
                  0000acb8    0000000c                                 : Memory.oem4f (.text:xdc_runtime_Memory_getMaxDefaultTypeAlign__E)
                  0000acc4    0000000a     driverlib.lib : adc.obj (.text:ADCIntClear)
                  0000acce    0000000a                   : ssi.obj (.text:SSIDataPut)
                  0000acd8    0000000a                   : ssi.obj (.text:SSIEnable)
                  0000ace2    0000000a                   : timer.obj (.text:TimerIntStatus)
                  0000acec    00000004     --HOLE-- [fill = 0]
                  0000acf0    0000000a     rtos_pem4f.oem4f (.text:xdc_runtime_IHeap_alloc)
                  0000acfa    00000006     --HOLE-- [fill = 0]
                  0000ad00    0000000a     rtos_pem4f.oem4f (.text:xdc_runtime_IHeap_free)
                  0000ad0a    00000008     grlib.lib : charmap.obj (.text:GrMapISO8859_1_Unicode)
                  0000ad12    00000008     driverlib.lib : ssi.obj (.text:SSIBusy)
                  0000ad1a    00000002     --HOLE-- [fill = 0]
                  0000ad1c    00000008     rtsv7M4_T_le_v4SPD16_eabi.lib : errno.c.obj (.text:__aeabi_errno_addr)
                  0000ad24    00000008     sysbios.aem4f : BIOS.obj (.text:ti_sysbios_family_arm_lm4_Timer_masterDisable__I)
                  0000ad2c    00000004     --HOLE-- [fill = 0]
                  0000ad30    00000008                   : BIOS.obj (.text:ti_sysbios_family_arm_m3_Hwi_doSwiRestore__I)
                  0000ad38    00000008                   : BIOS.obj (.text:ti_sysbios_family_arm_m3_Hwi_startup__E)
                  0000ad40    00000006     kiss_fft.obj (.text:kiss_fft)
                  0000ad46    00000002     --HOLE-- [fill = 0]
                  0000ad48    00000006     sysbios.aem4f : BIOS.obj (.text:ti_sysbios_family_arm_lm4_TimestampProvider_Module_startup__E)
                  0000ad4e    00000002     --HOLE-- [fill = 0]
                  0000ad50    00000006                   : BIOS.obj (.text:ti_sysbios_family_arm_m3_Hwi_doTaskRestore__I)
                  0000ad56    00000002     --HOLE-- [fill = 0]
                  0000ad58    00000006                   : BIOS.obj (.text:ti_sysbios_gates_GateHwi_leave__E)
                  0000ad5e    00000002     --HOLE-- [fill = 0]
                  0000ad60    00000006                   : BIOS.obj (.text:ti_sysbios_heaps_HeapMem_isBlocking__E)
                  0000ad66    00000002     --HOLE-- [fill = 0]
                  0000ad68    00000006                   : BIOS.obj (.text:ti_sysbios_knl_Queue_Instance_init__E)
                  0000ad6e    00000002     --HOLE-- [fill = 0]
                  0000ad70    00000006                   : BIOS.obj (.text:ti_sysbios_knl_Swi_startup__E)
                  0000ad76    00000002     --HOLE-- [fill = 0]
                  0000ad78    00000004     rtos_pem4f.oem4f (.text:ti_sysbios_BIOS_RtsGateProxy_enter__E)
                  0000ad7c    00000004     --HOLE-- [fill = 0]
                  0000ad80    00000004     rtos_pem4f.oem4f (.text:ti_sysbios_BIOS_RtsGateProxy_leave__E)
                  0000ad84    00000004     --HOLE-- [fill = 0]
                  0000ad88    00000004     rtos_pem4f.oem4f (.text:ti_sysbios_family_arm_m3_TaskSupport_Module__startupDone__S)
                  0000ad8c    00000004     --HOLE-- [fill = 0]
                  0000ad90    00000004     sysbios.aem4f : BIOS.obj (.text:ti_sysbios_gates_GateHwi_query__E)
                  0000ad94    00000004     --HOLE-- [fill = 0]
                  0000ad98    00000004                   : BIOS.obj (.text:ti_sysbios_gates_GateMutex_query__E)
                  0000ad9c    00000004     --HOLE-- [fill = 0]
                  0000ada0    00000004     rtos_pem4f.oem4f (.text:ti_sysbios_heaps_HeapMem_Module_GateProxy_enter__E)
                  0000ada4    00000004     --HOLE-- [fill = 0]
                  0000ada8    00000004     rtos_pem4f.oem4f (.text:ti_sysbios_heaps_HeapMem_Module_GateProxy_leave__E)
                  0000adac    00000004     --HOLE-- [fill = 0]
                  0000adb0    00000004     rtos_pem4f.oem4f (.text:ti_sysbios_knl_Clock_TimerProxy_getMaxTicks__E)
                  0000adb4    00000004     --HOLE-- [fill = 0]
                  0000adb8    00000004     rtos_pem4f.oem4f (.text:ti_sysbios_knl_Queue_destruct)
                  0000adbc    00000004     --HOLE-- [fill = 0]
                  0000adc0    00000004     rtos_pem4f.oem4f (.text:ti_sysbios_knl_Semaphore_destruct)
                  0000adc4    00000004     --HOLE-- [fill = 0]
                  0000adc8    00000004     sysbios.aem4f : BIOS.obj (.text:ti_sysbios_knl_Task_startup__E)
                  0000adcc    00000004     --HOLE-- [fill = 0]
                  0000add0    00000004     rtos_pem4f.oem4f (.text:xdc_runtime_System_Module_GateProxy_enter__E)
                  0000add4    00000004     --HOLE-- [fill = 0]
                  0000add8    00000004     rtos_pem4f.oem4f (.text:xdc_runtime_System_Module_GateProxy_leave__E)
                  0000addc    00000004     --HOLE-- [fill = 0]
                  0000ade0    00000002     rtos_pem4f.oem4f (.text:ti_sysbios_BIOS_nullFunc__I)
                  0000ade2    00000006     --HOLE-- [fill = 0]
                  0000ade8    00000002     sysbios.aem4f : BIOS.obj (.text:ti_sysbios_gates_GateHwi_Instance_init__E)
                  0000adea    00000006     --HOLE-- [fill = 0]
                  0000adf0    00000002                   : BIOS.obj (.text:ti_sysbios_knl_Clock_logTick__E)
                  0000adf2    00000006     --HOLE-- [fill = 0]
                  0000adf8    00000002     rtos_pem4f.oem4f (.text:xdc_runtime_Startup_reset__I)

.const     0    0000ae00    00002956     
                  0000ae00    00001998     rtos_pem4f.oem4f (.const:xdc_runtime_Text_charTab__A)
                  0000c798    000002f8     grlib.lib : fontfixed6x8.obj (.const:.string:g_pui8FontFixed6x8Data)
                  0000ca90    00000158     rtsv7M4_T_le_v4SPD16_eabi.lib : k_rem_pio2.c.obj (.const:$O1$$)
                  0000cbe8    00000120     Boot.aem4f : Boot_sysctl.oem4f (.const:g_pppui32XTALtoVCO)
                  0000cd08    00000120     driverlib.lib : sysctl.obj (.const:g_pppui32XTALtoVCO)
                  0000ce28    00000101     rtsv7M4_T_le_v4SPD16_eabi.lib : ctype.c.obj (.const:.string:_ctypes_)
                  0000cf29    00000001     rtos_pem4f.oem4f (.const:xdc_runtime_Error_policy__C)
                  0000cf2a    00000002     rtos_pem4f.oem4f (.const:ti_catalog_arm_cortexm4_tiva_ce_Boot_Module__id__C)
                  0000cf2c    000000c8     grlib.lib : fontfixed6x8.obj (.const:g_sFontFixed6x8)
                  0000cff4    000000c8     rtos_pem4f.oem4f (.const:xdc_runtime_Text_nodeTab__A)
                  0000d0bc    00000090     driverlib.lib : gpio.obj (.const:g_pui32GPIOBaseAddrs)
                  0000d14c    0000006c     Boot.aem4f : Boot_sysctl.oem4f (.const:g_pui32Xtals)
                  0000d1b8    0000006c     driverlib.lib : sysctl.obj (.const:g_pui32Xtals)
                  0000d224    00000048     rtos_pem4f.oem4f (.const:.string)
                  0000d26c    00000034     rtos_pem4f.oem4f (.const)
                  0000d2a0    00000030     Boot.aem4f : Boot_sysctl.oem4f (.const:g_sXTALtoMEMTIM)
                  0000d2d0    00000030     driverlib.lib : sysctl.obj (.const:g_sXTALtoMEMTIM)
                  0000d300    0000002c     main.obj (.const:.string)
                  0000d32c    00000028     Crystalfontz128x128_ST7735.obj (.const:g_sCrystalfontz128x128)
                  0000d354    00000028     rtos_pem4f.oem4f (.const:ti_sysbios_heaps_HeapMem_Module__FXNS__C)
                  0000d37c    00000028     rtos_pem4f.oem4f (.const:xdc_runtime_Startup_sfxnTab__A)
                  0000d3a4    00000024     rtos_pem4f.oem4f (.const:ti_sysbios_gates_GateHwi_Module__FXNS__C)
                  0000d3c8    00000024     rtos_pem4f.oem4f (.const:ti_sysbios_gates_GateMutex_Module__FXNS__C)
                  0000d3ec    00000024     rtos_pem4f.oem4f (.const:ti_sysbios_heaps_HeapMem_Object__PARAMS__C)
                  0000d410    00000024     rtos_pem4f.oem4f (.const:ti_sysbios_knl_Semaphore_Object__PARAMS__C)
                  0000d434    00000020     rtos_pem4f.oem4f (.const:ti_sysbios_gates_GateHwi_Object__DESC__C)
                  0000d454    00000020     rtos_pem4f.oem4f (.const:ti_sysbios_gates_GateMutex_Object__DESC__C)
                  0000d474    00000020     rtos_pem4f.oem4f (.const:ti_sysbios_heaps_HeapMem_Object__DESC__C)
                  0000d494    00000020     rtos_pem4f.oem4f (.const:ti_sysbios_knl_Queue_Object__DESC__C)
                  0000d4b4    00000020     rtos_pem4f.oem4f (.const:ti_sysbios_knl_Semaphore_Object__DESC__C)
                  0000d4d4    00000018     rtos_pem4f.oem4f (.const:ti_sysbios_gates_GateHwi_Object__PARAMS__C)
                  0000d4ec    00000018     rtos_pem4f.oem4f (.const:ti_sysbios_gates_GateMutex_Object__PARAMS__C)
                  0000d504    00000018     rtos_pem4f.oem4f (.const:ti_sysbios_knl_Queue_Object__PARAMS__C)
                  0000d51c    00000018     rtos_pem4f.oem4f (.const:xdc_runtime_Startup_firstFxns__A)
                  0000d534    00000014     rtos_pem4f.oem4f (.const:xdc_runtime_Startup_sfxnRts__A)
                  0000d548    00000010     main.obj (.const:gVoltageScaleStr)
                  0000d558    00000010     grlib.lib : context.obj (.const)
                  0000d568    00000008     Boot.aem4f : Boot_sysctl.oem4f (.const)
                  0000d570    00000008     driverlib.lib : sysctl.obj (.const)
                  0000d578    00000008     main.obj (.const:gTriggerSlopeStr)
                  0000d580    00000008     rtos_pem4f.oem4f (.const:ti_sysbios_family_arm_m3_Hwi_excHookFuncs__A)
                  0000d588    00000008     rtos_pem4f.oem4f (.const:ti_sysbios_knl_Idle_funcList__C)
                  0000d590    00000008     rtos_pem4f.oem4f (.const:xdc_runtime_Startup_firstFxns__C)
                  0000d598    00000008     rtos_pem4f.oem4f (.const:xdc_runtime_Startup_lastFxns__C)
                  0000d5a0    00000004     rtos_pem4f.oem4f (.const:ti_catalog_arm_cortexm4_tiva_ce_Boot_A_mustNotUseEnhancedClockMode__C)
                  0000d5a4    00000004     rtos_pem4f.oem4f (.const:ti_catalog_arm_cortexm4_tiva_ce_Boot_Module__diagsEnabled__C)
                  0000d5a8    00000004     rtos_pem4f.oem4f (.const:ti_catalog_arm_cortexm4_tiva_ce_Boot_Module__diagsIncluded__C)
                  0000d5ac    00000004     rtos_pem4f.oem4f (.const:ti_catalog_arm_cortexm4_tiva_ce_Boot_Module__diagsMask__C)
                  0000d5b0    00000004     rtos_pem4f.oem4f (.const:ti_sysbios_family_arm_lm4_Timer_enableFunc__C)
                  0000d5b4    00000004     rtos_pem4f.oem4f (.const:ti_sysbios_family_arm_lm4_Timer_numTimerDevices__C)
                  0000d5b8    00000004     rtos_pem4f.oem4f (.const:ti_sysbios_family_arm_lm4_Timer_startupNeeded__C)
                  0000d5bc    00000004     rtos_pem4f.oem4f (.const:ti_sysbios_family_arm_lm4_TimestampProvider_Module__diagsEnabled__C)
                  0000d5c0    00000004     rtos_pem4f.oem4f (.const:ti_sysbios_family_arm_lm4_TimestampProvider_Module__diagsIncluded__C)
                  0000d5c4    00000004     rtos_pem4f.oem4f (.const:ti_sysbios_family_arm_lm4_TimestampProvider_Module__diagsMask__C)
                  0000d5c8    00000004     rtos_pem4f.oem4f (.const:ti_sysbios_family_arm_m3_Hwi_E_NMI__C)
                  0000d5cc    00000004     rtos_pem4f.oem4f (.const:ti_sysbios_family_arm_m3_Hwi_E_busFault__C)
                  0000d5d0    00000004     rtos_pem4f.oem4f (.const:ti_sysbios_family_arm_m3_Hwi_E_debugMon__C)
                  0000d5d4    00000004     rtos_pem4f.oem4f (.const:ti_sysbios_family_arm_m3_Hwi_E_hardFault__C)
                  0000d5d8    00000004     rtos_pem4f.oem4f (.const:ti_sysbios_family_arm_m3_Hwi_E_memFault__C)
                  0000d5dc    00000004     rtos_pem4f.oem4f (.const:ti_sysbios_family_arm_m3_Hwi_E_noIsr__C)
                  0000d5e0    00000004     rtos_pem4f.oem4f (.const:ti_sysbios_family_arm_m3_Hwi_E_reserved__C)
                  0000d5e4    00000004     rtos_pem4f.oem4f (.const:ti_sysbios_family_arm_m3_Hwi_E_svCall__C)
                  0000d5e8    00000004     rtos_pem4f.oem4f (.const:ti_sysbios_family_arm_m3_Hwi_E_usageFault__C)
                  0000d5ec    00000004     rtos_pem4f.oem4f (.const:ti_sysbios_family_arm_m3_Hwi_NUM_INTERRUPTS__C)
                  0000d5f0    00000004     rtos_pem4f.oem4f (.const:ti_sysbios_family_arm_m3_Hwi_Object__count__C)
                  0000d5f4    00000004     rtos_pem4f.oem4f (.const:ti_sysbios_family_arm_m3_Hwi_ccr__C)
                  0000d5f8    00000004     rtos_pem4f.oem4f (.const:ti_sysbios_family_arm_m3_Hwi_excHandlerFunc__C)
                  0000d5fc    00000004     rtos_pem4f.oem4f (.const:ti_sysbios_family_arm_m3_Hwi_excHookFuncs__C)
                  0000d600    00000004     rtos_pem4f.oem4f (.const:ti_sysbios_family_arm_m3_Hwi_nullIsrFunc__C)
                  0000d604    00000004     rtos_pem4f.oem4f (.const:ti_sysbios_family_arm_m3_Hwi_priGroup__C)
                  0000d608    00000004     rtos_pem4f.oem4f (.const:ti_sysbios_gates_GateMutex_A_badContext__C)
                  0000d60c    00000004     rtos_pem4f.oem4f (.const:ti_sysbios_gates_GateMutex_Instance_State_sem__O)
                  0000d610    00000004     rtos_pem4f.oem4f (.const:ti_sysbios_gates_GateMutex_Module__diagsEnabled__C)
                  0000d614    00000004     rtos_pem4f.oem4f (.const:ti_sysbios_gates_GateMutex_Module__diagsIncluded__C)
                  0000d618    00000004     rtos_pem4f.oem4f (.const:ti_sysbios_gates_GateMutex_Module__diagsMask__C)
                  0000d61c    00000004     rtos_pem4f.oem4f (.const:ti_sysbios_hal_Hwi_E_stackOverflow__C)
                  0000d620    00000004     rtos_pem4f.oem4f (.const:ti_sysbios_heaps_HeapMem_A_align__C)
                  0000d624    00000004     rtos_pem4f.oem4f (.const:ti_sysbios_heaps_HeapMem_A_heapSize__C)
                  0000d628    00000004     rtos_pem4f.oem4f (.const:ti_sysbios_heaps_HeapMem_A_invalidFree__C)
                  0000d62c    00000004     rtos_pem4f.oem4f (.const:ti_sysbios_heaps_HeapMem_A_zeroBlock__C)
                  0000d630    00000004     rtos_pem4f.oem4f (.const:ti_sysbios_heaps_HeapMem_E_memory__C)
                  0000d634    00000004     rtos_pem4f.oem4f (.const:ti_sysbios_heaps_HeapMem_Module__diagsEnabled__C)
                  0000d638    00000004     rtos_pem4f.oem4f (.const:ti_sysbios_heaps_HeapMem_Module__diagsIncluded__C)
                  0000d63c    00000004     rtos_pem4f.oem4f (.const:ti_sysbios_heaps_HeapMem_Module__diagsMask__C)
                  0000d640    00000004     rtos_pem4f.oem4f (.const:ti_sysbios_heaps_HeapMem_Module__gateObj__C)
                  0000d644    00000004     rtos_pem4f.oem4f (.const:ti_sysbios_heaps_HeapMem_Object__count__C)
                  0000d648    00000004     rtos_pem4f.oem4f (.const:ti_sysbios_heaps_HeapMem_reqAlign__C)
                  0000d64c    00000004     rtos_pem4f.oem4f (.const:ti_sysbios_knl_Clock_Module_State_clockQ__O)
                  0000d650    00000004     rtos_pem4f.oem4f (.const:ti_sysbios_knl_Idle_funcList__A)
                  0000d654    00000004     rtos_pem4f.oem4f (.const:ti_sysbios_knl_Mailbox_Instance_State_dataQue__O)
                  0000d658    00000004     rtos_pem4f.oem4f (.const:ti_sysbios_knl_Mailbox_Instance_State_dataSem__O)
                  0000d65c    00000004     rtos_pem4f.oem4f (.const:ti_sysbios_knl_Mailbox_Instance_State_freeQue__O)
                  0000d660    00000004     rtos_pem4f.oem4f (.const:ti_sysbios_knl_Mailbox_Instance_State_freeSem__O)
                  0000d664    00000004     rtos_pem4f.oem4f (.const:ti_sysbios_knl_Mailbox_Object__count__C)
                  0000d668    00000004     rtos_pem4f.oem4f (.const:ti_sysbios_knl_Mailbox_maxTypeAlign__C)
                  0000d66c    00000004     rtos_pem4f.oem4f (.const:ti_sysbios_knl_Semaphore_A_badContext__C)
                  0000d670    00000004     rtos_pem4f.oem4f (.const:ti_sysbios_knl_Semaphore_A_noEvents__C)
                  0000d674    00000004     rtos_pem4f.oem4f (.const:ti_sysbios_knl_Semaphore_A_overflow__C)
                  0000d678    00000004     rtos_pem4f.oem4f (.const:ti_sysbios_knl_Semaphore_A_pendTaskDisabled__C)
                  0000d67c    00000004     rtos_pem4f.oem4f (.const:ti_sysbios_knl_Semaphore_Instance_State_pendQ__O)
                  0000d680    00000004     rtos_pem4f.oem4f (.const:ti_sysbios_knl_Semaphore_Module__diagsEnabled__C)
                  0000d684    00000004     rtos_pem4f.oem4f (.const:ti_sysbios_knl_Semaphore_Module__diagsIncluded__C)
                  0000d688    00000004     rtos_pem4f.oem4f (.const:ti_sysbios_knl_Semaphore_Module__diagsMask__C)
                  0000d68c    00000004     rtos_pem4f.oem4f (.const:ti_sysbios_knl_Swi_Object__count__C)
                  0000d690    00000004     rtos_pem4f.oem4f (.const:ti_sysbios_knl_Task_E_spOutOfBounds__C)
                  0000d694    00000004     rtos_pem4f.oem4f (.const:ti_sysbios_knl_Task_E_stackOverflow__C)
                  0000d698    00000004     rtos_pem4f.oem4f (.const:ti_sysbios_knl_Task_Module_State_inactiveQ__O)
                  0000d69c    00000004     rtos_pem4f.oem4f (.const:ti_sysbios_knl_Task_Object__count__C)
                  0000d6a0    00000004     rtos_pem4f.oem4f (.const:ti_sysbios_knl_Task_allBlockedFunc__C)
                  0000d6a4    00000004     rtos_pem4f.oem4f (.const:ti_sysbios_knl_Task_numConstructedTasks__C)
                  0000d6a8    00000004     rtos_pem4f.oem4f (.const:xdc_runtime_Assert_E_assertFailed__C)
                  0000d6ac    00000004     rtos_pem4f.oem4f (.const:xdc_runtime_Core_A_initializedParams__C)
                  0000d6b0    00000004     rtos_pem4f.oem4f (.const:xdc_runtime_Core_Module__diagsEnabled__C)
                  0000d6b4    00000004     rtos_pem4f.oem4f (.const:xdc_runtime_Core_Module__diagsIncluded__C)
                  0000d6b8    00000004     rtos_pem4f.oem4f (.const:xdc_runtime_Core_Module__diagsMask__C)
                  0000d6bc    00000004     rtos_pem4f.oem4f (.const:xdc_runtime_Error_E_memory__C)
                  0000d6c0    00000004     rtos_pem4f.oem4f (.const:xdc_runtime_Error_Module__diagsEnabled__C)
                  0000d6c4    00000004     rtos_pem4f.oem4f (.const:xdc_runtime_Error_Module__diagsIncluded__C)
                  0000d6c8    00000004     rtos_pem4f.oem4f (.const:xdc_runtime_Error_Module__diagsMask__C)
                  0000d6cc    00000004     rtos_pem4f.oem4f (.const:xdc_runtime_Error_Module__loggerFxn8__C)
                  0000d6d0    00000004     rtos_pem4f.oem4f (.const:xdc_runtime_Error_Module__loggerObj__C)
                  0000d6d4    00000004     rtos_pem4f.oem4f (.const:xdc_runtime_Error_policyFxn__C)
                  0000d6d8    00000004     rtos_pem4f.oem4f (.const:xdc_runtime_Error_raiseHook__C)
                  0000d6dc    00000004     rtos_pem4f.oem4f (.const:xdc_runtime_IGateProvider_Interface__BASE__C)
                  0000d6e0    00000004     rtos_pem4f.oem4f (.const:xdc_runtime_IHeap_Interface__BASE__C)
                  0000d6e4    00000004     rtos_pem4f.oem4f (.const:xdc_runtime_IModule_Interface__BASE__C)
                  0000d6e8    00000004     rtos_pem4f.oem4f (.const:xdc_runtime_Log_L_error__C)
                  0000d6ec    00000004     rtos_pem4f.oem4f (.const:xdc_runtime_Memory_defaultHeapInstance__C)
                  0000d6f0    00000004     rtos_pem4f.oem4f (.const:xdc_runtime_Startup_execImpl__C)
                  0000d6f4    00000004     rtos_pem4f.oem4f (.const:xdc_runtime_Startup_maxPasses__C)
                  0000d6f8    00000004     rtos_pem4f.oem4f (.const:xdc_runtime_Startup_sfxnRts__C)
                  0000d6fc    00000004     rtos_pem4f.oem4f (.const:xdc_runtime_Startup_sfxnTab__C)
                  0000d700    00000004     rtos_pem4f.oem4f (.const:xdc_runtime_SysMin_bufSize__C)
                  0000d704    00000004     rtos_pem4f.oem4f (.const:xdc_runtime_SysMin_outputFunc__C)
                  0000d708    00000004     rtos_pem4f.oem4f (.const:xdc_runtime_System_Module__gateObj__C)
                  0000d70c    00000004     rtos_pem4f.oem4f (.const:xdc_runtime_System_abortFxn__C)
                  0000d710    00000004     rtos_pem4f.oem4f (.const:xdc_runtime_System_exitFxn__C)
                  0000d714    00000004     rtos_pem4f.oem4f (.const:xdc_runtime_System_extendFxn__C)
                  0000d718    00000004     rtos_pem4f.oem4f (.const:xdc_runtime_System_maxAtexitHandlers__C)
                  0000d71c    00000004     rtos_pem4f.oem4f (.const:xdc_runtime_Text_charTab__C)
                  0000d720    00000004     rtos_pem4f.oem4f (.const:xdc_runtime_Text_nameEmpty__C)
                  0000d724    00000004     rtos_pem4f.oem4f (.const:xdc_runtime_Text_nameStatic__C)
                  0000d728    00000004     rtos_pem4f.oem4f (.const:xdc_runtime_Text_nameUnknown__C)
                  0000d72c    00000004     rtos_pem4f.oem4f (.const:xdc_runtime_Text_nodeTab__C)
                  0000d730    00000004     rtos_pem4f.oem4f (.const:xdc_runtime_Text_visitRopeFxn__C)
                  0000d734    00000002     rtos_pem4f.oem4f (.const:ti_sysbios_family_arm_lm4_TimestampProvider_Module__id__C)
                  0000d736    00000002     rtos_pem4f.oem4f (.const:ti_sysbios_family_arm_lm4_TimestampProvider_useClockTimer__C)
                  0000d738    00000002     rtos_pem4f.oem4f (.const:ti_sysbios_family_arm_m3_Hwi_Module__id__C)
                  0000d73a    00000002     rtos_pem4f.oem4f (.const:ti_sysbios_gates_GateMutex_Module__id__C)
                  0000d73c    00000002     rtos_pem4f.oem4f (.const:ti_sysbios_hal_Hwi_Module__id__C)
                  0000d73e    00000002     rtos_pem4f.oem4f (.const:ti_sysbios_heaps_HeapMem_Module__id__C)
                  0000d740    00000002     rtos_pem4f.oem4f (.const:ti_sysbios_knl_Semaphore_Module__id__C)
                  0000d742    00000002     rtos_pem4f.oem4f (.const:ti_sysbios_knl_Task_Module__id__C)
                  0000d744    00000002     rtos_pem4f.oem4f (.const:xdc_runtime_Core_Module__id__C)
                  0000d746    00000002     rtos_pem4f.oem4f (.const:xdc_runtime_Error_Module__loggerDefined__C)
                  0000d748    00000002     rtos_pem4f.oem4f (.const:xdc_runtime_Error_maxDepth__C)
                  0000d74a    00000002     rtos_pem4f.oem4f (.const:xdc_runtime_Memory_Module__id__C)
                  0000d74c    00000002     rtos_pem4f.oem4f (.const:xdc_runtime_SysMin_flushAtExit__C)
                  0000d74e    00000002     rtos_pem4f.oem4f (.const:xdc_runtime_Text_charCnt__C)
                  0000d750    00000002     rtos_pem4f.oem4f (.const:xdc_runtime_Text_isLoaded__C)
                  0000d752    00000002     rtos_pem4f.oem4f (.const:xdc_runtime_Text_registryModsLastId__C)
                  0000d754    00000002     rtos_pem4f.oem4f (.const:xdc_runtime_Text_unnamedModsLastId__C)

.cinit     0    0000d758    000002e0     
                  0000d758    000002ab     (.cinit..data.load) [load image, compression = lzss]
                  0000da03    00000001     --HOLE-- [fill = 0]
                  0000da04    0000000c     (__TI_handler_table)
                  0000da10    00000008     (.cinit..bss.load) [load image, compression = zero_init]
                  0000da18    00000008     (.cinit..vecs.load) [load image, compression = zero_init]
                  0000da20    00000018     (__TI_cinit_table)

.init_array 
*          0    00000000    00000000     UNINITIALIZED

.resetVecs 
*          0    00000000    0000003c     
                  00000000    0000003c     rtos_pem4f.oem4f (.resetVecs)

.bss       0    20000360    0000ad0e     UNINITIALIZED
                  20000360    00002108     buttons.obj (.bss:kiss_fft_cfg_buffer$3)
                  20002468    00002000     buttons.obj (.bss:in$4)
                  20004468    00002000     buttons.obj (.bss:out$5)
                  20006468    00001800     rtos_pem4f.oem4f (.bss:taskStackSection)
                  20007c68    00001000     buttons.obj (.bss:w$6)
                  20008c68    00001000     (.common:gADCBuffer)
                  20009c68    00000800     (.common:fft_samples)
                  2000a468    00000400     (.common:ti_sysbios_heaps_HeapMem_Instance_State_0_buf__A)
                  2000a868    00000360     (.common:ti_sysbios_family_arm_m3_Hwi_dispatchTable)
                  2000abc8    00000120     rtsv7M4_T_le_v4SPD16_eabi.lib : trgmsg.c.obj (.bss:_CIOBUF_)
                  2000ace8    00000100     (.common:processedWaveform)
                  2000ade8    00000100     (.common:trigger_samples)
                  2000aee8    000000a0     (.common:ti_sysbios_knl_Mailbox_Instance_State_0_allocBuf__A)
                  2000af88    00000080     (.common:xdc_runtime_SysMin_Module_State_0_outbuf__A)
                  2000b008    0000002c     (.common:sContext)
                  2000b034    00000014     buttons.obj (.bss:state$1)
                  2000b048    00000008     (.common:parmbuf)
                  2000b050    00000004     (.common:fScale)
                  2000b054    00000004     (.common:gADCErrors)
                  2000b058    00000004     (.common:gADCSamplingRate)
                  2000b05c    00000004     (.common:g_psGrLibDefaults)
                  2000b060    00000004     (.common:trigger_value)
                  2000b064    00000002     (.common:Lcd_ScreenHeigth)
                  2000b066    00000002     (.common:Lcd_ScreenWidth)
                  2000b068    00000002     (.common:Lcd_TouchTrim)
                  2000b06a    00000001     (.common:Lcd_FlagRead)
                  2000b06b    00000001     (.common:Lcd_FontSolid)
                  2000b06c    00000001     (.common:Lcd_Orientation)
                  2000b06d    00000001     (.common:Lcd_PenSolid)

.data      0    2000b070    000086bc     UNINITIALIZED
                  2000b070    00008000     Crystalfontz128x128_ST7735.obj (.data:Lcd_buffer)
                  20013070    000001c8     rtos_pem4f.oem4f (.data:ti_sysbios_knl_Task_Object__table__V)
                  20013238    00000080     rtos_pem4f.oem4f (.data:ti_sysbios_knl_Swi_Module_State_0_readyQ__A)
                  200132b8    00000080     rtos_pem4f.oem4f (.data:ti_sysbios_knl_Task_Module_State_0_readyQ__A)
                  20013338    00000064     rtos_pem4f.oem4f (.data:ti_sysbios_knl_Semaphore_Object__table__V)
                  2001339c    00000050     rtos_pem4f.oem4f (.data:ti_sysbios_knl_Mailbox_Object__table__V)
                  200133ec    00000044     rtos_pem4f.oem4f (.data:ti_sysbios_knl_Task_Module__state__V)
                  20013430    00000040     rtos_pem4f.oem4f (.data:ti_sysbios_family_arm_lm4_Timer_Module_State_0_device__A)
                  20013470    00000040     rtos_pem4f.oem4f (.data:ti_sysbios_family_arm_lm4_Timer_Object__table__V)
                  200134b0    00000038     rtos_pem4f.oem4f (.data:ti_sysbios_gates_GateMutex_Object__table__V)
                  200134e8    00000034     rtos_pem4f.oem4f (.data:ti_sysbios_family_arm_m3_Hwi_Module__state__V)
                  2001351c    00000030     rtos_pem4f.oem4f (.data:ti_sysbios_family_arm_m3_Hwi_Object__table__V)
                  2001354c    00000030     rtos_pem4f.oem4f (.data:ti_sysbios_knl_Swi_Object__table__V)
                  2001357c    0000002c     rtos_pem4f.oem4f (.data:ti_sysbios_knl_Clock_Module__state__V)
                  200135a8    00000024     buttons.obj (.data:count$2)
                  200135cc    00000024     rtos_pem4f.oem4f (.data:ti_sysbios_BIOS_Module__state__V)
                  200135f0    00000020     rtos_pem4f.oem4f (.data:ti_sysbios_family_arm_lm4_Timer_Module_State_0_handles__A)
                  20013610    00000020     rtos_pem4f.oem4f (.data:ti_sysbios_knl_Clock_Object__table__V)
                  20013630    0000001c     rtos_pem4f.oem4f (.data:ti_sysbios_knl_Swi_Module__state__V)
                  2001364c    00000018     rtos_pem4f.oem4f (.data:ti_sysbios_heaps_HeapMem_Object__table__V)
                  20013664    00000010     buttons.obj (.data)
                  20013674    00000010     buttons.obj (.data:fVoltsPerDiv)
                  20013684    00000010     main.obj (.data)
                  20013694    0000000c     rtos_pem4f.oem4f (.data:ti_sysbios_family_arm_lm4_Timer_Module__state__V)
                  200136a0    0000000c     rtos_pem4f.oem4f (.data:xdc_runtime_SysMin_Module__state__V)
                  200136ac    00000008     rtsv7M4_T_le_v4SPD16_eabi.lib : _lock.c.obj (.data:$O1$$)
                  200136b4    00000008     buttons.obj (.data:gJoystick)
                  200136bc    00000008     rtos_pem4f.oem4f (.data:ti_sysbios_family_arm_lm4_TimestampProvider_Module__state__V)
                  200136c4    00000008     rtos_pem4f.oem4f (.data:ti_sysbios_gates_GateHwi_Module__root__V)
                  200136cc    00000008     rtos_pem4f.oem4f (.data:ti_sysbios_gates_GateMutex_Module__root__V)
                  200136d4    00000008     rtos_pem4f.oem4f (.data:ti_sysbios_heaps_HeapMem_Module__root__V)
                  200136dc    00000008     rtos_pem4f.oem4f (.data:ti_sysbios_knl_Queue_Module__root__V)
                  200136e4    00000008     rtos_pem4f.oem4f (.data:ti_sysbios_knl_Semaphore_Module__root__V)
                  200136ec    00000008     rtos_pem4f.oem4f (.data:xdc_runtime_Registry_Module__state__V)
                  200136f4    00000008     rtos_pem4f.oem4f (.data:xdc_runtime_Startup_Module__state__V)
                  200136fc    00000008     rtos_pem4f.oem4f (.data:xdc_runtime_System_Module_State_0_atexitHandlers__A)
                  20013704    00000008     rtos_pem4f.oem4f (.data:xdc_runtime_System_Module__state__V)
                  2001370c    00000004     rtsv7M4_T_le_v4SPD16_eabi.lib : errno.c.obj (.data)
                  20013710    00000004                                   : stkdepth_vars.c.obj (.data)
                  20013714    00000004     rtos_pem4f.oem4f (.data:ti_sysbios_family_arm_m3_Hwi_Module_State_0_excContext__A)
                  20013718    00000004     rtos_pem4f.oem4f (.data:ti_sysbios_family_arm_m3_Hwi_Module_State_0_excStack__A)
                  2001371c    00000004     rtos_pem4f.oem4f (.data:ti_sysbios_gates_GateHwi_Object__table__V)
                  20013720    00000004     rtos_pem4f.oem4f (.data:ti_sysbios_knl_Task_Module_State_0_idleTask__A)
                  20013724    00000004     rtos_pem4f.oem4f (.data:xdc_runtime_Memory_Module__state__V)
                  20013728    00000002     rtos_pem4f.oem4f (.data:ti_sysbios_family_arm_m3_Hwi_Module_State_0_excActive__A)
                  2001372a    00000002     rtos_pem4f.oem4f (.data:xdc_runtime_Error_Module__state__V)

.stack     0    20013730    00000300     UNINITIALIZED
                  20013730    00000300     --HOLE--

.bootVecs 
*          0    00000000    00000008     DSECT
                  00000000    00000008     boot.aem4f : boot.oem4f (.bootVecs)

.vecs      0    20000000    00000360     UNINITIALIZED
                  20000000    00000360     rtos_pem4f.oem4f (.vecs)

xdc.meta   0    00000000    000000f5     COPY SECTION
                  00000000    000000f5     rtos_pem4f.oem4f (xdc.meta)

MODULE SUMMARY

       Module                                             code    ro data   rw data
       ------                                             ----    -------   -------
    .\
       buttons.obj                                        2428    0         35704  
       Crystalfontz128x128_ST7735.obj                     958     40        32778  
       kiss_fft.obj                                       2602    0         0      
       main.obj                                           728     68        60     
       HAL_EK_TM4C1294XL_Crystalfontz128x128_ST7735.obj   324     0         0      
    +--+--------------------------------------------------+-------+---------+---------+
       Total:                                             7040    108       68542  
                                                                                   
    C:\Users\yaverdeja\Desktop\ECE 3849\ece3849d19_lab2_yaverdeja\Debug\configPkg\package\cfg\
       rtos_pem4f.oem4f                                   1546    7909      10800  
    +--+--------------------------------------------------+-------+---------+---------+
       Total:                                             1546    7909      10800  
                                                                                   
    C:/ti/tirtos_tivac_2_16_00_08/products/TivaWare_C_Series-2.1.1.71b/driverlib/ccs/Debug/driverlib.lib
       sysctl.obj                                         674     452       0      
       gpio.obj                                           508     144       0      
       adc.obj                                            362     0         0      
       timer.obj                                          250     0         0      
       ssi.obj                                            88      0         0      
       interrupt.obj                                      32      0         0      
       cpu.obj                                            24      0         0      
    +--+--------------------------------------------------+-------+---------+---------+
       Total:                                             1938    596       0      
                                                                                   
    C:/ti/tirtos_tivac_2_16_00_08/products/TivaWare_C_Series-2.1.1.71b/grlib/ccs/Debug/grlib.lib
       string.obj                                         1192    0         0      
       fontfixed6x8.obj                                   0       960       0      
       line.obj                                           648     0         0      
[...]
0000d288  waveformTask                                                         
0000d28c  processingTask                                                       
0000d290  semWaveform                                                          
0000d294  semDisplay                                                           
0000d298  semProcessing                                                        
0000d29c  sem_cs                                                               
0000d32c  g_sCrystalfontz128x128                                               
0000d354  ti_sysbios_heaps_HeapMem_Module__FXNS__C                             
0000d37c  xdc_runtime_Startup_sfxnTab__A                                       
0000d3a4  ti_sysbios_gates_GateHwi_Module__FXNS__C                             
0000d3c8  ti_sysbios_gates_GateMutex_Module__FXNS__C                           
0000d3ec  ti_sysbios_heaps_HeapMem_Object__PARAMS__C                           
0000d410  ti_sysbios_knl_Semaphore_Object__PARAMS__C                           
0000d434  ti_sysbios_gates_GateHwi_Object__DESC__C                             
0000d454  ti_sysbios_gates_GateMutex_Object__DESC__C                           
0000d474  ti_sysbios_heaps_HeapMem_Object__DESC__C                             
0000d494  ti_sysbios_knl_Queue_Object__DESC__C                                 
0000d4b4  ti_sysbios_knl_Semaphore_Object__DESC__C                             
0000d4d4  ti_sysbios_gates_GateHwi_Object__PARAMS__C                           
0000d4ec  ti_sysbios_gates_GateMutex_Object__PARAMS__C                         
0000d504  ti_sysbios_knl_Queue_Object__PARAMS__C                               
0000d51c  xdc_runtime_Startup_firstFxns__A                                     
0000d534  xdc_runtime_Startup_sfxnRts__A                                       
0000d548  gVoltageScaleStr                                                     
0000d558  g_psDefaultCodePointMapTable                                         
0000d578  gTriggerSlopeStr                                                     
0000d580  ti_sysbios_family_arm_m3_Hwi_excHookFuncs__A                         
0000d588  ti_sysbios_knl_Idle_funcList__C                                      
0000d590  xdc_runtime_Startup_firstFxns__C                                     
0000d598  xdc_runtime_Startup_lastFxns__C                                      
0000d5a0  ti_catalog_arm_cortexm4_tiva_ce_Boot_A_mustNotUseEnhancedClockMode__C
0000d5a4  ti_catalog_arm_cortexm4_tiva_ce_Boot_Module__diagsEnabled__C         
0000d5a8  ti_catalog_arm_cortexm4_tiva_ce_Boot_Module__diagsIncluded__C        
0000d5ac  ti_catalog_arm_cortexm4_tiva_ce_Boot_Module__diagsMask__C            
0000d5b0  ti_sysbios_family_arm_lm4_Timer_enableFunc__C                        
0000d5b4  ti_sysbios_family_arm_lm4_Timer_numTimerDevices__C                   
0000d5b8  ti_sysbios_family_arm_lm4_Timer_startupNeeded__C                     
0000d5bc  ti_sysbios_family_arm_lm4_TimestampProvider_Module__diagsEnabled__C  
0000d5c0  ti_sysbios_family_arm_lm4_TimestampProvider_Module__diagsIncluded__C 
0000d5c4  ti_sysbios_family_arm_lm4_TimestampProvider_Module__diagsMask__C     
0000d5c8  ti_sysbios_family_arm_m3_Hwi_E_NMI__C                                
0000d5cc  ti_sysbios_family_arm_m3_Hwi_E_busFault__C                           
0000d5d0  ti_sysbios_family_arm_m3_Hwi_E_debugMon__C                           
0000d5d4  ti_sysbios_family_arm_m3_Hwi_E_hardFault__C                          
0000d5d8  ti_sysbios_family_arm_m3_Hwi_E_memFault__C                           
0000d5dc  ti_sysbios_family_arm_m3_Hwi_E_noIsr__C                              
0000d5e0  ti_sysbios_family_arm_m3_Hwi_E_reserved__C                           
0000d5e4  ti_sysbios_family_arm_m3_Hwi_E_svCall__C                             
0000d5e8  ti_sysbios_family_arm_m3_Hwi_E_usageFault__C                         
0000d5ec  ti_sysbios_family_arm_m3_Hwi_NUM_INTERRUPTS__C                       
0000d5f0  ti_sysbios_family_arm_m3_Hwi_Object__count__C                        
0000d5f4  ti_sysbios_family_arm_m3_Hwi_ccr__C                                  
0000d5f8  ti_sysbios_family_arm_m3_Hwi_excHandlerFunc__C                       
0000d5fc  ti_sysbios_family_arm_m3_Hwi_excHookFuncs__C                         
0000d600  ti_sysbios_family_arm_m3_Hwi_nullIsrFunc__C                          
0000d604  ti_sysbios_family_arm_m3_Hwi_priGroup__C                             
0000d608  ti_sysbios_gates_GateMutex_A_badContext__C                           
0000d60c  ti_sysbios_gates_GateMutex_Instance_State_sem__O                     
0000d610  ti_sysbios_gates_GateMutex_Module__diagsEnabled__C                   
0000d614  ti_sysbios_gates_GateMutex_Module__diagsIncluded__C                  
0000d618  ti_sysbios_gates_GateMutex_Module__diagsMask__C                      
0000d61c  ti_sysbios_hal_Hwi_E_stackOverflow__C                                
0000d620  ti_sysbios_heaps_HeapMem_A_align__C                                  
0000d624  ti_sysbios_heaps_HeapMem_A_heapSize__C                               
0000d628  ti_sysbios_heaps_HeapMem_A_invalidFree__C                            
0000d62c  ti_sysbios_heaps_HeapMem_A_zeroBlock__C                              
0000d630  ti_sysbios_heaps_HeapMem_E_memory__C                                 
0000d634  ti_sysbios_heaps_HeapMem_Module__diagsEnabled__C                     
0000d638  ti_sysbios_heaps_HeapMem_Module__diagsIncluded__C                    
0000d63c  ti_sysbios_heaps_HeapMem_Module__diagsMask__C                        
0000d640  ti_sysbios_heaps_HeapMem_Module__gateObj__C                          
0000d644  ti_sysbios_heaps_HeapMem_Object__count__C                            
0000d648  ti_sysbios_heaps_HeapMem_reqAlign__C                                 
0000d64c  ti_sysbios_knl_Clock_Module_State_clockQ__O                          
0000d650  ti_sysbios_knl_Idle_funcList__A                                      
0000d654  ti_sysbios_knl_Mailbox_Instance_State_dataQue__O                     
0000d658  ti_sysbios_knl_Mailbox_Instance_State_dataSem__O                     
0000d65c  ti_sysbios_knl_Mailbox_Instance_State_freeQue__O                     
0000d660  ti_sysbios_knl_Mailbox_Instance_State_freeSem__O                     
0000d664  ti_sysbios_knl_Mailbox_Object__count__C                              
0000d668  ti_sysbios_knl_Mailbox_maxTypeAlign__C                               
0000d66c  ti_sysbios_knl_Semaphore_A_badContext__C                             
0000d670  ti_sysbios_knl_Semaphore_A_noEvents__C                               
0000d674  ti_sysbios_knl_Semaphore_A_overflow__C                               
0000d678  ti_sysbios_knl_Semaphore_A_pendTaskDisabled__C                       
0000d67c  ti_sysbios_knl_Semaphore_Instance_State_pendQ__O                     
0000d680  ti_sysbios_knl_Semaphore_Module__diagsEnabled__C                     
0000d684  ti_sysbios_knl_Semaphore_Module__diagsIncluded__C                    
0000d688  ti_sysbios_knl_Semaphore_Module__diagsMask__C                        
0000d68c  ti_sysbios_knl_Swi_Object__count__C                                  
0000d690  ti_sysbios_knl_Task_E_spOutOfBounds__C                               
0000d694  ti_sysbios_knl_Task_E_stackOverflow__C                               
0000d698  ti_sysbios_knl_Task_Module_State_inactiveQ__O                        
0000d69c  ti_sysbios_knl_Task_Object__count__C                                 
0000d6a0  ti_sysbios_knl_Task_allBlockedFunc__C                                
0000d6a4  ti_sysbios_knl_Task_numConstructedTasks__C                           
0000d6a8  xdc_runtime_Assert_E_assertFailed__C                                 
0000d6ac  xdc_runtime_Core_A_initializedParams__C                              
0000d6b0  xdc_runtime_Core_Module__diagsEnabled__C                             
0000d6b4  xdc_runtime_Core_Module__diagsIncluded__C                            
0000d6b8  xdc_runtime_Core_Module__diagsMask__C                                
0000d6bc  xdc_runtime_Error_E_memory__C                                        
0000d6c0  xdc_runtime_Error_Module__diagsEnabled__C                            
0000d6c4  xdc_runtime_Error_Module__diagsIncluded__C                           
0000d6c8  xdc_runtime_Error_Module__diagsMask__C                               
0000d6cc  xdc_runtime_Error_Module__loggerFxn8__C                              
0000d6d0  xdc_runtime_Error_Module__loggerObj__C                               
0000d6d4  xdc_runtime_Error_policyFxn__C                                       
0000d6d8  xdc_runtime_Error_raiseHook__C                                       
0000d6dc  xdc_runtime_IGateProvider_Interface__BASE__C                         
0000d6e0  xdc_runtime_IHeap_Interface__BASE__C                                 
0000d6e4  xdc_runtime_IModule_Interface__BASE__C                               
0000d6e8  xdc_runtime_Log_L_error__C                                           
0000d6ec  xdc_runtime_Memory_defaultHeapInstance__C                            
0000d6f0  xdc_runtime_Startup_execImpl__C                                      
0000d6f4  xdc_runtime_Startup_maxPasses__C                                     
0000d6f8  xdc_runtime_Startup_sfxnRts__C                                       
0000d6fc  xdc_runtime_Startup_sfxnTab__C                                       
0000d700  xdc_runtime_SysMin_bufSize__C                                        
0000d704  xdc_runtime_SysMin_outputFunc__C                                     
0000d708  xdc_runtime_System_Module__gateObj__C                                
0000d70c  xdc_runtime_System_abortFxn__C                                       
0000d710  xdc_runtime_System_exitFxn__C                                        
0000d714  xdc_runtime_System_extendFxn__C                                      
0000d718  xdc_runtime_System_maxAtexitHandlers__C                              
0000d71c  xdc_runtime_Text_charTab__C                                          
0000d720  xdc_runtime_Text_nameEmpty__C                                        
0000d724  xdc_runtime_Text_nameStatic__C                                       
0000d728  xdc_runtime_Text_nameUnknown__C                                      
0000d72c  xdc_runtime_Text_nodeTab__C                                          
0000d730  xdc_runtime_Text_visitRopeFxn__C                                     
0000d734  ti_sysbios_family_arm_lm4_TimestampProvider_Module__id__C            
0000d736  ti_sysbios_family_arm_lm4_TimestampProvider_useClockTimer__C         
0000d738  ti_sysbios_family_arm_m3_Hwi_Module__id__C                           
0000d73a  ti_sysbios_gates_GateMutex_Module__id__C                             
0000d73c  ti_sysbios_hal_Hwi_Module__id__C                                     
0000d73e  ti_sysbios_heaps_HeapMem_Module__id__C                               
0000d740  ti_sysbios_knl_Semaphore_Module__id__C                               
0000d742  ti_sysbios_knl_Task_Module__id__C                                    
0000d744  xdc_runtime_Core_Module__id__C                                       
0000d746  xdc_runtime_Error_Module__loggerDefined__C                           
0000d748  xdc_runtime_Error_maxDepth__C                                        
0000d74a  xdc_runtime_Memory_Module__id__C                                     
0000d74c  xdc_runtime_SysMin_flushAtExit__C                                    
0000d74e  xdc_runtime_Text_charCnt__C                                          
0000d750  xdc_runtime_Text_isLoaded__C                                         
0000d752  xdc_runtime_Text_registryModsLastId__C                               
0000d754  xdc_runtime_Text_unnamedModsLastId__C                                
0000d758  __TI_static_base__                                                   
0000da04  __TI_Handler_Table_Base                                              
0000da10  __TI_Handler_Table_Limit                                             
0000da20  __TI_CINIT_Base                                                      
0000da38  __TI_CINIT_Limit                                                     
20000000  ti_sysbios_family_arm_m3_Hwi_ramVectors                              
20006468  ti_sysbios_knl_Task_Instance_State_0_stack__A                        
20006668  ti_sysbios_knl_Task_Instance_State_1_stack__A                        
20006868  ti_sysbios_knl_Task_Instance_State_2_stack__A                        
20007068  ti_sysbios_knl_Task_Instance_State_3_stack__A                        
20007268  ti_sysbios_knl_Task_Instance_State_4_stack__A                        
20007a68  ti_sysbios_knl_Task_Instance_State_5_stack__A                        
20008c68  gADCBuffer                                                           
20009c68  fft_samples                                                          
2000a468  ti_sysbios_heaps_HeapMem_Instance_State_0_buf__A                     
2000a868  ti_sysbios_family_arm_m3_Hwi_dispatchTable                           
2000abc8  __CIOBUF_                                                            
2000ace8  processedWaveform                                                    
2000ade8  trigger_samples                                                      
2000aee8  ti_sysbios_knl_Mailbox_Instance_State_0_allocBuf__A                  
2000af88  xdc_runtime_SysMin_Module_State_0_outbuf__A                          
2000b008  sContext                                                             
2000b048  parmbuf                                                              
2000b050  fScale                                                               
2000b054  gADCErrors                                                           
2000b058  gADCSamplingRate                                                     
2000b060  trigger_value                                                        
2000b064  Lcd_ScreenHeigth                                                     
2000b066  Lcd_ScreenWidth                                                      
2000b068  Lcd_TouchTrim                                                        
2000b06a  Lcd_FlagRead                                                         
2000b06b  Lcd_FontSolid                                                        
2000b06c  Lcd_Orientation                                                      
2000b06d  Lcd_PenSolid                                                         
2000b070  Lcd_buffer                                                           
20013070  ti_sysbios_knl_Task_Object__table__V                                 
20013238  ti_sysbios_knl_Swi_Module_State_0_readyQ__A                          
200132b8  ti_sysbios_knl_Task_Module_State_0_readyQ__A                         
20013338  ti_sysbios_knl_Semaphore_Object__table__V                            
2001339c  ti_sysbios_knl_Mailbox_Object__table__V                              
200133ec  ti_sysbios_knl_Task_Module__state__V                                 
20013430  ti_sysbios_family_arm_lm4_Timer_Module_State_0_device__A             
20013470  ti_sysbios_family_arm_lm4_Timer_Object__table__V                     
200134b0  ti_sysbios_gates_GateMutex_Object__table__V                          
200134e8  ti_sysbios_family_arm_m3_Hwi_Module__state__V                        
2001351c  ti_sysbios_family_arm_m3_Hwi_Object__table__V                        
2001354c  ti_sysbios_knl_Swi_Object__table__V                                  
2001357c  ti_sysbios_knl_Clock_Module__state__V                                
200135cc  ti_sysbios_BIOS_Module__state__V                                     
200135f0  ti_sysbios_family_arm_lm4_Timer_Module_State_0_handles__A            
20013610  ti_sysbios_knl_Clock_Object__table__V                                
20013630  ti_sysbios_knl_Swi_Module__state__V                                  
2001364c  ti_sysbios_heaps_HeapMem_Object__table__V                            
20013664  gADCBufferIndex                                                      
20013668  gButtons                                                             
2001366c  risingSlope                                                          
2001366d  spectrumMode                                                         
20013670  stateVperDiv                                                         
20013674  fVoltsPerDiv                                                         
20013684  gSystemClock                                                         
20013688  count_unloaded                                                       
2001368c  count_loaded                                                         
20013690  cpu_load                                                             
20013694  ti_sysbios_family_arm_lm4_Timer_Module__state__V                     
200136a0  xdc_runtime_SysMin_Module__state__V                                  
200136ac  _lock                                                                
200136b0  _unlock                                                              
200136b4  gJoystick                                                            
200136bc  ti_sysbios_family_arm_lm4_TimestampProvider_Module__state__V         
200136c4  ti_sysbios_gates_GateHwi_Module__root__V                             
200136cc  ti_sysbios_gates_GateMutex_Module__root__V                           
200136d4  ti_sysbios_heaps_HeapMem_Module__root__V                             
200136dc  ti_sysbios_knl_Queue_Module__root__V                                 
200136e4  ti_sysbios_knl_Semaphore_Module__root__V                             
200136ec  xdc_runtime_Registry_Module__state__V                                
200136f4  xdc_runtime_Startup_Module__state__V                                 
200136fc  xdc_runtime_System_Module_State_0_atexitHandlers__A                  
20013704  xdc_runtime_System_Module__state__V                                  
2001370c  errno                                                                
20013710  main_func_sp                                                         
20013714  ti_sysbios_family_arm_m3_Hwi_Module_State_0_excContext__A            
20013718  ti_sysbios_family_arm_m3_Hwi_Module_State_0_excStack__A              
2001371c  ti_sysbios_gates_GateHwi_Object__table__V                            
20013720  ti_sysbios_knl_Task_Module_State_0_idleTask__A                       
20013724  xdc_runtime_Memory_Module__state__V                                  
20013728  ti_sysbios_family_arm_m3_Hwi_Module_State_0_excActive__A             
2001372a  xdc_runtime_Error_Module__state__V                                   
20013730  __stack                                                              
20013a30  __STACK_END                                                          
e000e000  ti_sysbios_family_arm_m3_Hwi_nvic                                    
ffffffff  __TI_pprof_out_hndl                                                  
ffffffff  __TI_prof_data_size                                                  
ffffffff  __TI_prof_data_start                                                 
ffffffff  __binit__                                                            
ffffffff  __c_args__                                                           
ffffffff  binit                                                                
UNDEFED   SHT$$INIT_ARRAY$$Base                                                
UNDEFED   SHT$$INIT_ARRAY$$Limit                                               

[681 symbols]
