******************************************************************************
                  TI ARM Linker PC v18.1.3                     
******************************************************************************
>> Linked Sat Apr 27 20:53:45 2019

OUTPUT FILE NAME:   <ece3849d19_lab3_yaverdeja.out>
ENTRY POINT SYMBOL: "_c_int00"  address: 00008df1


MEMORY CONFIGURATION

         name            origin    length      used     unused   attr    fill
----------------------  --------  ---------  --------  --------  ----  --------
  FLASH                 00000000   00100000  0000e138  000f1ec8  R  X
  SRAM                  20000000   00040000  000144fa  0002bb06  RW X


SEGMENT ALLOCATION MAP

run origin  load origin   length   init length attrs members
----------  ----------- ---------- ----------- ----- -------
00000000    00000000    0000e148   0000e148    r-x
  00000000    00000000    0000003c   0000003c    r-- .resetVecs
  00000040    00000040    0000b41a   0000b41a    r-x .text
  0000b460    0000b460    000029aa   000029aa    r-- .const
  0000de10    0000de10    00000338   00000338    r-- .cinit
20000000    20000000    00000360   00000000    rw-
  20000000    20000000    00000360   00000000    rw- .vecs
20000400    20000400    000141a0   00000000    rw-
  20000400    20000400    0000b30e   00000000    rw- .bss
  2000b710    2000b710    00008b8c   00000000    rw- .data
  200142a0    200142a0    00000300   00000000    rw- .stack


SECTION ALLOCATION MAP

 output                                  attributes/
section   page    origin      length       input sections
--------  ----  ----------  ----------   ----------------
.text      0    00000040    0000b41a     
                  00000040    00000a5e     rtsv7M4_T_le_v4SPD16_eabi.lib : _printfi.c.obj (.text:__TI_printfi)
                  00000a9e    00000002                                   : _lock.c.obj (.text:_nop)
                  00000aa0    00000738                                   : k_rem_pio2.c.obj (.text:__kernel_rem_pio2)
                  000011d8    000005dc                                   : s_cos.c.obj (.text:cos)
                  000017b4    000005c4                                   : s_sin.c.obj (.text:sin)
                  00001d78    00000430     sysbios.aem4f : BIOS.obj (.text:ti_sysbios_family_arm_m3_Hwi_excDumpRegs__I)
                  000021a8    0000035c     buttons.obj (.text:ButtonInit)
                  00002504    0000034c     ti.targets.arm.rtsarm.aem4f : System.oem4f (.text:xdc_runtime_System_doPrint__I)
                  00002850    000002b4     main.obj (.text:displayTask_func)
                  00002b04    00000004     driverlib.lib : adc.obj (.text:ADCIntClearEx)
                  00002b08    000002a4     sysbios.aem4f : BIOS.obj (.text:ti_sysbios_knl_Semaphore_pend__E)
                  00002dac    00000004     driverlib.lib : comp.obj (.text:ComparatorRefSet)
                  00002db0    0000028e     kiss_fft.obj (.text:kf_bfly5)
                  0000303e    00000002     rtsv7M4_T_le_v4SPD16_eabi.lib : div0.asm.obj (.text)
                  00003040    00000270                                   : _printfi.c.obj (.text:_pconv_a)
                  000032b0    0000026c     sysbios.aem4f : BIOS.obj (.text:ti_sysbios_heaps_HeapMem_free__E)
                  0000351c    00000004     driverlib.lib : timer.obj (.text:TimerIntClear)
                  00003520    00000268     buttons.obj (.text:processingTask_func)
                  00003788    00000256     grlib.lib : string.obj (.text:GrFontGlyphRender)
                  000039de    00000002     --HOLE-- [fill = 0]
                  000039e0    00000250     sysbios.aem4f : BIOS.obj (.text:ti_sysbios_heaps_HeapMem_alloc__E)
                  00003c30    00000204     driverlib.lib : sysctl.obj (.text:SysCtlClockFreqSet)
                  00003e34    00000204     Boot.aem4f : Boot_sysctl.oem4f (.text:ti_catalog_arm_cortexm4_tiva_ce_Boot_sysCtlClockFreqSetI__I)
                  00004038    000001fc     sysbios.aem4f : BIOS.obj (.text:ti_sysbios_family_arm_m3_Hwi_excHandlerMax__I)
                  00004234    00000004     rtsv7M4_T_le_v4SPD16_eabi.lib : exit.c.obj (.text:abort:abort)
                  00004238    000001f0     kiss_fft.obj (.text:kf_bfly4)
                  00004428    000001d0     rtsv7M4_T_le_v4SPD16_eabi.lib : _printfi.c.obj (.text:_pconv_g)
                  000045f8    000001b6                                   : fd_add_t2.asm.obj (.text)
                  000047ae    00000002     --HOLE-- [fill = 0]
                  000047b0    000001b4     kiss_fft.obj (.text:kf_bfly3)
                  00004964    00000174     rtsv7M4_T_le_v4SPD16_eabi.lib : k_sin.c.obj (.text:__kernel_sin)
                  00004ad8    00000174     sysbios.aem4f : BIOS.obj (.text:ti_sysbios_family_arm_m3_Hwi_excBusFault__I)
                  00004c4c    0000016c     rtsv7M4_T_le_v4SPD16_eabi.lib : k_cos.c.obj (.text:__kernel_cos)
                  00004db8    00000164     sysbios.aem4f : BIOS.obj (.text:ti_sysbios_family_arm_m3_Hwi_excUsageFault__I)
                  00004f1c    00000158     rtsv7M4_T_le_v4SPD16_eabi.lib : e_log10f.c.obj (.text:log10f)
                  00005074    00000158                                   : e_sqrt.c.obj (.text:sqrt)
                  000051cc    00000004     sysbios.aem4f : BIOS.obj (.text:ti_sysbios_family_arm_lm4_Timer_masterEnable__I)
                  000051d0    00000148                   : BIOS.obj (.text:ti_sysbios_family_arm_m3_Hwi_excMemFault__I)
                  00005318    0000013c     rtsv7M4_T_le_v4SPD16_eabi.lib : _printfi.c.obj (.text:_pconv_e)
                  00005454    00000004     ti.targets.arm.rtsarm.aem4f : Error.oem4f (.text:xdc_runtime_Error_getSite__E)
                  00005458    0000013c     sysbios.aem4f : BIOS.obj (.text:ti_sysbios_heaps_HeapMem_Instance_init__E)
                  00005594    00000136     rtsv7M4_T_le_v4SPD16_eabi.lib : fd_div_t2.asm.obj (.text)
                  000056ca    00000130     driverlib.lib : gpio.obj (.text:GPIOPadConfigSet)
                  000057fa    00000002     --HOLE-- [fill = 0]
                  000057fc    00000120     rtsv7M4_T_le_v4SPD16_eabi.lib : _printfi.c.obj (.text:fcvt)
                  0000591c    00000118     ti.targets.arm.rtsarm.aem4f : Error.oem4f (.text:xdc_runtime_Error_policyDefault__E)
                  00005a34    00000110     rtsv7M4_T_le_v4SPD16_eabi.lib : s_scalbn.c.obj (.text:scalbn)
                  00005b44    00000004     ti.targets.arm.rtsarm.aem4f : System.oem4f (.text:xdc_runtime_System_aprintf_va__F)
                  00005b48    00000108     sysbios.aem4f : BIOS.obj (.text:ti_sysbios_family_arm_lm4_Timer_start__E)
                  00005c50    00000106     grlib.lib : line.obj (.text:GrLineDraw)
                  00005d56    00000002     --HOLE-- [fill = 0]
                  00005d58    00000100     ti.targets.arm.rtsarm.aem4f : Core-mem.oem4f (.text:xdc_runtime_Core_createObject__I)
                  00005e58    000000fc     kiss_fft.obj (.text:kf_bfly_generic)
                  00005f54    000000fc     rtsv7M4_T_le_v4SPD16_eabi.lib : fd_mul_t2.asm.obj (.text)
                  00006050    000000fc     rtos_pem4f.oem4f (.text:xdc_runtime_System_printfExtend__I)
                  0000614c    000000f8     rtsv7M4_T_le_v4SPD16_eabi.lib : s_floor.c.obj (.text:floor)
                  00006244    000000f8     ti.targets.arm.rtsarm.aem4f : Startup.oem4f (.text:xdc_runtime_Startup_startMods__I)
                  0000633c    000000f4     sysbios.aem4f : m3_Hwi_asm.obj (.text:ti_sysbios_family_arm_m3_Hwi_dispatch__I)
                  00006430    000000ec                   : BIOS.obj (.text:ti_sysbios_knl_Semaphore_post__E)
                  0000651c    00000004     ti.targets.arm.rtsarm.aem4f : System.oem4f (.text:xdc_runtime_System_printf_va__F)
                  00006520    000000e2     kiss_fft.obj (.text:kf_work)
                  00006602    00000006     driverlib.lib : gpio.obj (.text:GPIOPinRead)
                  00006608    000000e0     buttons.obj (.text:buttonTask_func)
                  000066e8    000000dc     Crystalfontz128x128_ST7735.obj (.text:Crystalfontz128x128_PixelDrawMultiple)
                  000067c4    00000004     --HOLE-- [fill = 0]
                  000067c8    000000d4     buttons.obj (.text:ButtonReadJoystick)
                  0000689c    00000004     --HOLE-- [fill = 0]
                  000068a0    000000cc     kiss_fft.obj (.text:kiss_fft_alloc)
                  0000696c    00000004     --HOLE-- [fill = 0]
                  00006970    000000cc     buttons.obj (.text:userInputTask_func)
                  00006a3c    000000cc     ti.targets.arm.rtsarm.aem4f : Core-smem.oem4f (.text:xdc_runtime_Core_constructObject__I)
                  00006b08    000000c4     grlib.lib : string.obj (.text:GrDefaultStringRenderer)
                  00006bcc    000000c0               : line.obj (.text:GrLineClip)
                  00006c8c    00000004     --HOLE-- [fill = 0]
                  00006c90    000000bc     Crystalfontz128x128_ST7735.obj (.text:Crystalfontz128x128_Init)
                  00006d4c    00000004     --HOLE-- [fill = 0]
                  00006d50    000000bc     sysbios.aem4f : BIOS.obj (.text:ti_sysbios_family_arm_m3_Hwi_excDebugMon__I)
                  00006e0c    00000004     --HOLE-- [fill = 0]
                  00006e10    000000bc                   : BIOS.obj (.text:ti_sysbios_family_arm_m3_Hwi_excHardFault__I)
                  00006ecc    000000b4     rtsv7M4_T_le_v4SPD16_eabi.lib : s_cosf.c.obj (.text:cosf)
                  00006f80    000000b4     sysbios.aem4f : BIOS.obj (.text:ti_sysbios_gates_GateMutex_enter__E)
                  00007034    00000004     --HOLE-- [fill = 0]
                  00007038    000000b4                   : BIOS.obj (.text:ti_sysbios_knl_Task_checkStacks__E)
                  000070ec    00000004     --HOLE-- [fill = 0]
                  000070f0    000000b4     buttons.obj (.text:waveformTask_func)
                  000071a4    000000b1     rtsv7M4_T_le_v4SPD16_eabi.lib : _printfi.c.obj (.text:_ltostr)
                  00007255    00000003     --HOLE-- [fill = 0]
                  00007258    000000ac     sysbios.aem4f : BIOS.obj (.text:ti_sysbios_family_arm_lm4_Timer_enableTiva__I)
                  00007304    000000a4     rtsv7M4_T_le_v4SPD16_eabi.lib : s_sinf.c.obj (.text:sinf)
                  000073a8    000000a0     auto_init.aem4f : auto_init.oem4f (.text)
                  00007448    000000a0     ti.targets.arm.rtsarm.aem4f : Text.oem4f (.text:xdc_runtime_Text_putMod__E)
                  000074e8    0000009c     Crystalfontz128x128_ST7735.obj (.text:Crystalfontz128x128_SetDrawFrame)
                  00007584    0000009c     rtsv7M4_T_le_v4SPD16_eabi.lib : memcpy_t2.asm.obj (.text)
                  00007620    0000009c     sysbios.aem4f : BIOS.obj (.text:ti_sysbios_knl_Semaphore_Instance_init__E)
                  000076bc    0000009a     ti.targets.arm.rtsarm.aem4f : Text.oem4f (.text:xdc_runtime_Text_putSite__E)
                  00007756    00000002     --HOLE-- [fill = 0]
                  00007758    00000098     Boot.aem4f : Boot.oem4f (.text:ti_catalog_arm_cortexm4_tiva_ce_Boot_sysCtlClockFreqSet__E)
                  000077f0    00000096     rtsv7M4_T_le_v4SPD16_eabi.lib : ull_div_t2.asm.obj (.text)
                  00007886    00000002     --HOLE-- [fill = 0]
                  00007888    00000094     sysbios.aem4f : BIOS.obj (.text:ti_sysbios_family_arm_m3_Hwi_initNVIC__E)
                  0000791c    00000004     --HOLE-- [fill = 0]
                  00007920    00000090     buttons.obj (.text:frequencyTask_func)
                  000079b0    0000008c     sysbios.aem4f : m3_TaskSupport_asm.obj (.text:ti_sysbios_family_arm_m3_TaskSupport_buildTaskStack)
                  00007a3c    00000004     --HOLE-- [fill = 0]
                  00007a40    0000008c                   : BIOS.obj (.text:ti_sysbios_knl_Task_postInit__I)
                  00007acc    00000004     --HOLE-- [fill = 0]
                  00007ad0    00000088                   : BIOS.obj (.text:ti_sysbios_knl_Mailbox_post__E)
                  00007b58    00000086     grlib.lib : rectangle.obj (.text:GrRectFill)
                  00007bde    00000086     rtsv7M4_T_le_v4SPD16_eabi.lib : fd_cmp_t2.asm.obj (.text:__aeabi_cdcmple)
                  00007c64    00000086                                   : fd_cmp_t2.asm.obj (.text:__aeabi_cdrcmple)
                  00007cea    00000006     driverlib.lib : gpio.obj (.text:GPIOPinWrite)
                  00007cf0    00000084     sysbios.aem4f : BIOS.obj (.text:ti_sysbios_family_arm_m3_Hwi_postInit__I)
                  00007d74    00000084     driverlib.lib : udma.obj (.text:uDMAChannelTransferSet)
                  00007df8    00000080     Crystalfontz128x128_ST7735.obj (.text:Crystalfontz128x128_RectFill)
                  00007e78    00000080     rtsv7M4_T_le_v4SPD16_eabi.lib : s_floorf.c.obj (.text:floorf)
                  00007ef8    00000080     kiss_fft.obj (.text:kf_bfly2)
                  00007f78    0000007a     driverlib.lib : adc.obj (.text:ADCSequenceStepConfigure)
                  00007ff2    0000007a     rtsv7M4_T_le_v4SPD16_eabi.lib : memset_t2.asm.obj (.text)
                  0000806c    00000004     --HOLE-- [fill = 0]
                  00008070    00000078     HAL_EK_TM4C1294XL_Crystalfontz128x128_ST7735.obj (.text:HAL_LCD_PortInit)
                  000080e8    00000078     HAL_EK_TM4C1294XL_Crystalfontz128x128_ST7735.obj (.text:HAL_LCD_SpiInit)
                  00008160    00000074     buttons.obj (.text:ADC_ISR)
                  000081d4    00000004     --HOLE-- [fill = 0]
                  000081d8    00000074     sysbios.aem4f : BIOS.obj (.text:ti_sysbios_knl_Mailbox_pend__E)
                  0000824c    00000004     --HOLE-- [fill = 0]
                  00008250    00000070                   : BIOS.obj (.text:ti_sysbios_knl_Clock_workFunc__E)
                  000082c0    00000070                   : BIOS.obj (.text:ti_sysbios_knl_Task_exit__E)
                  00008330    0000006e     rtsv7M4_T_le_v4SPD16_eabi.lib : _printfi.c.obj (.text:_mcpy)
                  0000839e    0000006e                                   : s_roundf.c.obj (.text:roundf)
                  0000840c    0000006e                                   : fd_tos_t2.asm.obj (.text)
                  0000847a    00000002     --HOLE-- [fill = 0]
                  0000847c    0000006d     ti.targets.arm.rtsarm.aem4f : System.oem4f (.text:xdc_runtime_System_formatNum__I)
                  000084e9    00000001     --HOLE-- [fill = 0]
                  000084ea    00000006     grlib.lib : string.obj (.text:GrContextFontSet)
                  000084f0    0000006c     kiss_fft.obj (.text:kf_factor)
                  0000855c    00000004     --HOLE-- [fill = 0]
                  00008560    0000006c     sysbios.aem4f : BIOS.obj (.text:ti_sysbios_knl_Swi_restoreHwi__E)
                  000085cc    0000006c     ti.targets.arm.rtsarm.aem4f : Error.oem4f (.text:xdc_runtime_Error_print__E)
                  00008638    0000006c                                 : Memory.oem4f (.text:xdc_runtime_Memory_alloc__E)
                  000086a4    00000068     grlib.lib : context.obj (.text:GrContextInit)
                  0000870c    00000068     rtsv7M4_T_le_v4SPD16_eabi.lib : copy_decompress_lzss.c.obj (.text:decompress:lzss:__TI_decompress_lzss)
                  00008774    00000004     --HOLE-- [fill = 0]
                  00008778    00000068     sysbios.aem4f : BIOS.obj (.text:ti_sysbios_family_arm_lm4_TimestampProvider_initTimerHandle__I)
                  000087e0    00000066     ti.targets.arm.rtsarm.aem4f : Core-mem.oem4f (.text:xdc_runtime_Core_deleteObject__I)
                  00008846    00000002     --HOLE-- [fill = 0]
                  00008848    00000064     rtsv7M4_T_le_v4SPD16_eabi.lib : s_frexp.c.obj (.text:frexp)
                  000088ac    00000004     --HOLE-- [fill = 0]
                  000088b0    00000064     sysbios.aem4f : BIOS.obj (.text:ti_sysbios_family_arm_lm4_Timer_Module_startup__E)
                  00008914    00000004     --HOLE-- [fill = 0]
                  00008918    00000064                   : BIOS.obj (.text:ti_sysbios_family_arm_m3_Hwi_dispatchC__I)
                  0000897c    00000004     --HOLE-- [fill = 0]
                  00008980    00000060     buttons.obj (.text:ButtonDebounce)
                  000089e0    00000060     driverlib.lib : timer.obj (.text:TimerConfigure)
                  00008a40    00000060     main.obj (.text:main)
                  00008aa0    00000060     sysbios.aem4f : BIOS.obj (.text:ti_sysbios_knl_Task_schedule__I)
                  00008b00    0000005c     kiss_fft.obj (.text:kiss_fft_stride)
                  00008b5c    00000004     --HOLE-- [fill = 0]
                  00008b60    0000005c     sysbios.aem4f : BIOS.obj (.text:ti_sysbios_knl_Swi_run__I)
                  00008bbc    00000004     --HOLE-- [fill = 0]
                  00008bc0    0000005c                   : BIOS.obj (.text:ti_sysbios_knl_Swi_schedule__I)
                  00008c1c    00000004     --HOLE-- [fill = 0]
                  00008c20    0000005c                   : BIOS.obj (.text:ti_sysbios_knl_Task_Module_startup__E)
                  00008c7c    00000004     --HOLE-- [fill = 0]
                  00008c80    0000005c                   : BIOS.obj (.text:ti_sysbios_knl_Task_startCore__E)
                  00008cdc    0000005b     ti.targets.arm.rtsarm.aem4f : Text.oem4f (.text:xdc_runtime_Text_putLab__E)
                  00008d37    00000001     --HOLE-- [fill = 0]
                  00008d38    0000005a     grlib.lib : string.obj (.text:FontWideGlyphDataGet)
                  00008d92    00000006     driverlib.lib : sysctl.obj (.text:SysCtlDelay)
                  00008d98    00000058     buttons.obj (.text:ButtonAutoRepeat)
                  00008df0    00000058     boot.aem4f : boot.oem4f (.text)
                  00008e48    00000058     rtsv7M4_T_le_v4SPD16_eabi.lib : hostwrite.c.obj (.text:HOSTwrite)
                  00008ea0    00000058     sysbios.aem4f : m3_Hwi_asm_switch.obj (.text:ti_sysbios_family_arm_m3_Hwi_initStacks__E)
                  00008ef8    00000056     rtsv7M4_T_le_v4SPD16_eabi.lib : _printfi.c.obj (.text:_pconv_f)
                  00008f4e    00000054                                   : ltoa.c.obj (.text:ltoa)
                  00008fa2    00000006     ti.targets.arm.rtsarm.aem4f : System.oem4f (.text:xdc_runtime_System_Module_startup__E)
                  00008fa8    00000054     sysbios.aem4f : BIOS.obj (.text:ti_sysbios_family_arm_lm4_Timer_initDevice__I)
                  00008ffc    00000054     ti.targets.arm.rtsarm.aem4f : Assert.oem4f (.text:xdc_runtime_Assert_raise__I)
                  00009050    00000052     rtsv7M4_T_le_v4SPD16_eabi.lib : _printfi.c.obj (.text:_ecpy)
                  000090a2    00000002     --HOLE-- [fill = 0]
                  000090a4    00000050     Boot.aem4f : Boot_sysctl.oem4f (.text:_SysCtlFrequencyGet)
                  000090f4    00000004     --HOLE-- [fill = 0]
                  000090f8    00000050     sysbios.aem4f : BIOS.obj (.text:ti_sysbios_family_arm_m3_Hwi_Module_startup__E)
                  00009148    00000050     ti.targets.arm.rtsarm.aem4f : Startup.oem4f (.text:xdc_runtime_Startup_exec__E)
                  00009198    00000050                                 : Text.oem4f (.text:xdc_runtime_Text_visitRope2__I)
                  000091e8    0000004c     rtsv7M4_T_le_v4SPD16_eabi.lib : atoi.c.obj (.text:atoi)
                  00009234    0000004c                                   : cpy_tbl.c.obj (.text:copy_in)
                  00009280    0000004c     buttons.obj (.text:fillWaveformTable)
                  000092cc    0000004c     rtsv7M4_T_le_v4SPD16_eabi.lib : snprintf.c.obj (.text:snprintf)
                  00009318    0000004c     sysbios.aem4f : BIOS.obj (.text:ti_sysbios_heaps_HeapMem_getStats__E)
                  00009364    00000004     --HOLE-- [fill = 0]
                  00009368    0000004c                   : BIOS.obj (.text:ti_sysbios_knl_Swi_runLoop__I)
                  000093b4    00000004     --HOLE-- [fill = 0]
                  000093b8    0000004c                   : BIOS.obj (.text:ti_sysbios_knl_Task_allBlockedFunction__I)
                  00009404    0000004a     grlib.lib : string.obj (.text:UpdateContextCharMapping)
                  0000944e    00000002     --HOLE-- [fill = 0]
                  00009450    00000048     driverlib.lib : gpio.obj (.text:GPIOPinConfigure)
                  00009498    00000048     HAL_EK_TM4C1294XL_Crystalfontz128x128_ST7735.obj (.text:HAL_LCD_writeCommand)
                  000094e0    00000048     driverlib.lib : sysctl.obj (.text:_SysCtlFrequencyGet)
                  00009528    00000048     buttons.obj (.text:getADCBufferIndex)
                  00009570    00000048     rtsv7M4_T_le_v4SPD16_eabi.lib : fd_toi_t2.asm.obj (.text)
                  000095b8    00000048     sysbios.aem4f : BIOS.obj (.text:ti_sysbios_family_arm_lm4_Timer_enableTimers__I)
                  00009600    00000048                   : BIOS.obj (.text:ti_sysbios_family_arm_m3_Hwi_disableInterrupt__E)
                  00009648    00000048                   : BIOS.obj (.text:ti_sysbios_family_arm_m3_Hwi_enableInterrupt__E)
                  00009690    00000048                   : BIOS.obj (.text:ti_sysbios_family_arm_m3_Hwi_excReserved__I)
                  000096d8    00000048                   : BIOS.obj (.text:ti_sysbios_knl_Mailbox_Module_startup__E)
                  00009720    00000048     buttons.obj (.text:timercapture_ISR)
                  00009768    00000048     driverlib.lib : udma.obj (.text:uDMAChannelAttributeDisable)
                  000097b0    00000046     grlib.lib : line.obj (.text:GrLineDrawH)
                  000097f6    00000046               : line.obj (.text:GrLineDrawV)
                  0000983c    00000046     ti.targets.arm.rtsarm.aem4f : Core-params.oem4f (.text:xdc_runtime_Core_assignParams__I)
                  00009882    00000006     --HOLE-- [fill = 0]
                  00009888    00000044     Crystalfontz128x128_ST7735.obj (.text:Crystalfontz128x128_SetOrientation)
                  000098cc    00000004     --HOLE-- [fill = 0]
                  000098d0    00000044     sysbios.aem4f : BIOS.obj (.text:ti_sysbios_family_arm_lm4_Timer_isrStub__E)
                  00009914    00000004     --HOLE-- [fill = 0]
                  00009918    00000044                   : BIOS.obj (.text:ti_sysbios_family_arm_m3_Hwi_getStackInfo__E)
                  0000995c    00000004     --HOLE-- [fill = 0]
                  00009960    00000044                   : BIOS.obj (.text:ti_sysbios_knl_Swi_post__E)
                  000099a4    00000044     ti.targets.arm.rtsarm.aem4f : Error.oem4f (.text:xdc_runtime_Error_setX__E)
                  000099e8    00000044                                 : SysMin.oem4f (.text:xdc_runtime_SysMin_flush__E)
                  00009a2c    00000044                                 : Text.oem4f (.text:xdc_runtime_Text_xprintf__I)
                  00009a70    00000040     Crystalfontz128x128_ST7735.obj (.text:Crystalfontz128x128_LineDrawH)
                  00009ab0    00000040     rtsv7M4_T_le_v4SPD16_eabi.lib : u_divt2.asm.obj (.text)
                  00009af0    00000040     sysbios.aem4f : BIOS.obj (.text:ti_sysbios_family_arm_lm4_Timer_startup__E)
                  00009b30    00000040     buttons.obj (.text:zero_crossing_point)
                  00009b70    0000003e     driverlib.lib : adc.obj (.text:ADCSequenceConfigure)
                  00009bae    0000003e     rtsv7M4_T_le_v4SPD16_eabi.lib : _printfi.c.obj (.text:_fcpy)
                  00009bec    0000003c     driverlib.lib : ssi.obj (.text:SSIConfigSetExpClk)
                  00009c28    0000003c     sysbios.aem4f : BIOS.obj (.text:ti_sysbios_family_arm_m3_Hwi_excSvCall__I)
                  00009c64    00000004     --HOLE-- [fill = 0]
                  00009c68    0000003c                   : BIOS.obj (.text:ti_sysbios_heaps_HeapMem_init__I)
                  00009ca4    00000004     --HOLE-- [fill = 0]
                  00009ca8    0000003c                   : BIOS.obj (.text:ti_sysbios_knl_Swi_restore__E)
                  00009ce4    0000003a     grlib.lib : string.obj (.text:FontGlyphDataGet)
                  00009d1e    00000002     --HOLE-- [fill = 0]
                  00009d20    00000038     Crystalfontz128x128_ST7735.obj (.text:Crystalfontz128x128_Flush)
                  00009d58    00000038     rtsv7M4_T_le_v4SPD16_eabi.lib : trgmsg.c.obj (.text:__TI_writemsg)
                  00009d90    00000038                                   : fs_tod_t2.asm.obj (.text)
                  00009dc8    00000038     sysbios.aem4f : BIOS.obj (.text:ti_sysbios_family_arm_m3_Hwi_excNoIsr__I)
                  00009e00    00000038                   : BIOS.obj (.text:ti_sysbios_knl_Task_processVitalTaskFlag__I)
                  00009e38    00000038     ti.targets.arm.rtsarm.aem4f : SysMin.oem4f (.text:xdc_runtime_SysMin_putch__E)
                  00009e70    00000038                                 : System.oem4f (.text:xdc_runtime_System_atexit__E)
                  00009ea8    00000036     grlib.lib : line.obj (.text:GrClipCodeGet)
                  00009ede    00000002     --HOLE-- [fill = 0]
                  00009ee0    00000034     driverlib.lib : sysctl.obj (.text:SysCtlPeripheralEnable)
                  00009f14    00000034     rtsv7M4_T_le_v4SPD16_eabi.lib : trgmsg.c.obj (.text:__TI_readmsg)
                  00009f48    00000034     sysbios.aem4f : BIOS.obj (.text:ti_sysbios_family_arm_m3_Hwi_excNmi__I)
                  00009f7c    00000004     --HOLE-- [fill = 0]
                  00009f80    00000034                   : BIOS.obj (.text:ti_sysbios_hal_Hwi_checkStack)
                  00009fb4    00000034     ti.targets.arm.rtsarm.aem4f : Core-label.oem4f (.text:xdc_runtime_Core_assignLabel__I)
                  00009fe8    00000033                                 : Text.oem4f (.text:xdc_runtime_Text_printVisFxn__I)
                  0000a01b    00000005     --HOLE-- [fill = 0]
                  0000a020    00000032     sysbios.aem4f : BIOS.obj (.text:ti_sysbios_hal_Hwi_initStack)
                  0000a052    00000006     --HOLE-- [fill = 0]
                  0000a058    00000030     buttons.obj (.text:PWM_ISR)
                  0000a088    00000030     rtsv7M4_T_le_v4SPD16_eabi.lib : snprintf.c.obj (.text:_outs)
                  0000a0b8    00000030     buttons.obj (.text:cpu_load_count)
                  0000a0e8    00000030     rtos_pem4f.oem4f (.text:ti_sysbios_BIOS_atExitFunc__I)
                  0000a118    00000030     sysbios.aem4f : BIOS.obj (.text:ti_sysbios_family_arm_lm4_Timer_stop__E)
                  0000a148    00000030                   : BIOS.obj (.text:ti_sysbios_family_arm_m3_TaskSupport_start__E)
                  0000a178    00000030     rtos_pem4f.oem4f (.text:ti_sysbios_gates_GateHwi_Object__create__S)
                  0000a1a8    00000030     rtos_pem4f.oem4f (.text:ti_sysbios_gates_GateMutex_Object__create__S)
                  0000a1d8    00000030     rtos_pem4f.oem4f (.text:ti_sysbios_heaps_HeapMem_Object__create__S)
                  0000a208    00000030     sysbios.aem4f : BIOS.obj (.text:ti_sysbios_knl_Mailbox_postInit__I)
                  0000a238    00000030     rtos_pem4f.oem4f (.text:ti_sysbios_knl_Semaphore_construct)
                  0000a268    00000030     sysbios.aem4f : BIOS.obj (.text:ti_sysbios_knl_Semaphore_pendTimeout__I)
                  0000a298    00000030                   : BIOS.obj (.text:ti_sysbios_knl_Task_unblockI__E)
                  0000a2c8    00000030     buttons.obj (.text:triggerSearch)
                  0000a2f8    00000030     ti.targets.arm.rtsarm.aem4f : SysMin.oem4f (.text:xdc_runtime_SysMin_abort__E)
                  0000a328    00000030                                 : System.oem4f (.text:xdc_runtime_System_processAtExit__E)
                  0000a358    0000002e     driverlib.lib : adc.obj (.text:ADCIntStatus)
                  0000a386    0000002e     grlib.lib : string.obj (.text:GrStringNextCharGet)
                  0000a3b4    00000004     --HOLE-- [fill = 0]
                  0000a3b8    0000002e     rtos_pem4f.oem4f (.text:malloc)
                  0000a3e6    0000002e     rtsv7M4_T_le_v4SPD16_eabi.lib : i_tofd_t2.asm.obj (.text)
                  0000a414    00000004     --HOLE-- [fill = 0]
                  0000a418    0000002c     rtos_pem4f.oem4f (.text:ti_sysbios_knl_Clock_doTick__I)
                  0000a444    00000004     --HOLE-- [fill = 0]
                  0000a448    0000002c     rtos_pem4f.oem4f (.text:ti_sysbios_knl_Queue_construct)
                  0000a474    00000004     --HOLE-- [fill = 0]
                  0000a478    0000002c     sysbios.aem4f : BIOS.obj (.text:ti_sysbios_knl_Task_restore__E)
                  0000a4a4    0000002c     driverlib.lib : udma.obj (.text:uDMAChannelAssign)
                  0000a4d0    0000002c     ti.targets.arm.rtsarm.aem4f : Text.oem4f (.text:xdc_runtime_Text_cordText__E)
                  0000a4fc    0000002a     driverlib.lib : gpio.obj (.text:GPIODirModeSet)
                  0000a526    0000002a     ti.targets.arm.rtsarm.aem4f : System.oem4f (.text:xdc_runtime_System_putchar__I)
                  0000a550    00000028     sysbios.aem4f : BIOS.obj (.text:ti_sysbios_knl_Clock_addI__E)
                  0000a578    00000028                   : BIOS.obj (.text:ti_sysbios_knl_Swi_Module_startup__E)
                  0000a5a0    00000028     driverlib.lib : udma.obj (.text:uDMAChannelModeGet)
                  0000a5c8    00000026     grlib.lib : string.obj (.text:GrFontInfoGet)
                  0000a5ee    00000026     sysbios.aem4f : m3_Hwi_asm.obj (.text:ti_sysbios_family_arm_m3_Hwi_pendSV__I)
                  0000a614    00000026     ti.targets.arm.rtsarm.aem4f : System.oem4f (.text:xdc_runtime_System_avprintf__E)
                  0000a63a    00000006     --HOLE-- [fill = 0]
                  0000a640    00000024     rtos_pem4f.oem4f (.text:ti_sysbios_BIOS_errorRaiseHook__I)
                  0000a664    00000004     --HOLE-- [fill = 0]
                  0000a668    00000024     rtos_pem4f.oem4f (.text:ti_sysbios_BIOS_registerRTSLock__I)
                  0000a68c    00000004     --HOLE-- [fill = 0]
                  0000a690    00000024     rtos_pem4f.oem4f (.text:ti_sysbios_BIOS_removeRTSLock__I)
                  0000a6b4    00000004     --HOLE-- [fill = 0]
                  0000a6b8    00000024     rtos_pem4f.oem4f (.text:ti_sysbios_BIOS_startFunc__I)
                  0000a6dc    00000004     --HOLE-- [fill = 0]
                  0000a6e0    00000024     rtos_pem4f.oem4f (.text:ti_sysbios_gates_GateMutex_Object__delete__S)
                  0000a704    00000004     --HOLE-- [fill = 0]
                  0000a708    00000024     sysbios.aem4f : BIOS.obj (.text:ti_sysbios_knl_Clock_Module_startup__E)
                  0000a72c    00000004     --HOLE-- [fill = 0]
                  0000a730    00000024                   : BIOS.obj (.text:ti_sysbios_knl_Task_restoreHwi__E)
                  0000a754    00000024     driverlib.lib : udma.obj (.text:uDMAChannelControlSet)
                  0000a778    00000024                   : udma.obj (.text:uDMAChannelSizeGet)
                  0000a79c    00000024     ti.targets.arm.rtsarm.aem4f : System.oem4f (.text:xdc_runtime_System_vprintf__E)
                  0000a7c0    00000022     grlib.lib : string.obj (.text:GrFontGlyphDataGet)
                  0000a7e2    00000022     driverlib.lib : pwm.obj (.text:PWMGenConfigure)
                  0000a804    00000004     --HOLE-- [fill = 0]
                  0000a808    00000022     sysbios.aem4f : BIOS.obj (.text:ti_sysbios_family_arm_lm4_Timer_write__I)
                  0000a82a    00000006     --HOLE-- [fill = 0]
                  0000a830    00000022     rtos_pem4f.oem4f (.text:xdc_runtime_SysMin_output__I)
                  0000a852    00000002     --HOLE-- [fill = 0]
                  0000a854    00000020     Boot.aem4f : Boot_sysctl.oem4f (.text:_SysCtlMemTimingGet)
                  0000a874    00000004     --HOLE-- [fill = 0]
                  0000a878    00000020     rtos_pem4f.oem4f (.text:ti_sysbios_BIOS_rtsLock__I)
                  0000a898    00000020     sysbios.aem4f : m3_Hwi_asm.obj (.text:ti_sysbios_family_arm_m3_Hwi_excHandlerAsm__I)
                  0000a8b8    00000020                   : BIOS.obj (.text:ti_sysbios_family_arm_m3_Hwi_excHandler__I)
                  0000a8d8    00000020     rtos_pem4f.oem4f (.text:ti_sysbios_gates_GateHwi_Object__delete__S)
                  0000a8f8    00000020     rtos_pem4f.oem4f (.text:ti_sysbios_heaps_HeapMem_Object__delete__S)
                  0000a918    00000020     sysbios.aem4f : BIOS.obj (.text:ti_sysbios_knl_Idle_run__E)
                  0000a938    00000020     rtos_pem4f.oem4f (.text:ti_sysbios_knl_Semaphore_Object__destruct__S)
                  0000a958    00000020     ti.targets.arm.rtsarm.aem4f : Registry.oem4f (.text:xdc_runtime_Registry_findById__E)
                  0000a978    00000020                                 : SysMin.oem4f (.text:xdc_runtime_SysMin_Module_startup__E)
                  0000a998    0000001e     driverlib.lib : adc.obj (.text:ADCSequenceDataGet)
                  0000a9b6    00000002     --HOLE-- [fill = 0]
                  0000a9b8    0000001e     Crystalfontz128x128_ST7735.obj (.text:Crystalfontz128x128_ColorTranslate)
                  0000a9d6    0000001e     grlib.lib : string.obj (.text:GrFontCodepageGet)
                  0000a9f4    0000001e     driverlib.lib : pwm.obj (.text:PWMPulseWidthSet)
                  0000aa12    0000001e     sysbios.aem4f : m3_Hwi_asm_switch.obj (.text:ti_sysbios_family_xxx_Hwi_switchAndRunFunc)
                  0000aa30    0000001c     Crystalfontz128x128_ST7735.obj (.text:Crystalfontz128x128_LineDrawV)
                  0000aa4c    0000001c     driverlib.lib : sysctl.obj (.text:_SysCtlMemTimingGet)
                  0000aa68    0000001c     rtsv7M4_T_le_v4SPD16_eabi.lib : memccpy.c.obj (.text:memccpy)
                  0000aa84    00000004     --HOLE-- [fill = 0]
                  0000aa88    0000001c     sysbios.aem4f : BIOS.obj (.text:ti_sysbios_gates_GateMutex_Instance_init__E)
                  0000aaa4    00000004     --HOLE-- [fill = 0]
                  0000aaa8    0000001c     rtos_pem4f.oem4f (.text:ti_sysbios_knl_Queue_Object__destruct__S)
                  0000aac4    00000004     --HOLE-- [fill = 0]
                  0000aac8    0000001c     sysbios.aem4f : BIOS.obj (.text:ti_sysbios_knl_Queue_get__E)
                  0000aae4    00000004     --HOLE-- [fill = 0]
                  0000aae8    0000001c                   : BIOS.obj (.text:ti_sysbios_knl_Queue_put__E)
                  0000ab04    00000004     --HOLE-- [fill = 0]
                  0000ab08    0000001c                   : BIOS.obj (.text:ti_sysbios_knl_Task_enter__I)
                  0000ab24    0000001c     ti.targets.arm.rtsarm.aem4f : Error.oem4f (.text:xdc_runtime_Error_raiseX__E)
                  0000ab40    0000001c                                 : Memory.oem4f (.text:xdc_runtime_Memory_valloc__E)
                  0000ab5c    0000001c                                 : SysMin.oem4f (.text:xdc_runtime_SysMin_exit__E)
                  0000ab78    0000001c                                 : System.oem4f (.text:xdc_runtime_System_abort__E)
                  0000ab94    00000004     --HOLE-- [fill = 0]
                  0000ab98    0000001a     rtos_pem4f.oem4f (.text:free)
                  0000abb2    00000006     --HOLE-- [fill = 0]
                  0000abb8    0000001a     rtos_pem4f.oem4f (.text:ti_sysbios_family_arm_m3_Hwi_Handle__label__S)
                  0000abd2    00000006     --HOLE-- [fill = 0]
                  0000abd8    0000001a     rtos_pem4f.oem4f (.text:ti_sysbios_gates_GateHwi_Handle__label__S)
                  0000abf2    00000006     --HOLE-- [fill = 0]
                  0000abf8    0000001a     rtos_pem4f.oem4f (.text:ti_sysbios_gates_GateMutex_Handle__label__S)
                  0000ac12    00000006     --HOLE-- [fill = 0]
                  0000ac18    0000001a     rtos_pem4f.oem4f (.text:ti_sysbios_heaps_HeapMem_Handle__label__S)
                  0000ac32    00000006     --HOLE-- [fill = 0]
                  0000ac38    0000001a     rtos_pem4f.oem4f (.text:ti_sysbios_knl_Swi_Handle__label__S)
                  0000ac52    00000006     --HOLE-- [fill = 0]
                  0000ac58    0000001a     rtos_pem4f.oem4f (.text:ti_sysbios_knl_Task_Handle__label__S)
                  0000ac72    00000006     --HOLE-- [fill = 0]
                  0000ac78    0000001a     rtos_pem4f.oem4f (.text:xdc_runtime_System_aprintf__E)
                  0000ac92    00000006     --HOLE-- [fill = 0]
                  0000ac98    0000001a     rtos_pem4f.oem4f (.text:xdc_runtime_System_printf__E)
                  0000acb2    00000018     driverlib.lib : adc.obj (.text:ADCClockConfigSet)
                  0000acca    00000018                   : adc.obj (.text:ADCProcessorTrigger)
                  0000ace2    00000018                   : gpio.obj (.text:GPIOPinTypeGPIOOutput)
                  0000acfa    00000002     --HOLE-- [fill = 0]
                  0000acfc    00000018     rtsv7M4_T_le_v4SPD16_eabi.lib : args_main.c.obj (.text:_args_main)
                  0000ad14    00000018                                   : snprintf.c.obj (.text:_outc)
                  0000ad2c    00000004     --HOLE-- [fill = 0]
                  0000ad30    00000018     rtos_pem4f.oem4f (.text:ti_sysbios_BIOS_rtsUnlock__I)
                  0000ad48    00000018     rtos_pem4f.oem4f (.text:ti_sysbios_family_arm_lm4_Timer_Module__startupDone__F)
                  0000ad60    00000018     rtos_pem4f.oem4f (.text:ti_sysbios_family_arm_m3_Hwi_Module__startupDone__F)
                  0000ad78    00000018     sysbios.aem4f : m3_TaskSupport_asm.obj (.text:ti_sysbios_family_arm_m3_TaskSupport_swap__E)
                  0000ad90    00000018                   : BIOS.obj (.text:ti_sysbios_gates_GateMutex_leave__E)
                  0000ada8    00000018     driverlib.lib : udma.obj (.text:uDMAChannelEnable)
                  0000adc0    00000018                   : udma.obj (.text:uDMAChannelIsEnabled)
                  0000add8    00000018     ti.targets.arm.rtsarm.aem4f : Error.oem4f (.text:xdc_runtime_Error_check__E)
                  0000adf0    00000018                                 : System.oem4f (.text:xdc_runtime_System_exit__E)
                  0000ae08    00000018                                 : Text.oem4f (.text:xdc_runtime_Text_ropeText__E)
                  0000ae20    00000016     grlib.lib : string.obj (.text:GrStringDraw)
                  0000ae36    00000016     driverlib.lib : timer.obj (.text:TimerControlEvent)
                  0000ae4c    00000016     rtsv7M4_T_le_v4SPD16_eabi.lib : strchr.c.obj (.text:strchr)
                  0000ae62    00000006     --HOLE-- [fill = 0]
                  0000ae68    00000016     rtos_pem4f.oem4f (.text:ti_sysbios_BIOS_exitFunc__I)
                  0000ae7e    00000002     --HOLE-- [fill = 0]
                  0000ae80    00000016     sysbios.aem4f : BIOS.obj (.text:ti_sysbios_knl_Task_unblock__E)
                  0000ae96    00000002     --HOLE-- [fill = 0]
                  0000ae98    00000014     Crystalfontz128x128_ST7735.obj (.text:Crystalfontz128x128_PixelDraw)
                  0000aeac    00000014     driverlib.lib : pwm.obj (.text:PWMClockSet)
                  0000aec0    00000014                   : timer.obj (.text:TimerDisable)
                  0000aed4    00000014     rtsv7M4_T_le_v4SPD16_eabi.lib : s_copysign.c.obj (.text:copysign)
                  0000aee8    00000014                                   : strlen.c.obj (.text:strlen)
                  0000aefc    00000004     --HOLE-- [fill = 0]
                  0000af00    00000014     rtos_pem4f.oem4f (.text:ti_sysbios_family_arm_m3_Hwi_Object__get__S)
                  0000af14    00000004     --HOLE-- [fill = 0]
                  0000af18    00000014     sysbios.aem4f : BIOS.obj (.text:ti_sysbios_family_arm_m3_Hwi_switchFromBootStack__E)
                  0000af2c    00000004     --HOLE-- [fill = 0]
                  0000af30    00000014     rtos_pem4f.oem4f (.text:ti_sysbios_heaps_HeapMem_Object__get__S)
                  0000af44    00000004     --HOLE-- [fill = 0]
                  0000af48    00000014     rtos_pem4f.oem4f (.text:ti_sysbios_knl_Mailbox_Object__get__S)
                  0000af5c    00000004     --HOLE-- [fill = 0]
                  0000af60    00000014     rtos_pem4f.oem4f (.text:ti_sysbios_knl_Swi_Object__get__S)
                  0000af74    00000012     driverlib.lib : gpio.obj (.text:GPIOPinTypeADC)
                  0000af86    00000012                   : gpio.obj (.text:GPIOPinTypeComparator)
                  0000af98    00000012                   : gpio.obj (.text:GPIOPinTypeComparatorOutput)
                  0000afaa    00000012                   : gpio.obj (.text:GPIOPinTypeGPIOInput)
                  0000afbc    00000012                   : gpio.obj (.text:GPIOPinTypePWM)
                  0000afce    00000012                   : gpio.obj (.text:GPIOPinTypeSSI)
                  0000afe0    00000012                   : gpio.obj (.text:GPIOPinTypeTimer)
                  0000aff2    00000012                   : pwm.obj (.text:PWMOutputInvert)
                  0000b004    00000012                   : pwm.obj (.text:PWMOutputState)
                  0000b016    00000012                   : timer.obj (.text:TimerLoadSet)
                  0000b028    00000012                   : timer.obj (.text:TimerPrescaleSet)
                  0000b03a    00000006     --HOLE-- [fill = 0]
                  0000b040    00000012     sysbios.aem4f : BIOS.obj (.text:ti_sysbios_hal_Hwi_Module_startup__E)
                  0000b052    00000012     rtsv7M4_T_le_v4SPD16_eabi.lib : wcslen.c.obj (.text:wcslen)
                  0000b064    00000004     --HOLE-- [fill = 0]
                  0000b068    00000012     rtos_pem4f.oem4f (.text:xdc_runtime_Startup_exec__I)
                  0000b07a    00000006     --HOLE-- [fill = 0]
                  0000b080    00000010     rtos_pem4f.oem4f (.text:.bootCodeSection:ti_catalog_arm_cortexm4_tiva_ce_Boot_init__I)
                  0000b090    00000010     driverlib.lib : adc.obj (.text:ADCSequenceDMAEnable)
                  0000b0a0    00000010                   : interrupt.obj (.text:IntMasterDisable)
                  0000b0b0    00000010                   : interrupt.obj (.text:IntMasterEnable)
                  0000b0c0    00000010                   : pwm.obj (.text:PWMGenPeriodSet)
                  0000b0d0    00000010     sysbios.aem4f : BIOS.obj (.text:ti_sysbios_BIOS_setThreadType__E)
                  0000b0e0    00000010                   : BIOS.obj (.text:ti_sysbios_BIOS_start__E)
                  0000b0f0    00000010                   : m3_TaskSupport_asm.obj (.text:ti_sysbios_family_arm_m3_TaskSupport_glue)
                  0000b100    00000010                   : BIOS.obj (.text:ti_sysbios_gates_GateMutex_Instance_finalize__E)
                  0000b110    00000010                   : BIOS.obj (.text:ti_sysbios_knl_Semaphore_Instance_finalize__E)
                  0000b120    00000010                   : BIOS.obj (.text:ti_sysbios_knl_Swi_disable__E)
                  0000b130    00000010     rtos_pem4f.oem4f (.text:ti_sysbios_knl_Task_Object__get__S)
                  0000b140    00000010     sysbios.aem4f : BIOS.obj (.text:ti_sysbios_knl_Task_disable__E)
                  0000b150    00000010     driverlib.lib : udma.obj (.text:uDMAEnable)
                  0000b160    00000010     ti.targets.arm.rtsarm.aem4f : Gate.oem4f (.text:xdc_runtime_Gate_leaveSystem__E)
                  0000b170    00000010                                 : Memory.oem4f (.text:xdc_runtime_Memory_free__E)
                  0000b180    00000010                                 : SysMin.oem4f (.text:xdc_runtime_SysMin_ready__E)
                  0000b190    00000010                                 : System.oem4f (.text:xdc_runtime_System_vsnprintf__E)
                  0000b1a0    00000010     rtos_pem4f.oem4f (.text:xdc_runtime_Text_visitRope__I)
                  0000b1b0    0000000e     driverlib.lib : adc.obj (.text:ADCSequenceDisable)
                  0000b1be    0000000e                   : adc.obj (.text:ADCSequenceEnable)
                  0000b1cc    0000000e                   : timer.obj (.text:TimerEnable)
                  0000b1da    0000000e     rtsv7M4_T_le_v4SPD16_eabi.lib : copy_decompress_none.c.obj (.text:decompress:none:__TI_decompress_none)
                  0000b1e8    0000000e     sysbios.aem4f : BIOS.obj (.text:ti_sysbios_knl_Idle_loop__E)
                  0000b1f6    00000002     --HOLE-- [fill = 0]
                  0000b1f8    0000000e                   : BIOS.obj (.text:ti_sysbios_knl_Queue_empty__E)
                  0000b206    0000000c     driverlib.lib : cpu.obj (.text:CPUcpsid)
                  0000b212    0000000c                   : cpu.obj (.text:CPUcpsie)
                  0000b21e    00000002     --HOLE-- [fill = 0]
                  0000b220    0000000c     HAL_EK_TM4C1294XL_Crystalfontz128x128_ST7735.obj (.text:HAL_LCD_writeData)
                  0000b22c    0000000c     driverlib.lib : pwm.obj (.text:PWMGenEnable)
                  0000b238    0000000c     rtsv7M4_T_le_v4SPD16_eabi.lib : _lock.c.obj (.text:_register_lock)
                  0000b244    0000000c                                   : _lock.c.obj (.text:_register_unlock)
                  0000b250    0000000c     buttons.obj (.text:clock_func)
                  0000b25c    00000004     --HOLE-- [fill = 0]
                  0000b260    0000000c     buttons.obj (.text:clockfreq_func)
                  0000b26c    0000000c     rtsv7M4_T_le_v4SPD16_eabi.lib : copy_zero_init.c.obj (.text:decompress:ZI:__TI_zero_init)
                  0000b278    0000000c     sysbios.aem4f : BIOS.obj (.text:ti_sysbios_family_arm_lm4_Timer_getMaxTicks__E)
                  0000b284    00000004     --HOLE-- [fill = 0]
                  0000b288    0000000c                   : BIOS.obj (.text:ti_sysbios_family_arm_m3_TaskSupport_checkStack__E)
                  0000b294    00000004     --HOLE-- [fill = 0]
                  0000b298    0000000c                   : BIOS.obj (.text:ti_sysbios_gates_GateHwi_enter__E)
                  0000b2a4    00000004     --HOLE-- [fill = 0]
                  0000b2a8    0000000c     rtos_pem4f.oem4f (.text:ti_sysbios_knl_Queue_Object__get__S)
                  0000b2b4    0000000c     driverlib.lib : udma.obj (.text:uDMAControlBaseSet)
                  0000b2c0    0000000c     ti.targets.arm.rtsarm.aem4f : Error.oem4f (.text:xdc_runtime_Error_init__E)
                  0000b2cc    0000000c                                 : Gate.oem4f (.text:xdc_runtime_Gate_enterSystem__E)
                  0000b2d8    0000000c                                 : Memory.oem4f (.text:xdc_runtime_Memory_calloc__E)
                  0000b2e4    0000000c                                 : Memory.oem4f (.text:xdc_runtime_Memory_getMaxDefaultTypeAlign__E)
                  0000b2f0    0000000a     driverlib.lib : adc.obj (.text:ADCIntClear)
                  0000b2fa    0000000a                   : pwm.obj (.text:PWMGenIntTrigEnable)
                  0000b304    0000000a                   : ssi.obj (.text:SSIDataPut)
                  0000b30e    0000000a                   : ssi.obj (.text:SSIEnable)
                  0000b318    0000000a                   : timer.obj (.text:TimerIntStatus)
                  0000b322    0000000a                   : timer.obj (.text:TimerValueGet)
                  0000b32c    00000004     --HOLE-- [fill = 0]
                  0000b330    0000000a     rtos_pem4f.oem4f (.text:xdc_runtime_IHeap_alloc)
                  0000b33a    00000006     --HOLE-- [fill = 0]
                  0000b340    0000000a     rtos_pem4f.oem4f (.text:xdc_runtime_IHeap_free)
                  0000b34a    00000008     driverlib.lib : adc.obj (.text:ADCIntEnableEx)
                  0000b352    00000008                   : comp.obj (.text:ComparatorConfigure)
                  0000b35a    00000008     grlib.lib : charmap.obj (.text:GrMapISO8859_1_Unicode)
                  0000b362    00000008     driverlib.lib : pwm.obj (.text:PWMIntEnable)
                  0000b36a    00000008                   : ssi.obj (.text:SSIBusy)
                  0000b372    00000008                   : timer.obj (.text:TimerIntEnable)
                  0000b37a    00000002     --HOLE-- [fill = 0]
                  0000b37c    00000008     rtsv7M4_T_le_v4SPD16_eabi.lib : errno.c.obj (.text:__aeabi_errno_addr)
                  0000b384    00000008     sysbios.aem4f : BIOS.obj (.text:ti_sysbios_family_arm_lm4_Timer_masterDisable__I)
                  0000b38c    00000004     --HOLE-- [fill = 0]
                  0000b390    00000008                   : BIOS.obj (.text:ti_sysbios_family_arm_m3_Hwi_doSwiRestore__I)
                  0000b398    00000008                   : BIOS.obj (.text:ti_sysbios_family_arm_m3_Hwi_startup__E)
                  0000b3a0    00000006     kiss_fft.obj (.text:kiss_fft)
                  0000b3a6    00000002     --HOLE-- [fill = 0]
                  0000b3a8    00000006     sysbios.aem4f : BIOS.obj (.text:ti_sysbios_family_arm_lm4_TimestampProvider_Module_startup__E)
                  0000b3ae    00000002     --HOLE-- [fill = 0]
                  0000b3b0    00000006                   : BIOS.obj (.text:ti_sysbios_family_arm_m3_Hwi_doTaskRestore__I)
                  0000b3b6    00000002     --HOLE-- [fill = 0]
                  0000b3b8    00000006                   : BIOS.obj (.text:ti_sysbios_gates_GateHwi_leave__E)
                  0000b3be    00000002     --HOLE-- [fill = 0]
                  0000b3c0    00000006                   : BIOS.obj (.text:ti_sysbios_heaps_HeapMem_isBlocking__E)
                  0000b3c6    00000002     --HOLE-- [fill = 0]
                  0000b3c8    00000006                   : BIOS.obj (.text:ti_sysbios_knl_Queue_Instance_init__E)
                  0000b3ce    00000002     --HOLE-- [fill = 0]
                  0000b3d0    00000006                   : BIOS.obj (.text:ti_sysbios_knl_Swi_startup__E)
                  0000b3d6    00000002     --HOLE-- [fill = 0]
                  0000b3d8    00000004     rtos_pem4f.oem4f (.text:ti_sysbios_BIOS_RtsGateProxy_enter__E)
                  0000b3dc    00000004     --HOLE-- [fill = 0]
                  0000b3e0    00000004     rtos_pem4f.oem4f (.text:ti_sysbios_BIOS_RtsGateProxy_leave__E)
                  0000b3e4    00000004     --HOLE-- [fill = 0]
                  0000b3e8    00000004     rtos_pem4f.oem4f (.text:ti_sysbios_family_arm_m3_TaskSupport_Module__startupDone__S)
                  0000b3ec    00000004     --HOLE-- [fill = 0]
                  0000b3f0    00000004     sysbios.aem4f : BIOS.obj (.text:ti_sysbios_gates_GateHwi_query__E)
                  0000b3f4    00000004     --HOLE-- [fill = 0]
                  0000b3f8    00000004                   : BIOS.obj (.text:ti_sysbios_gates_GateMutex_query__E)
                  0000b3fc    00000004     --HOLE-- [fill = 0]
                  0000b400    00000004     rtos_pem4f.oem4f (.text:ti_sysbios_heaps_HeapMem_Module_GateProxy_enter__E)
                  0000b404    00000004     --HOLE-- [fill = 0]
                  0000b408    00000004     rtos_pem4f.oem4f (.text:ti_sysbios_heaps_HeapMem_Module_GateProxy_leave__E)
                  0000b40c    00000004     --HOLE-- [fill = 0]
                  0000b410    00000004     rtos_pem4f.oem4f (.text:ti_sysbios_knl_Clock_TimerProxy_getMaxTicks__E)
                  0000b414    00000004     --HOLE-- [fill = 0]
                  0000b418    00000004     rtos_pem4f.oem4f (.text:ti_sysbios_knl_Queue_destruct)
                  0000b41c    00000004     --HOLE-- [fill = 0]
                  0000b420    00000004     rtos_pem4f.oem4f (.text:ti_sysbios_knl_Semaphore_destruct)
                  0000b424    00000004     --HOLE-- [fill = 0]
                  0000b428    00000004     sysbios.aem4f : BIOS.obj (.text:ti_sysbios_knl_Task_startup__E)
                  0000b42c    00000004     --HOLE-- [fill = 0]
                  0000b430    00000004     rtos_pem4f.oem4f (.text:xdc_runtime_System_Module_GateProxy_enter__E)
                  0000b434    00000004     --HOLE-- [fill = 0]
                  0000b438    00000004     rtos_pem4f.oem4f (.text:xdc_runtime_System_Module_GateProxy_leave__E)
                  0000b43c    00000004     --HOLE-- [fill = 0]
                  0000b440    00000002     rtos_pem4f.oem4f (.text:ti_sysbios_BIOS_nullFunc__I)
                  0000b442    00000006     --HOLE-- [fill = 0]
                  0000b448    00000002     sysbios.aem4f : BIOS.obj (.text:ti_sysbios_gates_GateHwi_Instance_init__E)
                  0000b44a    00000006     --HOLE-- [fill = 0]
                  0000b450    00000002                   : BIOS.obj (.text:ti_sysbios_knl_Clock_logTick__E)
                  0000b452    00000006     --HOLE-- [fill = 0]
                  0000b458    00000002     rtos_pem4f.oem4f (.text:xdc_runtime_Startup_reset__I)

.const     0    0000b460    000029aa     
                  0000b460    000019d4     rtos_pem4f.oem4f (.const:xdc_runtime_Text_charTab__A)
                  0000ce34    000002f8     grlib.lib : fontfixed6x8.obj (.const:.string:g_pui8FontFixed6x8Data)
                  0000d12c    00000004     rtos_pem4f.oem4f (.const:ti_catalog_arm_cortexm4_tiva_ce_Boot_A_mustNotUseEnhancedClockMode__C)
                  0000d130    00000158     rtsv7M4_T_le_v4SPD16_eabi.lib : k_rem_pio2.c.obj (.const:$O1$$)
                  0000d288    00000120     Boot.aem4f : Boot_sysctl.oem4f (.const:g_pppui32XTALtoVCO)
                  0000d3a8    00000120     driverlib.lib : sysctl.obj (.const:g_pppui32XTALtoVCO)
                  0000d4c8    00000101     rtsv7M4_T_le_v4SPD16_eabi.lib : ctype.c.obj (.const:.string:_ctypes_)
                  0000d5c9    00000001     rtos_pem4f.oem4f (.const:xdc_runtime_Error_policy__C)
                  0000d5ca    00000002     rtos_pem4f.oem4f (.const:ti_catalog_arm_cortexm4_tiva_ce_Boot_Module__id__C)
                  0000d5cc    000000c8     grlib.lib : fontfixed6x8.obj (.const:g_sFontFixed6x8)
                  0000d694    000000c8     rtos_pem4f.oem4f (.const:xdc_runtime_Text_nodeTab__A)
                  0000d75c    00000090     driverlib.lib : gpio.obj (.const:g_pui32GPIOBaseAddrs)
                  0000d7ec    0000006c     Boot.aem4f : Boot_sysctl.oem4f (.const:g_pui32Xtals)
                  0000d858    0000006c     driverlib.lib : sysctl.obj (.const:g_pui32Xtals)
                  0000d8c4    0000004c     rtos_pem4f.oem4f (.const)
                  0000d910    00000048     rtos_pem4f.oem4f (.const:.string)
                  0000d958    00000030     Boot.aem4f : Boot_sysctl.oem4f (.const:g_sXTALtoMEMTIM)
                  0000d988    00000030     driverlib.lib : sysctl.obj (.const:g_sXTALtoMEMTIM)
                  0000d9b8    0000002c     main.obj (.const:.string)
                  0000d9e4    00000028     Crystalfontz128x128_ST7735.obj (.const:g_sCrystalfontz128x128)
                  0000da0c    00000028     rtos_pem4f.oem4f (.const:ti_sysbios_heaps_HeapMem_Module__FXNS__C)
                  0000da34    00000028     rtos_pem4f.oem4f (.const:xdc_runtime_Startup_sfxnTab__A)
                  0000da5c    00000024     rtos_pem4f.oem4f (.const:ti_sysbios_gates_GateHwi_Module__FXNS__C)
                  0000da80    00000024     rtos_pem4f.oem4f (.const:ti_sysbios_gates_GateMutex_Module__FXNS__C)
                  0000daa4    00000024     rtos_pem4f.oem4f (.const:ti_sysbios_heaps_HeapMem_Object__PARAMS__C)
                  0000dac8    00000024     rtos_pem4f.oem4f (.const:ti_sysbios_knl_Semaphore_Object__PARAMS__C)
                  0000daec    00000020     rtos_pem4f.oem4f (.const:ti_sysbios_gates_GateHwi_Object__DESC__C)
                  0000db0c    00000020     rtos_pem4f.oem4f (.const:ti_sysbios_gates_GateMutex_Object__DESC__C)
                  0000db2c    00000020     rtos_pem4f.oem4f (.const:ti_sysbios_heaps_HeapMem_Object__DESC__C)
                  0000db4c    00000020     rtos_pem4f.oem4f (.const:ti_sysbios_knl_Queue_Object__DESC__C)
                  0000db6c    00000020     rtos_pem4f.oem4f (.const:ti_sysbios_knl_Semaphore_Object__DESC__C)
                  0000db8c    00000018     rtos_pem4f.oem4f (.const:ti_sysbios_gates_GateHwi_Object__PARAMS__C)
                  0000dba4    00000018     rtos_pem4f.oem4f (.const:ti_sysbios_gates_GateMutex_Object__PARAMS__C)
                  0000dbbc    00000018     rtos_pem4f.oem4f (.const:ti_sysbios_knl_Queue_Object__PARAMS__C)
                  0000dbd4    00000018     rtos_pem4f.oem4f (.const:xdc_runtime_Startup_firstFxns__A)
                  0000dbec    00000014     rtos_pem4f.oem4f (.const:xdc_runtime_Startup_sfxnRts__A)
                  0000dc00    00000010     main.obj (.const:gVoltageScaleStr)
                  0000dc10    00000010     grlib.lib : context.obj (.const)
                  0000dc20    00000008     Boot.aem4f : Boot_sysctl.oem4f (.const)
                  0000dc28    00000008     driverlib.lib : sysctl.obj (.const)
                  0000dc30    00000008     main.obj (.const:gTriggerSlopeStr)
                  0000dc38    00000008     rtos_pem4f.oem4f (.const:ti_sysbios_family_arm_m3_Hwi_excHookFuncs__A)
                  0000dc40    00000008     rtos_pem4f.oem4f (.const:ti_sysbios_knl_Idle_funcList__C)
                  0000dc48    00000008     rtos_pem4f.oem4f (.const:xdc_runtime_Startup_firstFxns__C)
                  0000dc50    00000008     rtos_pem4f.oem4f (.const:xdc_runtime_Startup_lastFxns__C)
                  0000dc58    00000004     rtos_pem4f.oem4f (.const:ti_catalog_arm_cortexm4_tiva_ce_Boot_Module__diagsEnabled__C)
                  0000dc5c    00000004     rtos_pem4f.oem4f (.const:ti_catalog_arm_cortexm4_tiva_ce_Boot_Module__diagsIncluded__C)
                  0000dc60    00000004     rtos_pem4f.oem4f (.const:ti_catalog_arm_cortexm4_tiva_ce_Boot_Module__diagsMask__C)
                  0000dc64    00000004     rtos_pem4f.oem4f (.const:ti_sysbios_family_arm_lm4_Timer_enableFunc__C)
                  0000dc68    00000004     rtos_pem4f.oem4f (.const:ti_sysbios_family_arm_lm4_Timer_numTimerDevices__C)
                  0000dc6c    00000004     rtos_pem4f.oem4f (.const:ti_sysbios_family_arm_lm4_Timer_startupNeeded__C)
                  0000dc70    00000004     rtos_pem4f.oem4f (.const:ti_sysbios_family_arm_lm4_TimestampProvider_Module__diagsEnabled__C)
                  0000dc74    00000004     rtos_pem4f.oem4f (.const:ti_sysbios_family_arm_lm4_TimestampProvider_Module__diagsIncluded__C)
                  0000dc78    00000004     rtos_pem4f.oem4f (.const:ti_sysbios_family_arm_lm4_TimestampProvider_Module__diagsMask__C)
                  0000dc7c    00000004     rtos_pem4f.oem4f (.const:ti_sysbios_family_arm_m3_Hwi_E_NMI__C)
                  0000dc80    00000004     rtos_pem4f.oem4f (.const:ti_sysbios_family_arm_m3_Hwi_E_busFault__C)
                  0000dc84    00000004     rtos_pem4f.oem4f (.const:ti_sysbios_family_arm_m3_Hwi_E_debugMon__C)
                  0000dc88    00000004     rtos_pem4f.oem4f (.const:ti_sysbios_family_arm_m3_Hwi_E_hardFault__C)
                  0000dc8c    00000004     rtos_pem4f.oem4f (.const:ti_sysbios_family_arm_m3_Hwi_E_memFault__C)
                  0000dc90    00000004     rtos_pem4f.oem4f (.const:ti_sysbios_family_arm_m3_Hwi_E_noIsr__C)
                  0000dc94    00000004     rtos_pem4f.oem4f (.const:ti_sysbios_family_arm_m3_Hwi_E_reserved__C)
                  0000dc98    00000004     rtos_pem4f.oem4f (.const:ti_sysbios_family_arm_m3_Hwi_E_svCall__C)
                  0000dc9c    00000004     rtos_pem4f.oem4f (.const:ti_sysbios_family_arm_m3_Hwi_E_usageFault__C)
                  0000dca0    00000004     rtos_pem4f.oem4f (.const:ti_sysbios_family_arm_m3_Hwi_NUM_INTERRUPTS__C)
                  0000dca4    00000004     rtos_pem4f.oem4f (.const:ti_sysbios_family_arm_m3_Hwi_Object__count__C)
                  0000dca8    00000004     rtos_pem4f.oem4f (.const:ti_sysbios_family_arm_m3_Hwi_ccr__C)
                  0000dcac    00000004     rtos_pem4f.oem4f (.const:ti_sysbios_family_arm_m3_Hwi_excHandlerFunc__C)
                  0000dcb0    00000004     rtos_pem4f.oem4f (.const:ti_sysbios_family_arm_m3_Hwi_excHookFuncs__C)
                  0000dcb4    00000004     rtos_pem4f.oem4f (.const:ti_sysbios_family_arm_m3_Hwi_nullIsrFunc__C)
                  0000dcb8    00000004     rtos_pem4f.oem4f (.const:ti_sysbios_family_arm_m3_Hwi_priGroup__C)
                  0000dcbc    00000004     rtos_pem4f.oem4f (.const:ti_sysbios_gates_GateMutex_A_badContext__C)
                  0000dcc0    00000004     rtos_pem4f.oem4f (.const:ti_sysbios_gates_GateMutex_Instance_State_sem__O)
                  0000dcc4    00000004     rtos_pem4f.oem4f (.const:ti_sysbios_gates_GateMutex_Module__diagsEnabled__C)
                  0000dcc8    00000004     rtos_pem4f.oem4f (.const:ti_sysbios_gates_GateMutex_Module__diagsIncluded__C)
                  0000dccc    00000004     rtos_pem4f.oem4f (.const:ti_sysbios_gates_GateMutex_Module__diagsMask__C)
                  0000dcd0    00000004     rtos_pem4f.oem4f (.const:ti_sysbios_hal_Hwi_E_stackOverflow__C)
                  0000dcd4    00000004     rtos_pem4f.oem4f (.const:ti_sysbios_heaps_HeapMem_A_align__C)
                  0000dcd8    00000004     rtos_pem4f.oem4f (.const:ti_sysbios_heaps_HeapMem_A_heapSize__C)
                  0000dcdc    00000004     rtos_pem4f.oem4f (.const:ti_sysbios_heaps_HeapMem_A_invalidFree__C)
                  0000dce0    00000004     rtos_pem4f.oem4f (.const:ti_sysbios_heaps_HeapMem_A_zeroBlock__C)
                  0000dce4    00000004     rtos_pem4f.oem4f (.const:ti_sysbios_heaps_HeapMem_E_memory__C)
                  0000dce8    00000004     rtos_pem4f.oem4f (.const:ti_sysbios_heaps_HeapMem_Module__diagsEnabled__C)
                  0000dcec    00000004     rtos_pem4f.oem4f (.const:ti_sysbios_heaps_HeapMem_Module__diagsIncluded__C)
                  0000dcf0    00000004     rtos_pem4f.oem4f (.const:ti_sysbios_heaps_HeapMem_Module__diagsMask__C)
                  0000dcf4    00000004     rtos_pem4f.oem4f (.const:ti_sysbios_heaps_HeapMem_Module__gateObj__C)
                  0000dcf8    00000004     rtos_pem4f.oem4f (.const:ti_sysbios_heaps_HeapMem_Object__count__C)
                  0000dcfc    00000004     rtos_pem4f.oem4f (.const:ti_sysbios_heaps_HeapMem_reqAlign__C)
                  0000dd00    00000004     rtos_pem4f.oem4f (.const:ti_sysbios_knl_Clock_Module_State_clockQ__O)
                  0000dd04    00000004     rtos_pem4f.oem4f (.const:ti_sysbios_knl_Idle_funcList__A)
                  0000dd08    00000004     rtos_pem4f.oem4f (.const:ti_sysbios_knl_Mailbox_Instance_State_dataQue__O)
                  0000dd0c    00000004     rtos_pem4f.oem4f (.const:ti_sysbios_knl_Mailbox_Instance_State_dataSem__O)
                  0000dd10    00000004     rtos_pem4f.oem4f (.const:ti_sysbios_knl_Mailbox_Instance_State_freeQue__O)
                  0000dd14    00000004     rtos_pem4f.oem4f (.const:ti_sysbios_knl_Mailbox_Instance_State_freeSem__O)
                  0000dd18    00000004     rtos_pem4f.oem4f (.const:ti_sysbios_knl_Mailbox_Object__count__C)
                  0000dd1c    00000004     rtos_pem4f.oem4f (.const:ti_sysbios_knl_Mailbox_maxTypeAlign__C)
                  0000dd20    00000004     rtos_pem4f.oem4f (.const:ti_sysbios_knl_Semaphore_A_badContext__C)
                  0000dd24    00000004     rtos_pem4f.oem4f (.const:ti_sysbios_knl_Semaphore_A_noEvents__C)
                  0000dd28    00000004     rtos_pem4f.oem4f (.const:ti_sysbios_knl_Semaphore_A_overflow__C)
                  0000dd2c    00000004     rtos_pem4f.oem4f (.const:ti_sysbios_knl_Semaphore_A_pendTaskDisabled__C)
                  0000dd30    00000004     rtos_pem4f.oem4f (.const:ti_sysbios_knl_Semaphore_Instance_State_pendQ__O)
                  0000dd34    00000004     rtos_pem4f.oem4f (.const:ti_sysbios_knl_Semaphore_Module__diagsEnabled__C)
                  0000dd38    00000004     rtos_pem4f.oem4f (.const:ti_sysbios_knl_Semaphore_Module__diagsIncluded__C)
                  0000dd3c    00000004     rtos_pem4f.oem4f (.const:ti_sysbios_knl_Semaphore_Module__diagsMask__C)
                  0000dd40    00000004     rtos_pem4f.oem4f (.const:ti_sysbios_knl_Swi_Object__count__C)
                  0000dd44    00000004     rtos_pem4f.oem4f (.const:ti_sysbios_knl_Task_E_spOutOfBounds__C)
                  0000dd48    00000004     rtos_pem4f.oem4f (.const:ti_sysbios_knl_Task_E_stackOverflow__C)
                  0000dd4c    00000004     rtos_pem4f.oem4f (.const:ti_sysbios_knl_Task_Module_State_inactiveQ__O)
                  0000dd50    00000004     rtos_pem4f.oem4f (.const:ti_sysbios_knl_Task_Object__count__C)
                  0000dd54    00000004     rtos_pem4f.oem4f (.const:ti_sysbios_knl_Task_allBlockedFunc__C)
                  0000dd58    00000004     rtos_pem4f.oem4f (.const:ti_sysbios_knl_Task_numConstructedTasks__C)
                  0000dd5c    00000004     rtos_pem4f.oem4f (.const:xdc_runtime_Assert_E_assertFailed__C)
                  0000dd60    00000004     rtos_pem4f.oem4f (.const:xdc_runtime_Core_A_initializedParams__C)
                  0000dd64    00000004     rtos_pem4f.oem4f (.const:xdc_runtime_Core_Module__diagsEnabled__C)
                  0000dd68    00000004     rtos_pem4f.oem4f (.const:xdc_runtime_Core_Module__diagsIncluded__C)
                  0000dd6c    00000004     rtos_pem4f.oem4f (.const:xdc_runtime_Core_Module__diagsMask__C)
                  0000dd70    00000004     rtos_pem4f.oem4f (.const:xdc_runtime_Error_E_memory__C)
                  0000dd74    00000004     rtos_pem4f.oem4f (.const:xdc_runtime_Error_Module__diagsEnabled__C)
                  0000dd78    00000004     rtos_pem4f.oem4f (.const:xdc_runtime_Error_Module__diagsIncluded__C)
                  0000dd7c    00000004     rtos_pem4f.oem4f (.const:xdc_runtime_Error_Module__diagsMask__C)
                  0000dd80    00000004     rtos_pem4f.oem4f (.const:xdc_runtime_Error_Module__loggerFxn8__C)
                  0000dd84    00000004     rtos_pem4f.oem4f (.const:xdc_runtime_Error_Module__loggerObj__C)
                  0000dd88    00000004     rtos_pem4f.oem4f (.const:xdc_runtime_Error_policyFxn__C)
                  0000dd8c    00000004     rtos_pem4f.oem4f (.const:xdc_runtime_Error_raiseHook__C)
                  0000dd90    00000004     rtos_pem4f.oem4f (.const:xdc_runtime_IGateProvider_Interface__BASE__C)
                  0000dd94    00000004     rtos_pem4f.oem4f (.const:xdc_runtime_IHeap_Interface__BASE__C)
                  0000dd98    00000004     rtos_pem4f.oem4f (.const:xdc_runtime_IModule_Interface__BASE__C)
                  0000dd9c    00000004     rtos_pem4f.oem4f (.const:xdc_runtime_Log_L_error__C)
                  0000dda0    00000004     rtos_pem4f.oem4f (.const:xdc_runtime_Memory_defaultHeapInstance__C)
                  0000dda4    00000004     rtos_pem4f.oem4f (.const:xdc_runtime_Startup_execImpl__C)
                  0000dda8    00000004     rtos_pem4f.oem4f (.const:xdc_runtime_Startup_maxPasses__C)
                  0000ddac    00000004     rtos_pem4f.oem4f (.const:xdc_runtime_Startup_sfxnRts__C)
                  0000ddb0    00000004     rtos_pem4f.oem4f (.const:xdc_runtime_Startup_sfxnTab__C)
                  0000ddb4    00000004     rtos_pem4f.oem4f (.const:xdc_runtime_SysMin_bufSize__C)
                  0000ddb8    00000004     rtos_pem4f.oem4f (.const:xdc_runtime_SysMin_outputFunc__C)
                  0000ddbc    00000004     rtos_pem4f.oem4f (.const:xdc_runtime_System_Module__gateObj__C)
                  0000ddc0    00000004     rtos_pem4f.oem4f (.const:xdc_runtime_System_abortFxn__C)
                  0000ddc4    00000004     rtos_pem4f.oem4f (.const:xdc_runtime_System_exitFxn__C)
                  0000ddc8    00000004     rtos_pem4f.oem4f (.const:xdc_runtime_System_extendFxn__C)
                  0000ddcc    00000004     rtos_pem4f.oem4f (.const:xdc_runtime_System_maxAtexitHandlers__C)
                  0000ddd0    00000004     rtos_pem4f.oem4f (.const:xdc_runtime_Text_charTab__C)
                  0000ddd4    00000004     rtos_pem4f.oem4f (.const:xdc_runtime_Text_nameEmpty__C)
                  0000ddd8    00000004     rtos_pem4f.oem4f (.const:xdc_runtime_Text_nameStatic__C)
                  0000dddc    00000004     rtos_pem4f.oem4f (.const:xdc_runtime_Text_nameUnknown__C)
                  0000dde0    00000004     rtos_pem4f.oem4f (.const:xdc_runtime_Text_nodeTab__C)
                  0000dde4    00000004     rtos_pem4f.oem4f (.const:xdc_runtime_Text_visitRopeFxn__C)
                  0000dde8    00000002     rtos_pem4f.oem4f (.const:ti_sysbios_family_arm_lm4_TimestampProvider_Module__id__C)
                  0000ddea    00000002     rtos_pem4f.oem4f (.const:ti_sysbios_family_arm_lm4_TimestampProvider_useClockTimer__C)
                  0000ddec    00000002     rtos_pem4f.oem4f (.const:ti_sysbios_family_arm_m3_Hwi_Module__id__C)
                  0000ddee    00000002     rtos_pem4f.oem4f (.const:ti_sysbios_gates_GateMutex_Module__id__C)
                  0000ddf0    00000002     rtos_pem4f.oem4f (.const:ti_sysbios_hal_Hwi_Module__id__C)
                  0000ddf2    00000002     rtos_pem4f.oem4f (.const:ti_sysbios_heaps_HeapMem_Module__id__C)
                  0000ddf4    00000002     rtos_pem4f.oem4f (.const:ti_sysbios_knl_Semaphore_Module__id__C)
                  0000ddf6    00000002     rtos_pem4f.oem4f (.const:ti_sysbios_knl_Task_Module__id__C)
                  0000ddf8    00000002     rtos_pem4f.oem4f (.const:xdc_runtime_Core_Module__id__C)
                  0000ddfa    00000002     rtos_pem4f.oem4f (.const:xdc_runtime_Error_Module__loggerDefined__C)
                  0000ddfc    00000002     rtos_pem4f.oem4f (.const:xdc_runtime_Error_maxDepth__C)
                  0000ddfe    00000002     rtos_pem4f.oem4f (.const:xdc_runtime_Memory_Module__id__C)
                  0000de00    00000002     rtos_pem4f.oem4f (.const:xdc_runtime_SysMin_flushAtExit__C)
                  0000de02    00000002     rtos_pem4f.oem4f (.const:xdc_runtime_Text_charCnt__C)
                  0000de04    00000002     rtos_pem4f.oem4f (.const:xdc_runtime_Text_isLoaded__C)
                  0000de06    00000002     rtos_pem4f.oem4f (.const:xdc_runtime_Text_registryModsLastId__C)
                  0000de08    00000002     rtos_pem4f.oem4f (.const:xdc_runtime_Text_unnamedModsLastId__C)

.cinit     0    0000de10    00000338     
                  0000de10    000002ff     (.cinit..data.load) [load image, compression = lzss]
                  0000e10f    00000001     --HOLE-- [fill = 0]
                  0000e110    0000000c     (__TI_handler_table)
                  0000e11c    00000004     --HOLE-- [fill = 0]
                  0000e120    00000008     (.cinit..bss.load) [load image, compression = zero_init]
                  0000e128    00000008     (.cinit..vecs.load) [load image, compression = zero_init]
                  0000e130    00000018     (__TI_cinit_table)

.init_array 
*          0    00000000    00000000     UNINITIALIZED

.resetVecs 
*          0    00000000    0000003c     
                  00000000    0000003c     rtos_pem4f.oem4f (.resetVecs)

.bss       0    20000400    0000b30e     UNINITIALIZED
                  20000400    00002108     buttons.obj (.bss:kiss_fft_cfg_buffer$3)
                  20002508    00002000     buttons.obj (.bss:in$4)
                  20004508    00002000     buttons.obj (.bss:out$5)
                  20006508    00001a00     rtos_pem4f.oem4f (.bss:taskStackSection)
                  20007f08    00001000     buttons.obj (.bss:w$6)
                  20008f08    00001000     (.common:gADCBuffer)
                  20009f08    00000800     (.common:fft_samples)
                  2000a708    000000a0     (.common:ti_sysbios_knl_Mailbox_Instance_State_0_allocBuf__A)
                  2000a7a8    0000002c     (.common:sContext)
                  2000a7d4    00000014     buttons.obj (.bss:state$1)
                  2000a7e8    00000008     (.common:parmbuf)
                  2000a7f0    00000004     (.common:avg_frequency)
                  2000a7f4    00000004     (.common:fScale)
                  2000a7f8    00000004     (.common:gADCSamplingRate)
                  2000a7fc    00000004     (.common:g_psGrLibDefaults)
                  2000a800    00000400     (.common:gDMAControlTable)
                  2000ac00    00000400     (.common:ti_sysbios_heaps_HeapMem_Instance_State_0_buf__A)
                  2000b000    00000360     (.common:ti_sysbios_family_arm_m3_Hwi_dispatchTable)
                  2000b360    00000120     rtsv7M4_T_le_v4SPD16_eabi.lib : trgmsg.c.obj (.bss:_CIOBUF_)
                  2000b480    00000100     (.common:processedWaveform)
                  2000b580    00000100     (.common:trigger_samples)
                  2000b680    00000080     (.common:xdc_runtime_SysMin_Module_State_0_outbuf__A)
                  2000b700    00000004     (.common:trigger_value)
                  2000b704    00000002     (.common:Lcd_ScreenHeigth)
                  2000b706    00000002     (.common:Lcd_ScreenWidth)
                  2000b708    00000002     (.common:Lcd_TouchTrim)
                  2000b70a    00000001     (.common:Lcd_FlagRead)
                  2000b70b    00000001     (.common:Lcd_FontSolid)
                  2000b70c    00000001     (.common:Lcd_Orientation)
                  2000b70d    00000001     (.common:Lcd_PenSolid)

.data      0    2000b710    00008b8c     UNINITIALIZED
                  2000b710    00008000     Crystalfontz128x128_ST7735.obj (.data:Lcd_buffer)
                  20013710    00000400     buttons.obj (.data:gPWMWaveformTable)
                  20013b10    00000214     rtos_pem4f.oem4f (.data:ti_sysbios_knl_Task_Object__table__V)
                  20013d24    00000080     rtos_pem4f.oem4f (.data:ti_sysbios_knl_Swi_Module_State_0_readyQ__A)
                  20013da4    00000080     rtos_pem4f.oem4f (.data:ti_sysbios_knl_Task_Module_State_0_readyQ__A)
                  20013e24    00000078     rtos_pem4f.oem4f (.data:ti_sysbios_knl_Semaphore_Object__table__V)
                  20013e9c    00000060     rtos_pem4f.oem4f (.data:ti_sysbios_family_arm_m3_Hwi_Object__table__V)
                  20013efc    00000050     rtos_pem4f.oem4f (.data:ti_sysbios_knl_Mailbox_Object__table__V)
                  20013f4c    00000044     rtos_pem4f.oem4f (.data:ti_sysbios_knl_Task_Module__state__V)
                  20013f90    00000040     rtos_pem4f.oem4f (.data:ti_sysbios_family_arm_lm4_Timer_Module_State_0_device__A)
                  20013fd0    00000040     rtos_pem4f.oem4f (.data:ti_sysbios_family_arm_lm4_Timer_Object__table__V)
                  20014010    00000040     rtos_pem4f.oem4f (.data:ti_sysbios_knl_Clock_Object__table__V)
                  20014050    00000038     rtos_pem4f.oem4f (.data:ti_sysbios_gates_GateMutex_Object__table__V)
                  20014088    00000034     rtos_pem4f.oem4f (.data:ti_sysbios_family_arm_m3_Hwi_Module__state__V)
                  200140bc    00000030     rtos_pem4f.oem4f (.data:ti_sysbios_knl_Swi_Object__table__V)
                  200140ec    0000002c     buttons.obj (.data)
                  20014118    0000002c     rtos_pem4f.oem4f (.data:ti_sysbios_knl_Clock_Module__state__V)
                  20014144    00000024     buttons.obj (.data:count$2)
                  20014168    00000024     rtos_pem4f.oem4f (.data:ti_sysbios_BIOS_Module__state__V)
                  2001418c    00000020     rtos_pem4f.oem4f (.data:ti_sysbios_family_arm_lm4_Timer_Module_State_0_handles__A)
                  200141ac    0000001c     rtos_pem4f.oem4f (.data:ti_sysbios_knl_Swi_Module__state__V)
                  200141c8    00000018     rtos_pem4f.oem4f (.data:ti_sysbios_heaps_HeapMem_Object__table__V)
                  200141e0    00000010     buttons.obj (.data:fVoltsPerDiv)
                  200141f0    00000010     main.obj (.data)
                  20014200    0000000c     rtos_pem4f.oem4f (.data:ti_sysbios_family_arm_lm4_Timer_Module__state__V)
                  2001420c    0000000c     rtos_pem4f.oem4f (.data:xdc_runtime_SysMin_Module__state__V)
                  20014218    00000008     rtsv7M4_T_le_v4SPD16_eabi.lib : _lock.c.obj (.data:$O1$$)
                  20014220    00000008     buttons.obj (.data:gJoystick)
                  20014228    00000008     rtos_pem4f.oem4f (.data:ti_sysbios_family_arm_lm4_TimestampProvider_Module__state__V)
                  20014230    00000008     rtos_pem4f.oem4f (.data:ti_sysbios_gates_GateHwi_Module__root__V)
                  20014238    00000008     rtos_pem4f.oem4f (.data:ti_sysbios_gates_GateHwi_Object__table__V)
                  20014240    00000008     rtos_pem4f.oem4f (.data:ti_sysbios_gates_GateMutex_Module__root__V)
                  20014248    00000008     rtos_pem4f.oem4f (.data:ti_sysbios_heaps_HeapMem_Module__root__V)
                  20014250    00000008     rtos_pem4f.oem4f (.data:ti_sysbios_knl_Queue_Module__root__V)
                  20014258    00000008     rtos_pem4f.oem4f (.data:ti_sysbios_knl_Semaphore_Module__root__V)
                  20014260    00000008     rtos_pem4f.oem4f (.data:xdc_runtime_Registry_Module__state__V)
                  20014268    00000008     rtos_pem4f.oem4f (.data:xdc_runtime_Startup_Module__state__V)
                  20014270    00000008     rtos_pem4f.oem4f (.data:xdc_runtime_System_Module_State_0_atexitHandlers__A)
                  20014278    00000008     rtos_pem4f.oem4f (.data:xdc_runtime_System_Module__state__V)
                  20014280    00000004     rtsv7M4_T_le_v4SPD16_eabi.lib : errno.c.obj (.data)
                  20014284    00000004                                   : stkdepth_vars.c.obj (.data)
                  20014288    00000004     rtos_pem4f.oem4f (.data:ti_sysbios_family_arm_m3_Hwi_Module_State_0_excContext__A)
                  2001428c    00000004     rtos_pem4f.oem4f (.data:ti_sysbios_family_arm_m3_Hwi_Module_State_0_excStack__A)
                  20014290    00000004     rtos_pem4f.oem4f (.data:ti_sysbios_knl_Task_Module_State_0_idleTask__A)
                  20014294    00000004     rtos_pem4f.oem4f (.data:xdc_runtime_Memory_Module__state__V)
                  20014298    00000002     rtos_pem4f.oem4f (.data:ti_sysbios_family_arm_m3_Hwi_Module_State_0_excActive__A)
[...]
0000da5c  ti_sysbios_gates_GateHwi_Module__FXNS__C                             
0000da80  ti_sysbios_gates_GateMutex_Module__FXNS__C                           
0000daa4  ti_sysbios_heaps_HeapMem_Object__PARAMS__C                           
0000dac8  ti_sysbios_knl_Semaphore_Object__PARAMS__C                           
0000daec  ti_sysbios_gates_GateHwi_Object__DESC__C                             
0000db0c  ti_sysbios_gates_GateMutex_Object__DESC__C                           
0000db2c  ti_sysbios_heaps_HeapMem_Object__DESC__C                             
0000db4c  ti_sysbios_knl_Queue_Object__DESC__C                                 
0000db6c  ti_sysbios_knl_Semaphore_Object__DESC__C                             
0000db8c  ti_sysbios_gates_GateHwi_Object__PARAMS__C                           
0000dba4  ti_sysbios_gates_GateMutex_Object__PARAMS__C                         
0000dbbc  ti_sysbios_knl_Queue_Object__PARAMS__C                               
0000dbd4  xdc_runtime_Startup_firstFxns__A                                     
0000dbec  xdc_runtime_Startup_sfxnRts__A                                       
0000dc00  gVoltageScaleStr                                                     
0000dc10  g_psDefaultCodePointMapTable                                         
0000dc30  gTriggerSlopeStr                                                     
0000dc38  ti_sysbios_family_arm_m3_Hwi_excHookFuncs__A                         
0000dc40  ti_sysbios_knl_Idle_funcList__C                                      
0000dc48  xdc_runtime_Startup_firstFxns__C                                     
0000dc50  xdc_runtime_Startup_lastFxns__C                                      
0000dc58  ti_catalog_arm_cortexm4_tiva_ce_Boot_Module__diagsEnabled__C         
0000dc5c  ti_catalog_arm_cortexm4_tiva_ce_Boot_Module__diagsIncluded__C        
0000dc60  ti_catalog_arm_cortexm4_tiva_ce_Boot_Module__diagsMask__C            
0000dc64  ti_sysbios_family_arm_lm4_Timer_enableFunc__C                        
0000dc68  ti_sysbios_family_arm_lm4_Timer_numTimerDevices__C                   
0000dc6c  ti_sysbios_family_arm_lm4_Timer_startupNeeded__C                     
0000dc70  ti_sysbios_family_arm_lm4_TimestampProvider_Module__diagsEnabled__C  
0000dc74  ti_sysbios_family_arm_lm4_TimestampProvider_Module__diagsIncluded__C 
0000dc78  ti_sysbios_family_arm_lm4_TimestampProvider_Module__diagsMask__C     
0000dc7c  ti_sysbios_family_arm_m3_Hwi_E_NMI__C                                
0000dc80  ti_sysbios_family_arm_m3_Hwi_E_busFault__C                           
0000dc84  ti_sysbios_family_arm_m3_Hwi_E_debugMon__C                           
0000dc88  ti_sysbios_family_arm_m3_Hwi_E_hardFault__C                          
0000dc8c  ti_sysbios_family_arm_m3_Hwi_E_memFault__C                           
0000dc90  ti_sysbios_family_arm_m3_Hwi_E_noIsr__C                              
0000dc94  ti_sysbios_family_arm_m3_Hwi_E_reserved__C                           
0000dc98  ti_sysbios_family_arm_m3_Hwi_E_svCall__C                             
0000dc9c  ti_sysbios_family_arm_m3_Hwi_E_usageFault__C                         
0000dca0  ti_sysbios_family_arm_m3_Hwi_NUM_INTERRUPTS__C                       
0000dca4  ti_sysbios_family_arm_m3_Hwi_Object__count__C                        
0000dca8  ti_sysbios_family_arm_m3_Hwi_ccr__C                                  
0000dcac  ti_sysbios_family_arm_m3_Hwi_excHandlerFunc__C                       
0000dcb0  ti_sysbios_family_arm_m3_Hwi_excHookFuncs__C                         
0000dcb4  ti_sysbios_family_arm_m3_Hwi_nullIsrFunc__C                          
0000dcb8  ti_sysbios_family_arm_m3_Hwi_priGroup__C                             
0000dcbc  ti_sysbios_gates_GateMutex_A_badContext__C                           
0000dcc0  ti_sysbios_gates_GateMutex_Instance_State_sem__O                     
0000dcc4  ti_sysbios_gates_GateMutex_Module__diagsEnabled__C                   
0000dcc8  ti_sysbios_gates_GateMutex_Module__diagsIncluded__C                  
0000dccc  ti_sysbios_gates_GateMutex_Module__diagsMask__C                      
0000dcd0  ti_sysbios_hal_Hwi_E_stackOverflow__C                                
0000dcd4  ti_sysbios_heaps_HeapMem_A_align__C                                  
0000dcd8  ti_sysbios_heaps_HeapMem_A_heapSize__C                               
0000dcdc  ti_sysbios_heaps_HeapMem_A_invalidFree__C                            
0000dce0  ti_sysbios_heaps_HeapMem_A_zeroBlock__C                              
0000dce4  ti_sysbios_heaps_HeapMem_E_memory__C                                 
0000dce8  ti_sysbios_heaps_HeapMem_Module__diagsEnabled__C                     
0000dcec  ti_sysbios_heaps_HeapMem_Module__diagsIncluded__C                    
0000dcf0  ti_sysbios_heaps_HeapMem_Module__diagsMask__C                        
0000dcf4  ti_sysbios_heaps_HeapMem_Module__gateObj__C                          
0000dcf8  ti_sysbios_heaps_HeapMem_Object__count__C                            
0000dcfc  ti_sysbios_heaps_HeapMem_reqAlign__C                                 
0000dd00  ti_sysbios_knl_Clock_Module_State_clockQ__O                          
0000dd04  ti_sysbios_knl_Idle_funcList__A                                      
0000dd08  ti_sysbios_knl_Mailbox_Instance_State_dataQue__O                     
0000dd0c  ti_sysbios_knl_Mailbox_Instance_State_dataSem__O                     
0000dd10  ti_sysbios_knl_Mailbox_Instance_State_freeQue__O                     
0000dd14  ti_sysbios_knl_Mailbox_Instance_State_freeSem__O                     
0000dd18  ti_sysbios_knl_Mailbox_Object__count__C                              
0000dd1c  ti_sysbios_knl_Mailbox_maxTypeAlign__C                               
0000dd20  ti_sysbios_knl_Semaphore_A_badContext__C                             
0000dd24  ti_sysbios_knl_Semaphore_A_noEvents__C                               
0000dd28  ti_sysbios_knl_Semaphore_A_overflow__C                               
0000dd2c  ti_sysbios_knl_Semaphore_A_pendTaskDisabled__C                       
0000dd30  ti_sysbios_knl_Semaphore_Instance_State_pendQ__O                     
0000dd34  ti_sysbios_knl_Semaphore_Module__diagsEnabled__C                     
0000dd38  ti_sysbios_knl_Semaphore_Module__diagsIncluded__C                    
0000dd3c  ti_sysbios_knl_Semaphore_Module__diagsMask__C                        
0000dd40  ti_sysbios_knl_Swi_Object__count__C                                  
0000dd44  ti_sysbios_knl_Task_E_spOutOfBounds__C                               
0000dd48  ti_sysbios_knl_Task_E_stackOverflow__C                               
0000dd4c  ti_sysbios_knl_Task_Module_State_inactiveQ__O                        
0000dd50  ti_sysbios_knl_Task_Object__count__C                                 
0000dd54  ti_sysbios_knl_Task_allBlockedFunc__C                                
0000dd58  ti_sysbios_knl_Task_numConstructedTasks__C                           
0000dd5c  xdc_runtime_Assert_E_assertFailed__C                                 
0000dd60  xdc_runtime_Core_A_initializedParams__C                              
0000dd64  xdc_runtime_Core_Module__diagsEnabled__C                             
0000dd68  xdc_runtime_Core_Module__diagsIncluded__C                            
0000dd6c  xdc_runtime_Core_Module__diagsMask__C                                
0000dd70  xdc_runtime_Error_E_memory__C                                        
0000dd74  xdc_runtime_Error_Module__diagsEnabled__C                            
0000dd78  xdc_runtime_Error_Module__diagsIncluded__C                           
0000dd7c  xdc_runtime_Error_Module__diagsMask__C                               
0000dd80  xdc_runtime_Error_Module__loggerFxn8__C                              
0000dd84  xdc_runtime_Error_Module__loggerObj__C                               
0000dd88  xdc_runtime_Error_policyFxn__C                                       
0000dd8c  xdc_runtime_Error_raiseHook__C                                       
0000dd90  xdc_runtime_IGateProvider_Interface__BASE__C                         
0000dd94  xdc_runtime_IHeap_Interface__BASE__C                                 
0000dd98  xdc_runtime_IModule_Interface__BASE__C                               
0000dd9c  xdc_runtime_Log_L_error__C                                           
0000dda0  xdc_runtime_Memory_defaultHeapInstance__C                            
0000dda4  xdc_runtime_Startup_execImpl__C                                      
0000dda8  xdc_runtime_Startup_maxPasses__C                                     
0000ddac  xdc_runtime_Startup_sfxnRts__C                                       
0000ddb0  xdc_runtime_Startup_sfxnTab__C                                       
0000ddb4  xdc_runtime_SysMin_bufSize__C                                        
0000ddb8  xdc_runtime_SysMin_outputFunc__C                                     
0000ddbc  xdc_runtime_System_Module__gateObj__C                                
0000ddc0  xdc_runtime_System_abortFxn__C                                       
0000ddc4  xdc_runtime_System_exitFxn__C                                        
0000ddc8  xdc_runtime_System_extendFxn__C                                      
0000ddcc  xdc_runtime_System_maxAtexitHandlers__C                              
0000ddd0  xdc_runtime_Text_charTab__C                                          
0000ddd4  xdc_runtime_Text_nameEmpty__C                                        
0000ddd8  xdc_runtime_Text_nameStatic__C                                       
0000dddc  xdc_runtime_Text_nameUnknown__C                                      
0000dde0  xdc_runtime_Text_nodeTab__C                                          
0000dde4  xdc_runtime_Text_visitRopeFxn__C                                     
0000dde8  ti_sysbios_family_arm_lm4_TimestampProvider_Module__id__C            
0000ddea  ti_sysbios_family_arm_lm4_TimestampProvider_useClockTimer__C         
0000ddec  ti_sysbios_family_arm_m3_Hwi_Module__id__C                           
0000ddee  ti_sysbios_gates_GateMutex_Module__id__C                             
0000ddf0  ti_sysbios_hal_Hwi_Module__id__C                                     
0000ddf2  ti_sysbios_heaps_HeapMem_Module__id__C                               
0000ddf4  ti_sysbios_knl_Semaphore_Module__id__C                               
0000ddf6  ti_sysbios_knl_Task_Module__id__C                                    
0000ddf8  xdc_runtime_Core_Module__id__C                                       
0000ddfa  xdc_runtime_Error_Module__loggerDefined__C                           
0000ddfc  xdc_runtime_Error_maxDepth__C                                        
0000ddfe  xdc_runtime_Memory_Module__id__C                                     
0000de00  xdc_runtime_SysMin_flushAtExit__C                                    
0000de02  xdc_runtime_Text_charCnt__C                                          
0000de04  xdc_runtime_Text_isLoaded__C                                         
0000de06  xdc_runtime_Text_registryModsLastId__C                               
0000de08  xdc_runtime_Text_unnamedModsLastId__C                                
0000de10  __TI_static_base__                                                   
0000e110  __TI_Handler_Table_Base                                              
0000e11c  __TI_Handler_Table_Limit                                             
0000e130  __TI_CINIT_Base                                                      
0000e148  __TI_CINIT_Limit                                                     
20000000  ti_sysbios_family_arm_m3_Hwi_ramVectors                              
20006508  ti_sysbios_knl_Task_Instance_State_0_stack__A                        
20006708  ti_sysbios_knl_Task_Instance_State_1_stack__A                        
20006908  ti_sysbios_knl_Task_Instance_State_2_stack__A                        
20007108  ti_sysbios_knl_Task_Instance_State_3_stack__A                        
20007308  ti_sysbios_knl_Task_Instance_State_4_stack__A                        
20007b08  ti_sysbios_knl_Task_Instance_State_5_stack__A                        
20007d08  ti_sysbios_knl_Task_Instance_State_6_stack__A                        
20008f08  gADCBuffer                                                           
20009f08  fft_samples                                                          
2000a708  ti_sysbios_knl_Mailbox_Instance_State_0_allocBuf__A                  
2000a7a8  sContext                                                             
2000a7e8  parmbuf                                                              
2000a7f0  avg_frequency                                                        
2000a7f4  fScale                                                               
2000a7f8  gADCSamplingRate                                                     
2000a800  gDMAControlTable                                                     
2000ac00  ti_sysbios_heaps_HeapMem_Instance_State_0_buf__A                     
2000b000  ti_sysbios_family_arm_m3_Hwi_dispatchTable                           
2000b360  __CIOBUF_                                                            
2000b480  processedWaveform                                                    
2000b580  trigger_samples                                                      
2000b680  xdc_runtime_SysMin_Module_State_0_outbuf__A                          
2000b700  trigger_value                                                        
2000b704  Lcd_ScreenHeigth                                                     
2000b706  Lcd_ScreenWidth                                                      
2000b708  Lcd_TouchTrim                                                        
2000b70a  Lcd_FlagRead                                                         
2000b70b  Lcd_FontSolid                                                        
2000b70c  Lcd_Orientation                                                      
2000b70d  Lcd_PenSolid                                                         
2000b710  Lcd_buffer                                                           
20013710  gPWMWaveformTable                                                    
20013b10  ti_sysbios_knl_Task_Object__table__V                                 
20013d24  ti_sysbios_knl_Swi_Module_State_0_readyQ__A                          
20013da4  ti_sysbios_knl_Task_Module_State_0_readyQ__A                         
20013e24  ti_sysbios_knl_Semaphore_Object__table__V                            
20013e9c  ti_sysbios_family_arm_m3_Hwi_Object__table__V                        
20013efc  ti_sysbios_knl_Mailbox_Object__table__V                              
20013f4c  ti_sysbios_knl_Task_Module__state__V                                 
20013f90  ti_sysbios_family_arm_lm4_Timer_Module_State_0_device__A             
20013fd0  ti_sysbios_family_arm_lm4_Timer_Object__table__V                     
20014010  ti_sysbios_knl_Clock_Object__table__V                                
20014050  ti_sysbios_gates_GateMutex_Object__table__V                          
20014088  ti_sysbios_family_arm_m3_Hwi_Module__state__V                        
200140bc  ti_sysbios_knl_Swi_Object__table__V                                  
200140ec  gADCBufferIndex                                                      
200140f0  gButtons                                                             
200140f4  risingSlope                                                          
200140f5  spectrumMode                                                         
200140f8  stateVperDiv                                                         
200140fc  gDMAPrimary                                                          
20014100  prevCount                                                            
20014104  timerPeriod                                                          
20014108  multiPeriodInterval                                                  
2001410c  accumulatedPeriods                                                   
20014110  gPhase                                                               
20014114  gPhaseIncrement                                                      
20014118  ti_sysbios_knl_Clock_Module__state__V                                
20014168  ti_sysbios_BIOS_Module__state__V                                     
2001418c  ti_sysbios_family_arm_lm4_Timer_Module_State_0_handles__A            
200141ac  ti_sysbios_knl_Swi_Module__state__V                                  
200141c8  ti_sysbios_heaps_HeapMem_Object__table__V                            
200141e0  fVoltsPerDiv                                                         
200141f0  gSystemClock                                                         
200141f4  count_unloaded                                                       
200141f8  count_loaded                                                         
200141fc  cpu_load                                                             
20014200  ti_sysbios_family_arm_lm4_Timer_Module__state__V                     
2001420c  xdc_runtime_SysMin_Module__state__V                                  
20014218  _lock                                                                
2001421c  _unlock                                                              
20014220  gJoystick                                                            
20014228  ti_sysbios_family_arm_lm4_TimestampProvider_Module__state__V         
20014230  ti_sysbios_gates_GateHwi_Module__root__V                             
20014238  ti_sysbios_gates_GateHwi_Object__table__V                            
20014240  ti_sysbios_gates_GateMutex_Module__root__V                           
20014248  ti_sysbios_heaps_HeapMem_Module__root__V                             
20014250  ti_sysbios_knl_Queue_Module__root__V                                 
20014258  ti_sysbios_knl_Semaphore_Module__root__V                             
20014260  xdc_runtime_Registry_Module__state__V                                
20014268  xdc_runtime_Startup_Module__state__V                                 
20014270  xdc_runtime_System_Module_State_0_atexitHandlers__A                  
20014278  xdc_runtime_System_Module__state__V                                  
20014280  errno                                                                
20014284  main_func_sp                                                         
20014288  ti_sysbios_family_arm_m3_Hwi_Module_State_0_excContext__A            
2001428c  ti_sysbios_family_arm_m3_Hwi_Module_State_0_excStack__A              
20014290  ti_sysbios_knl_Task_Module_State_0_idleTask__A                       
20014294  xdc_runtime_Memory_Module__state__V                                  
20014298  ti_sysbios_family_arm_m3_Hwi_Module_State_0_excActive__A             
2001429a  xdc_runtime_Error_Module__state__V                                   
200142a0  __stack                                                              
200145a0  __STACK_END                                                          
e000e000  ti_sysbios_family_arm_m3_Hwi_nvic                                    
ffffffff  __TI_pprof_out_hndl                                                  
ffffffff  __TI_prof_data_size                                                  
ffffffff  __TI_prof_data_start                                                 
ffffffff  __binit__                                                            
ffffffff  __c_args__                                                           
ffffffff  binit                                                                
UNDEFED   SHT$$INIT_ARRAY$$Base                                                
UNDEFED   SHT$$INIT_ARRAY$$Limit                                               

[734 symbols]
