******************************************************************************
                  TI ARM Linker PC v18.1.3                     
******************************************************************************
>> Linked Wed Apr 17 17:39:23 2019

OUTPUT FILE NAME:   <ece3849d19_lab2_yaverdeja.out>
ENTRY POINT SYMBOL: "_c_int00"  address: 000089f1


MEMORY CONFIGURATION

         name            origin    length      used     unused   attr    fill
----------------------  --------  ---------  --------  --------  ----  --------
  FLASH                 00000000   00100000  0000d99c  000f2664  R  X
  SRAM                  20000000   00040000  00013a1e  0002c5e2  RW X


SEGMENT ALLOCATION MAP

run origin  load origin   length   init length attrs members
----------  ----------- ---------- ----------- ----- -------
00000000    00000000    0000d9a8   0000d9a8    r-x
  00000000    00000000    0000003c   0000003c    r-- .resetVecs
  00000040    00000040    0000ad2a   0000ad2a    r-x .text
  0000ad70    0000ad70    00002956   00002956    r-- .const
  0000d6c8    0000d6c8    000002e0   000002e0    r-- .cinit
20000000    20000000    00013a20   00000000    rw-
  20000000    20000000    00000360   00000000    rw- .vecs
  20000360    20000360    0000ad0e   00000000    rw- .bss
  2000b070    2000b070    000086b0   00000000    rw- .data
  20013720    20013720    00000300   00000000    rw- .stack


SECTION ALLOCATION MAP

 output                                  attributes/
section   page    origin      length       input sections
--------  ----  ----------  ----------   ----------------
.text      0    00000040    0000ad2a     
                  00000040    00000a5e     rtsv7M4_T_le_v4SPD16_eabi.lib : _printfi.c.obj (.text:__TI_printfi)
                  00000a9e    00000002                                   : _lock.c.obj (.text:_nop)
                  00000aa0    00000738                                   : k_rem_pio2.c.obj (.text:__kernel_rem_pio2)
                  000011d8    000005dc                                   : s_cos.c.obj (.text:cos)
                  000017b4    000005c4                                   : s_sin.c.obj (.text:sin)
                  00001d78    00000430     sysbios.aem4f : BIOS.obj (.text:ti_sysbios_family_arm_m3_Hwi_excDumpRegs__I)
                  000021a8    0000034c     ti.targets.arm.rtsarm.aem4f : System.oem4f (.text:xdc_runtime_System_doPrint__I)
                  000024f4    00000004     rtsv7M4_T_le_v4SPD16_eabi.lib : exit.c.obj (.text:abort:abort)
                  000024f8    000002a4     sysbios.aem4f : BIOS.obj (.text:ti_sysbios_knl_Semaphore_pend__E)
                  0000279c    00000004                   : BIOS.obj (.text:ti_sysbios_family_arm_lm4_Timer_masterEnable__I)
                  000027a0    0000028e     kiss_fft.obj (.text:kf_bfly5)
                  00002a2e    00000002     rtsv7M4_T_le_v4SPD16_eabi.lib : div0.asm.obj (.text)
                  00002a30    00000270                                   : _printfi.c.obj (.text:_pconv_a)
                  00002ca0    0000026c     sysbios.aem4f : BIOS.obj (.text:ti_sysbios_heaps_HeapMem_free__E)
                  00002f0c    00000004     ti.targets.arm.rtsarm.aem4f : Error.oem4f (.text:xdc_runtime_Error_getSite__E)
                  00002f10    00000268     buttons.obj (.text:processingTask_func)
                  00003178    00000256     grlib.lib : string.obj (.text:GrFontGlyphRender)
                  000033ce    00000002     --HOLE-- [fill = 0]
                  000033d0    00000250     sysbios.aem4f : BIOS.obj (.text:ti_sysbios_heaps_HeapMem_alloc__E)
                  00003620    0000022c     main.obj (.text:displayTask_func)
                  0000384c    00000204     driverlib.lib : sysctl.obj (.text:SysCtlClockFreqSet)
                  00003a50    00000204     Boot.aem4f : Boot_sysctl.oem4f (.text:ti_catalog_arm_cortexm4_tiva_ce_Boot_sysCtlClockFreqSetI__I)
                  00003c54    00000004     ti.targets.arm.rtsarm.aem4f : System.oem4f (.text:xdc_runtime_System_aprintf_va__F)
                  00003c58    000001fc     sysbios.aem4f : BIOS.obj (.text:ti_sysbios_family_arm_m3_Hwi_excHandlerMax__I)
                  00003e54    00000004     ti.targets.arm.rtsarm.aem4f : System.oem4f (.text:xdc_runtime_System_printf_va__F)
                  00003e58    000001f0     kiss_fft.obj (.text:kf_bfly4)
                  00004048    000001d0     rtsv7M4_T_le_v4SPD16_eabi.lib : _printfi.c.obj (.text:_pconv_g)
                  00004218    000001b6                                   : fd_add_t2.asm.obj (.text)
                  000043ce    00000002     --HOLE-- [fill = 0]
                  000043d0    000001b4     kiss_fft.obj (.text:kf_bfly3)
                  00004584    00000004     --HOLE-- [fill = 0]
                  00004588    000001b0     buttons.obj (.text:ButtonInit)
                  00004738    00000174     rtsv7M4_T_le_v4SPD16_eabi.lib : k_sin.c.obj (.text:__kernel_sin)
                  000048ac    00000004     --HOLE-- [fill = 0]
                  000048b0    00000174     sysbios.aem4f : BIOS.obj (.text:ti_sysbios_family_arm_m3_Hwi_excBusFault__I)
                  00004a24    0000016c     rtsv7M4_T_le_v4SPD16_eabi.lib : k_cos.c.obj (.text:__kernel_cos)
                  00004b90    00000164     sysbios.aem4f : BIOS.obj (.text:ti_sysbios_family_arm_m3_Hwi_excUsageFault__I)
                  00004cf4    00000158     rtsv7M4_T_le_v4SPD16_eabi.lib : e_log10f.c.obj (.text:log10f)
                  00004e4c    00000158                                   : e_sqrt.c.obj (.text:sqrt)
                  00004fa4    00000004     --HOLE-- [fill = 0]
                  00004fa8    00000148     sysbios.aem4f : BIOS.obj (.text:ti_sysbios_family_arm_m3_Hwi_excMemFault__I)
                  000050f0    0000013c     rtsv7M4_T_le_v4SPD16_eabi.lib : _printfi.c.obj (.text:_pconv_e)
                  0000522c    00000004     --HOLE-- [fill = 0]
                  00005230    0000013c     sysbios.aem4f : BIOS.obj (.text:ti_sysbios_heaps_HeapMem_Instance_init__E)
                  0000536c    00000136     rtsv7M4_T_le_v4SPD16_eabi.lib : fd_div_t2.asm.obj (.text)
                  000054a2    00000130     driverlib.lib : gpio.obj (.text:GPIOPadConfigSet)
                  000055d2    00000002     --HOLE-- [fill = 0]
                  000055d4    00000120     rtsv7M4_T_le_v4SPD16_eabi.lib : _printfi.c.obj (.text:fcvt)
                  000056f4    00000118     ti.targets.arm.rtsarm.aem4f : Error.oem4f (.text:xdc_runtime_Error_policyDefault__E)
                  0000580c    00000110     rtsv7M4_T_le_v4SPD16_eabi.lib : s_scalbn.c.obj (.text:scalbn)
                  0000591c    00000004     --HOLE-- [fill = 0]
                  00005920    00000108     sysbios.aem4f : BIOS.obj (.text:ti_sysbios_family_arm_lm4_Timer_start__E)
                  00005a28    00000106     grlib.lib : line.obj (.text:GrLineDraw)
                  00005b2e    00000002     --HOLE-- [fill = 0]
                  00005b30    00000100     ti.targets.arm.rtsarm.aem4f : Core-mem.oem4f (.text:xdc_runtime_Core_createObject__I)
                  00005c30    000000fc     kiss_fft.obj (.text:kf_bfly_generic)
                  00005d2c    000000fc     rtsv7M4_T_le_v4SPD16_eabi.lib : fd_mul_t2.asm.obj (.text)
                  00005e28    000000fc     rtos_pem4f.oem4f (.text:xdc_runtime_System_printfExtend__I)
                  00005f24    000000f8     rtsv7M4_T_le_v4SPD16_eabi.lib : s_floor.c.obj (.text:floor)
                  0000601c    000000f8     ti.targets.arm.rtsarm.aem4f : Startup.oem4f (.text:xdc_runtime_Startup_startMods__I)
                  00006114    000000f4     sysbios.aem4f : m3_Hwi_asm.obj (.text:ti_sysbios_family_arm_m3_Hwi_dispatch__I)
                  00006208    000000ec                   : BIOS.obj (.text:ti_sysbios_knl_Semaphore_post__E)
                  000062f4    00000004     --HOLE-- [fill = 0]
                  000062f8    000000e2     kiss_fft.obj (.text:kf_work)
                  000063da    00000006     driverlib.lib : gpio.obj (.text:GPIOPinRead)
                  000063e0    000000e0     buttons.obj (.text:buttonTask_func)
                  000064c0    000000dc     Crystalfontz128x128_ST7735.obj (.text:Crystalfontz128x128_PixelDrawMultiple)
                  0000659c    00000004     --HOLE-- [fill = 0]
                  000065a0    000000d4     buttons.obj (.text:ButtonReadJoystick)
                  00006674    00000004     --HOLE-- [fill = 0]
                  00006678    000000cc     kiss_fft.obj (.text:kiss_fft_alloc)
                  00006744    00000004     --HOLE-- [fill = 0]
                  00006748    000000cc     buttons.obj (.text:userInputTask_func)
                  00006814    000000cc     ti.targets.arm.rtsarm.aem4f : Core-smem.oem4f (.text:xdc_runtime_Core_constructObject__I)
                  000068e0    000000c4     grlib.lib : string.obj (.text:GrDefaultStringRenderer)
                  000069a4    000000c0               : line.obj (.text:GrLineClip)
                  00006a64    00000004     --HOLE-- [fill = 0]
                  00006a68    000000bc     Crystalfontz128x128_ST7735.obj (.text:Crystalfontz128x128_Init)
                  00006b24    00000004     --HOLE-- [fill = 0]
                  00006b28    000000bc     sysbios.aem4f : BIOS.obj (.text:ti_sysbios_family_arm_m3_Hwi_excDebugMon__I)
                  00006be4    00000004     --HOLE-- [fill = 0]
                  00006be8    000000bc                   : BIOS.obj (.text:ti_sysbios_family_arm_m3_Hwi_excHardFault__I)
                  00006ca4    000000b4     rtsv7M4_T_le_v4SPD16_eabi.lib : s_cosf.c.obj (.text:cosf)
                  00006d58    000000b4     sysbios.aem4f : BIOS.obj (.text:ti_sysbios_gates_GateMutex_enter__E)
                  00006e0c    00000004     --HOLE-- [fill = 0]
                  00006e10    000000b4                   : BIOS.obj (.text:ti_sysbios_knl_Task_checkStacks__E)
                  00006ec4    00000004     --HOLE-- [fill = 0]
                  00006ec8    000000b4     buttons.obj (.text:triggerSearch)
                  00006f7c    00000004     --HOLE-- [fill = 0]
                  00006f80    000000b4     buttons.obj (.text:waveformTask_func)
                  00007034    000000b1     rtsv7M4_T_le_v4SPD16_eabi.lib : _printfi.c.obj (.text:_ltostr)
                  000070e5    00000003     --HOLE-- [fill = 0]
                  000070e8    000000ac     sysbios.aem4f : BIOS.obj (.text:ti_sysbios_family_arm_lm4_Timer_enableTiva__I)
                  00007194    000000a0     auto_init.aem4f : auto_init.oem4f (.text)
                  00007234    000000a0     ti.targets.arm.rtsarm.aem4f : Text.oem4f (.text:xdc_runtime_Text_putMod__E)
                  000072d4    00000004     --HOLE-- [fill = 0]
                  000072d8    0000009c     Crystalfontz128x128_ST7735.obj (.text:Crystalfontz128x128_SetDrawFrame)
                  00007374    0000009c     rtsv7M4_T_le_v4SPD16_eabi.lib : memcpy_t2.asm.obj (.text)
                  00007410    0000009c     sysbios.aem4f : BIOS.obj (.text:ti_sysbios_knl_Semaphore_Instance_init__E)
                  000074ac    0000009a     ti.targets.arm.rtsarm.aem4f : Text.oem4f (.text:xdc_runtime_Text_putSite__E)
                  00007546    00000002     --HOLE-- [fill = 0]
                  00007548    00000098     Boot.aem4f : Boot.oem4f (.text:ti_catalog_arm_cortexm4_tiva_ce_Boot_sysCtlClockFreqSet__E)
                  000075e0    00000096     rtsv7M4_T_le_v4SPD16_eabi.lib : ull_div_t2.asm.obj (.text)
                  00007676    00000002     --HOLE-- [fill = 0]
                  00007678    00000094     sysbios.aem4f : BIOS.obj (.text:ti_sysbios_family_arm_m3_Hwi_initNVIC__E)
                  0000770c    0000008c                   : m3_TaskSupport_asm.obj (.text:ti_sysbios_family_arm_m3_TaskSupport_buildTaskStack)
                  00007798    0000008c                   : BIOS.obj (.text:ti_sysbios_knl_Task_postInit__I)
                  00007824    00000004     --HOLE-- [fill = 0]
                  00007828    00000088                   : BIOS.obj (.text:ti_sysbios_knl_Mailbox_post__E)
                  000078b0    00000086     grlib.lib : rectangle.obj (.text:GrRectFill)
                  00007936    00000086     rtsv7M4_T_le_v4SPD16_eabi.lib : fd_cmp_t2.asm.obj (.text:__aeabi_cdcmple)
                  000079bc    00000086                                   : fd_cmp_t2.asm.obj (.text:__aeabi_cdrcmple)
                  00007a42    00000006     driverlib.lib : gpio.obj (.text:GPIOPinWrite)
                  00007a48    00000084     sysbios.aem4f : BIOS.obj (.text:ti_sysbios_family_arm_m3_Hwi_postInit__I)
                  00007acc    00000004     --HOLE-- [fill = 0]
                  00007ad0    00000080     Crystalfontz128x128_ST7735.obj (.text:Crystalfontz128x128_RectFill)
                  00007b50    00000080     rtsv7M4_T_le_v4SPD16_eabi.lib : s_floorf.c.obj (.text:floorf)
                  00007bd0    00000080     kiss_fft.obj (.text:kf_bfly2)
                  00007c50    0000007a     driverlib.lib : adc.obj (.text:ADCSequenceStepConfigure)
                  00007cca    0000007a     rtsv7M4_T_le_v4SPD16_eabi.lib : memset_t2.asm.obj (.text)
                  00007d44    00000004     --HOLE-- [fill = 0]
                  00007d48    00000078     HAL_EK_TM4C1294XL_Crystalfontz128x128_ST7735.obj (.text:HAL_LCD_PortInit)
                  00007dc0    00000078     HAL_EK_TM4C1294XL_Crystalfontz128x128_ST7735.obj (.text:HAL_LCD_SpiInit)
                  00007e38    00000074     sysbios.aem4f : BIOS.obj (.text:ti_sysbios_knl_Mailbox_pend__E)
                  00007eac    00000004     --HOLE-- [fill = 0]
                  00007eb0    00000070                   : BIOS.obj (.text:ti_sysbios_knl_Clock_workFunc__E)
                  00007f20    00000070                   : BIOS.obj (.text:ti_sysbios_knl_Task_exit__E)
                  00007f90    0000006e     rtsv7M4_T_le_v4SPD16_eabi.lib : _printfi.c.obj (.text:_mcpy)
                  00007ffe    0000006e                                   : s_roundf.c.obj (.text:roundf)
                  0000806c    0000006e                                   : fd_tos_t2.asm.obj (.text)
                  000080da    00000002     --HOLE-- [fill = 0]
                  000080dc    0000006d     ti.targets.arm.rtsarm.aem4f : System.oem4f (.text:xdc_runtime_System_formatNum__I)
                  00008149    00000001     --HOLE-- [fill = 0]
                  0000814a    00000006     grlib.lib : string.obj (.text:GrContextFontSet)
                  00008150    0000006c     kiss_fft.obj (.text:kf_factor)
                  000081bc    00000004     --HOLE-- [fill = 0]
                  000081c0    0000006c     sysbios.aem4f : BIOS.obj (.text:ti_sysbios_knl_Swi_restoreHwi__E)
                  0000822c    0000006c     ti.targets.arm.rtsarm.aem4f : Error.oem4f (.text:xdc_runtime_Error_print__E)
                  00008298    0000006c                                 : Memory.oem4f (.text:xdc_runtime_Memory_alloc__E)
                  00008304    00000068     grlib.lib : context.obj (.text:GrContextInit)
                  0000836c    00000068     rtsv7M4_T_le_v4SPD16_eabi.lib : copy_decompress_lzss.c.obj (.text:decompress:lzss:__TI_decompress_lzss)
                  000083d4    00000004     --HOLE-- [fill = 0]
                  000083d8    00000068     sysbios.aem4f : BIOS.obj (.text:ti_sysbios_family_arm_lm4_TimestampProvider_initTimerHandle__I)
                  00008440    00000066     ti.targets.arm.rtsarm.aem4f : Core-mem.oem4f (.text:xdc_runtime_Core_deleteObject__I)
                  000084a6    00000002     --HOLE-- [fill = 0]
                  000084a8    00000064     rtsv7M4_T_le_v4SPD16_eabi.lib : s_frexp.c.obj (.text:frexp)
                  0000850c    00000004     --HOLE-- [fill = 0]
                  00008510    00000064     sysbios.aem4f : BIOS.obj (.text:ti_sysbios_family_arm_lm4_Timer_Module_startup__E)
                  00008574    00000004     --HOLE-- [fill = 0]
                  00008578    00000064                   : BIOS.obj (.text:ti_sysbios_family_arm_m3_Hwi_dispatchC__I)
                  000085dc    00000004     --HOLE-- [fill = 0]
                  000085e0    00000060     buttons.obj (.text:ButtonDebounce)
                  00008640    00000060     driverlib.lib : timer.obj (.text:TimerConfigure)
                  000086a0    00000060     sysbios.aem4f : BIOS.obj (.text:ti_sysbios_knl_Task_schedule__I)
                  00008700    0000005c     kiss_fft.obj (.text:kiss_fft_stride)
                  0000875c    00000004     --HOLE-- [fill = 0]
                  00008760    0000005c     sysbios.aem4f : BIOS.obj (.text:ti_sysbios_knl_Swi_run__I)
                  000087bc    00000004     --HOLE-- [fill = 0]
                  000087c0    0000005c                   : BIOS.obj (.text:ti_sysbios_knl_Swi_schedule__I)
                  0000881c    00000004     --HOLE-- [fill = 0]
                  00008820    0000005c                   : BIOS.obj (.text:ti_sysbios_knl_Task_Module_startup__E)
                  0000887c    00000004     --HOLE-- [fill = 0]
                  00008880    0000005c                   : BIOS.obj (.text:ti_sysbios_knl_Task_startCore__E)
                  000088dc    0000005b     ti.targets.arm.rtsarm.aem4f : Text.oem4f (.text:xdc_runtime_Text_putLab__E)
                  00008937    00000001     --HOLE-- [fill = 0]
                  00008938    0000005a     grlib.lib : string.obj (.text:FontWideGlyphDataGet)
                  00008992    00000006     driverlib.lib : sysctl.obj (.text:SysCtlDelay)
                  00008998    00000058     buttons.obj (.text:ButtonAutoRepeat)
                  000089f0    00000058     boot.aem4f : boot.oem4f (.text)
                  00008a48    00000058     rtsv7M4_T_le_v4SPD16_eabi.lib : hostwrite.c.obj (.text:HOSTwrite)
                  00008aa0    00000058     driverlib.lib : timer.obj (.text:TimerControlTrigger)
                  00008af8    00000058     sysbios.aem4f : m3_Hwi_asm_switch.obj (.text:ti_sysbios_family_arm_m3_Hwi_initStacks__E)
                  00008b50    00000056     rtsv7M4_T_le_v4SPD16_eabi.lib : _printfi.c.obj (.text:_pconv_f)
                  00008ba6    00000054                                   : ltoa.c.obj (.text:ltoa)
                  00008bfa    00000006     ti.targets.arm.rtsarm.aem4f : System.oem4f (.text:xdc_runtime_System_Module_startup__E)
                  00008c00    00000054     main.obj (.text:main)
                  00008c54    00000004     --HOLE-- [fill = 0]
                  00008c58    00000054     sysbios.aem4f : BIOS.obj (.text:ti_sysbios_family_arm_lm4_Timer_initDevice__I)
                  00008cac    00000054     ti.targets.arm.rtsarm.aem4f : Assert.oem4f (.text:xdc_runtime_Assert_raise__I)
                  00008d00    00000052     rtsv7M4_T_le_v4SPD16_eabi.lib : _printfi.c.obj (.text:_ecpy)
                  00008d52    00000002     --HOLE-- [fill = 0]
                  00008d54    00000050     Boot.aem4f : Boot_sysctl.oem4f (.text:_SysCtlFrequencyGet)
                  00008da4    00000004     --HOLE-- [fill = 0]
                  00008da8    00000050     sysbios.aem4f : BIOS.obj (.text:ti_sysbios_family_arm_m3_Hwi_Module_startup__E)
                  00008df8    00000050     ti.targets.arm.rtsarm.aem4f : Startup.oem4f (.text:xdc_runtime_Startup_exec__E)
                  00008e48    00000050                                 : Text.oem4f (.text:xdc_runtime_Text_visitRope2__I)
                  00008e98    0000004c     rtsv7M4_T_le_v4SPD16_eabi.lib : atoi.c.obj (.text:atoi)
                  00008ee4    0000004c                                   : cpy_tbl.c.obj (.text:copy_in)
                  00008f30    0000004c                                   : snprintf.c.obj (.text:snprintf)
                  00008f7c    00000004     --HOLE-- [fill = 0]
                  00008f80    0000004c     sysbios.aem4f : BIOS.obj (.text:ti_sysbios_heaps_HeapMem_getStats__E)
                  00008fcc    00000004     --HOLE-- [fill = 0]
                  00008fd0    0000004c                   : BIOS.obj (.text:ti_sysbios_knl_Swi_runLoop__I)
                  0000901c    00000004     --HOLE-- [fill = 0]
                  00009020    0000004c                   : BIOS.obj (.text:ti_sysbios_knl_Task_allBlockedFunction__I)
                  0000906c    0000004a     grlib.lib : string.obj (.text:UpdateContextCharMapping)
                  000090b6    00000002     --HOLE-- [fill = 0]
                  000090b8    00000048     buttons.obj (.text:ADC_ISR)
                  00009100    00000048     driverlib.lib : gpio.obj (.text:GPIOPinConfigure)
                  00009148    00000048     HAL_EK_TM4C1294XL_Crystalfontz128x128_ST7735.obj (.text:HAL_LCD_writeCommand)
                  00009190    00000048     driverlib.lib : sysctl.obj (.text:_SysCtlFrequencyGet)
                  000091d8    00000048     rtsv7M4_T_le_v4SPD16_eabi.lib : fd_toi_t2.asm.obj (.text)
                  00009220    00000048     sysbios.aem4f : BIOS.obj (.text:ti_sysbios_family_arm_lm4_Timer_enableTimers__I)
                  00009268    00000048                   : BIOS.obj (.text:ti_sysbios_family_arm_m3_Hwi_disableInterrupt__E)
                  000092b0    00000048                   : BIOS.obj (.text:ti_sysbios_family_arm_m3_Hwi_enableInterrupt__E)
                  000092f8    00000048                   : BIOS.obj (.text:ti_sysbios_family_arm_m3_Hwi_excReserved__I)
                  00009340    00000048                   : BIOS.obj (.text:ti_sysbios_knl_Mailbox_Module_startup__E)
                  00009388    00000046     grlib.lib : line.obj (.text:GrLineDrawH)
                  000093ce    00000046               : line.obj (.text:GrLineDrawV)
                  00009414    00000046     ti.targets.arm.rtsarm.aem4f : Core-params.oem4f (.text:xdc_runtime_Core_assignParams__I)
                  0000945a    00000006     --HOLE-- [fill = 0]
                  00009460    00000044     Crystalfontz128x128_ST7735.obj (.text:Crystalfontz128x128_SetOrientation)
                  000094a4    00000004     --HOLE-- [fill = 0]
                  000094a8    00000044     sysbios.aem4f : BIOS.obj (.text:ti_sysbios_family_arm_lm4_Timer_isrStub__E)
                  000094ec    00000004     --HOLE-- [fill = 0]
                  000094f0    00000044                   : BIOS.obj (.text:ti_sysbios_family_arm_m3_Hwi_getStackInfo__E)
                  00009534    00000004     --HOLE-- [fill = 0]
                  00009538    00000044                   : BIOS.obj (.text:ti_sysbios_knl_Swi_post__E)
                  0000957c    00000044     ti.targets.arm.rtsarm.aem4f : Error.oem4f (.text:xdc_runtime_Error_setX__E)
                  000095c0    00000044                                 : SysMin.oem4f (.text:xdc_runtime_SysMin_flush__E)
                  00009604    00000044                                 : Text.oem4f (.text:xdc_runtime_Text_xprintf__I)
                  00009648    00000040     Crystalfontz128x128_ST7735.obj (.text:Crystalfontz128x128_LineDrawH)
                  00009688    00000040     rtsv7M4_T_le_v4SPD16_eabi.lib : u_divt2.asm.obj (.text)
                  000096c8    00000040     sysbios.aem4f : BIOS.obj (.text:ti_sysbios_family_arm_lm4_Timer_startup__E)
                  00009708    00000040     buttons.obj (.text:zero_crossing_point)
                  00009748    0000003e     driverlib.lib : adc.obj (.text:ADCSequenceConfigure)
                  00009786    0000003e     rtsv7M4_T_le_v4SPD16_eabi.lib : _printfi.c.obj (.text:_fcpy)
                  000097c4    0000003c     driverlib.lib : ssi.obj (.text:SSIConfigSetExpClk)
                  00009800    0000003c     sysbios.aem4f : BIOS.obj (.text:ti_sysbios_family_arm_m3_Hwi_excSvCall__I)
                  0000983c    00000004     --HOLE-- [fill = 0]
                  00009840    0000003c                   : BIOS.obj (.text:ti_sysbios_heaps_HeapMem_init__I)
                  0000987c    00000004     --HOLE-- [fill = 0]
                  00009880    0000003c                   : BIOS.obj (.text:ti_sysbios_knl_Swi_restore__E)
                  000098bc    0000003a     grlib.lib : string.obj (.text:FontGlyphDataGet)
                  000098f6    00000002     --HOLE-- [fill = 0]
                  000098f8    00000038     Crystalfontz128x128_ST7735.obj (.text:Crystalfontz128x128_Flush)
                  00009930    00000038     rtsv7M4_T_le_v4SPD16_eabi.lib : trgmsg.c.obj (.text:__TI_writemsg)
                  00009968    00000038                                   : fs_tod_t2.asm.obj (.text)
                  000099a0    00000038     sysbios.aem4f : BIOS.obj (.text:ti_sysbios_family_arm_m3_Hwi_excNoIsr__I)
                  000099d8    00000038                   : BIOS.obj (.text:ti_sysbios_knl_Task_processVitalTaskFlag__I)
                  00009a10    00000038     ti.targets.arm.rtsarm.aem4f : SysMin.oem4f (.text:xdc_runtime_SysMin_putch__E)
                  00009a48    00000038                                 : System.oem4f (.text:xdc_runtime_System_atexit__E)
                  00009a80    00000036     grlib.lib : line.obj (.text:GrClipCodeGet)
                  00009ab6    00000002     --HOLE-- [fill = 0]
                  00009ab8    00000034     driverlib.lib : sysctl.obj (.text:SysCtlPeripheralEnable)
                  00009aec    00000034     rtsv7M4_T_le_v4SPD16_eabi.lib : trgmsg.c.obj (.text:__TI_readmsg)
                  00009b20    00000034     sysbios.aem4f : BIOS.obj (.text:ti_sysbios_family_arm_m3_Hwi_excNmi__I)
                  00009b54    00000004     --HOLE-- [fill = 0]
                  00009b58    00000034                   : BIOS.obj (.text:ti_sysbios_hal_Hwi_checkStack)
                  00009b8c    00000034     ti.targets.arm.rtsarm.aem4f : Core-label.oem4f (.text:xdc_runtime_Core_assignLabel__I)
                  00009bc0    00000033                                 : Text.oem4f (.text:xdc_runtime_Text_printVisFxn__I)
                  00009bf3    00000005     --HOLE-- [fill = 0]
                  00009bf8    00000032     sysbios.aem4f : BIOS.obj (.text:ti_sysbios_hal_Hwi_initStack)
                  00009c2a    00000030     rtsv7M4_T_le_v4SPD16_eabi.lib : snprintf.c.obj (.text:_outs)
                  00009c5a    00000006     --HOLE-- [fill = 0]
                  00009c60    00000030     rtos_pem4f.oem4f (.text:ti_sysbios_BIOS_atExitFunc__I)
                  00009c90    00000030     sysbios.aem4f : BIOS.obj (.text:ti_sysbios_family_arm_lm4_Timer_stop__E)
                  00009cc0    00000030                   : BIOS.obj (.text:ti_sysbios_family_arm_m3_TaskSupport_start__E)
                  00009cf0    00000030     rtos_pem4f.oem4f (.text:ti_sysbios_gates_GateHwi_Object__create__S)
                  00009d20    00000030     rtos_pem4f.oem4f (.text:ti_sysbios_gates_GateMutex_Object__create__S)
                  00009d50    00000030     rtos_pem4f.oem4f (.text:ti_sysbios_heaps_HeapMem_Object__create__S)
                  00009d80    00000030     sysbios.aem4f : BIOS.obj (.text:ti_sysbios_knl_Mailbox_postInit__I)
                  00009db0    00000030     rtos_pem4f.oem4f (.text:ti_sysbios_knl_Semaphore_construct)
                  00009de0    00000030     sysbios.aem4f : BIOS.obj (.text:ti_sysbios_knl_Semaphore_pendTimeout__I)
                  00009e10    00000030                   : BIOS.obj (.text:ti_sysbios_knl_Task_unblockI__E)
                  00009e40    00000030     ti.targets.arm.rtsarm.aem4f : SysMin.oem4f (.text:xdc_runtime_SysMin_abort__E)
                  00009e70    00000030                                 : System.oem4f (.text:xdc_runtime_System_processAtExit__E)
                  00009ea0    0000002e     driverlib.lib : adc.obj (.text:ADCIntStatus)
                  00009ece    0000002e     grlib.lib : string.obj (.text:GrStringNextCharGet)
                  00009efc    00000004     --HOLE-- [fill = 0]
                  00009f00    0000002e     rtos_pem4f.oem4f (.text:malloc)
                  00009f2e    0000002e     rtsv7M4_T_le_v4SPD16_eabi.lib : i_tofd_t2.asm.obj (.text)
                  00009f5c    00000004     --HOLE-- [fill = 0]
                  00009f60    0000002c     rtos_pem4f.oem4f (.text:ti_sysbios_knl_Clock_doTick__I)
                  00009f8c    00000004     --HOLE-- [fill = 0]
                  00009f90    0000002c     rtos_pem4f.oem4f (.text:ti_sysbios_knl_Queue_construct)
                  00009fbc    00000004     --HOLE-- [fill = 0]
                  00009fc0    0000002c     sysbios.aem4f : BIOS.obj (.text:ti_sysbios_knl_Task_restore__E)
                  00009fec    0000002c     ti.targets.arm.rtsarm.aem4f : Text.oem4f (.text:xdc_runtime_Text_cordText__E)
                  0000a018    0000002a     driverlib.lib : gpio.obj (.text:GPIODirModeSet)
                  0000a042    0000002a     ti.targets.arm.rtsarm.aem4f : System.oem4f (.text:xdc_runtime_System_putchar__I)
                  0000a06c    00000004     --HOLE-- [fill = 0]
                  0000a070    00000028     sysbios.aem4f : BIOS.obj (.text:ti_sysbios_knl_Clock_addI__E)
                  0000a098    00000028                   : BIOS.obj (.text:ti_sysbios_knl_Swi_Module_startup__E)
                  0000a0c0    00000026     grlib.lib : string.obj (.text:GrFontInfoGet)
                  0000a0e6    00000026     sysbios.aem4f : m3_Hwi_asm.obj (.text:ti_sysbios_family_arm_m3_Hwi_pendSV__I)
                  0000a10c    00000026     ti.targets.arm.rtsarm.aem4f : System.oem4f (.text:xdc_runtime_System_avprintf__E)
                  0000a132    00000006     --HOLE-- [fill = 0]
                  0000a138    00000024     rtos_pem4f.oem4f (.text:ti_sysbios_BIOS_errorRaiseHook__I)
                  0000a15c    00000004     --HOLE-- [fill = 0]
                  0000a160    00000024     rtos_pem4f.oem4f (.text:ti_sysbios_BIOS_registerRTSLock__I)
                  0000a184    00000004     --HOLE-- [fill = 0]
                  0000a188    00000024     rtos_pem4f.oem4f (.text:ti_sysbios_BIOS_removeRTSLock__I)
                  0000a1ac    00000004     --HOLE-- [fill = 0]
                  0000a1b0    00000024     rtos_pem4f.oem4f (.text:ti_sysbios_BIOS_startFunc__I)
                  0000a1d4    00000004     --HOLE-- [fill = 0]
                  0000a1d8    00000024     rtos_pem4f.oem4f (.text:ti_sysbios_gates_GateMutex_Object__delete__S)
                  0000a1fc    00000004     --HOLE-- [fill = 0]
                  0000a200    00000024     sysbios.aem4f : BIOS.obj (.text:ti_sysbios_knl_Clock_Module_startup__E)
                  0000a224    00000004     --HOLE-- [fill = 0]
                  0000a228    00000024                   : BIOS.obj (.text:ti_sysbios_knl_Task_restoreHwi__E)
                  0000a24c    00000024     ti.targets.arm.rtsarm.aem4f : System.oem4f (.text:xdc_runtime_System_vprintf__E)
                  0000a270    00000022     grlib.lib : string.obj (.text:GrFontGlyphDataGet)
                  0000a292    00000006     --HOLE-- [fill = 0]
                  0000a298    00000022     sysbios.aem4f : BIOS.obj (.text:ti_sysbios_family_arm_lm4_Timer_write__I)
                  0000a2ba    00000006     --HOLE-- [fill = 0]
                  0000a2c0    00000022     rtos_pem4f.oem4f (.text:xdc_runtime_SysMin_output__I)
                  0000a2e2    00000002     --HOLE-- [fill = 0]
                  0000a2e4    00000020     Boot.aem4f : Boot_sysctl.oem4f (.text:_SysCtlMemTimingGet)
                  0000a304    00000004     --HOLE-- [fill = 0]
                  0000a308    00000020     rtos_pem4f.oem4f (.text:ti_sysbios_BIOS_rtsLock__I)
                  0000a328    00000020     sysbios.aem4f : m3_Hwi_asm.obj (.text:ti_sysbios_family_arm_m3_Hwi_excHandlerAsm__I)
                  0000a348    00000020                   : BIOS.obj (.text:ti_sysbios_family_arm_m3_Hwi_excHandler__I)
                  0000a368    00000020     rtos_pem4f.oem4f (.text:ti_sysbios_gates_GateHwi_Object__delete__S)
                  0000a388    00000020     rtos_pem4f.oem4f (.text:ti_sysbios_heaps_HeapMem_Object__delete__S)
                  0000a3a8    00000020     sysbios.aem4f : BIOS.obj (.text:ti_sysbios_knl_Idle_run__E)
                  0000a3c8    00000020     rtos_pem4f.oem4f (.text:ti_sysbios_knl_Semaphore_Object__destruct__S)
                  0000a3e8    00000020     ti.targets.arm.rtsarm.aem4f : Registry.oem4f (.text:xdc_runtime_Registry_findById__E)
                  0000a408    00000020                                 : SysMin.oem4f (.text:xdc_runtime_SysMin_Module_startup__E)
                  0000a428    0000001e     driverlib.lib : adc.obj (.text:ADCSequenceDataGet)
                  0000a446    00000002     --HOLE-- [fill = 0]
                  0000a448    0000001e     Crystalfontz128x128_ST7735.obj (.text:Crystalfontz128x128_ColorTranslate)
                  0000a466    0000001e     grlib.lib : string.obj (.text:GrFontCodepageGet)
                  0000a484    0000001e     sysbios.aem4f : m3_Hwi_asm_switch.obj (.text:ti_sysbios_family_xxx_Hwi_switchAndRunFunc)
                  0000a4a2    00000006     --HOLE-- [fill = 0]
                  0000a4a8    0000001c     Crystalfontz128x128_ST7735.obj (.text:Crystalfontz128x128_LineDrawV)
                  0000a4c4    0000001c     driverlib.lib : sysctl.obj (.text:_SysCtlMemTimingGet)
                  0000a4e0    0000001c     rtsv7M4_T_le_v4SPD16_eabi.lib : memccpy.c.obj (.text:memccpy)
                  0000a4fc    00000004     --HOLE-- [fill = 0]
                  0000a500    0000001c     sysbios.aem4f : BIOS.obj (.text:ti_sysbios_gates_GateMutex_Instance_init__E)
                  0000a51c    00000004     --HOLE-- [fill = 0]
                  0000a520    0000001c     rtos_pem4f.oem4f (.text:ti_sysbios_knl_Queue_Object__destruct__S)
                  0000a53c    00000004     --HOLE-- [fill = 0]
                  0000a540    0000001c     sysbios.aem4f : BIOS.obj (.text:ti_sysbios_knl_Queue_get__E)
                  0000a55c    00000004     --HOLE-- [fill = 0]
                  0000a560    0000001c                   : BIOS.obj (.text:ti_sysbios_knl_Queue_put__E)
                  0000a57c    00000004     --HOLE-- [fill = 0]
                  0000a580    0000001c                   : BIOS.obj (.text:ti_sysbios_knl_Task_enter__I)
                  0000a59c    0000001c     ti.targets.arm.rtsarm.aem4f : Error.oem4f (.text:xdc_runtime_Error_raiseX__E)
                  0000a5b8    0000001c                                 : Memory.oem4f (.text:xdc_runtime_Memory_valloc__E)
                  0000a5d4    0000001c                                 : SysMin.oem4f (.text:xdc_runtime_SysMin_exit__E)
                  0000a5f0    0000001c                                 : System.oem4f (.text:xdc_runtime_System_abort__E)
                  0000a60c    00000004     --HOLE-- [fill = 0]
                  0000a610    0000001a     rtos_pem4f.oem4f (.text:free)
                  0000a62a    00000006     --HOLE-- [fill = 0]
                  0000a630    0000001a     rtos_pem4f.oem4f (.text:ti_sysbios_family_arm_m3_Hwi_Handle__label__S)
                  0000a64a    00000006     --HOLE-- [fill = 0]
                  0000a650    0000001a     rtos_pem4f.oem4f (.text:ti_sysbios_gates_GateHwi_Handle__label__S)
                  0000a66a    00000006     --HOLE-- [fill = 0]
                  0000a670    0000001a     rtos_pem4f.oem4f (.text:ti_sysbios_gates_GateMutex_Handle__label__S)
                  0000a68a    00000006     --HOLE-- [fill = 0]
                  0000a690    0000001a     rtos_pem4f.oem4f (.text:ti_sysbios_heaps_HeapMem_Handle__label__S)
                  0000a6aa    00000006     --HOLE-- [fill = 0]
                  0000a6b0    0000001a     rtos_pem4f.oem4f (.text:ti_sysbios_knl_Swi_Handle__label__S)
                  0000a6ca    00000006     --HOLE-- [fill = 0]
                  0000a6d0    0000001a     rtos_pem4f.oem4f (.text:ti_sysbios_knl_Task_Handle__label__S)
                  0000a6ea    00000006     --HOLE-- [fill = 0]
                  0000a6f0    0000001a     rtos_pem4f.oem4f (.text:xdc_runtime_System_aprintf__E)
                  0000a70a    00000006     --HOLE-- [fill = 0]
                  0000a710    0000001a     rtos_pem4f.oem4f (.text:xdc_runtime_System_printf__E)
                  0000a72a    00000018     driverlib.lib : adc.obj (.text:ADCClockConfigSet)
                  0000a742    00000018                   : adc.obj (.text:ADCProcessorTrigger)
                  0000a75a    00000018                   : gpio.obj (.text:GPIOPinTypeGPIOOutput)
                  0000a772    00000002     --HOLE-- [fill = 0]
                  0000a774    00000018     rtsv7M4_T_le_v4SPD16_eabi.lib : args_main.c.obj (.text:_args_main)
                  0000a78c    00000018                                   : snprintf.c.obj (.text:_outc)
                  0000a7a4    00000004     --HOLE-- [fill = 0]
                  0000a7a8    00000018     rtos_pem4f.oem4f (.text:ti_sysbios_BIOS_rtsUnlock__I)
                  0000a7c0    00000018     rtos_pem4f.oem4f (.text:ti_sysbios_family_arm_lm4_Timer_Module__startupDone__F)
                  0000a7d8    00000018     rtos_pem4f.oem4f (.text:ti_sysbios_family_arm_m3_Hwi_Module__startupDone__F)
                  0000a7f0    00000018     sysbios.aem4f : m3_TaskSupport_asm.obj (.text:ti_sysbios_family_arm_m3_TaskSupport_swap__E)
                  0000a808    00000018                   : BIOS.obj (.text:ti_sysbios_gates_GateMutex_leave__E)
                  0000a820    00000018     ti.targets.arm.rtsarm.aem4f : Error.oem4f (.text:xdc_runtime_Error_check__E)
                  0000a838    00000018                                 : System.oem4f (.text:xdc_runtime_System_exit__E)
                  0000a850    00000018                                 : Text.oem4f (.text:xdc_runtime_Text_ropeText__E)
                  0000a868    00000016     grlib.lib : string.obj (.text:GrStringDraw)
                  0000a87e    00000016     rtsv7M4_T_le_v4SPD16_eabi.lib : strchr.c.obj (.text:strchr)
                  0000a894    00000004     --HOLE-- [fill = 0]
                  0000a898    00000016     rtos_pem4f.oem4f (.text:ti_sysbios_BIOS_exitFunc__I)
                  0000a8ae    00000002     --HOLE-- [fill = 0]
                  0000a8b0    00000016     sysbios.aem4f : BIOS.obj (.text:ti_sysbios_knl_Task_unblock__E)
                  0000a8c6    00000002     --HOLE-- [fill = 0]
                  0000a8c8    00000014     Crystalfontz128x128_ST7735.obj (.text:Crystalfontz128x128_PixelDraw)
                  0000a8dc    00000014     driverlib.lib : timer.obj (.text:TimerDisable)
                  0000a8f0    00000014     rtsv7M4_T_le_v4SPD16_eabi.lib : s_copysign.c.obj (.text:copysign)
                  0000a904    00000014                                   : strlen.c.obj (.text:strlen)
                  0000a918    00000014     rtos_pem4f.oem4f (.text:ti_sysbios_family_arm_m3_Hwi_Object__get__S)
                  0000a92c    00000004     --HOLE-- [fill = 0]
                  0000a930    00000014     sysbios.aem4f : BIOS.obj (.text:ti_sysbios_family_arm_m3_Hwi_switchFromBootStack__E)
                  0000a944    00000004     --HOLE-- [fill = 0]
                  0000a948    00000014     rtos_pem4f.oem4f (.text:ti_sysbios_heaps_HeapMem_Object__get__S)
                  0000a95c    00000004     --HOLE-- [fill = 0]
                  0000a960    00000014     rtos_pem4f.oem4f (.text:ti_sysbios_knl_Mailbox_Object__get__S)
                  0000a974    00000004     --HOLE-- [fill = 0]
                  0000a978    00000014     rtos_pem4f.oem4f (.text:ti_sysbios_knl_Swi_Object__get__S)
                  0000a98c    00000012     driverlib.lib : gpio.obj (.text:GPIOPinTypeADC)
                  0000a99e    00000012                   : gpio.obj (.text:GPIOPinTypeGPIOInput)
                  0000a9b0    00000012                   : gpio.obj (.text:GPIOPinTypeSSI)
                  0000a9c2    00000012                   : timer.obj (.text:TimerLoadSet)
                  0000a9d4    00000004     --HOLE-- [fill = 0]
                  0000a9d8    00000012     sysbios.aem4f : BIOS.obj (.text:ti_sysbios_hal_Hwi_Module_startup__E)
                  0000a9ea    00000012     rtsv7M4_T_le_v4SPD16_eabi.lib : wcslen.c.obj (.text:wcslen)
                  0000a9fc    00000004     --HOLE-- [fill = 0]
                  0000aa00    00000012     rtos_pem4f.oem4f (.text:xdc_runtime_Startup_exec__I)
                  0000aa12    00000006     --HOLE-- [fill = 0]
                  0000aa18    00000010     rtos_pem4f.oem4f (.text:.bootCodeSection:ti_catalog_arm_cortexm4_tiva_ce_Boot_init__I)
                  0000aa28    00000010     driverlib.lib : adc.obj (.text:ADCIntEnable)
                  0000aa38    00000010                   : interrupt.obj (.text:IntMasterDisable)
                  0000aa48    00000010                   : interrupt.obj (.text:IntMasterEnable)
                  0000aa58    00000010     sysbios.aem4f : BIOS.obj (.text:ti_sysbios_BIOS_setThreadType__E)
                  0000aa68    00000010                   : BIOS.obj (.text:ti_sysbios_BIOS_start__E)
                  0000aa78    00000010                   : m3_TaskSupport_asm.obj (.text:ti_sysbios_family_arm_m3_TaskSupport_glue)
                  0000aa88    00000010                   : BIOS.obj (.text:ti_sysbios_gates_GateMutex_Instance_finalize__E)
                  0000aa98    00000010                   : BIOS.obj (.text:ti_sysbios_knl_Semaphore_Instance_finalize__E)
                  0000aaa8    00000010                   : BIOS.obj (.text:ti_sysbios_knl_Swi_disable__E)
                  0000aab8    00000010     rtos_pem4f.oem4f (.text:ti_sysbios_knl_Task_Object__get__S)
                  0000aac8    00000010     sysbios.aem4f : BIOS.obj (.text:ti_sysbios_knl_Task_disable__E)
                  0000aad8    00000010     ti.targets.arm.rtsarm.aem4f : Gate.oem4f (.text:xdc_runtime_Gate_leaveSystem__E)
                  0000aae8    00000010                                 : Memory.oem4f (.text:xdc_runtime_Memory_free__E)
                  0000aaf8    00000010                                 : SysMin.oem4f (.text:xdc_runtime_SysMin_ready__E)
                  0000ab08    00000010                                 : System.oem4f (.text:xdc_runtime_System_vsnprintf__E)
                  0000ab18    00000010     rtos_pem4f.oem4f (.text:xdc_runtime_Text_visitRope__I)
                  0000ab28    0000000e     driverlib.lib : adc.obj (.text:ADCSequenceDisable)
                  0000ab36    0000000e                   : adc.obj (.text:ADCSequenceEnable)
                  0000ab44    0000000e     rtsv7M4_T_le_v4SPD16_eabi.lib : copy_decompress_none.c.obj (.text:decompress:none:__TI_decompress_none)
                  0000ab52    00000006     --HOLE-- [fill = 0]
                  0000ab58    0000000e     sysbios.aem4f : BIOS.obj (.text:ti_sysbios_knl_Idle_loop__E)
                  0000ab66    00000002     --HOLE-- [fill = 0]
                  0000ab68    0000000e                   : BIOS.obj (.text:ti_sysbios_knl_Queue_empty__E)
                  0000ab76    0000000c     driverlib.lib : cpu.obj (.text:CPUcpsid)
                  0000ab82    0000000c                   : cpu.obj (.text:CPUcpsie)
                  0000ab8e    00000002     --HOLE-- [fill = 0]
                  0000ab90    0000000c     HAL_EK_TM4C1294XL_Crystalfontz128x128_ST7735.obj (.text:HAL_LCD_writeData)
                  0000ab9c    0000000c     rtsv7M4_T_le_v4SPD16_eabi.lib : _lock.c.obj (.text:_register_lock)
                  0000aba8    0000000c                                   : _lock.c.obj (.text:_register_unlock)
                  0000abb4    00000004     --HOLE-- [fill = 0]
                  0000abb8    0000000c     buttons.obj (.text:clock_func)
                  0000abc4    0000000c     rtsv7M4_T_le_v4SPD16_eabi.lib : copy_zero_init.c.obj (.text:decompress:ZI:__TI_zero_init)
                  0000abd0    0000000c     sysbios.aem4f : BIOS.obj (.text:ti_sysbios_family_arm_lm4_Timer_getMaxTicks__E)
                  0000abdc    00000004     --HOLE-- [fill = 0]
                  0000abe0    0000000c                   : BIOS.obj (.text:ti_sysbios_family_arm_m3_TaskSupport_checkStack__E)
                  0000abec    00000004     --HOLE-- [fill = 0]
                  0000abf0    0000000c                   : BIOS.obj (.text:ti_sysbios_gates_GateHwi_enter__E)
                  0000abfc    00000004     --HOLE-- [fill = 0]
                  0000ac00    0000000c     rtos_pem4f.oem4f (.text:ti_sysbios_knl_Queue_Object__get__S)
                  0000ac0c    0000000c     ti.targets.arm.rtsarm.aem4f : Error.oem4f (.text:xdc_runtime_Error_init__E)
                  0000ac18    0000000c                                 : Gate.oem4f (.text:xdc_runtime_Gate_enterSystem__E)
                  0000ac24    0000000c                                 : Memory.oem4f (.text:xdc_runtime_Memory_calloc__E)
                  0000ac30    0000000c                                 : Memory.oem4f (.text:xdc_runtime_Memory_getMaxDefaultTypeAlign__E)
                  0000ac3c    0000000a     driverlib.lib : adc.obj (.text:ADCIntClear)
                  0000ac46    0000000a                   : ssi.obj (.text:SSIDataPut)
                  0000ac50    0000000a                   : ssi.obj (.text:SSIEnable)
                  0000ac5a    00000006     --HOLE-- [fill = 0]
                  0000ac60    0000000a     rtos_pem4f.oem4f (.text:xdc_runtime_IHeap_alloc)
                  0000ac6a    00000006     --HOLE-- [fill = 0]
                  0000ac70    0000000a     rtos_pem4f.oem4f (.text:xdc_runtime_IHeap_free)
                  0000ac7a    00000008     grlib.lib : charmap.obj (.text:GrMapISO8859_1_Unicode)
                  0000ac82    00000008     driverlib.lib : ssi.obj (.text:SSIBusy)
                  0000ac8a    00000002     --HOLE-- [fill = 0]
                  0000ac8c    00000008     rtsv7M4_T_le_v4SPD16_eabi.lib : errno.c.obj (.text:__aeabi_errno_addr)
                  0000ac94    00000008     sysbios.aem4f : BIOS.obj (.text:ti_sysbios_family_arm_lm4_Timer_masterDisable__I)
                  0000ac9c    00000004     --HOLE-- [fill = 0]
                  0000aca0    00000008                   : BIOS.obj (.text:ti_sysbios_family_arm_m3_Hwi_doSwiRestore__I)
                  0000aca8    00000008                   : BIOS.obj (.text:ti_sysbios_family_arm_m3_Hwi_startup__E)
                  0000acb0    00000006     kiss_fft.obj (.text:kiss_fft)
                  0000acb6    00000002     --HOLE-- [fill = 0]
                  0000acb8    00000006     sysbios.aem4f : BIOS.obj (.text:ti_sysbios_family_arm_lm4_TimestampProvider_Module_startup__E)
                  0000acbe    00000002     --HOLE-- [fill = 0]
                  0000acc0    00000006                   : BIOS.obj (.text:ti_sysbios_family_arm_m3_Hwi_doTaskRestore__I)
                  0000acc6    00000002     --HOLE-- [fill = 0]
                  0000acc8    00000006                   : BIOS.obj (.text:ti_sysbios_gates_GateHwi_leave__E)
                  0000acce    00000002     --HOLE-- [fill = 0]
                  0000acd0    00000006                   : BIOS.obj (.text:ti_sysbios_heaps_HeapMem_isBlocking__E)
                  0000acd6    00000002     --HOLE-- [fill = 0]
                  0000acd8    00000006                   : BIOS.obj (.text:ti_sysbios_knl_Queue_Instance_init__E)
                  0000acde    00000002     --HOLE-- [fill = 0]
                  0000ace0    00000006                   : BIOS.obj (.text:ti_sysbios_knl_Swi_startup__E)
                  0000ace6    00000002     --HOLE-- [fill = 0]
                  0000ace8    00000004     rtos_pem4f.oem4f (.text:ti_sysbios_BIOS_RtsGateProxy_enter__E)
                  0000acec    00000004     --HOLE-- [fill = 0]
                  0000acf0    00000004     rtos_pem4f.oem4f (.text:ti_sysbios_BIOS_RtsGateProxy_leave__E)
                  0000acf4    00000004     --HOLE-- [fill = 0]
                  0000acf8    00000004     rtos_pem4f.oem4f (.text:ti_sysbios_family_arm_m3_TaskSupport_Module__startupDone__S)
                  0000acfc    00000004     --HOLE-- [fill = 0]
                  0000ad00    00000004     sysbios.aem4f : BIOS.obj (.text:ti_sysbios_gates_GateHwi_query__E)
                  0000ad04    00000004     --HOLE-- [fill = 0]
                  0000ad08    00000004                   : BIOS.obj (.text:ti_sysbios_gates_GateMutex_query__E)
                  0000ad0c    00000004     --HOLE-- [fill = 0]
                  0000ad10    00000004     rtos_pem4f.oem4f (.text:ti_sysbios_heaps_HeapMem_Module_GateProxy_enter__E)
                  0000ad14    00000004     --HOLE-- [fill = 0]
                  0000ad18    00000004     rtos_pem4f.oem4f (.text:ti_sysbios_heaps_HeapMem_Module_GateProxy_leave__E)
                  0000ad1c    00000004     --HOLE-- [fill = 0]
                  0000ad20    00000004     rtos_pem4f.oem4f (.text:ti_sysbios_knl_Clock_TimerProxy_getMaxTicks__E)
                  0000ad24    00000004     --HOLE-- [fill = 0]
                  0000ad28    00000004     rtos_pem4f.oem4f (.text:ti_sysbios_knl_Queue_destruct)
                  0000ad2c    00000004     --HOLE-- [fill = 0]
                  0000ad30    00000004     rtos_pem4f.oem4f (.text:ti_sysbios_knl_Semaphore_destruct)
                  0000ad34    00000004     --HOLE-- [fill = 0]
                  0000ad38    00000004     sysbios.aem4f : BIOS.obj (.text:ti_sysbios_knl_Task_startup__E)
                  0000ad3c    00000004     --HOLE-- [fill = 0]
                  0000ad40    00000004     rtos_pem4f.oem4f (.text:xdc_runtime_System_Module_GateProxy_enter__E)
                  0000ad44    00000004     --HOLE-- [fill = 0]
                  0000ad48    00000004     rtos_pem4f.oem4f (.text:xdc_runtime_System_Module_GateProxy_leave__E)
                  0000ad4c    00000004     --HOLE-- [fill = 0]
                  0000ad50    00000002     rtos_pem4f.oem4f (.text:ti_sysbios_BIOS_nullFunc__I)
                  0000ad52    00000006     --HOLE-- [fill = 0]
                  0000ad58    00000002     sysbios.aem4f : BIOS.obj (.text:ti_sysbios_gates_GateHwi_Instance_init__E)
                  0000ad5a    00000006     --HOLE-- [fill = 0]
                  0000ad60    00000002                   : BIOS.obj (.text:ti_sysbios_knl_Clock_logTick__E)
                  0000ad62    00000006     --HOLE-- [fill = 0]
                  0000ad68    00000002     rtos_pem4f.oem4f (.text:xdc_runtime_Startup_reset__I)

.const     0    0000ad70    00002956     
                  0000ad70    00001998     rtos_pem4f.oem4f (.const:xdc_runtime_Text_charTab__A)
                  0000c708    000002f8     grlib.lib : fontfixed6x8.obj (.const:.string:g_pui8FontFixed6x8Data)
                  0000ca00    00000158     rtsv7M4_T_le_v4SPD16_eabi.lib : k_rem_pio2.c.obj (.const:$O1$$)
                  0000cb58    00000120     Boot.aem4f : Boot_sysctl.oem4f (.const:g_pppui32XTALtoVCO)
                  0000cc78    00000120     driverlib.lib : sysctl.obj (.const:g_pppui32XTALtoVCO)
                  0000cd98    00000101     rtsv7M4_T_le_v4SPD16_eabi.lib : ctype.c.obj (.const:.string:_ctypes_)
                  0000ce99    00000001     rtos_pem4f.oem4f (.const:xdc_runtime_Error_policy__C)
                  0000ce9a    00000002     rtos_pem4f.oem4f (.const:ti_catalog_arm_cortexm4_tiva_ce_Boot_Module__id__C)
                  0000ce9c    000000c8     grlib.lib : fontfixed6x8.obj (.const:g_sFontFixed6x8)
                  0000cf64    000000c8     rtos_pem4f.oem4f (.const:xdc_runtime_Text_nodeTab__A)
                  0000d02c    00000090     driverlib.lib : gpio.obj (.const:g_pui32GPIOBaseAddrs)
                  0000d0bc    0000006c     Boot.aem4f : Boot_sysctl.oem4f (.const:g_pui32Xtals)
                  0000d128    0000006c     driverlib.lib : sysctl.obj (.const:g_pui32Xtals)
                  0000d194    00000048     rtos_pem4f.oem4f (.const:.string)
                  0000d1dc    00000034     rtos_pem4f.oem4f (.const)
                  0000d210    00000030     Boot.aem4f : Boot_sysctl.oem4f (.const:g_sXTALtoMEMTIM)
                  0000d240    00000030     driverlib.lib : sysctl.obj (.const:g_sXTALtoMEMTIM)
                  0000d270    0000002c     main.obj (.const:.string)
                  0000d29c    00000028     Crystalfontz128x128_ST7735.obj (.const:g_sCrystalfontz128x128)
                  0000d2c4    00000028     rtos_pem4f.oem4f (.const:ti_sysbios_heaps_HeapMem_Module__FXNS__C)
                  0000d2ec    00000028     rtos_pem4f.oem4f (.const:xdc_runtime_Startup_sfxnTab__A)
                  0000d314    00000024     rtos_pem4f.oem4f (.const:ti_sysbios_gates_GateHwi_Module__FXNS__C)
                  0000d338    00000024     rtos_pem4f.oem4f (.const:ti_sysbios_gates_GateMutex_Module__FXNS__C)
                  0000d35c    00000024     rtos_pem4f.oem4f (.const:ti_sysbios_heaps_HeapMem_Object__PARAMS__C)
                  0000d380    00000024     rtos_pem4f.oem4f (.const:ti_sysbios_knl_Semaphore_Object__PARAMS__C)
                  0000d3a4    00000020     rtos_pem4f.oem4f (.const:ti_sysbios_gates_GateHwi_Object__DESC__C)
                  0000d3c4    00000020     rtos_pem4f.oem4f (.const:ti_sysbios_gates_GateMutex_Object__DESC__C)
                  0000d3e4    00000020     rtos_pem4f.oem4f (.const:ti_sysbios_heaps_HeapMem_Object__DESC__C)
                  0000d404    00000020     rtos_pem4f.oem4f (.const:ti_sysbios_knl_Queue_Object__DESC__C)
                  0000d424    00000020     rtos_pem4f.oem4f (.const:ti_sysbios_knl_Semaphore_Object__DESC__C)
                  0000d444    00000018     rtos_pem4f.oem4f (.const:ti_sysbios_gates_GateHwi_Object__PARAMS__C)
                  0000d45c    00000018     rtos_pem4f.oem4f (.const:ti_sysbios_gates_GateMutex_Object__PARAMS__C)
                  0000d474    00000018     rtos_pem4f.oem4f (.const:ti_sysbios_knl_Queue_Object__PARAMS__C)
                  0000d48c    00000018     rtos_pem4f.oem4f (.const:xdc_runtime_Startup_firstFxns__A)
                  0000d4a4    00000014     rtos_pem4f.oem4f (.const:xdc_runtime_Startup_sfxnRts__A)
                  0000d4b8    00000010     main.obj (.const:gVoltageScaleStr)
                  0000d4c8    00000010     grlib.lib : context.obj (.const)
                  0000d4d8    00000008     Boot.aem4f : Boot_sysctl.oem4f (.const)
                  0000d4e0    00000008     driverlib.lib : sysctl.obj (.const)
                  0000d4e8    00000008     main.obj (.const:gTriggerSlopeStr)
                  0000d4f0    00000008     rtos_pem4f.oem4f (.const:ti_sysbios_family_arm_m3_Hwi_excHookFuncs__A)
                  0000d4f8    00000008     rtos_pem4f.oem4f (.const:ti_sysbios_knl_Idle_funcList__C)
                  0000d500    00000008     rtos_pem4f.oem4f (.const:xdc_runtime_Startup_firstFxns__C)
                  0000d508    00000008     rtos_pem4f.oem4f (.const:xdc_runtime_Startup_lastFxns__C)
                  0000d510    00000004     rtos_pem4f.oem4f (.const:ti_catalog_arm_cortexm4_tiva_ce_Boot_A_mustNotUseEnhancedClockMode__C)
                  0000d514    00000004     rtos_pem4f.oem4f (.const:ti_catalog_arm_cortexm4_tiva_ce_Boot_Module__diagsEnabled__C)
                  0000d518    00000004     rtos_pem4f.oem4f (.const:ti_catalog_arm_cortexm4_tiva_ce_Boot_Module__diagsIncluded__C)
                  0000d51c    00000004     rtos_pem4f.oem4f (.const:ti_catalog_arm_cortexm4_tiva_ce_Boot_Module__diagsMask__C)
                  0000d520    00000004     rtos_pem4f.oem4f (.const:ti_sysbios_family_arm_lm4_Timer_enableFunc__C)
                  0000d524    00000004     rtos_pem4f.oem4f (.const:ti_sysbios_family_arm_lm4_Timer_numTimerDevices__C)
                  0000d528    00000004     rtos_pem4f.oem4f (.const:ti_sysbios_family_arm_lm4_Timer_startupNeeded__C)
                  0000d52c    00000004     rtos_pem4f.oem4f (.const:ti_sysbios_family_arm_lm4_TimestampProvider_Module__diagsEnabled__C)
                  0000d530    00000004     rtos_pem4f.oem4f (.const:ti_sysbios_family_arm_lm4_TimestampProvider_Module__diagsIncluded__C)
                  0000d534    00000004     rtos_pem4f.oem4f (.const:ti_sysbios_family_arm_lm4_TimestampProvider_Module__diagsMask__C)
                  0000d538    00000004     rtos_pem4f.oem4f (.const:ti_sysbios_family_arm_m3_Hwi_E_NMI__C)
                  0000d53c    00000004     rtos_pem4f.oem4f (.const:ti_sysbios_family_arm_m3_Hwi_E_busFault__C)
                  0000d540    00000004     rtos_pem4f.oem4f (.const:ti_sysbios_family_arm_m3_Hwi_E_debugMon__C)
                  0000d544    00000004     rtos_pem4f.oem4f (.const:ti_sysbios_family_arm_m3_Hwi_E_hardFault__C)
                  0000d548    00000004     rtos_pem4f.oem4f (.const:ti_sysbios_family_arm_m3_Hwi_E_memFault__C)
                  0000d54c    00000004     rtos_pem4f.oem4f (.const:ti_sysbios_family_arm_m3_Hwi_E_noIsr__C)
                  0000d550    00000004     rtos_pem4f.oem4f (.const:ti_sysbios_family_arm_m3_Hwi_E_reserved__C)
                  0000d554    00000004     rtos_pem4f.oem4f (.const:ti_sysbios_family_arm_m3_Hwi_E_svCall__C)
                  0000d558    00000004     rtos_pem4f.oem4f (.const:ti_sysbios_family_arm_m3_Hwi_E_usageFault__C)
                  0000d55c    00000004     rtos_pem4f.oem4f (.const:ti_sysbios_family_arm_m3_Hwi_NUM_INTERRUPTS__C)
                  0000d560    00000004     rtos_pem4f.oem4f (.const:ti_sysbios_family_arm_m3_Hwi_Object__count__C)
                  0000d564    00000004     rtos_pem4f.oem4f (.const:ti_sysbios_family_arm_m3_Hwi_ccr__C)
                  0000d568    00000004     rtos_pem4f.oem4f (.const:ti_sysbios_family_arm_m3_Hwi_excHandlerFunc__C)
                  0000d56c    00000004     rtos_pem4f.oem4f (.const:ti_sysbios_family_arm_m3_Hwi_excHookFuncs__C)
                  0000d570    00000004     rtos_pem4f.oem4f (.const:ti_sysbios_family_arm_m3_Hwi_nullIsrFunc__C)
                  0000d574    00000004     rtos_pem4f.oem4f (.const:ti_sysbios_family_arm_m3_Hwi_priGroup__C)
                  0000d578    00000004     rtos_pem4f.oem4f (.const:ti_sysbios_gates_GateMutex_A_badContext__C)
                  0000d57c    00000004     rtos_pem4f.oem4f (.const:ti_sysbios_gates_GateMutex_Instance_State_sem__O)
                  0000d580    00000004     rtos_pem4f.oem4f (.const:ti_sysbios_gates_GateMutex_Module__diagsEnabled__C)
                  0000d584    00000004     rtos_pem4f.oem4f (.const:ti_sysbios_gates_GateMutex_Module__diagsIncluded__C)
                  0000d588    00000004     rtos_pem4f.oem4f (.const:ti_sysbios_gates_GateMutex_Module__diagsMask__C)
                  0000d58c    00000004     rtos_pem4f.oem4f (.const:ti_sysbios_hal_Hwi_E_stackOverflow__C)
                  0000d590    00000004     rtos_pem4f.oem4f (.const:ti_sysbios_heaps_HeapMem_A_align__C)
                  0000d594    00000004     rtos_pem4f.oem4f (.const:ti_sysbios_heaps_HeapMem_A_heapSize__C)
                  0000d598    00000004     rtos_pem4f.oem4f (.const:ti_sysbios_heaps_HeapMem_A_invalidFree__C)
                  0000d59c    00000004     rtos_pem4f.oem4f (.const:ti_sysbios_heaps_HeapMem_A_zeroBlock__C)
                  0000d5a0    00000004     rtos_pem4f.oem4f (.const:ti_sysbios_heaps_HeapMem_E_memory__C)
                  0000d5a4    00000004     rtos_pem4f.oem4f (.const:ti_sysbios_heaps_HeapMem_Module__diagsEnabled__C)
                  0000d5a8    00000004     rtos_pem4f.oem4f (.const:ti_sysbios_heaps_HeapMem_Module__diagsIncluded__C)
                  0000d5ac    00000004     rtos_pem4f.oem4f (.const:ti_sysbios_heaps_HeapMem_Module__diagsMask__C)
                  0000d5b0    00000004     rtos_pem4f.oem4f (.const:ti_sysbios_heaps_HeapMem_Module__gateObj__C)
                  0000d5b4    00000004     rtos_pem4f.oem4f (.const:ti_sysbios_heaps_HeapMem_Object__count__C)
                  0000d5b8    00000004     rtos_pem4f.oem4f (.const:ti_sysbios_heaps_HeapMem_reqAlign__C)
                  0000d5bc    00000004     rtos_pem4f.oem4f (.const:ti_sysbios_knl_Clock_Module_State_clockQ__O)
                  0000d5c0    00000004     rtos_pem4f.oem4f (.const:ti_sysbios_knl_Idle_funcList__A)
                  0000d5c4    00000004     rtos_pem4f.oem4f (.const:ti_sysbios_knl_Mailbox_Instance_State_dataQue__O)
                  0000d5c8    00000004     rtos_pem4f.oem4f (.const:ti_sysbios_knl_Mailbox_Instance_State_dataSem__O)
                  0000d5cc    00000004     rtos_pem4f.oem4f (.const:ti_sysbios_knl_Mailbox_Instance_State_freeQue__O)
                  0000d5d0    00000004     rtos_pem4f.oem4f (.const:ti_sysbios_knl_Mailbox_Instance_State_freeSem__O)
                  0000d5d4    00000004     rtos_pem4f.oem4f (.const:ti_sysbios_knl_Mailbox_Object__count__C)
                  0000d5d8    00000004     rtos_pem4f.oem4f (.const:ti_sysbios_knl_Mailbox_maxTypeAlign__C)
                  0000d5dc    00000004     rtos_pem4f.oem4f (.const:ti_sysbios_knl_Semaphore_A_badContext__C)
                  0000d5e0    00000004     rtos_pem4f.oem4f (.const:ti_sysbios_knl_Semaphore_A_noEvents__C)
                  0000d5e4    00000004     rtos_pem4f.oem4f (.const:ti_sysbios_knl_Semaphore_A_overflow__C)
                  0000d5e8    00000004     rtos_pem4f.oem4f (.const:ti_sysbios_knl_Semaphore_A_pendTaskDisabled__C)
                  0000d5ec    00000004     rtos_pem4f.oem4f (.const:ti_sysbios_knl_Semaphore_Instance_State_pendQ__O)
                  0000d5f0    00000004     rtos_pem4f.oem4f (.const:ti_sysbios_knl_Semaphore_Module__diagsEnabled__C)
                  0000d5f4    00000004     rtos_pem4f.oem4f (.const:ti_sysbios_knl_Semaphore_Module__diagsIncluded__C)
                  0000d5f8    00000004     rtos_pem4f.oem4f (.const:ti_sysbios_knl_Semaphore_Module__diagsMask__C)
                  0000d5fc    00000004     rtos_pem4f.oem4f (.const:ti_sysbios_knl_Swi_Object__count__C)
                  0000d600    00000004     rtos_pem4f.oem4f (.const:ti_sysbios_knl_Task_E_spOutOfBounds__C)
                  0000d604    00000004     rtos_pem4f.oem4f (.const:ti_sysbios_knl_Task_E_stackOverflow__C)
                  0000d608    00000004     rtos_pem4f.oem4f (.const:ti_sysbios_knl_Task_Module_State_inactiveQ__O)
                  0000d60c    00000004     rtos_pem4f.oem4f (.const:ti_sysbios_knl_Task_Object__count__C)
                  0000d610    00000004     rtos_pem4f.oem4f (.const:ti_sysbios_knl_Task_allBlockedFunc__C)
                  0000d614    00000004     rtos_pem4f.oem4f (.const:ti_sysbios_knl_Task_numConstructedTasks__C)
                  0000d618    00000004     rtos_pem4f.oem4f (.const:xdc_runtime_Assert_E_assertFailed__C)
                  0000d61c    00000004     rtos_pem4f.oem4f (.const:xdc_runtime_Core_A_initializedParams__C)
                  0000d620    00000004     rtos_pem4f.oem4f (.const:xdc_runtime_Core_Module__diagsEnabled__C)
                  0000d624    00000004     rtos_pem4f.oem4f (.const:xdc_runtime_Core_Module__diagsIncluded__C)
                  0000d628    00000004     rtos_pem4f.oem4f (.const:xdc_runtime_Core_Module__diagsMask__C)
                  0000d62c    00000004     rtos_pem4f.oem4f (.const:xdc_runtime_Error_E_memory__C)
                  0000d630    00000004     rtos_pem4f.oem4f (.const:xdc_runtime_Error_Module__diagsEnabled__C)
                  0000d634    00000004     rtos_pem4f.oem4f (.const:xdc_runtime_Error_Module__diagsIncluded__C)
                  0000d638    00000004     rtos_pem4f.oem4f (.const:xdc_runtime_Error_Module__diagsMask__C)
                  0000d63c    00000004     rtos_pem4f.oem4f (.const:xdc_runtime_Error_Module__loggerFxn8__C)
                  0000d640    00000004     rtos_pem4f.oem4f (.const:xdc_runtime_Error_Module__loggerObj__C)
                  0000d644    00000004     rtos_pem4f.oem4f (.const:xdc_runtime_Error_policyFxn__C)
                  0000d648    00000004     rtos_pem4f.oem4f (.const:xdc_runtime_Error_raiseHook__C)
                  0000d64c    00000004     rtos_pem4f.oem4f (.const:xdc_runtime_IGateProvider_Interface__BASE__C)
                  0000d650    00000004     rtos_pem4f.oem4f (.const:xdc_runtime_IHeap_Interface__BASE__C)
                  0000d654    00000004     rtos_pem4f.oem4f (.const:xdc_runtime_IModule_Interface__BASE__C)
                  0000d658    00000004     rtos_pem4f.oem4f (.const:xdc_runtime_Log_L_error__C)
                  0000d65c    00000004     rtos_pem4f.oem4f (.const:xdc_runtime_Memory_defaultHeapInstance__C)
                  0000d660    00000004     rtos_pem4f.oem4f (.const:xdc_runtime_Startup_execImpl__C)
                  0000d664    00000004     rtos_pem4f.oem4f (.const:xdc_runtime_Startup_maxPasses__C)
                  0000d668    00000004     rtos_pem4f.oem4f (.const:xdc_runtime_Startup_sfxnRts__C)
                  0000d66c    00000004     rtos_pem4f.oem4f (.const:xdc_runtime_Startup_sfxnTab__C)
                  0000d670    00000004     rtos_pem4f.oem4f (.const:xdc_runtime_SysMin_bufSize__C)
                  0000d674    00000004     rtos_pem4f.oem4f (.const:xdc_runtime_SysMin_outputFunc__C)
                  0000d678    00000004     rtos_pem4f.oem4f (.const:xdc_runtime_System_Module__gateObj__C)
                  0000d67c    00000004     rtos_pem4f.oem4f (.const:xdc_runtime_System_abortFxn__C)
                  0000d680    00000004     rtos_pem4f.oem4f (.const:xdc_runtime_System_exitFxn__C)
                  0000d684    00000004     rtos_pem4f.oem4f (.const:xdc_runtime_System_extendFxn__C)
                  0000d688    00000004     rtos_pem4f.oem4f (.const:xdc_runtime_System_maxAtexitHandlers__C)
                  0000d68c    00000004     rtos_pem4f.oem4f (.const:xdc_runtime_Text_charTab__C)
                  0000d690    00000004     rtos_pem4f.oem4f (.const:xdc_runtime_Text_nameEmpty__C)
                  0000d694    00000004     rtos_pem4f.oem4f (.const:xdc_runtime_Text_nameStatic__C)
                  0000d698    00000004     rtos_pem4f.oem4f (.const:xdc_runtime_Text_nameUnknown__C)
                  0000d69c    00000004     rtos_pem4f.oem4f (.const:xdc_runtime_Text_nodeTab__C)
                  0000d6a0    00000004     rtos_pem4f.oem4f (.const:xdc_runtime_Text_visitRopeFxn__C)
                  0000d6a4    00000002     rtos_pem4f.oem4f (.const:ti_sysbios_family_arm_lm4_TimestampProvider_Module__id__C)
                  0000d6a6    00000002     rtos_pem4f.oem4f (.const:ti_sysbios_family_arm_lm4_TimestampProvider_useClockTimer__C)
                  0000d6a8    00000002     rtos_pem4f.oem4f (.const:ti_sysbios_family_arm_m3_Hwi_Module__id__C)
                  0000d6aa    00000002     rtos_pem4f.oem4f (.const:ti_sysbios_gates_GateMutex_Module__id__C)
                  0000d6ac    00000002     rtos_pem4f.oem4f (.const:ti_sysbios_hal_Hwi_Module__id__C)
                  0000d6ae    00000002     rtos_pem4f.oem4f (.const:ti_sysbios_heaps_HeapMem_Module__id__C)
                  0000d6b0    00000002     rtos_pem4f.oem4f (.const:ti_sysbios_knl_Semaphore_Module__id__C)
                  0000d6b2    00000002     rtos_pem4f.oem4f (.const:ti_sysbios_knl_Task_Module__id__C)
                  0000d6b4    00000002     rtos_pem4f.oem4f (.const:xdc_runtime_Core_Module__id__C)
                  0000d6b6    00000002     rtos_pem4f.oem4f (.const:xdc_runtime_Error_Module__loggerDefined__C)
                  0000d6b8    00000002     rtos_pem4f.oem4f (.const:xdc_runtime_Error_maxDepth__C)
                  0000d6ba    00000002     rtos_pem4f.oem4f (.const:xdc_runtime_Memory_Module__id__C)
                  0000d6bc    00000002     rtos_pem4f.oem4f (.const:xdc_runtime_SysMin_flushAtExit__C)
                  0000d6be    00000002     rtos_pem4f.oem4f (.const:xdc_runtime_Text_charCnt__C)
                  0000d6c0    00000002     rtos_pem4f.oem4f (.const:xdc_runtime_Text_isLoaded__C)
                  0000d6c2    00000002     rtos_pem4f.oem4f (.const:xdc_runtime_Text_registryModsLastId__C)
                  0000d6c4    00000002     rtos_pem4f.oem4f (.const:xdc_runtime_Text_unnamedModsLastId__C)

.cinit     0    0000d6c8    000002e0     
                  0000d6c8    000002a9     (.cinit..data.load) [load image, compression = lzss]
                  0000d971    00000003     --HOLE-- [fill = 0]
                  0000d974    0000000c     (__TI_handler_table)
                  0000d980    00000008     (.cinit..bss.load) [load image, compression = zero_init]
                  0000d988    00000008     (.cinit..vecs.load) [load image, compression = zero_init]
                  0000d990    00000018     (__TI_cinit_table)

.init_array 
*          0    00000000    00000000     UNINITIALIZED

.resetVecs 
*          0    00000000    0000003c     
                  00000000    0000003c     rtos_pem4f.oem4f (.resetVecs)

.bss       0    20000360    0000ad0e     UNINITIALIZED
                  20000360    00002108     buttons.obj (.bss:kiss_fft_cfg_buffer$3)
                  20002468    00002000     buttons.obj (.bss:in$4)
                  20004468    00002000     buttons.obj (.bss:out$5)
                  20006468    00001800     rtos_pem4f.oem4f (.bss:taskStackSection)
                  20007c68    00001000     buttons.obj (.bss:w$6)
                  20008c68    00001000     (.common:gADCBuffer)
                  20009c68    00000800     (.common:fft_samples)
                  2000a468    00000400     (.common:ti_sysbios_heaps_HeapMem_Instance_State_0_buf__A)
                  2000a868    00000360     (.common:ti_sysbios_family_arm_m3_Hwi_dispatchTable)
                  2000abc8    00000120     rtsv7M4_T_le_v4SPD16_eabi.lib : trgmsg.c.obj (.bss:_CIOBUF_)
                  2000ace8    00000100     (.common:processedWaveform)
                  2000ade8    00000100     (.common:trigger_samples)
                  2000aee8    000000a0     (.common:ti_sysbios_knl_Mailbox_Instance_State_0_allocBuf__A)
                  2000af88    00000080     (.common:xdc_runtime_SysMin_Module_State_0_outbuf__A)
                  2000b008    0000002c     (.common:sContext)
                  2000b034    00000014     buttons.obj (.bss:state$1)
                  2000b048    00000008     (.common:parmbuf)
                  2000b050    00000004     (.common:fScale)
                  2000b054    00000004     (.common:gADCErrors)
                  2000b058    00000004     (.common:gADCSamplingRate)
                  2000b05c    00000004     (.common:g_psGrLibDefaults)
                  2000b060    00000004     (.common:trigger_value)
                  2000b064    00000002     (.common:Lcd_ScreenHeigth)
                  2000b066    00000002     (.common:Lcd_ScreenWidth)
                  2000b068    00000002     (.common:Lcd_TouchTrim)
                  2000b06a    00000001     (.common:Lcd_FlagRead)
                  2000b06b    00000001     (.common:Lcd_FontSolid)
                  2000b06c    00000001     (.common:Lcd_Orientation)
                  2000b06d    00000001     (.common:Lcd_PenSolid)

.data      0    2000b070    000086b0     UNINITIALIZED
                  2000b070    00008000     Crystalfontz128x128_ST7735.obj (.data:Lcd_buffer)
                  20013070    000001c8     rtos_pem4f.oem4f (.data:ti_sysbios_knl_Task_Object__table__V)
                  20013238    00000080     rtos_pem4f.oem4f (.data:ti_sysbios_knl_Swi_Module_State_0_readyQ__A)
                  200132b8    00000080     rtos_pem4f.oem4f (.data:ti_sysbios_knl_Task_Module_State_0_readyQ__A)
                  20013338    00000064     rtos_pem4f.oem4f (.data:ti_sysbios_knl_Semaphore_Object__table__V)
                  2001339c    00000050     rtos_pem4f.oem4f (.data:ti_sysbios_knl_Mailbox_Object__table__V)
                  200133ec    00000044     rtos_pem4f.oem4f (.data:ti_sysbios_knl_Task_Module__state__V)
                  20013430    00000040     rtos_pem4f.oem4f (.data:ti_sysbios_family_arm_lm4_Timer_Module_State_0_device__A)
                  20013470    00000040     rtos_pem4f.oem4f (.data:ti_sysbios_family_arm_lm4_Timer_Object__table__V)
                  200134b0    00000038     rtos_pem4f.oem4f (.data:ti_sysbios_gates_GateMutex_Object__table__V)
                  200134e8    00000034     rtos_pem4f.oem4f (.data:ti_sysbios_family_arm_m3_Hwi_Module__state__V)
                  2001351c    00000030     rtos_pem4f.oem4f (.data:ti_sysbios_family_arm_m3_Hwi_Object__table__V)
                  2001354c    00000030     rtos_pem4f.oem4f (.data:ti_sysbios_knl_Swi_Object__table__V)
                  2001357c    0000002c     rtos_pem4f.oem4f (.data:ti_sysbios_knl_Clock_Module__state__V)
                  200135a8    00000024     buttons.obj (.data:count$2)
                  200135cc    00000024     rtos_pem4f.oem4f (.data:ti_sysbios_BIOS_Module__state__V)
                  200135f0    00000020     rtos_pem4f.oem4f (.data:ti_sysbios_family_arm_lm4_Timer_Module_State_0_handles__A)
                  20013610    00000020     rtos_pem4f.oem4f (.data:ti_sysbios_knl_Clock_Object__table__V)
                  20013630    0000001c     rtos_pem4f.oem4f (.data:ti_sysbios_knl_Swi_Module__state__V)
                  2001364c    00000018     rtos_pem4f.oem4f (.data:ti_sysbios_heaps_HeapMem_Object__table__V)
                  20013664    00000010     buttons.obj (.data)
                  20013674    00000010     buttons.obj (.data:fVoltsPerDiv)
                  20013684    0000000c     rtos_pem4f.oem4f (.data:ti_sysbios_family_arm_lm4_Timer_Module__state__V)
                  20013690    0000000c     rtos_pem4f.oem4f (.data:xdc_runtime_SysMin_Module__state__V)
                  2001369c    00000008     rtsv7M4_T_le_v4SPD16_eabi.lib : _lock.c.obj (.data:$O1$$)
                  200136a4    00000008     buttons.obj (.data:gJoystick)
                  200136ac    00000008     rtos_pem4f.oem4f (.data:ti_sysbios_family_arm_lm4_TimestampProvider_Module__state__V)
                  200136b4    00000008     rtos_pem4f.oem4f (.data:ti_sysbios_gates_GateHwi_Module__root__V)
                  200136bc    00000008     rtos_pem4f.oem4f (.data:ti_sysbios_gates_GateMutex_Module__root__V)
                  200136c4    00000008     rtos_pem4f.oem4f (.data:ti_sysbios_heaps_HeapMem_Module__root__V)
                  200136cc    00000008     rtos_pem4f.oem4f (.data:ti_sysbios_knl_Queue_Module__root__V)
                  200136d4    00000008     rtos_pem4f.oem4f (.data:ti_sysbios_knl_Semaphore_Module__root__V)
                  200136dc    00000008     rtos_pem4f.oem4f (.data:xdc_runtime_Registry_Module__state__V)
                  200136e4    00000008     rtos_pem4f.oem4f (.data:xdc_runtime_Startup_Module__state__V)
                  200136ec    00000008     rtos_pem4f.oem4f (.data:xdc_runtime_System_Module_State_0_atexitHandlers__A)
                  200136f4    00000008     rtos_pem4f.oem4f (.data:xdc_runtime_System_Module__state__V)
                  200136fc    00000004     main.obj (.data)
                  20013700    00000004     rtsv7M4_T_le_v4SPD16_eabi.lib : errno.c.obj (.data)
                  20013704    00000004                                   : stkdepth_vars.c.obj (.data)
                  20013708    00000004     rtos_pem4f.oem4f (.data:ti_sysbios_family_arm_m3_Hwi_Module_State_0_excContext__A)
                  2001370c    00000004     rtos_pem4f.oem4f (.data:ti_sysbios_family_arm_m3_Hwi_Module_State_0_excStack__A)
                  20013710    00000004     rtos_pem4f.oem4f (.data:ti_sysbios_gates_GateHwi_Object__table__V)
                  20013714    00000004     rtos_pem4f.oem4f (.data:ti_sysbios_knl_Task_Module_State_0_idleTask__A)
                  20013718    00000004     rtos_pem4f.oem4f (.data:xdc_runtime_Memory_Module__state__V)
                  2001371c    00000002     rtos_pem4f.oem4f (.data:ti_sysbios_family_arm_m3_Hwi_Module_State_0_excActive__A)
                  2001371e    00000002     rtos_pem4f.oem4f (.data:xdc_runtime_Error_Module__state__V)

.stack     0    20013720    00000300     UNINITIALIZED
                  20013720    00000300     --HOLE--

.bootVecs 
*          0    00000000    00000008     DSECT
                  00000000    00000008     boot.aem4f : boot.oem4f (.bootVecs)

.vecs      0    20000000    00000360     UNINITIALIZED
                  20000000    00000360     rtos_pem4f.oem4f (.vecs)

xdc.meta   0    00000000    000000f5     COPY SECTION
                  00000000    000000f5     rtos_pem4f.oem4f (xdc.meta)

MODULE SUMMARY

       Module                                             code    ro data   rw data
       ------                                             ----    -------   -------
    .\
       buttons.obj                                        2380    0         35704  
       Crystalfontz128x128_ST7735.obj                     958     40        32778  
       kiss_fft.obj                                       2602    0         0      
       main.obj                                           640     68        48     
       HAL_EK_TM4C1294XL_Crystalfontz128x128_ST7735.obj   324     0         0      
    +--+--------------------------------------------------+-------+---------+---------+
       Total:                                             6904    108       68530  
                                                                                   
    C:\Users\yaverdeja\Desktop\ECE 3849\ece3849d19_lab2_yaverdeja\Debug\configPkg\package\cfg\
       rtos_pem4f.oem4f                                   1546    7909      10800  
    +--+--------------------------------------------------+-------+---------+---------+
       Total:                                             1546    7909      10800  
                                                                                   
    C:/ti/tirtos_tivac_2_16_00_08/products/TivaWare_C_Series-2.1.1.71b/driverlib/ccs/Debug/driverlib.lib
       sysctl.obj                                         674     452       0      
       gpio.obj                                           508     144       0      
       adc.obj                                            362     0         0      
       timer.obj                                          222     0         0      
       ssi.obj                                            88      0         0      
       interrupt.obj                                      32      0         0      
       cpu.obj                                            24      0         0      
    +--+--------------------------------------------------+-------+---------+---------+
       Total:                                             1910    596       0      
                                                                                   
    C:/ti/tirtos_tivac_2_16_00_08/products/TivaWare_C_Series-2.1.1.71b/grlib/ccs/Debug/grlib.lib
       string.obj                                         1192    0         0      
       fontfixed6x8.obj                                   0       960       0      
       line.obj                                           648     0         0      
       rectangle.obj                                      134     0         0      
       context.obj                                        104     16        4      
[...]
0000d1ec  mailbox0                                                             
0000d1f0  userInputTask                                                        
0000d1f4  displayTask                                                          
0000d1f8  waveformTask                                                         
0000d1fc  processingTask                                                       
0000d200  semWaveform                                                          
0000d204  semDisplay                                                           
0000d208  semProcessing                                                        
0000d20c  sem_cs                                                               
0000d29c  g_sCrystalfontz128x128                                               
0000d2c4  ti_sysbios_heaps_HeapMem_Module__FXNS__C                             
0000d2ec  xdc_runtime_Startup_sfxnTab__A                                       
0000d314  ti_sysbios_gates_GateHwi_Module__FXNS__C                             
0000d338  ti_sysbios_gates_GateMutex_Module__FXNS__C                           
0000d35c  ti_sysbios_heaps_HeapMem_Object__PARAMS__C                           
0000d380  ti_sysbios_knl_Semaphore_Object__PARAMS__C                           
0000d3a4  ti_sysbios_gates_GateHwi_Object__DESC__C                             
0000d3c4  ti_sysbios_gates_GateMutex_Object__DESC__C                           
0000d3e4  ti_sysbios_heaps_HeapMem_Object__DESC__C                             
0000d404  ti_sysbios_knl_Queue_Object__DESC__C                                 
0000d424  ti_sysbios_knl_Semaphore_Object__DESC__C                             
0000d444  ti_sysbios_gates_GateHwi_Object__PARAMS__C                           
0000d45c  ti_sysbios_gates_GateMutex_Object__PARAMS__C                         
0000d474  ti_sysbios_knl_Queue_Object__PARAMS__C                               
0000d48c  xdc_runtime_Startup_firstFxns__A                                     
0000d4a4  xdc_runtime_Startup_sfxnRts__A                                       
0000d4b8  gVoltageScaleStr                                                     
0000d4c8  g_psDefaultCodePointMapTable                                         
0000d4e8  gTriggerSlopeStr                                                     
0000d4f0  ti_sysbios_family_arm_m3_Hwi_excHookFuncs__A                         
0000d4f8  ti_sysbios_knl_Idle_funcList__C                                      
0000d500  xdc_runtime_Startup_firstFxns__C                                     
0000d508  xdc_runtime_Startup_lastFxns__C                                      
0000d510  ti_catalog_arm_cortexm4_tiva_ce_Boot_A_mustNotUseEnhancedClockMode__C
0000d514  ti_catalog_arm_cortexm4_tiva_ce_Boot_Module__diagsEnabled__C         
0000d518  ti_catalog_arm_cortexm4_tiva_ce_Boot_Module__diagsIncluded__C        
0000d51c  ti_catalog_arm_cortexm4_tiva_ce_Boot_Module__diagsMask__C            
0000d520  ti_sysbios_family_arm_lm4_Timer_enableFunc__C                        
0000d524  ti_sysbios_family_arm_lm4_Timer_numTimerDevices__C                   
0000d528  ti_sysbios_family_arm_lm4_Timer_startupNeeded__C                     
0000d52c  ti_sysbios_family_arm_lm4_TimestampProvider_Module__diagsEnabled__C  
0000d530  ti_sysbios_family_arm_lm4_TimestampProvider_Module__diagsIncluded__C 
0000d534  ti_sysbios_family_arm_lm4_TimestampProvider_Module__diagsMask__C     
0000d538  ti_sysbios_family_arm_m3_Hwi_E_NMI__C                                
0000d53c  ti_sysbios_family_arm_m3_Hwi_E_busFault__C                           
0000d540  ti_sysbios_family_arm_m3_Hwi_E_debugMon__C                           
0000d544  ti_sysbios_family_arm_m3_Hwi_E_hardFault__C                          
0000d548  ti_sysbios_family_arm_m3_Hwi_E_memFault__C                           
0000d54c  ti_sysbios_family_arm_m3_Hwi_E_noIsr__C                              
0000d550  ti_sysbios_family_arm_m3_Hwi_E_reserved__C                           
0000d554  ti_sysbios_family_arm_m3_Hwi_E_svCall__C                             
0000d558  ti_sysbios_family_arm_m3_Hwi_E_usageFault__C                         
0000d55c  ti_sysbios_family_arm_m3_Hwi_NUM_INTERRUPTS__C                       
0000d560  ti_sysbios_family_arm_m3_Hwi_Object__count__C                        
0000d564  ti_sysbios_family_arm_m3_Hwi_ccr__C                                  
0000d568  ti_sysbios_family_arm_m3_Hwi_excHandlerFunc__C                       
0000d56c  ti_sysbios_family_arm_m3_Hwi_excHookFuncs__C                         
0000d570  ti_sysbios_family_arm_m3_Hwi_nullIsrFunc__C                          
0000d574  ti_sysbios_family_arm_m3_Hwi_priGroup__C                             
0000d578  ti_sysbios_gates_GateMutex_A_badContext__C                           
0000d57c  ti_sysbios_gates_GateMutex_Instance_State_sem__O                     
0000d580  ti_sysbios_gates_GateMutex_Module__diagsEnabled__C                   
0000d584  ti_sysbios_gates_GateMutex_Module__diagsIncluded__C                  
0000d588  ti_sysbios_gates_GateMutex_Module__diagsMask__C                      
0000d58c  ti_sysbios_hal_Hwi_E_stackOverflow__C                                
0000d590  ti_sysbios_heaps_HeapMem_A_align__C                                  
0000d594  ti_sysbios_heaps_HeapMem_A_heapSize__C                               
0000d598  ti_sysbios_heaps_HeapMem_A_invalidFree__C                            
0000d59c  ti_sysbios_heaps_HeapMem_A_zeroBlock__C                              
0000d5a0  ti_sysbios_heaps_HeapMem_E_memory__C                                 
0000d5a4  ti_sysbios_heaps_HeapMem_Module__diagsEnabled__C                     
0000d5a8  ti_sysbios_heaps_HeapMem_Module__diagsIncluded__C                    
0000d5ac  ti_sysbios_heaps_HeapMem_Module__diagsMask__C                        
0000d5b0  ti_sysbios_heaps_HeapMem_Module__gateObj__C                          
0000d5b4  ti_sysbios_heaps_HeapMem_Object__count__C                            
0000d5b8  ti_sysbios_heaps_HeapMem_reqAlign__C                                 
0000d5bc  ti_sysbios_knl_Clock_Module_State_clockQ__O                          
0000d5c0  ti_sysbios_knl_Idle_funcList__A                                      
0000d5c4  ti_sysbios_knl_Mailbox_Instance_State_dataQue__O                     
0000d5c8  ti_sysbios_knl_Mailbox_Instance_State_dataSem__O                     
0000d5cc  ti_sysbios_knl_Mailbox_Instance_State_freeQue__O                     
0000d5d0  ti_sysbios_knl_Mailbox_Instance_State_freeSem__O                     
0000d5d4  ti_sysbios_knl_Mailbox_Object__count__C                              
0000d5d8  ti_sysbios_knl_Mailbox_maxTypeAlign__C                               
0000d5dc  ti_sysbios_knl_Semaphore_A_badContext__C                             
0000d5e0  ti_sysbios_knl_Semaphore_A_noEvents__C                               
0000d5e4  ti_sysbios_knl_Semaphore_A_overflow__C                               
0000d5e8  ti_sysbios_knl_Semaphore_A_pendTaskDisabled__C                       
0000d5ec  ti_sysbios_knl_Semaphore_Instance_State_pendQ__O                     
0000d5f0  ti_sysbios_knl_Semaphore_Module__diagsEnabled__C                     
0000d5f4  ti_sysbios_knl_Semaphore_Module__diagsIncluded__C                    
0000d5f8  ti_sysbios_knl_Semaphore_Module__diagsMask__C                        
0000d5fc  ti_sysbios_knl_Swi_Object__count__C                                  
0000d600  ti_sysbios_knl_Task_E_spOutOfBounds__C                               
0000d604  ti_sysbios_knl_Task_E_stackOverflow__C                               
0000d608  ti_sysbios_knl_Task_Module_State_inactiveQ__O                        
0000d60c  ti_sysbios_knl_Task_Object__count__C                                 
0000d610  ti_sysbios_knl_Task_allBlockedFunc__C                                
0000d614  ti_sysbios_knl_Task_numConstructedTasks__C                           
0000d618  xdc_runtime_Assert_E_assertFailed__C                                 
0000d61c  xdc_runtime_Core_A_initializedParams__C                              
0000d620  xdc_runtime_Core_Module__diagsEnabled__C                             
0000d624  xdc_runtime_Core_Module__diagsIncluded__C                            
0000d628  xdc_runtime_Core_Module__diagsMask__C                                
0000d62c  xdc_runtime_Error_E_memory__C                                        
0000d630  xdc_runtime_Error_Module__diagsEnabled__C                            
0000d634  xdc_runtime_Error_Module__diagsIncluded__C                           
0000d638  xdc_runtime_Error_Module__diagsMask__C                               
0000d63c  xdc_runtime_Error_Module__loggerFxn8__C                              
0000d640  xdc_runtime_Error_Module__loggerObj__C                               
0000d644  xdc_runtime_Error_policyFxn__C                                       
0000d648  xdc_runtime_Error_raiseHook__C                                       
0000d64c  xdc_runtime_IGateProvider_Interface__BASE__C                         
0000d650  xdc_runtime_IHeap_Interface__BASE__C                                 
0000d654  xdc_runtime_IModule_Interface__BASE__C                               
0000d658  xdc_runtime_Log_L_error__C                                           
0000d65c  xdc_runtime_Memory_defaultHeapInstance__C                            
0000d660  xdc_runtime_Startup_execImpl__C                                      
0000d664  xdc_runtime_Startup_maxPasses__C                                     
0000d668  xdc_runtime_Startup_sfxnRts__C                                       
0000d66c  xdc_runtime_Startup_sfxnTab__C                                       
0000d670  xdc_runtime_SysMin_bufSize__C                                        
0000d674  xdc_runtime_SysMin_outputFunc__C                                     
0000d678  xdc_runtime_System_Module__gateObj__C                                
0000d67c  xdc_runtime_System_abortFxn__C                                       
0000d680  xdc_runtime_System_exitFxn__C                                        
0000d684  xdc_runtime_System_extendFxn__C                                      
0000d688  xdc_runtime_System_maxAtexitHandlers__C                              
0000d68c  xdc_runtime_Text_charTab__C                                          
0000d690  xdc_runtime_Text_nameEmpty__C                                        
0000d694  xdc_runtime_Text_nameStatic__C                                       
0000d698  xdc_runtime_Text_nameUnknown__C                                      
0000d69c  xdc_runtime_Text_nodeTab__C                                          
0000d6a0  xdc_runtime_Text_visitRopeFxn__C                                     
0000d6a4  ti_sysbios_family_arm_lm4_TimestampProvider_Module__id__C            
0000d6a6  ti_sysbios_family_arm_lm4_TimestampProvider_useClockTimer__C         
0000d6a8  ti_sysbios_family_arm_m3_Hwi_Module__id__C                           
0000d6aa  ti_sysbios_gates_GateMutex_Module__id__C                             
0000d6ac  ti_sysbios_hal_Hwi_Module__id__C                                     
0000d6ae  ti_sysbios_heaps_HeapMem_Module__id__C                               
0000d6b0  ti_sysbios_knl_Semaphore_Module__id__C                               
0000d6b2  ti_sysbios_knl_Task_Module__id__C                                    
0000d6b4  xdc_runtime_Core_Module__id__C                                       
0000d6b6  xdc_runtime_Error_Module__loggerDefined__C                           
0000d6b8  xdc_runtime_Error_maxDepth__C                                        
0000d6ba  xdc_runtime_Memory_Module__id__C                                     
0000d6bc  xdc_runtime_SysMin_flushAtExit__C                                    
0000d6be  xdc_runtime_Text_charCnt__C                                          
0000d6c0  xdc_runtime_Text_isLoaded__C                                         
0000d6c2  xdc_runtime_Text_registryModsLastId__C                               
0000d6c4  xdc_runtime_Text_unnamedModsLastId__C                                
0000d6c8  __TI_static_base__                                                   
0000d974  __TI_Handler_Table_Base                                              
0000d980  __TI_Handler_Table_Limit                                             
0000d990  __TI_CINIT_Base                                                      
0000d9a8  __TI_CINIT_Limit                                                     
20000000  ti_sysbios_family_arm_m3_Hwi_ramVectors                              
20006468  ti_sysbios_knl_Task_Instance_State_0_stack__A                        
20006668  ti_sysbios_knl_Task_Instance_State_1_stack__A                        
20006868  ti_sysbios_knl_Task_Instance_State_2_stack__A                        
20007068  ti_sysbios_knl_Task_Instance_State_3_stack__A                        
20007268  ti_sysbios_knl_Task_Instance_State_4_stack__A                        
20007a68  ti_sysbios_knl_Task_Instance_State_5_stack__A                        
20008c68  gADCBuffer                                                           
20009c68  fft_samples                                                          
2000a468  ti_sysbios_heaps_HeapMem_Instance_State_0_buf__A                     
2000a868  ti_sysbios_family_arm_m3_Hwi_dispatchTable                           
2000abc8  __CIOBUF_                                                            
2000ace8  processedWaveform                                                    
2000ade8  trigger_samples                                                      
2000aee8  ti_sysbios_knl_Mailbox_Instance_State_0_allocBuf__A                  
2000af88  xdc_runtime_SysMin_Module_State_0_outbuf__A                          
2000b008  sContext                                                             
2000b048  parmbuf                                                              
2000b050  fScale                                                               
2000b054  gADCErrors                                                           
2000b058  gADCSamplingRate                                                     
2000b060  trigger_value                                                        
2000b064  Lcd_ScreenHeigth                                                     
2000b066  Lcd_ScreenWidth                                                      
2000b068  Lcd_TouchTrim                                                        
2000b06a  Lcd_FlagRead                                                         
2000b06b  Lcd_FontSolid                                                        
2000b06c  Lcd_Orientation                                                      
2000b06d  Lcd_PenSolid                                                         
2000b070  Lcd_buffer                                                           
20013070  ti_sysbios_knl_Task_Object__table__V                                 
20013238  ti_sysbios_knl_Swi_Module_State_0_readyQ__A                          
200132b8  ti_sysbios_knl_Task_Module_State_0_readyQ__A                         
20013338  ti_sysbios_knl_Semaphore_Object__table__V                            
2001339c  ti_sysbios_knl_Mailbox_Object__table__V                              
200133ec  ti_sysbios_knl_Task_Module__state__V                                 
20013430  ti_sysbios_family_arm_lm4_Timer_Module_State_0_device__A             
20013470  ti_sysbios_family_arm_lm4_Timer_Object__table__V                     
200134b0  ti_sysbios_gates_GateMutex_Object__table__V                          
200134e8  ti_sysbios_family_arm_m3_Hwi_Module__state__V                        
2001351c  ti_sysbios_family_arm_m3_Hwi_Object__table__V                        
2001354c  ti_sysbios_knl_Swi_Object__table__V                                  
2001357c  ti_sysbios_knl_Clock_Module__state__V                                
200135cc  ti_sysbios_BIOS_Module__state__V                                     
200135f0  ti_sysbios_family_arm_lm4_Timer_Module_State_0_handles__A            
20013610  ti_sysbios_knl_Clock_Object__table__V                                
20013630  ti_sysbios_knl_Swi_Module__state__V                                  
2001364c  ti_sysbios_heaps_HeapMem_Object__table__V                            
20013664  gADCBufferIndex                                                      
20013668  gButtons                                                             
2001366c  risingSlope                                                          
2001366d  spectrumMode                                                         
20013670  stateVperDiv                                                         
20013674  fVoltsPerDiv                                                         
20013684  ti_sysbios_family_arm_lm4_Timer_Module__state__V                     
20013690  xdc_runtime_SysMin_Module__state__V                                  
2001369c  _lock                                                                
200136a0  _unlock                                                              
200136a4  gJoystick                                                            
200136ac  ti_sysbios_family_arm_lm4_TimestampProvider_Module__state__V         
200136b4  ti_sysbios_gates_GateHwi_Module__root__V                             
200136bc  ti_sysbios_gates_GateMutex_Module__root__V                           
200136c4  ti_sysbios_heaps_HeapMem_Module__root__V                             
200136cc  ti_sysbios_knl_Queue_Module__root__V                                 
200136d4  ti_sysbios_knl_Semaphore_Module__root__V                             
200136dc  xdc_runtime_Registry_Module__state__V                                
200136e4  xdc_runtime_Startup_Module__state__V                                 
200136ec  xdc_runtime_System_Module_State_0_atexitHandlers__A                  
200136f4  xdc_runtime_System_Module__state__V                                  
200136fc  gSystemClock                                                         
20013700  errno                                                                
20013704  main_func_sp                                                         
20013708  ti_sysbios_family_arm_m3_Hwi_Module_State_0_excContext__A            
2001370c  ti_sysbios_family_arm_m3_Hwi_Module_State_0_excStack__A              
20013710  ti_sysbios_gates_GateHwi_Object__table__V                            
20013714  ti_sysbios_knl_Task_Module_State_0_idleTask__A                       
20013718  xdc_runtime_Memory_Module__state__V                                  
2001371c  ti_sysbios_family_arm_m3_Hwi_Module_State_0_excActive__A             
2001371e  xdc_runtime_Error_Module__state__V                                   
20013720  __stack                                                              
20013a20  __STACK_END                                                          
e000e000  ti_sysbios_family_arm_m3_Hwi_nvic                                    
ffffffff  __TI_pprof_out_hndl                                                  
ffffffff  __TI_prof_data_size                                                  
ffffffff  __TI_prof_data_start                                                 
ffffffff  __binit__                                                            
ffffffff  __c_args__                                                           
ffffffff  binit                                                                
UNDEFED   SHT$$INIT_ARRAY$$Base                                                
UNDEFED   SHT$$INIT_ARRAY$$Limit                                               

[674 symbols]
