<?xml version="1.0" encoding="ISO-8859-1" ?>
<link_info>
   <banner>TI ARM Linker PC v18.1.2.LTS</banner>
   <copyright>Copyright (c) 1996-2017 Texas Instruments Incorporated</copyright>
   <link_time>0x5c915277</link_time>
   <link_errors>0x0</link_errors>
   <output_file>ece3849d19_lab0_cmbuckley_yaverdeja.out</output_file>
   <entry_point>
      <name>_c_int00_noargs</name>
      <address>0x3595</address>
   </entry_point>
   <input_file_list>
      <input_file id="fl-2">
         <path>.\</path>
         <kind>object</kind>
         <file>Crystalfontz128x128_ST7735.obj</file>
         <name>Crystalfontz128x128_ST7735.obj</name>
      </input_file>
      <input_file id="fl-3">
         <path>.\</path>
         <kind>object</kind>
         <file>HAL_EK_TM4C1294XL_Crystalfontz128x128_ST7735.obj</file>
         <name>HAL_EK_TM4C1294XL_Crystalfontz128x128_ST7735.obj</name>
      </input_file>
      <input_file id="fl-4">
         <path>.\</path>
         <kind>object</kind>
         <file>buttons.obj</file>
         <name>buttons.obj</name>
      </input_file>
      <input_file id="fl-5">
         <path>.\</path>
         <kind>object</kind>
         <file>main.obj</file>
         <name>main.obj</name>
      </input_file>
      <input_file id="fl-6">
         <path>.\</path>
         <kind>object</kind>
         <file>sysctl_pll.obj</file>
         <name>sysctl_pll.obj</name>
      </input_file>
      <input_file id="fl-7">
         <path>.\</path>
         <kind>object</kind>
         <file>tm4c1294ncpdt_startup_ccs.obj</file>
         <name>tm4c1294ncpdt_startup_ccs.obj</name>
      </input_file>
      <input_file id="fl-d">
         <kind>object</kind>
         <file>&lt;internal&gt;</file>
         <name>&lt;internal&gt;</name>
      </input_file>
      <input_file id="fl-c3">
         <path>C:\ti\ccsv8\tools\compiler\ti-cgt-arm_18.1.2.LTS\lib\</path>
         <kind>archive</kind>
         <file>rtsv7M4_T_le_v4SPD16_eabi.lib</file>
         <name>copy_zero_init.c.obj</name>
      </input_file>
      <input_file id="fl-c4">
         <path>C:\ti\ccsv8\tools\compiler\ti-cgt-arm_18.1.2.LTS\lib\</path>
         <kind>archive</kind>
         <file>rtsv7M4_T_le_v4SPD16_eabi.lib</file>
         <name>copy_decompress_none.c.obj</name>
      </input_file>
      <input_file id="fl-c5">
         <path>C:\ti\ccsv8\tools\compiler\ti-cgt-arm_18.1.2.LTS\lib\</path>
         <kind>archive</kind>
         <file>rtsv7M4_T_le_v4SPD16_eabi.lib</file>
         <name>copy_decompress_lzss.c.obj</name>
      </input_file>
      <input_file id="fl-c6">
         <path>C:\ti\ccsv8\tools\compiler\ti-cgt-arm_18.1.2.LTS\lib\</path>
         <kind>archive</kind>
         <file>rtsv7M4_T_le_v4SPD16_eabi.lib</file>
         <name>boot_cortex_m.c.obj</name>
      </input_file>
      <input_file id="fl-c7">
         <path>C:\ti\ccsv8\tools\compiler\ti-cgt-arm_18.1.2.LTS\lib\</path>
         <kind>archive</kind>
         <file>rtsv7M4_T_le_v4SPD16_eabi.lib</file>
         <name>exit.c.obj</name>
      </input_file>
      <input_file id="fl-c8">
         <path>C:\ti\ccsv8\tools\compiler\ti-cgt-arm_18.1.2.LTS\lib\</path>
         <kind>archive</kind>
         <file>rtsv7M4_T_le_v4SPD16_eabi.lib</file>
         <name>_lock.c.obj</name>
      </input_file>
      <input_file id="fl-c9">
         <path>C:\ti\ccsv8\tools\compiler\ti-cgt-arm_18.1.2.LTS\lib\</path>
         <kind>archive</kind>
         <file>rtsv7M4_T_le_v4SPD16_eabi.lib</file>
         <name>args_main.c.obj</name>
      </input_file>
      <input_file id="fl-ca">
         <path>C:\ti\ccsv8\tools\compiler\ti-cgt-arm_18.1.2.LTS\lib\</path>
         <kind>archive</kind>
         <file>rtsv7M4_T_le_v4SPD16_eabi.lib</file>
         <name>snprintf.c.obj</name>
      </input_file>
      <input_file id="fl-cb">
         <path>C:\ti\ccsv8\tools\compiler\ti-cgt-arm_18.1.2.LTS\lib\</path>
         <kind>archive</kind>
         <file>rtsv7M4_T_le_v4SPD16_eabi.lib</file>
         <name>memset_t2.asm.obj</name>
      </input_file>
      <input_file id="fl-cc">
         <path>C:\ti\ccsv8\tools\compiler\ti-cgt-arm_18.1.2.LTS\lib\</path>
         <kind>archive</kind>
         <file>rtsv7M4_T_le_v4SPD16_eabi.lib</file>
         <name>memcpy_t2.asm.obj</name>
      </input_file>
      <input_file id="fl-cd">
         <path>C:\ti\ccsv8\tools\compiler\ti-cgt-arm_18.1.2.LTS\lib\</path>
         <kind>archive</kind>
         <file>rtsv7M4_T_le_v4SPD16_eabi.lib</file>
         <name>autoinit.c.obj</name>
      </input_file>
      <input_file id="fl-ce">
         <path>C:\ti\ccsv8\tools\compiler\ti-cgt-arm_18.1.2.LTS\lib\</path>
         <kind>archive</kind>
         <file>rtsv7M4_T_le_v4SPD16_eabi.lib</file>
         <name>pre_init.c.obj</name>
      </input_file>
      <input_file id="fl-cf">
         <path>C:\ti\ccsv8\tools\compiler\ti-cgt-arm_18.1.2.LTS\lib\</path>
         <kind>archive</kind>
         <file>rtsv7M4_T_le_v4SPD16_eabi.lib</file>
         <name>cpy_tbl.c.obj</name>
      </input_file>
      <input_file id="fl-d0">
         <path>C:\ti\ccsv8\tools\compiler\ti-cgt-arm_18.1.2.LTS\lib\</path>
         <kind>archive</kind>
         <file>rtsv7M4_T_le_v4SPD16_eabi.lib</file>
         <name>_printfi.c.obj</name>
      </input_file>
      <input_file id="fl-d1">
         <path>C:\ti\ccsv8\tools\compiler\ti-cgt-arm_18.1.2.LTS\lib\</path>
         <kind>archive</kind>
         <file>rtsv7M4_T_le_v4SPD16_eabi.lib</file>
         <name>atoi.c.obj</name>
      </input_file>
      <input_file id="fl-d2">
         <path>C:\ti\ccsv8\tools\compiler\ti-cgt-arm_18.1.2.LTS\lib\</path>
         <kind>archive</kind>
         <file>rtsv7M4_T_le_v4SPD16_eabi.lib</file>
         <name>ctype.c.obj</name>
      </input_file>
      <input_file id="fl-d3">
         <path>C:\ti\ccsv8\tools\compiler\ti-cgt-arm_18.1.2.LTS\lib\</path>
         <kind>archive</kind>
         <file>rtsv7M4_T_le_v4SPD16_eabi.lib</file>
         <name>ltoa.c.obj</name>
      </input_file>
      <input_file id="fl-d4">
         <path>C:\ti\ccsv8\tools\compiler\ti-cgt-arm_18.1.2.LTS\lib\</path>
         <kind>archive</kind>
         <file>rtsv7M4_T_le_v4SPD16_eabi.lib</file>
         <name>memccpy.c.obj</name>
      </input_file>
      <input_file id="fl-d5">
         <path>C:\ti\ccsv8\tools\compiler\ti-cgt-arm_18.1.2.LTS\lib\</path>
         <kind>archive</kind>
         <file>rtsv7M4_T_le_v4SPD16_eabi.lib</file>
         <name>strchr.c.obj</name>
      </input_file>
      <input_file id="fl-d6">
         <path>C:\ti\ccsv8\tools\compiler\ti-cgt-arm_18.1.2.LTS\lib\</path>
         <kind>archive</kind>
         <file>rtsv7M4_T_le_v4SPD16_eabi.lib</file>
         <name>strlen.c.obj</name>
      </input_file>
      <input_file id="fl-d7">
         <path>C:\ti\ccsv8\tools\compiler\ti-cgt-arm_18.1.2.LTS\lib\</path>
         <kind>archive</kind>
         <file>rtsv7M4_T_le_v4SPD16_eabi.lib</file>
         <name>s_frexp.c.obj</name>
      </input_file>
      <input_file id="fl-d8">
         <path>C:\ti\ccsv8\tools\compiler\ti-cgt-arm_18.1.2.LTS\lib\</path>
         <kind>archive</kind>
         <file>rtsv7M4_T_le_v4SPD16_eabi.lib</file>
         <name>s_scalbn.c.obj</name>
      </input_file>
      <input_file id="fl-d9">
         <path>C:\ti\ccsv8\tools\compiler\ti-cgt-arm_18.1.2.LTS\lib\</path>
         <kind>archive</kind>
         <file>rtsv7M4_T_le_v4SPD16_eabi.lib</file>
         <name>s_copysign.c.obj</name>
      </input_file>
      <input_file id="fl-da">
         <path>C:\ti\ccsv8\tools\compiler\ti-cgt-arm_18.1.2.LTS\lib\</path>
         <kind>archive</kind>
         <file>rtsv7M4_T_le_v4SPD16_eabi.lib</file>
         <name>wcslen.c.obj</name>
      </input_file>
      <input_file id="fl-db">
         <path>C:\ti\ccsv8\tools\compiler\ti-cgt-arm_18.1.2.LTS\lib\</path>
         <kind>archive</kind>
         <file>rtsv7M4_T_le_v4SPD16_eabi.lib</file>
         <name>fd_add_t2.asm.obj</name>
      </input_file>
      <input_file id="fl-dc">
         <path>C:\ti\ccsv8\tools\compiler\ti-cgt-arm_18.1.2.LTS\lib\</path>
         <kind>archive</kind>
         <file>rtsv7M4_T_le_v4SPD16_eabi.lib</file>
         <name>fd_cmp_t2.asm.obj</name>
      </input_file>
      <input_file id="fl-dd">
         <path>C:\ti\ccsv8\tools\compiler\ti-cgt-arm_18.1.2.LTS\lib\</path>
         <kind>archive</kind>
         <file>rtsv7M4_T_le_v4SPD16_eabi.lib</file>
         <name>fd_div_t2.asm.obj</name>
      </input_file>
      <input_file id="fl-de">
         <path>C:\ti\ccsv8\tools\compiler\ti-cgt-arm_18.1.2.LTS\lib\</path>
         <kind>archive</kind>
         <file>rtsv7M4_T_le_v4SPD16_eabi.lib</file>
         <name>fd_mul_t2.asm.obj</name>
      </input_file>
      <input_file id="fl-df">
         <path>C:\ti\ccsv8\tools\compiler\ti-cgt-arm_18.1.2.LTS\lib\</path>
         <kind>archive</kind>
         <file>rtsv7M4_T_le_v4SPD16_eabi.lib</file>
         <name>fd_toi_t2.asm.obj</name>
      </input_file>
      <input_file id="fl-e0">
         <path>C:\ti\ccsv8\tools\compiler\ti-cgt-arm_18.1.2.LTS\lib\</path>
         <kind>archive</kind>
         <file>rtsv7M4_T_le_v4SPD16_eabi.lib</file>
         <name>i_tofd_t2.asm.obj</name>
      </input_file>
      <input_file id="fl-e1">
         <path>C:\ti\ccsv8\tools\compiler\ti-cgt-arm_18.1.2.LTS\lib\</path>
         <kind>archive</kind>
         <file>rtsv7M4_T_le_v4SPD16_eabi.lib</file>
         <name>ull_div_t2.asm.obj</name>
      </input_file>
      <input_file id="fl-e2">
         <path>C:\ti\ccsv8\tools\compiler\ti-cgt-arm_18.1.2.LTS\lib\</path>
         <kind>archive</kind>
         <file>rtsv7M4_T_le_v4SPD16_eabi.lib</file>
         <name>errno.c.obj</name>
      </input_file>
      <input_file id="fl-e3">
         <path>C:\ti\ccsv8\tools\compiler\ti-cgt-arm_18.1.2.LTS\lib\</path>
         <kind>archive</kind>
         <file>rtsv7M4_T_le_v4SPD16_eabi.lib</file>
         <name>div0.asm.obj</name>
      </input_file>
      <input_file id="fl-e4">
         <path>C:\ti\tirtos_tivac_2_16_00_08\products\TivaWare_C_Series-2.1.1.71b\grlib\ccs\Debug\</path>
         <kind>archive</kind>
         <file>grlib.lib</file>
         <name>context.obj</name>
      </input_file>
      <input_file id="fl-e5">
         <path>C:\ti\tirtos_tivac_2_16_00_08\products\TivaWare_C_Series-2.1.1.71b\grlib\ccs\Debug\</path>
         <kind>archive</kind>
         <file>grlib.lib</file>
         <name>rectangle.obj</name>
      </input_file>
      <input_file id="fl-e6">
         <path>C:\ti\tirtos_tivac_2_16_00_08\products\TivaWare_C_Series-2.1.1.71b\grlib\ccs\Debug\</path>
         <kind>archive</kind>
         <file>grlib.lib</file>
         <name>string.obj</name>
      </input_file>
      <input_file id="fl-e7">
         <path>C:\ti\tirtos_tivac_2_16_00_08\products\TivaWare_C_Series-2.1.1.71b\grlib\ccs\Debug\</path>
         <kind>archive</kind>
         <file>grlib.lib</file>
         <name>fontfixed6x8.obj</name>
      </input_file>
      <input_file id="fl-e8">
         <path>C:\ti\tirtos_tivac_2_16_00_08\products\TivaWare_C_Series-2.1.1.71b\grlib\ccs\Debug\</path>
         <kind>archive</kind>
         <file>grlib.lib</file>
         <name>charmap.obj</name>
      </input_file>
      <input_file id="fl-e9">
         <path>C:\ti\tirtos_tivac_2_16_00_08\products\TivaWare_C_Series-2.1.1.71b\grlib\ccs\Debug\</path>
         <kind>archive</kind>
         <file>grlib.lib</file>
         <name>line.obj</name>
      </input_file>
      <input_file id="fl-ea">
         <path>C:\ti\tirtos_tivac_2_16_00_08\products\TivaWare_C_Series-2.1.1.71b\driverlib\ccs\Debug\</path>
         <kind>archive</kind>
         <file>driverlib.lib</file>
         <name>adc.obj</name>
      </input_file>
      <input_file id="fl-eb">
         <path>C:\ti\tirtos_tivac_2_16_00_08\products\TivaWare_C_Series-2.1.1.71b\driverlib\ccs\Debug\</path>
         <kind>archive</kind>
         <file>driverlib.lib</file>
         <name>fpu.obj</name>
      </input_file>
      <input_file id="fl-ec">
         <path>C:\ti\tirtos_tivac_2_16_00_08\products\TivaWare_C_Series-2.1.1.71b\driverlib\ccs\Debug\</path>
         <kind>archive</kind>
         <file>driverlib.lib</file>
         <name>gpio.obj</name>
      </input_file>
      <input_file id="fl-ed">
         <path>C:\ti\tirtos_tivac_2_16_00_08\products\TivaWare_C_Series-2.1.1.71b\driverlib\ccs\Debug\</path>
         <kind>archive</kind>
         <file>driverlib.lib</file>
         <name>interrupt.obj</name>
      </input_file>
      <input_file id="fl-ee">
         <path>C:\ti\tirtos_tivac_2_16_00_08\products\TivaWare_C_Series-2.1.1.71b\driverlib\ccs\Debug\</path>
         <kind>archive</kind>
         <file>driverlib.lib</file>
         <name>ssi.obj</name>
      </input_file>
      <input_file id="fl-ef">
         <path>C:\ti\tirtos_tivac_2_16_00_08\products\TivaWare_C_Series-2.1.1.71b\driverlib\ccs\Debug\</path>
         <kind>archive</kind>
         <file>driverlib.lib</file>
         <name>sysctl.obj</name>
      </input_file>
      <input_file id="fl-f0">
         <path>C:\ti\tirtos_tivac_2_16_00_08\products\TivaWare_C_Series-2.1.1.71b\driverlib\ccs\Debug\</path>
         <kind>archive</kind>
         <file>driverlib.lib</file>
         <name>timer.obj</name>
      </input_file>
      <input_file id="fl-f1">
         <path>C:\ti\tirtos_tivac_2_16_00_08\products\TivaWare_C_Series-2.1.1.71b\driverlib\ccs\Debug\</path>
         <kind>archive</kind>
         <file>driverlib.lib</file>
         <name>cpu.obj</name>
      </input_file>
   </input_file_list>
   <object_component_list>
      <object_component id="oc-f">
         <name>.intvecs</name>
         <load_address>0x0</load_address>
         <run_address>0x0</run_address>
         <size>0x208</size>
         <input_file_ref idref="fl-7"/>
      </object_component>
      <object_component id="oc-2a9">
         <name>.text:__TI_printfi</name>
         <load_address>0x208</load_address>
         <run_address>0x208</run_address>
         <size>0xa5e</size>
         <input_file_ref idref="fl-d0"/>
      </object_component>
      <object_component id="oc-48d">
         <name>.text</name>
         <load_address>0xc66</load_address>
         <run_address>0xc66</run_address>
         <size>0x2</size>
         <input_file_ref idref="fl-e3"/>
      </object_component>
      <object_component id="oc-2a">
         <name>.text</name>
         <load_address>0xc68</load_address>
         <run_address>0xc68</run_address>
         <size>0x44a</size>
         <input_file_ref idref="fl-4"/>
      </object_component>
      <object_component id="oc-103">
         <name>.text:GPIOPinRead</name>
         <load_address>0x10b2</load_address>
         <run_address>0x10b2</run_address>
         <size>0x6</size>
         <input_file_ref idref="fl-ec"/>
      </object_component>
      <object_component id="oc-1c7">
         <name>.text</name>
         <load_address>0x10b8</load_address>
         <run_address>0x10b8</run_address>
         <size>0x3f0</size>
         <input_file_ref idref="fl-2"/>
      </object_component>
      <object_component id="oc-389">
         <name>.text:_pconv_a</name>
         <load_address>0x14a8</load_address>
         <run_address>0x14a8</run_address>
         <size>0x270</size>
         <input_file_ref idref="fl-d0"/>
      </object_component>
      <object_component id="oc-33f">
         <name>.text:GrFontGlyphRender</name>
         <load_address>0x1718</load_address>
         <run_address>0x1718</run_address>
         <size>0x256</size>
         <input_file_ref idref="fl-e6"/>
      </object_component>
      <object_component id="oc-13f">
         <name>.text</name>
         <load_address>0x1970</load_address>
         <run_address>0x1970</run_address>
         <size>0x214</size>
         <input_file_ref idref="fl-5"/>
      </object_component>
      <object_component id="oc-1c1">
         <name>.text:SysCtlClockFreqSet</name>
         <load_address>0x1b84</load_address>
         <run_address>0x1b84</run_address>
         <size>0x204</size>
         <input_file_ref idref="fl-ef"/>
      </object_component>
      <object_component id="oc-377">
         <name>.text:_pconv_g</name>
         <load_address>0x1d88</load_address>
         <run_address>0x1d88</run_address>
         <size>0x1d0</size>
         <input_file_ref idref="fl-d0"/>
      </object_component>
      <object_component id="oc-422">
         <name>.text</name>
         <load_address>0x1f58</load_address>
         <run_address>0x1f58</run_address>
         <size>0x1b6</size>
         <input_file_ref idref="fl-db"/>
      </object_component>
      <object_component id="oc-26c">
         <name>.text</name>
         <load_address>0x2110</load_address>
         <run_address>0x2110</run_address>
         <size>0x17e</size>
         <input_file_ref idref="fl-3"/>
      </object_component>
      <object_component id="oc-383">
         <name>.text:_pconv_e</name>
         <load_address>0x2290</load_address>
         <run_address>0x2290</run_address>
         <size>0x13c</size>
         <input_file_ref idref="fl-d0"/>
      </object_component>
      <object_component id="oc-408">
         <name>.text</name>
         <load_address>0x23cc</load_address>
         <run_address>0x23cc</run_address>
         <size>0x136</size>
         <input_file_ref idref="fl-dd"/>
      </object_component>
      <object_component id="oc-c8">
         <name>.text:GPIOPadConfigSet</name>
         <load_address>0x2502</load_address>
         <run_address>0x2502</run_address>
         <size>0x130</size>
         <input_file_ref idref="fl-ec"/>
      </object_component>
      <object_component id="oc-434">
         <name>.text:fcvt</name>
         <load_address>0x2634</load_address>
         <run_address>0x2634</run_address>
         <size>0x120</size>
         <input_file_ref idref="fl-d0"/>
      </object_component>
      <object_component id="oc-448">
         <name>.text:scalbn</name>
         <load_address>0x2754</load_address>
         <run_address>0x2754</run_address>
         <size>0x110</size>
         <input_file_ref idref="fl-d8"/>
      </object_component>
      <object_component id="oc-403">
         <name>.text</name>
         <load_address>0x2864</load_address>
         <run_address>0x2864</run_address>
         <size>0xfc</size>
         <input_file_ref idref="fl-de"/>
      </object_component>
      <object_component id="oc-27f">
         <name>.text:GrDefaultStringRenderer</name>
         <load_address>0x2960</load_address>
         <run_address>0x2960</run_address>
         <size>0xc4</size>
         <input_file_ref idref="fl-e6"/>
      </object_component>
      <object_component id="oc-36c">
         <name>.text:_ltostr</name>
         <load_address>0x2a24</load_address>
         <run_address>0x2a24</run_address>
         <size>0xb1</size>
         <input_file_ref idref="fl-d0"/>
      </object_component>
      <object_component id="oc-3e">
         <name>.text</name>
         <load_address>0x2ad6</load_address>
         <run_address>0x2ad6</run_address>
         <size>0x9c</size>
         <input_file_ref idref="fl-cc"/>
      </object_component>
      <object_component id="oc-3fc">
         <name>.text</name>
         <load_address>0x2b72</load_address>
         <run_address>0x2b72</run_address>
         <size>0x96</size>
         <input_file_ref idref="fl-e1"/>
      </object_component>
      <object_component id="oc-1e5">
         <name>.text:GrRectFill</name>
         <load_address>0x2c08</load_address>
         <run_address>0x2c08</run_address>
         <size>0x86</size>
         <input_file_ref idref="fl-e5"/>
      </object_component>
      <object_component id="oc-372">
         <name>.text:__aeabi_cdcmple</name>
         <load_address>0x2c8e</load_address>
         <run_address>0x2c8e</run_address>
         <size>0x86</size>
         <input_file_ref idref="fl-dc"/>
      </object_component>
      <object_component id="oc-40d">
         <name>.text:__aeabi_cdrcmple</name>
         <load_address>0x2d14</load_address>
         <run_address>0x2d14</run_address>
         <size>0x86</size>
         <input_file_ref idref="fl-dc"/>
      </object_component>
      <object_component id="oc-ef">
         <name>.text:ADCSequenceStepConfigure</name>
         <load_address>0x2d9a</load_address>
         <run_address>0x2d9a</run_address>
         <size>0x7a</size>
         <input_file_ref idref="fl-ea"/>
      </object_component>
      <object_component id="oc-133">
         <name>.text</name>
         <load_address>0x2e14</load_address>
         <run_address>0x2e14</run_address>
         <size>0x7a</size>
         <input_file_ref idref="fl-cb"/>
      </object_component>
      <object_component id="oc-42d">
         <name>.text:_mcpy</name>
         <load_address>0x2e8e</load_address>
         <run_address>0x2e8e</run_address>
         <size>0x6e</size>
         <input_file_ref idref="fl-d0"/>
      </object_component>
      <object_component id="oc-1d0">
         <name>.text:GrContextInit</name>
         <load_address>0x2efc</load_address>
         <run_address>0x2efc</run_address>
         <size>0x68</size>
         <input_file_ref idref="fl-e4"/>
      </object_component>
      <object_component id="oc-bc">
         <name>.text:IntEnable</name>
         <load_address>0x2f64</load_address>
         <run_address>0x2f64</run_address>
         <size>0x68</size>
         <input_file_ref idref="fl-ed"/>
      </object_component>
      <object_component id="oc-12">
         <name>.text:decompress:lzss:__TI_decompress_lzss</name>
         <load_address>0x2fcc</load_address>
         <run_address>0x2fcc</run_address>
         <size>0x68</size>
         <input_file_ref idref="fl-c5"/>
      </object_component>
      <object_component id="oc-442">
         <name>.text:frexp</name>
         <load_address>0x3034</load_address>
         <run_address>0x3034</run_address>
         <size>0x64</size>
         <input_file_ref idref="fl-d7"/>
      </object_component>
      <object_component id="oc-9b">
         <name>.text:TimerConfigure</name>
         <load_address>0x3098</load_address>
         <run_address>0x3098</run_address>
         <size>0x60</size>
         <input_file_ref idref="fl-f0"/>
      </object_component>
      <object_component id="oc-3e4">
         <name>.text:FontWideGlyphDataGet</name>
         <load_address>0x30f8</load_address>
         <run_address>0x30f8</run_address>
         <size>0x5a</size>
         <input_file_ref idref="fl-e6"/>
      </object_component>
      <object_component id="oc-37d">
         <name>.text:_pconv_f</name>
         <load_address>0x3152</load_address>
         <run_address>0x3152</run_address>
         <size>0x56</size>
         <input_file_ref idref="fl-d0"/>
      </object_component>
      <object_component id="oc-417">
         <name>.text:ltoa</name>
         <load_address>0x31a8</load_address>
         <run_address>0x31a8</run_address>
         <size>0x54</size>
         <input_file_ref idref="fl-d3"/>
      </object_component>
      <object_component id="oc-427">
         <name>.text:_ecpy</name>
         <load_address>0x31fc</load_address>
         <run_address>0x31fc</run_address>
         <size>0x52</size>
         <input_file_ref idref="fl-d0"/>
      </object_component>
      <object_component id="oc-366">
         <name>.text:atoi</name>
         <load_address>0x3250</load_address>
         <run_address>0x3250</run_address>
         <size>0x4c</size>
         <input_file_ref idref="fl-d1"/>
      </object_component>
      <object_component id="oc-1eb">
         <name>.text:snprintf</name>
         <load_address>0x329c</load_address>
         <run_address>0x329c</run_address>
         <size>0x4c</size>
         <input_file_ref idref="fl-ca"/>
      </object_component>
      <object_component id="oc-292">
         <name>.text:UpdateContextCharMapping</name>
         <load_address>0x32e8</load_address>
         <run_address>0x32e8</run_address>
         <size>0x4a</size>
         <input_file_ref idref="fl-e6"/>
      </object_component>
      <object_component id="oc-305">
         <name>.text:GPIOPinWrite</name>
         <load_address>0x3332</load_address>
         <run_address>0x3332</run_address>
         <size>0x6</size>
         <input_file_ref idref="fl-ec"/>
      </object_component>
      <object_component id="oc-d4">
         <name>.text</name>
         <load_address>0x3338</load_address>
         <run_address>0x3338</run_address>
         <size>0x4a</size>
         <input_file_ref idref="fl-6"/>
      </object_component>
      <object_component id="oc-31d">
         <name>.text:GPIOPinConfigure</name>
         <load_address>0x3384</load_address>
         <run_address>0x3384</run_address>
         <size>0x48</size>
         <input_file_ref idref="fl-ec"/>
      </object_component>
      <object_component id="oc-25b">
         <name>.text:_SysCtlFrequencyGet</name>
         <load_address>0x33cc</load_address>
         <run_address>0x33cc</run_address>
         <size>0x48</size>
         <input_file_ref idref="fl-ef"/>
      </object_component>
      <object_component id="oc-412">
         <name>.text</name>
         <load_address>0x3414</load_address>
         <run_address>0x3414</run_address>
         <size>0x48</size>
         <input_file_ref idref="fl-df"/>
      </object_component>
      <object_component id="oc-204">
         <name>.text:__TI_auto_init_nobinit_nopinit:__TI_auto_init_nobinit_nopinit</name>
         <load_address>0x345c</load_address>
         <run_address>0x345c</run_address>
         <size>0x44</size>
         <input_file_ref idref="fl-cd"/>
      </object_component>
      <object_component id="oc-e9">
         <name>.text:ADCSequenceConfigure</name>
         <load_address>0x34a0</load_address>
         <run_address>0x34a0</run_address>
         <size>0x3e</size>
         <input_file_ref idref="fl-ea"/>
      </object_component>
      <object_component id="oc-43a">
         <name>.text:_fcpy</name>
         <load_address>0x34de</load_address>
         <run_address>0x34de</run_address>
         <size>0x3e</size>
         <input_file_ref idref="fl-d0"/>
      </object_component>
      <object_component id="oc-30b">
         <name>.text:SSIConfigSetExpClk</name>
         <load_address>0x351c</load_address>
         <run_address>0x351c</run_address>
         <size>0x3c</size>
         <input_file_ref idref="fl-ee"/>
      </object_component>
      <object_component id="oc-3ea">
         <name>.text:FontGlyphDataGet</name>
         <load_address>0x3558</load_address>
         <run_address>0x3558</run_address>
         <size>0x3a</size>
         <input_file_ref idref="fl-e6"/>
      </object_component>
      <object_component id="oc-5c">
         <name>.text:_c_int00_noargs:_c_int00_noargs</name>
         <load_address>0x3594</load_address>
         <run_address>0x3594</run_address>
         <size>0x38</size>
         <input_file_ref idref="fl-c6"/>
      </object_component>
      <object_component id="oc-8f">
         <name>.text:SysCtlPeripheralEnable</name>
         <load_address>0x35cc</load_address>
         <run_address>0x35cc</run_address>
         <size>0x34</size>
         <input_file_ref idref="fl-ef"/>
      </object_component>
      <object_component id="oc-2af">
         <name>.text:_outs</name>
         <load_address>0x3600</load_address>
         <run_address>0x3600</run_address>
         <size>0x30</size>
         <input_file_ref idref="fl-ca"/>
      </object_component>
      <object_component id="oc-77">
         <name>.text:ADCIntStatus</name>
         <load_address>0x3630</load_address>
         <run_address>0x3630</run_address>
         <size>0x2e</size>
         <input_file_ref idref="fl-ea"/>
      </object_component>
      <object_component id="oc-333">
         <name>.text:GrStringNextCharGet</name>
         <load_address>0x365e</load_address>
         <run_address>0x365e</run_address>
         <size>0x2e</size>
         <input_file_ref idref="fl-e6"/>
      </object_component>
      <object_component id="oc-41d">
         <name>.text</name>
         <load_address>0x368c</load_address>
         <run_address>0x368c</run_address>
         <size>0x2e</size>
         <input_file_ref idref="fl-e0"/>
      </object_component>
      <object_component id="oc-17d">
         <name>.text:GPIODirModeSet</name>
         <load_address>0x36ba</load_address>
         <run_address>0x36ba</run_address>
         <size>0x2a</size>
         <input_file_ref idref="fl-ec"/>
      </object_component>
      <object_component id="oc-32d">
         <name>.text:GrFontInfoGet</name>
         <load_address>0x36e4</load_address>
         <run_address>0x36e4</run_address>
         <size>0x26</size>
         <input_file_ref idref="fl-e6"/>
      </object_component>
      <object_component id="oc-b6">
         <name>.text:IntPrioritySet</name>
         <load_address>0x370c</load_address>
         <run_address>0x370c</run_address>
         <size>0x24</size>
         <input_file_ref idref="fl-ed"/>
      </object_component>
      <object_component id="oc-339">
         <name>.text:GrFontGlyphDataGet</name>
         <load_address>0x3730</load_address>
         <run_address>0x3730</run_address>
         <size>0x22</size>
         <input_file_ref idref="fl-e6"/>
      </object_component>
      <object_component id="oc-80">
         <name>.text:ADCSequenceDataGet</name>
         <load_address>0x3752</load_address>
         <run_address>0x3752</run_address>
         <size>0x1e</size>
         <input_file_ref idref="fl-ea"/>
      </object_component>
      <object_component id="oc-354">
         <name>.text:GrFontCodepageGet</name>
         <load_address>0x3770</load_address>
         <run_address>0x3770</run_address>
         <size>0x1e</size>
         <input_file_ref idref="fl-e6"/>
      </object_component>
      <object_component id="oc-255">
         <name>.text:_SysCtlMemTimingGet</name>
         <load_address>0x3790</load_address>
         <run_address>0x3790</run_address>
         <size>0x1c</size>
         <input_file_ref idref="fl-ef"/>
      </object_component>
      <object_component id="oc-38f">
         <name>.text:memccpy</name>
         <load_address>0x37ac</load_address>
         <run_address>0x37ac</run_address>
         <size>0x1c</size>
         <input_file_ref idref="fl-d4"/>
      </object_component>
      <object_component id="oc-24">
         <name>.text</name>
         <load_address>0x37c8</load_address>
         <run_address>0x37c8</run_address>
         <size>0x1a</size>
         <input_file_ref idref="fl-7"/>
      </object_component>
      <object_component id="oc-dd">
         <name>.text:ADCClockConfigSet</name>
         <load_address>0x37e2</load_address>
         <run_address>0x37e2</run_address>
         <size>0x18</size>
         <input_file_ref idref="fl-ea"/>
      </object_component>
      <object_component id="oc-71">
         <name>.text:ADCProcessorTrigger</name>
         <load_address>0x37fa</load_address>
         <run_address>0x37fa</run_address>
         <size>0x18</size>
         <input_file_ref idref="fl-ea"/>
      </object_component>
      <object_component id="oc-323">
         <name>.text:GPIOPinTypeGPIOOutput</name>
         <load_address>0x3812</load_address>
         <run_address>0x3812</run_address>
         <size>0x18</size>
         <input_file_ref idref="fl-ec"/>
      </object_component>
      <object_component id="oc-2b5">
         <name>.text:_outc</name>
         <load_address>0x382a</load_address>
         <run_address>0x382a</run_address>
         <size>0x18</size>
         <input_file_ref idref="fl-ca"/>
      </object_component>
      <object_component id="oc-1f1">
         <name>.text:GrStringDraw</name>
         <load_address>0x3842</load_address>
         <run_address>0x3842</run_address>
         <size>0x16</size>
         <input_file_ref idref="fl-e6"/>
      </object_component>
      <object_component id="oc-44e">
         <name>.text:strchr</name>
         <load_address>0x3858</load_address>
         <run_address>0x3858</run_address>
         <size>0x16</size>
         <input_file_ref idref="fl-d5"/>
      </object_component>
      <object_component id="oc-95">
         <name>.text:TimerDisable</name>
         <load_address>0x3870</load_address>
         <run_address>0x3870</run_address>
         <size>0x14</size>
         <input_file_ref idref="fl-f0"/>
      </object_component>
      <object_component id="oc-4a6">
         <name>.text:copysign</name>
         <load_address>0x3884</load_address>
         <run_address>0x3884</run_address>
         <size>0x14</size>
         <input_file_ref idref="fl-d9"/>
      </object_component>
      <object_component id="oc-360">
         <name>.text:strlen</name>
         <load_address>0x3898</load_address>
         <run_address>0x3898</run_address>
         <size>0x14</size>
         <input_file_ref idref="fl-d6"/>
      </object_component>
      <object_component id="oc-ce">
         <name>.text:GPIOPinTypeADC</name>
         <load_address>0x38ac</load_address>
         <run_address>0x38ac</run_address>
         <size>0x12</size>
         <input_file_ref idref="fl-ec"/>
      </object_component>
      <object_component id="oc-c2">
         <name>.text:GPIOPinTypeGPIOInput</name>
         <load_address>0x38be</load_address>
         <run_address>0x38be</run_address>
         <size>0x12</size>
         <input_file_ref idref="fl-ec"/>
      </object_component>
      <object_component id="oc-317">
         <name>.text:GPIOPinTypeSSI</name>
         <load_address>0x38d0</load_address>
         <run_address>0x38d0</run_address>
         <size>0x12</size>
         <input_file_ref idref="fl-ec"/>
      </object_component>
      <object_component id="oc-a4">
         <name>.text:TimerLoadSet</name>
         <load_address>0x38e2</load_address>
         <run_address>0x38e2</run_address>
         <size>0x12</size>
         <input_file_ref idref="fl-f0"/>
      </object_component>
      <object_component id="oc-4a">
         <name>.text:decompress:ZI:__TI_zero_init_nomemset:__TI_zero_init_nomemset</name>
         <load_address>0x38f4</load_address>
         <run_address>0x38f4</run_address>
         <size>0x12</size>
         <input_file_ref idref="fl-c3"/>
      </object_component>
      <object_component id="oc-395">
         <name>.text:wcslen</name>
         <load_address>0x3906</load_address>
         <run_address>0x3906</run_address>
         <size>0x12</size>
         <input_file_ref idref="fl-da"/>
      </object_component>
      <object_component id="oc-1b5">
         <name>.text:FPUEnable</name>
         <load_address>0x3918</load_address>
         <run_address>0x3918</run_address>
         <size>0x10</size>
         <input_file_ref idref="fl-eb"/>
      </object_component>
      <object_component id="oc-1bb">
         <name>.text:FPULazyStackingEnable</name>
         <load_address>0x3928</load_address>
         <run_address>0x3928</run_address>
         <size>0x10</size>
         <input_file_ref idref="fl-eb"/>
      </object_component>
      <object_component id="oc-1af">
         <name>.text:IntMasterDisable</name>
         <load_address>0x3938</load_address>
         <run_address>0x3938</run_address>
         <size>0x10</size>
         <input_file_ref idref="fl-ed"/>
      </object_component>
      <object_component id="oc-1df">
         <name>.text:IntMasterEnable</name>
         <load_address>0x3948</load_address>
         <run_address>0x3948</run_address>
         <size>0x10</size>
         <input_file_ref idref="fl-ed"/>
      </object_component>
      <object_component id="oc-e3">
         <name>.text:ADCSequenceDisable</name>
         <load_address>0x3958</load_address>
         <run_address>0x3958</run_address>
         <size>0xe</size>
         <input_file_ref idref="fl-ea"/>
      </object_component>
      <object_component id="oc-f5">
         <name>.text:ADCSequenceEnable</name>
         <load_address>0x3966</load_address>
         <run_address>0x3966</run_address>
         <size>0xe</size>
         <input_file_ref idref="fl-ea"/>
      </object_component>
      <object_component id="oc-b0">
         <name>.text:TimerEnable</name>
         <load_address>0x3974</load_address>
         <run_address>0x3974</run_address>
         <size>0xe</size>
         <input_file_ref idref="fl-f0"/>
      </object_component>
      <object_component id="oc-18">
         <name>.text:decompress:none:__TI_decompress_none</name>
         <load_address>0x3982</load_address>
         <run_address>0x3982</run_address>
         <size>0xe</size>
         <input_file_ref idref="fl-c4"/>
      </object_component>
      <object_component id="oc-24c">
         <name>.text:CPUcpsid</name>
         <load_address>0x3990</load_address>
         <run_address>0x3990</run_address>
         <size>0xc</size>
         <input_file_ref idref="fl-f1"/>
      </object_component>
      <object_component id="oc-29b">
         <name>.text:CPUcpsie</name>
         <load_address>0x399c</load_address>
         <run_address>0x399c</run_address>
         <size>0xc</size>
         <input_file_ref idref="fl-f1"/>
      </object_component>
      <object_component id="oc-86">
         <name>.text:ADCIntClear</name>
         <load_address>0x39a8</load_address>
         <run_address>0x39a8</run_address>
         <size>0xa</size>
         <input_file_ref idref="fl-ea"/>
      </object_component>
      <object_component id="oc-2f9">
         <name>.text:SSIDataPut</name>
         <load_address>0x39b2</load_address>
         <run_address>0x39b2</run_address>
         <size>0xa</size>
         <input_file_ref idref="fl-ee"/>
      </object_component>
      <object_component id="oc-311">
         <name>.text:SSIEnable</name>
         <load_address>0x39bc</load_address>
         <run_address>0x39bc</run_address>
         <size>0xa</size>
         <input_file_ref idref="fl-ee"/>
      </object_component>
      <object_component id="oc-346">
         <name>.text:GrMapISO8859_1_Unicode</name>
         <load_address>0x39c6</load_address>
         <run_address>0x39c6</run_address>
         <size>0x8</size>
         <input_file_ref idref="fl-e8"/>
      </object_component>
      <object_component id="oc-2ff">
         <name>.text:SSIBusy</name>
         <load_address>0x39ce</load_address>
         <run_address>0x39ce</run_address>
         <size>0x8</size>
         <input_file_ref idref="fl-ee"/>
      </object_component>
      <object_component id="oc-aa">
         <name>.text:TimerIntEnable</name>
         <load_address>0x39d6</load_address>
         <run_address>0x39d6</run_address>
         <size>0x8</size>
         <input_file_ref idref="fl-f0"/>
      </object_component>
      <object_component id="oc-39b">
         <name>.text:__aeabi_errno_addr</name>
         <load_address>0x39e0</load_address>
         <run_address>0x39e0</run_address>
         <size>0x8</size>
         <input_file_ref idref="fl-e2"/>
      </object_component>
      <object_component id="oc-1d9">
         <name>.text:GrContextFontSet</name>
         <load_address>0x39e8</load_address>
         <run_address>0x39e8</run_address>
         <size>0x6</size>
         <input_file_ref idref="fl-e6"/>
      </object_component>
      <object_component id="oc-275">
         <name>.text:SysCtlDelay</name>
         <load_address>0x39ee</load_address>
         <run_address>0x39ee</run_address>
         <size>0x6</size>
         <input_file_ref idref="fl-ef"/>
      </object_component>
      <object_component id="oc-fd">
         <name>.text:TimerIntClear</name>
         <load_address>0x39f4</load_address>
         <run_address>0x39f4</run_address>
         <size>0x4</size>
         <input_file_ref idref="fl-f0"/>
      </object_component>
      <object_component id="oc-139">
         <name>.text:_system_pre_init</name>
         <load_address>0x39f8</load_address>
         <run_address>0x39f8</run_address>
         <size>0x4</size>
         <input_file_ref idref="fl-ce"/>
      </object_component>
      <object_component id="oc-1f8">
         <name>.text:abort:abort</name>
         <load_address>0x39fc</load_address>
         <run_address>0x39fc</run_address>
         <size>0x4</size>
         <input_file_ref idref="fl-c7"/>
      </object_component>
      <object_component id="oc-28c">
         <name>.const:.string:g_pui8FontFixed6x8Data</name>
         <load_address>0x3a00</load_address>
         <run_address>0x3a00</run_address>
         <size>0x2f8</size>
         <input_file_ref idref="fl-e7"/>
      </object_component>
      <object_component id="oc-264">
         <name>.const:g_pppui32XTALtoVCO</name>
         <load_address>0x3cf8</load_address>
         <run_address>0x3cf8</run_address>
         <size>0x120</size>
         <input_file_ref idref="fl-ef"/>
      </object_component>
      <object_component id="oc-3f7">
         <name>.const:.string:_ctypes_</name>
         <load_address>0x3e18</load_address>
         <run_address>0x3e18</run_address>
         <size>0x101</size>
         <input_file_ref idref="fl-d2"/>
      </object_component>
      <object_component id="oc-1d6">
         <name>.const:g_sFontFixed6x8</name>
         <load_address>0x3f1c</load_address>
         <run_address>0x3f1c</run_address>
         <size>0xc8</size>
         <input_file_ref idref="fl-e7"/>
      </object_component>
      <object_component id="oc-174">
         <name>.const:g_pui32Regs</name>
         <load_address>0x3fe4</load_address>
         <run_address>0x3fe4</run_address>
         <size>0x9c</size>
         <input_file_ref idref="fl-ed"/>
      </object_component>
      <object_component id="oc-3db">
         <name>.const:g_pui32GPIOBaseAddrs</name>
         <load_address>0x4080</load_address>
         <run_address>0x4080</run_address>
         <size>0x90</size>
         <input_file_ref idref="fl-ec"/>
      </object_component>
      <object_component id="oc-179">
         <name>.const</name>
         <load_address>0x4110</load_address>
         <run_address>0x4110</run_address>
         <size>0x70</size>
         <input_file_ref idref="fl-ed"/>
      </object_component>
      <object_component id="oc-261">
         <name>.const:g_pui32Xtals</name>
         <load_address>0x4180</load_address>
         <run_address>0x4180</run_address>
         <size>0x6c</size>
         <input_file_ref idref="fl-ef"/>
      </object_component>
      <object_component id="oc-2ee">
         <name>.const:g_sXTALtoMEMTIM</name>
         <load_address>0x41ec</load_address>
         <run_address>0x41ec</run_address>
         <size>0x30</size>
         <input_file_ref idref="fl-ef"/>
      </object_component>
      <object_component id="oc-1cd">
         <name>.const:g_sCrystalfontz128x128</name>
         <load_address>0x421c</load_address>
         <run_address>0x421c</run_address>
         <size>0x28</size>
         <input_file_ref idref="fl-2"/>
      </object_component>
      <object_component id="oc-285">
         <name>.const</name>
         <load_address>0x4244</load_address>
         <run_address>0x4244</run_address>
         <size>0x10</size>
         <input_file_ref idref="fl-e4"/>
      </object_component>
      <object_component id="oc-267">
         <name>.const</name>
         <load_address>0x4254</load_address>
         <run_address>0x4254</run_address>
         <size>0x8</size>
         <input_file_ref idref="fl-ef"/>
      </object_component>
      <object_component id="oc-4fc">
         <name>.cinit..data.load</name>
         <load_address>0x4260</load_address>
         <run_address>0x4260</run_address>
         <size>0xf</size>
      </object_component>
      <object_component id="oc-4fa">
         <name>__TI_handler_table</name>
         <load_address>0x4270</load_address>
         <run_address>0x4270</run_address>
         <size>0xc</size>
      </object_component>
      <object_component id="oc-4fd">
         <name>.cinit..bss.load</name>
         <load_address>0x4280</load_address>
         <run_address>0x4280</run_address>
         <size>0x8</size>
      </object_component>
      <object_component id="oc-4fb">
         <name>__TI_cinit_table</name>
         <load_address>0x4288</load_address>
         <run_address>0x4288</run_address>
         <size>0x10</size>
      </object_component>
      <object_component id="oc-272">
         <name>.data:Lcd_buffer</name>
         <load_address>0x20000000</load_address>
         <run_address>0x20000000</run_address>
         <size>0x8000</size>
         <input_file_ref idref="fl-2"/>
      </object_component>
      <object_component id="oc-8c">
         <name>.data</name>
         <load_address>0x2000802c</load_address>
         <run_address>0x2000802c</run_address>
         <size>0x6</size>
         <input_file_ref idref="fl-4"/>
      </object_component>
      <object_component id="oc-7d">
         <name>.data:gJoystick</name>
         <load_address>0x20008024</load_address>
         <run_address>0x20008024</run_address>
         <size>0x8</size>
         <input_file_ref idref="fl-4"/>
      </object_component>
      <object_component id="oc-fc">
         <name>.data:count$2</name>
         <load_address>0x20008000</load_address>
         <run_address>0x20008000</run_address>
         <size>0x24</size>
         <input_file_ref idref="fl-4"/>
      </object_component>
      <object_component id="oc-109">
         <name>.data</name>
         <load_address>0x20008034</load_address>
         <run_address>0x20008034</run_address>
         <size>0x4</size>
         <input_file_ref idref="fl-5"/>
      </object_component>
      <object_component id="oc-45e">
         <name>.data</name>
         <load_address>0x20008038</load_address>
         <run_address>0x20008038</run_address>
         <size>0x4</size>
         <input_file_ref idref="fl-e2"/>
      </object_component>
      <object_component id="oc-fb">
         <name>.bss:state$1</name>
         <uninitialized>true</uninitialized>
         <run_address>0x20008840</run_address>
         <size>0x14</size>
         <input_file_ref idref="fl-4"/>
      </object_component>
      <object_component id="oc-26b">
         <name>.common:Lcd_Orientation</name>
         <uninitialized>true</uninitialized>
         <run_address>0x20008868</run_address>
         <size>0x1</size>
      </object_component>
      <object_component id="oc-277">
         <name>.common:Lcd_ScreenWidth</name>
         <uninitialized>true</uninitialized>
         <run_address>0x20008862</run_address>
         <size>0x2</size>
      </object_component>
      <object_component id="oc-276">
         <name>.common:Lcd_ScreenHeigth</name>
         <uninitialized>true</uninitialized>
         <run_address>0x20008860</run_address>
         <size>0x2</size>
      </object_component>
      <object_component id="oc-278">
         <name>.common:Lcd_PenSolid</name>
         <uninitialized>true</uninitialized>
         <run_address>0x20008869</run_address>
         <size>0x1</size>
      </object_component>
      <object_component id="oc-279">
         <name>.common:Lcd_FontSolid</name>
         <uninitialized>true</uninitialized>
         <run_address>0x20008867</run_address>
         <size>0x1</size>
      </object_component>
      <object_component id="oc-27a">
         <name>.common:Lcd_FlagRead</name>
         <uninitialized>true</uninitialized>
         <run_address>0x20008866</run_address>
         <size>0x1</size>
      </object_component>
      <object_component id="oc-27b">
         <name>.common:Lcd_TouchTrim</name>
         <uninitialized>true</uninitialized>
         <run_address>0x20008864</run_address>
         <size>0x2</size>
      </object_component>
      <object_component id="oc-da">
         <name>.common:gADCSamplingRate</name>
         <uninitialized>true</uninitialized>
         <run_address>0x20008854</run_address>
         <size>0x4</size>
      </object_component>
      <object_component id="oc-a1">
         <name>.common:gSystemClock</name>
         <uninitialized>true</uninitialized>
         <run_address>0x20008858</run_address>
         <size>0x4</size>
      </object_component>
      <object_component id="oc-288">
         <name>.common:g_psGrLibDefaults</name>
         <uninitialized>true</uninitialized>
         <run_address>0x2000885c</run_address>
         <size>0x4</size>
      </object_component>
      <object_component id="oc-21">
         <name>.stack</name>
         <uninitialized>true</uninitialized>
         <run_address>0x20008040</run_address>
         <size>0x4</size>
         <input_file_ref idref="fl-c6"/>
      </object_component>
      <object_component id="oc-4fe">
         <name>.stack</name>
         <uninitialized>true</uninitialized>
         <run_address>0x20008040</run_address>
         <size>0x0</size>
      </object_component>
      <object_component id="oc-19d">
         <name>.debug_info</name>
         <load_address>0x0</load_address>
         <run_address>0x0</run_address>
         <size>0x700</size>
         <input_file_ref idref="fl-2"/>
      </object_component>
      <object_component id="oc-273">
         <name>.debug_info</name>
         <load_address>0x700</load_address>
         <run_address>0x700</run_address>
         <size>0x106</size>
         <input_file_ref idref="fl-2"/>
      </object_component>
      <object_component id="oc-1ce">
         <name>.debug_info</name>
         <load_address>0x806</load_address>
         <run_address>0x806</run_address>
         <size>0x11f</size>
         <input_file_ref idref="fl-2"/>
      </object_component>
      <object_component id="oc-1c8">
         <name>.debug_info</name>
         <load_address>0x925</load_address>
         <run_address>0x925</run_address>
         <size>0x10fb</size>
         <input_file_ref idref="fl-2"/>
      </object_component>
      <object_component id="oc-167">
         <name>.debug_info</name>
         <load_address>0x1a20</load_address>
         <run_address>0x1a20</run_address>
         <size>0x6bd</size>
         <input_file_ref idref="fl-2"/>
      </object_component>
      <object_component id="oc-119">
         <name>.debug_info</name>
         <load_address>0x20dd</load_address>
         <run_address>0x20dd</run_address>
         <size>0x26b</size>
         <input_file_ref idref="fl-2"/>
      </object_component>
      <object_component id="oc-112">
         <name>.debug_info</name>
         <load_address>0x2348</load_address>
         <run_address>0x2348</run_address>
         <size>0x8b</size>
         <input_file_ref idref="fl-2"/>
      </object_component>
      <object_component id="oc-198">
         <name>.debug_info</name>
         <load_address>0x23d3</load_address>
         <run_address>0x23d3</run_address>
         <size>0x297</size>
         <input_file_ref idref="fl-2"/>
      </object_component>
      <object_component id="oc-188">
         <name>.debug_info</name>
         <load_address>0x266a</load_address>
         <run_address>0x266a</run_address>
         <size>0xef</size>
         <input_file_ref idref="fl-2"/>
      </object_component>
      <object_component id="oc-10d">
         <name>.debug_info</name>
         <load_address>0x2759</load_address>
         <run_address>0x2759</run_address>
         <size>0xbb</size>
         <input_file_ref idref="fl-2"/>
      </object_component>
      <object_component id="oc-32a">
         <name>.debug_info</name>
         <load_address>0x2814</load_address>
         <run_address>0x2814</run_address>
         <size>0x6c0</size>
         <input_file_ref idref="fl-3"/>
      </object_component>
      <object_component id="oc-26f">
         <name>.debug_info</name>
         <load_address>0x2ed4</load_address>
         <run_address>0x2ed4</run_address>
         <size>0x620</size>
         <input_file_ref idref="fl-3"/>
      </object_component>
      <object_component id="oc-db">
         <name>.debug_info</name>
         <load_address>0x34f4</load_address>
         <run_address>0x34f4</run_address>
         <size>0x837</size>
         <input_file_ref idref="fl-4"/>
      </object_component>
      <object_component id="oc-8d">
         <name>.debug_info</name>
         <load_address>0x3d2b</load_address>
         <run_address>0x3d2b</run_address>
         <size>0xef</size>
         <input_file_ref idref="fl-4"/>
      </object_component>
      <object_component id="oc-7e">
         <name>.debug_info</name>
         <load_address>0x3e1a</load_address>
         <run_address>0x3e1a</run_address>
         <size>0xf1</size>
         <input_file_ref idref="fl-4"/>
      </object_component>
      <object_component id="oc-2b">
         <name>.debug_info</name>
         <load_address>0x3f0b</load_address>
         <run_address>0x3f0b</run_address>
         <size>0x797</size>
         <input_file_ref idref="fl-4"/>
      </object_component>
      <object_component id="oc-a2">
         <name>.debug_info</name>
         <load_address>0x46a2</load_address>
         <run_address>0x46a2</run_address>
         <size>0x843</size>
         <input_file_ref idref="fl-5"/>
      </object_component>
      <object_component id="oc-10a">
         <name>.debug_info</name>
         <load_address>0x4ee5</load_address>
         <run_address>0x4ee5</run_address>
         <size>0xe6</size>
         <input_file_ref idref="fl-5"/>
      </object_component>
      <object_component id="oc-142">
         <name>.debug_info</name>
         <load_address>0x4fcb</load_address>
         <run_address>0x4fcb</run_address>
         <size>0x2e5</size>
         <input_file_ref idref="fl-5"/>
      </object_component>
      <object_component id="oc-16c">
         <name>.debug_info</name>
         <load_address>0x52b0</load_address>
         <run_address>0x52b0</run_address>
         <size>0xcc</size>
         <input_file_ref idref="fl-5"/>
      </object_component>
      <object_component id="oc-2c7">
         <name>.debug_info</name>
         <load_address>0x537c</load_address>
         <run_address>0x537c</run_address>
         <size>0x2c</size>
         <input_file_ref idref="fl-5"/>
      </object_component>
      <object_component id="oc-d6">
         <name>.debug_info</name>
         <load_address>0x53a8</load_address>
         <run_address>0x53a8</run_address>
         <size>0x1ca</size>
         <input_file_ref idref="fl-6"/>
      </object_component>
      <object_component id="oc-39">
         <name>.debug_info</name>
         <load_address>0x5572</load_address>
         <run_address>0x5572</run_address>
         <size>0x84</size>
         <input_file_ref idref="fl-6"/>
      </object_component>
      <object_component id="oc-32">
         <name>.debug_info</name>
         <load_address>0x55f6</load_address>
         <run_address>0x55f6</run_address>
         <size>0x2e4</size>
         <input_file_ref idref="fl-7"/>
      </object_component>
      <object_component id="oc-10">
         <name>.debug_info</name>
         <load_address>0x58da</load_address>
         <run_address>0x58da</run_address>
         <size>0x109</size>
         <input_file_ref idref="fl-7"/>
      </object_component>
      <object_component id="oc-26">
         <name>.debug_info</name>
         <load_address>0x59e3</load_address>
         <run_address>0x59e3</run_address>
         <size>0x288</size>
         <input_file_ref idref="fl-7"/>
      </object_component>
      <object_component id="oc-132">
         <name>.debug_info</name>
         <load_address>0x5c6b</load_address>
         <run_address>0x5c6b</run_address>
         <size>0x313</size>
         <input_file_ref idref="fl-c3"/>
      </object_component>
      <object_component id="oc-4b">
         <name>.debug_info</name>
         <load_address>0x5f7e</load_address>
         <run_address>0x5f7e</run_address>
         <size>0x1b4</size>
         <input_file_ref idref="fl-c3"/>
      </object_component>
      <object_component id="oc-12d">
         <name>.debug_info</name>
         <load_address>0x6132</load_address>
         <run_address>0x6132</run_address>
         <size>0x46</size>
         <input_file_ref idref="fl-c3"/>
      </object_component>
      <object_component id="oc-1a6">
         <name>.debug_info</name>
         <load_address>0x6178</load_address>
         <run_address>0x6178</run_address>
         <size>0x2c</size>
         <input_file_ref idref="fl-c3"/>
      </object_component>
      <object_component id="oc-49">
         <name>.debug_info</name>
         <load_address>0x61a4</load_address>
         <run_address>0x61a4</run_address>
         <size>0x29d</size>
         <input_file_ref idref="fl-c4"/>
      </object_component>
      <object_component id="oc-1a">
         <name>.debug_info</name>
         <load_address>0x6441</load_address>
         <run_address>0x6441</run_address>
         <size>0x1df</size>
         <input_file_ref idref="fl-c4"/>
      </object_component>
      <object_component id="oc-44">
         <name>.debug_info</name>
         <load_address>0x6620</load_address>
         <run_address>0x6620</run_address>
         <size>0x46</size>
         <input_file_ref idref="fl-c4"/>
      </object_component>
      <object_component id="oc-125">
         <name>.debug_info</name>
         <load_address>0x6666</load_address>
         <run_address>0x6666</run_address>
         <size>0x2c</size>
         <input_file_ref idref="fl-c4"/>
      </object_component>
      <object_component id="oc-123">
         <name>.debug_info</name>
         <load_address>0x6692</load_address>
         <run_address>0x6692</run_address>
         <size>0x293</size>
         <input_file_ref idref="fl-c5"/>
      </object_component>
      <object_component id="oc-13">
         <name>.debug_info</name>
         <load_address>0x6925</load_address>
         <run_address>0x6925</run_address>
         <size>0x245</size>
         <input_file_ref idref="fl-c5"/>
      </object_component>
      <object_component id="oc-34">
         <name>.debug_info</name>
         <load_address>0x6b6a</load_address>
         <run_address>0x6b6a</run_address>
         <size>0x60</size>
         <input_file_ref idref="fl-c5"/>
      </object_component>
      <object_component id="oc-19f">
         <name>.debug_info</name>
         <load_address>0x6bca</load_address>
         <run_address>0x6bca</run_address>
         <size>0x46</size>
         <input_file_ref idref="fl-c5"/>
      </object_component>
      <object_component id="oc-11e">
         <name>.debug_info</name>
         <load_address>0x6c10</load_address>
         <run_address>0x6c10</run_address>
         <size>0x39</size>
         <input_file_ref idref="fl-c5"/>
      </object_component>
      <object_component id="oc-22">
         <name>.debug_info</name>
         <load_address>0x6c49</load_address>
         <run_address>0x6c49</run_address>
         <size>0x100</size>
         <input_file_ref idref="fl-c6"/>
      </object_component>
      <object_component id="oc-60">
         <name>.debug_info</name>
         <load_address>0x6d49</load_address>
         <run_address>0x6d49</run_address>
         <size>0x1a4</size>
         <input_file_ref idref="fl-c6"/>
      </object_component>
      <object_component id="oc-1f9">
         <name>.debug_info</name>
         <load_address>0x6eed</load_address>
         <run_address>0x6eed</run_address>
         <size>0x117</size>
         <input_file_ref idref="fl-c7"/>
      </object_component>
      <object_component id="oc-2bc">
         <name>.debug_info</name>
         <load_address>0x7004</load_address>
         <run_address>0x7004</run_address>
         <size>0x32f</size>
         <input_file_ref idref="fl-ca"/>
      </object_component>
      <object_component id="oc-1ed">
         <name>.debug_info</name>
         <load_address>0x7333</load_address>
         <run_address>0x7333</run_address>
         <size>0x1e3</size>
         <input_file_ref idref="fl-ca"/>
      </object_component>
      <object_component id="oc-2b0">
         <name>.debug_info</name>
         <load_address>0x7516</load_address>
         <run_address>0x7516</run_address>
         <size>0x1b8</size>
         <input_file_ref idref="fl-ca"/>
      </object_component>
      <object_component id="oc-2b6">
         <name>.debug_info</name>
         <load_address>0x76ce</load_address>
         <run_address>0x76ce</run_address>
         <size>0x16b</size>
         <input_file_ref idref="fl-ca"/>
      </object_component>
      <object_component id="oc-2bd">
         <name>.debug_info</name>
         <load_address>0x7839</load_address>
         <run_address>0x7839</run_address>
         <size>0x2c</size>
         <input_file_ref idref="fl-ca"/>
      </object_component>
      <object_component id="oc-2c2">
         <name>.debug_info</name>
         <load_address>0x7865</load_address>
         <run_address>0x7865</run_address>
         <size>0x69</size>
         <input_file_ref idref="fl-ca"/>
      </object_component>
      <object_component id="oc-135">
         <name>.debug_info</name>
         <load_address>0x78ce</load_address>
         <run_address>0x78ce</run_address>
         <size>0x13f</size>
         <input_file_ref idref="fl-cb"/>
      </object_component>
      <object_component id="oc-40">
         <name>.debug_info</name>
         <load_address>0x7a0d</load_address>
         <run_address>0x7a0d</run_address>
         <size>0x111</size>
         <input_file_ref idref="fl-cc"/>
      </object_component>
      <object_component id="oc-2d8">
         <name>.debug_info</name>
         <load_address>0x7b1e</load_address>
         <run_address>0x7b1e</run_address>
         <size>0x547</size>
         <input_file_ref idref="fl-cd"/>
      </object_component>
      <object_component id="oc-206">
         <name>.debug_info</name>
         <load_address>0x8065</load_address>
         <run_address>0x8065</run_address>
         <size>0x19b</size>
         <input_file_ref idref="fl-cd"/>
      </object_component>
      <object_component id="oc-3c1">
         <name>.debug_info</name>
         <load_address>0x8200</load_address>
         <run_address>0x8200</run_address>
         <size>0x39</size>
         <input_file_ref idref="fl-cd"/>
      </object_component>
      <object_component id="oc-472">
         <name>.debug_info</name>
         <load_address>0x8239</load_address>
         <run_address>0x8239</run_address>
         <size>0x39</size>
         <input_file_ref idref="fl-cd"/>
      </object_component>
      <object_component id="oc-3c6">
         <name>.debug_info</name>
         <load_address>0x8272</load_address>
         <run_address>0x8272</run_address>
         <size>0x39</size>
         <input_file_ref idref="fl-cd"/>
      </object_component>
      <object_component id="oc-3cb">
         <name>.debug_info</name>
         <load_address>0x82ab</load_address>
         <run_address>0x82ab</run_address>
         <size>0xcd</size>
         <input_file_ref idref="fl-cd"/>
      </object_component>
      <object_component id="oc-13a">
         <name>.debug_info</name>
         <load_address>0x8378</load_address>
         <run_address>0x8378</run_address>
         <size>0x148</size>
         <input_file_ref idref="fl-ce"/>
      </object_component>
      <object_component id="oc-3a2">
         <name>.debug_info</name>
         <load_address>0x84c0</load_address>
         <run_address>0x84c0</run_address>
         <size>0x8a6</size>
         <input_file_ref idref="fl-d0"/>
      </object_component>
      <object_component id="oc-36d">
         <name>.debug_info</name>
         <load_address>0x8d66</load_address>
         <run_address>0x8d66</run_address>
         <size>0x213</size>
         <input_file_ref idref="fl-d0"/>
      </object_component>
      <object_component id="oc-428">
         <name>.debug_info</name>
         <load_address>0x8f79</load_address>
         <run_address>0x8f79</run_address>
         <size>0x1a8</size>
         <input_file_ref idref="fl-d0"/>
      </object_component>
      <object_component id="oc-42e">
         <name>.debug_info</name>
         <load_address>0x9121</load_address>
         <run_address>0x9121</run_address>
         <size>0x210</size>
         <input_file_ref idref="fl-d0"/>
      </object_component>
      <object_component id="oc-378">
         <name>.debug_info</name>
         <load_address>0x9331</load_address>
         <run_address>0x9331</run_address>
         <size>0x3b0</size>
         <input_file_ref idref="fl-d0"/>
      </object_component>
      <object_component id="oc-435">
         <name>.debug_info</name>
         <load_address>0x96e1</load_address>
         <run_address>0x96e1</run_address>
         <size>0x2fa</size>
         <input_file_ref idref="fl-d0"/>
      </object_component>
      <object_component id="oc-43b">
         <name>.debug_info</name>
         <load_address>0x99db</load_address>
         <run_address>0x99db</run_address>
         <size>0x20a</size>
         <input_file_ref idref="fl-d0"/>
      </object_component>
      <object_component id="oc-37e">
         <name>.debug_info</name>
         <load_address>0x9be5</load_address>
         <run_address>0x9be5</run_address>
         <size>0x20a</size>
         <input_file_ref idref="fl-d0"/>
      </object_component>
      <object_component id="oc-384">
         <name>.debug_info</name>
         <load_address>0x9def</load_address>
         <run_address>0x9def</run_address>
         <size>0x2f9</size>
         <input_file_ref idref="fl-d0"/>
      </object_component>
      <object_component id="oc-38a">
         <name>.debug_info</name>
         <load_address>0xa0e8</load_address>
         <run_address>0xa0e8</run_address>
         <size>0x4a5</size>
         <input_file_ref idref="fl-d0"/>
      </object_component>
      <object_component id="oc-2aa">
         <name>.debug_info</name>
         <load_address>0xa58d</load_address>
         <run_address>0xa58d</run_address>
         <size>0x5cd</size>
         <input_file_ref idref="fl-d0"/>
      </object_component>
      <object_component id="oc-3a3">
         <name>.debug_info</name>
         <load_address>0xab5a</load_address>
         <run_address>0xab5a</run_address>
         <size>0x86</size>
         <input_file_ref idref="fl-d0"/>
      </object_component>
      <object_component id="oc-465">
         <name>.debug_info</name>
         <load_address>0xabe0</load_address>
         <run_address>0xabe0</run_address>
         <size>0x39</size>
         <input_file_ref idref="fl-d0"/>
      </object_component>
      <object_component id="oc-4bd">
         <name>.debug_info</name>
         <load_address>0xac19</load_address>
         <run_address>0xac19</run_address>
         <size>0xb6</size>
         <input_file_ref idref="fl-d0"/>
      </object_component>
      <object_component id="oc-46a">
         <name>.debug_info</name>
         <load_address>0xaccf</load_address>
         <run_address>0xaccf</run_address>
         <size>0x46</size>
         <input_file_ref idref="fl-d0"/>
      </object_component>
      <object_component id="oc-3a8">
         <name>.debug_info</name>
         <load_address>0xad15</load_address>
         <run_address>0xad15</run_address>
         <size>0x46</size>
         <input_file_ref idref="fl-d0"/>
      </object_component>
      <object_component id="oc-3fb">
         <name>.debug_info</name>
         <load_address>0xad5b</load_address>
         <run_address>0xad5b</run_address>
         <size>0x2ae</size>
         <input_file_ref idref="fl-d1"/>
      </object_component>
      <object_component id="oc-367">
         <name>.debug_info</name>
         <load_address>0xb009</load_address>
         <run_address>0xb009</run_address>
         <size>0x171</size>
         <input_file_ref idref="fl-d1"/>
      </object_component>
      <object_component id="oc-48a">
         <name>.debug_info</name>
         <load_address>0xb17a</load_address>
         <run_address>0xb17a</run_address>
         <size>0xee</size>
         <input_file_ref idref="fl-d2"/>
      </object_component>
      <object_component id="oc-3f8">
         <name>.debug_info</name>
         <load_address>0xb268</load_address>
         <run_address>0xb268</run_address>
         <size>0xfa</size>
         <input_file_ref idref="fl-d2"/>
      </object_component>
      <object_component id="oc-498">
         <name>.debug_info</name>
         <load_address>0xb362</load_address>
         <run_address>0xb362</run_address>
         <size>0x290</size>
         <input_file_ref idref="fl-d3"/>
      </object_component>
      <object_component id="oc-418">
         <name>.debug_info</name>
         <load_address>0xb5f2</load_address>
         <run_address>0xb5f2</run_address>
         <size>0x1c2</size>
         <input_file_ref idref="fl-d3"/>
      </object_component>
      <object_component id="oc-456">
         <name>.debug_info</name>
         <load_address>0xb7b4</load_address>
         <run_address>0xb7b4</run_address>
         <size>0x28b</size>
         <input_file_ref idref="fl-d4"/>
      </object_component>
      <object_component id="oc-391">
         <name>.debug_info</name>
         <load_address>0xba3f</load_address>
         <run_address>0xba3f</run_address>
         <size>0x1ab</size>
         <input_file_ref idref="fl-d4"/>
      </object_component>
      <object_component id="oc-4af">
         <name>.debug_info</name>
         <load_address>0xbbea</load_address>
         <run_address>0xbbea</run_address>
         <size>0x28f</size>
         <input_file_ref idref="fl-d5"/>
      </object_component>
      <object_component id="oc-44f">
         <name>.debug_info</name>
         <load_address>0xbe79</load_address>
         <run_address>0xbe79</run_address>
         <size>0x247</size>
         <input_file_ref idref="fl-d5"/>
      </object_component>
      <object_component id="oc-3f6">
         <name>.debug_info</name>
         <load_address>0xc0c0</load_address>
         <run_address>0xc0c0</run_address>
         <size>0x284</size>
         <input_file_ref idref="fl-d6"/>
      </object_component>
      <object_component id="oc-364">
         <name>.debug_info</name>
         <load_address>0xc344</load_address>
         <run_address>0xc344</run_address>
         <size>0x22a</size>
         <input_file_ref idref="fl-d6"/>
      </object_component>
      <object_component id="oc-4a0">
         <name>.debug_info</name>
         <load_address>0xc56e</load_address>
         <run_address>0xc56e</run_address>
         <size>0x28f</size>
         <input_file_ref idref="fl-d7"/>
      </object_component>
      <object_component id="oc-443">
         <name>.debug_info</name>
         <load_address>0xc7fd</load_address>
         <run_address>0xc7fd</run_address>
         <size>0x18a</size>
         <input_file_ref idref="fl-d7"/>
      </object_component>
      <object_component id="oc-4c9">
         <name>.debug_info</name>
         <load_address>0xc987</load_address>
         <run_address>0xc987</run_address>
         <size>0x39</size>
         <input_file_ref idref="fl-d7"/>
      </object_component>
      <object_component id="oc-4a1">
         <name>.debug_info</name>
         <load_address>0xc9c0</load_address>
         <run_address>0xc9c0</run_address>
         <size>0x2c</size>
         <input_file_ref idref="fl-d7"/>
      </object_component>
      <object_component id="oc-4ad">
         <name>.debug_info</name>
         <load_address>0xc9ec</load_address>
         <run_address>0xc9ec</run_address>
         <size>0x2f2</size>
         <input_file_ref idref="fl-d8"/>
      </object_component>
      <object_component id="oc-44b">
         <name>.debug_info</name>
         <load_address>0xccde</load_address>
         <run_address>0xccde</run_address>
         <size>0x21a</size>
         <input_file_ref idref="fl-d8"/>
      </object_component>
      <object_component id="oc-4aa">
         <name>.debug_info</name>
         <load_address>0xcef8</load_address>
         <run_address>0xcef8</run_address>
         <size>0x156</size>
         <input_file_ref idref="fl-d9"/>
      </object_component>
      <object_component id="oc-45d">
         <name>.debug_info</name>
         <load_address>0xd04e</load_address>
         <run_address>0xd04e</run_address>
         <size>0x284</size>
         <input_file_ref idref="fl-da"/>
      </object_component>
      <object_component id="oc-397">
         <name>.debug_info</name>
         <load_address>0xd2d2</load_address>
         <run_address>0xd2d2</run_address>
         <size>0x14f</size>
         <input_file_ref idref="fl-da"/>
      </object_component>
      <object_component id="oc-4b2">
         <name>.debug_info</name>
         <load_address>0xd421</load_address>
         <run_address>0xd421</run_address>
         <size>0x46</size>
         <input_file_ref idref="fl-da"/>
      </object_component>
      <object_component id="oc-458">
         <name>.debug_info</name>
         <load_address>0xd467</load_address>
         <run_address>0xd467</run_address>
         <size>0x39</size>
         <input_file_ref idref="fl-da"/>
      </object_component>
      <object_component id="oc-425">
         <name>.debug_info</name>
         <load_address>0xd4a0</load_address>
         <run_address>0xd4a0</run_address>
         <size>0x144</size>
         <input_file_ref idref="fl-db"/>
      </object_component>
      <object_component id="oc-373">
         <name>.debug_info</name>
         <load_address>0xd5e4</load_address>
         <run_address>0xd5e4</run_address>
         <size>0x120</size>
         <input_file_ref idref="fl-dc"/>
      </object_component>
      <object_component id="oc-40e">
         <name>.debug_info</name>
         <load_address>0xd704</load_address>
         <run_address>0xd704</run_address>
         <size>0x122</size>
         <input_file_ref idref="fl-dc"/>
      </object_component>
      <object_component id="oc-40a">
         <name>.debug_info</name>
         <load_address>0xd826</load_address>
         <run_address>0xd826</run_address>
         <size>0x132</size>
         <input_file_ref idref="fl-dd"/>
      </object_component>
      <object_component id="oc-405">
         <name>.debug_info</name>
         <load_address>0xd958</load_address>
         <run_address>0xd958</run_address>
         <size>0x132</size>
         <input_file_ref idref="fl-de"/>
      </object_component>
      <object_component id="oc-415">
         <name>.debug_info</name>
         <load_address>0xda8a</load_address>
         <run_address>0xda8a</run_address>
         <size>0x126</size>
         <input_file_ref idref="fl-df"/>
      </object_component>
      <object_component id="oc-41f">
         <name>.debug_info</name>
         <load_address>0xdbb0</load_address>
         <run_address>0xdbb0</run_address>
         <size>0x124</size>
         <input_file_ref idref="fl-e0"/>
      </object_component>
      <object_component id="oc-3ff">
         <name>.debug_info</name>
         <load_address>0xdcd4</load_address>
         <run_address>0xdcd4</run_address>
         <size>0x12c</size>
         <input_file_ref idref="fl-e1"/>
      </object_component>
      <object_component id="oc-462">
         <name>.debug_info</name>
         <load_address>0xde00</load_address>
         <run_address>0xde00</run_address>
         <size>0x27e</size>
         <input_file_ref idref="fl-e2"/>
      </object_component>
      <object_component id="oc-45f">
         <name>.debug_info</name>
         <load_address>0xe07e</load_address>
         <run_address>0xe07e</run_address>
         <size>0x103</size>
         <input_file_ref idref="fl-e2"/>
      </object_component>
      <object_component id="oc-39d">
         <name>.debug_info</name>
         <load_address>0xe181</load_address>
         <run_address>0xe181</run_address>
         <size>0x143</size>
         <input_file_ref idref="fl-e2"/>
      </object_component>
      <object_component id="oc-48e">
         <name>.debug_info</name>
         <load_address>0xe2c4</load_address>
         <run_address>0xe2c4</run_address>
         <size>0x10d</size>
         <input_file_ref idref="fl-e3"/>
      </object_component>
      <object_component id="oc-289">
         <name>.debug_info</name>
         <load_address>0xe3d1</load_address>
         <run_address>0xe3d1</run_address>
         <size>0x464</size>
         <input_file_ref idref="fl-e4"/>
      </object_component>
      <object_component id="oc-286">
         <name>.debug_info</name>
         <load_address>0xe835</load_address>
         <run_address>0xe835</run_address>
         <size>0x167</size>
         <input_file_ref idref="fl-e4"/>
      </object_component>
      <object_component id="oc-1d4">
         <name>.debug_info</name>
         <load_address>0xe99c</load_address>
         <run_address>0xe99c</run_address>
         <size>0x27d</size>
         <input_file_ref idref="fl-e4"/>
      </object_component>
      <object_component id="oc-2a4">
         <name>.debug_info</name>
         <load_address>0xec19</load_address>
         <run_address>0xec19</run_address>
         <size>0x6bd</size>
         <input_file_ref idref="fl-e4"/>
      </object_component>
      <object_component id="oc-152">
         <name>.debug_info</name>
         <load_address>0xf2d6</load_address>
         <run_address>0xf2d6</run_address>
         <size>0x18b</size>
         <input_file_ref idref="fl-e4"/>
      </object_component>
      <object_component id="oc-2a3">
         <name>.debug_info</name>
         <load_address>0xf461</load_address>
         <run_address>0xf461</run_address>
         <size>0x3d9</size>
         <input_file_ref idref="fl-e5"/>
      </object_component>
      <object_component id="oc-1e6">
         <name>.debug_info</name>
         <load_address>0xf83a</load_address>
         <run_address>0xf83a</run_address>
         <size>0x284</size>
[...]
         <name>HAL_LCD_writeData</name>
         <value>0x2111</value>
         <object_component_ref idref="oc-26c"/>
      </symbol>
      <symbol id="sm-ac">
         <name>HAL_LCD_SpiInit</name>
         <value>0x2171</value>
         <object_component_ref idref="oc-26c"/>
      </symbol>
      <symbol id="sm-ad">
         <name>HAL_LCD_PortInit</name>
         <value>0x2201</value>
         <object_component_ref idref="oc-26c"/>
      </symbol>
      <symbol id="sm-ae">
         <name>HAL_LCD_writeCommand</name>
         <value>0x2121</value>
         <object_component_ref idref="oc-26c"/>
      </symbol>
      <symbol id="sm-e5">
         <name>gADCSamplingRate</name>
         <value>0x20008854</value>
      </symbol>
      <symbol id="sm-e6">
         <name>ButtonDebounce</name>
         <value>0xee9</value>
         <object_component_ref idref="oc-2a"/>
      </symbol>
      <symbol id="sm-e7">
         <name>ButtonReadJoystick</name>
         <value>0xc69</value>
         <object_component_ref idref="oc-2a"/>
      </symbol>
      <symbol id="sm-e8">
         <name>ButtonAutoRepeat</name>
         <value>0xf59</value>
         <object_component_ref idref="oc-2a"/>
      </symbol>
      <symbol id="sm-e9">
         <name>gButtons</name>
         <value>0x2000802c</value>
         <object_component_ref idref="oc-8c"/>
      </symbol>
      <symbol id="sm-ea">
         <name>ButtonISR</name>
         <value>0xfd9</value>
         <object_component_ref idref="oc-2a"/>
      </symbol>
      <symbol id="sm-eb">
         <name>ButtonInit</name>
         <value>0xd49</value>
         <object_component_ref idref="oc-2a"/>
      </symbol>
      <symbol id="sm-ec">
         <name>gJoystick</name>
         <value>0x20008024</value>
         <object_component_ref idref="oc-7d"/>
      </symbol>
      <symbol id="sm-120">
         <name>gSystemClock</name>
         <value>0x20008858</value>
      </symbol>
      <symbol id="sm-121">
         <name>gTime</name>
         <value>0x20008034</value>
         <object_component_ref idref="oc-109"/>
      </symbol>
      <symbol id="sm-122">
         <name>main</name>
         <value>0x1971</value>
         <object_component_ref idref="oc-13f"/>
      </symbol>
      <symbol id="sm-131">
         <name>SysCtlFrequencyGet</name>
         <value>0x3339</value>
         <object_component_ref idref="oc-d4"/>
      </symbol>
      <symbol id="sm-14d">
         <name>ResetISR</name>
         <value>0x37c9</value>
         <object_component_ref idref="oc-24"/>
      </symbol>
      <symbol id="sm-14e">
         <name>g_pfnVectors</name>
         <value>0x0</value>
         <object_component_ref idref="oc-f"/>
      </symbol>
      <symbol id="sm-167">
         <name>__TI_zero_init_nomemset</name>
         <value>0x38f5</value>
         <object_component_ref idref="oc-4a"/>
      </symbol>
      <symbol id="sm-17e">
         <name>__TI_decompress_none</name>
         <value>0x3983</value>
         <object_component_ref idref="oc-18"/>
      </symbol>
      <symbol id="sm-1a1">
         <name>__TI_decompress_lzss</name>
         <value>0x2fcd</value>
         <object_component_ref idref="oc-12"/>
      </symbol>
      <symbol id="sm-1b4">
         <name>__stack</name>
         <value>0x20008040</value>
         <object_component_ref idref="oc-21"/>
      </symbol>
      <symbol id="sm-1b5">
         <name>_c_int00_noargs</name>
         <value>0x3595</value>
         <object_component_ref idref="oc-5c"/>
      </symbol>
      <symbol id="sm-1c0">
         <name>C$$EXIT</name>
         <value>0x39fd</value>
         <object_component_ref idref="oc-1f8"/>
      </symbol>
      <symbol id="sm-1c1">
         <name>abort</name>
         <value>0x39fd</value>
         <object_component_ref idref="oc-1f8"/>
      </symbol>
      <symbol id="sm-1f2">
         <name>snprintf</name>
         <value>0x329d</value>
         <object_component_ref idref="oc-1eb"/>
      </symbol>
      <symbol id="sm-201">
         <name>__aeabi_memset</name>
         <value>0x2e17</value>
         <object_component_ref idref="oc-133"/>
      </symbol>
      <symbol id="sm-202">
         <name>memset</name>
         <value>0x2e1d</value>
         <object_component_ref idref="oc-133"/>
      </symbol>
      <symbol id="sm-203">
         <name>__aeabi_memset8</name>
         <value>0x2e17</value>
         <object_component_ref idref="oc-133"/>
      </symbol>
      <symbol id="sm-204">
         <name>__aeabi_memset4</name>
         <value>0x2e17</value>
         <object_component_ref idref="oc-133"/>
      </symbol>
      <symbol id="sm-205">
         <name>__aeabi_memclr8</name>
         <value>0x2e15</value>
         <object_component_ref idref="oc-133"/>
      </symbol>
      <symbol id="sm-206">
         <name>__aeabi_memclr4</name>
         <value>0x2e15</value>
         <object_component_ref idref="oc-133"/>
      </symbol>
      <symbol id="sm-207">
         <name>__aeabi_memclr</name>
         <value>0x2e15</value>
         <object_component_ref idref="oc-133"/>
      </symbol>
      <symbol id="sm-222">
         <name>memcpy</name>
         <value>0x2ad7</value>
         <object_component_ref idref="oc-3e"/>
      </symbol>
      <symbol id="sm-223">
         <name>__aeabi_memcpy</name>
         <value>0x2ad7</value>
         <object_component_ref idref="oc-3e"/>
      </symbol>
      <symbol id="sm-224">
         <name>__aeabi_memcpy8</name>
         <value>0x2ad7</value>
         <object_component_ref idref="oc-3e"/>
      </symbol>
      <symbol id="sm-225">
         <name>__aeabi_memcpy4</name>
         <value>0x2ad7</value>
         <object_component_ref idref="oc-3e"/>
      </symbol>
      <symbol id="sm-24d">
         <name>__TI_auto_init_nobinit_nopinit</name>
         <value>0x345d</value>
         <object_component_ref idref="oc-204"/>
      </symbol>
      <symbol id="sm-257">
         <name>_system_pre_init</name>
         <value>0x39f9</value>
         <object_component_ref idref="oc-139"/>
      </symbol>
      <symbol id="sm-3bd">
         <name>__TI_printfi</name>
         <value>0x209</value>
         <object_component_ref idref="oc-2a9"/>
      </symbol>
      <symbol id="sm-3d3">
         <name>atoi</name>
         <value>0x3251</value>
         <object_component_ref idref="oc-366"/>
      </symbol>
      <symbol id="sm-3de">
         <name>_ctypes_</name>
         <value>0x3e18</value>
         <object_component_ref idref="oc-3f7"/>
      </symbol>
      <symbol id="sm-3ed">
         <name>ltoa</name>
         <value>0x31a9</value>
         <object_component_ref idref="oc-417"/>
      </symbol>
      <symbol id="sm-3fd">
         <name>memccpy</name>
         <value>0x37ad</value>
         <object_component_ref idref="oc-38f"/>
      </symbol>
      <symbol id="sm-40d">
         <name>strchr</name>
         <value>0x3859</value>
         <object_component_ref idref="oc-44e"/>
      </symbol>
      <symbol id="sm-41b">
         <name>strlen</name>
         <value>0x3899</value>
         <object_component_ref idref="oc-360"/>
      </symbol>
      <symbol id="sm-43b">
         <name>frexpl</name>
         <value>0x3035</value>
         <object_component_ref idref="oc-442"/>
      </symbol>
      <symbol id="sm-43c">
         <name>frexp</name>
         <value>0x3035</value>
         <object_component_ref idref="oc-442"/>
      </symbol>
      <symbol id="sm-459">
         <name>scalbn</name>
         <value>0x2755</value>
         <object_component_ref idref="oc-448"/>
      </symbol>
      <symbol id="sm-45a">
         <name>scalbnl</name>
         <value>0x2755</value>
         <object_component_ref idref="oc-448"/>
      </symbol>
      <symbol id="sm-45b">
         <name>ldexpl</name>
         <value>0x2755</value>
         <object_component_ref idref="oc-448"/>
      </symbol>
      <symbol id="sm-45c">
         <name>ldexp</name>
         <value>0x2755</value>
         <object_component_ref idref="oc-448"/>
      </symbol>
      <symbol id="sm-466">
         <name>copysign</name>
         <value>0x3885</value>
         <object_component_ref idref="oc-4a6"/>
      </symbol>
      <symbol id="sm-467">
         <name>copysignl</name>
         <value>0x3885</value>
         <object_component_ref idref="oc-4a6"/>
      </symbol>
      <symbol id="sm-480">
         <name>wcslen</name>
         <value>0x3907</value>
         <object_component_ref idref="oc-395"/>
      </symbol>
      <symbol id="sm-497">
         <name>__aeabi_dsub</name>
         <value>0x1f59</value>
         <object_component_ref idref="oc-422"/>
      </symbol>
      <symbol id="sm-498">
         <name>__aeabi_dadd</name>
         <value>0x1f63</value>
         <object_component_ref idref="oc-422"/>
      </symbol>
      <symbol id="sm-4ba">
         <name>__aeabi_cdcmpeq</name>
         <value>0x2c8f</value>
         <object_component_ref idref="oc-372"/>
      </symbol>
      <symbol id="sm-4bb">
         <name>__aeabi_cdcmple</name>
         <value>0x2c8f</value>
         <object_component_ref idref="oc-372"/>
      </symbol>
      <symbol id="sm-4bc">
         <name>__aeabi_cdrcmple</name>
         <value>0x2d15</value>
         <object_component_ref idref="oc-40d"/>
      </symbol>
      <symbol id="sm-4d0">
         <name>__aeabi_ddiv</name>
         <value>0x23cd</value>
         <object_component_ref idref="oc-408"/>
      </symbol>
      <symbol id="sm-4db">
         <name>__aeabi_dmul</name>
         <value>0x2865</value>
         <object_component_ref idref="oc-403"/>
      </symbol>
      <symbol id="sm-4e5">
         <name>__aeabi_d2iz</name>
         <value>0x3415</value>
         <object_component_ref idref="oc-412"/>
      </symbol>
      <symbol id="sm-4ef">
         <name>__aeabi_i2d</name>
         <value>0x368d</value>
         <object_component_ref idref="oc-41d"/>
      </symbol>
      <symbol id="sm-4fc">
         <name>__aeabi_uldivmod</name>
         <value>0x2b73</value>
         <object_component_ref idref="oc-3fc"/>
      </symbol>
      <symbol id="sm-512">
         <name>__aeabi_errno_addr</name>
         <value>0x39e1</value>
         <object_component_ref idref="oc-39b"/>
      </symbol>
      <symbol id="sm-513">
         <name>errno</name>
         <value>0x20008038</value>
         <object_component_ref idref="oc-45e"/>
      </symbol>
      <symbol id="sm-51d">
         <name>__aeabi_idiv0</name>
         <value>0xc67</value>
         <object_component_ref idref="oc-48d"/>
      </symbol>
      <symbol id="sm-51e">
         <name>__aeabi_ldiv0</name>
         <value>0xc67</value>
         <object_component_ref idref="oc-48d"/>
      </symbol>
      <symbol id="sm-543">
         <name>GrContextInit</name>
         <value>0x2efd</value>
         <object_component_ref idref="oc-1d0"/>
      </symbol>
      <symbol id="sm-544">
         <name>g_psDefaultCodePointMapTable</name>
         <value>0x4244</value>
         <object_component_ref idref="oc-285"/>
      </symbol>
      <symbol id="sm-552">
         <name>GrRectFill</name>
         <value>0x2c09</value>
         <object_component_ref idref="oc-1e5"/>
      </symbol>
      <symbol id="sm-5e1">
         <name>GrFontInfoGet</name>
         <value>0x36e5</value>
         <object_component_ref idref="oc-32d"/>
      </symbol>
      <symbol id="sm-5e2">
         <name>GrDefaultStringRenderer</name>
         <value>0x2961</value>
         <object_component_ref idref="oc-27f"/>
      </symbol>
      <symbol id="sm-5e3">
         <name>GrFontGlyphRender</name>
         <value>0x1719</value>
         <object_component_ref idref="oc-33f"/>
      </symbol>
      <symbol id="sm-5e4">
         <name>GrContextFontSet</name>
         <value>0x39e9</value>
         <object_component_ref idref="oc-1d9"/>
      </symbol>
      <symbol id="sm-5e5">
         <name>GrFontGlyphDataGet</name>
         <value>0x3731</value>
         <object_component_ref idref="oc-339"/>
      </symbol>
      <symbol id="sm-5e6">
         <name>GrStringDraw</name>
         <value>0x3843</value>
         <object_component_ref idref="oc-1f1"/>
      </symbol>
      <symbol id="sm-5e7">
         <name>GrFontCodepageGet</name>
         <value>0x3771</value>
         <object_component_ref idref="oc-354"/>
      </symbol>
      <symbol id="sm-5e8">
         <name>GrStringNextCharGet</name>
         <value>0x365f</value>
         <object_component_ref idref="oc-333"/>
      </symbol>
      <symbol id="sm-5fa">
         <name>g_sFontFixed6x8</name>
         <value>0x3f1c</value>
         <object_component_ref idref="oc-1d6"/>
      </symbol>
      <symbol id="sm-607">
         <name>GrMapISO8859_1_Unicode</name>
         <value>0x39c7</value>
         <object_component_ref idref="oc-346"/>
      </symbol>
      <symbol id="sm-65d">
         <name>ADCProcessorTrigger</name>
         <value>0x37fb</value>
         <object_component_ref idref="oc-71"/>
      </symbol>
      <symbol id="sm-65e">
         <name>ADCSequenceEnable</name>
         <value>0x3967</value>
         <object_component_ref idref="oc-f5"/>
      </symbol>
      <symbol id="sm-65f">
         <name>ADCSequenceConfigure</name>
         <value>0x34a1</value>
         <object_component_ref idref="oc-e9"/>
      </symbol>
      <symbol id="sm-660">
         <name>ADCSequenceStepConfigure</name>
         <value>0x2d9b</value>
         <object_component_ref idref="oc-ef"/>
      </symbol>
      <symbol id="sm-661">
         <name>ADCIntClear</name>
         <value>0x39a9</value>
         <object_component_ref idref="oc-86"/>
      </symbol>
      <symbol id="sm-662">
         <name>ADCIntStatus</name>
         <value>0x3631</value>
         <object_component_ref idref="oc-77"/>
      </symbol>
      <symbol id="sm-663">
         <name>ADCSequenceDisable</name>
         <value>0x3959</value>
         <object_component_ref idref="oc-e3"/>
      </symbol>
      <symbol id="sm-664">
         <name>ADCClockConfigSet</name>
         <value>0x37e3</value>
         <object_component_ref idref="oc-dd"/>
      </symbol>
      <symbol id="sm-665">
         <name>ADCSequenceDataGet</name>
         <value>0x3753</value>
         <object_component_ref idref="oc-80"/>
      </symbol>
      <symbol id="sm-67b">
         <name>FPULazyStackingEnable</name>
         <value>0x3929</value>
         <object_component_ref idref="oc-1bb"/>
      </symbol>
      <symbol id="sm-67c">
         <name>FPUEnable</name>
         <value>0x3919</value>
         <object_component_ref idref="oc-1b5"/>
      </symbol>
      <symbol id="sm-6d6">
         <name>GPIOPinConfigure</name>
         <value>0x3385</value>
         <object_component_ref idref="oc-31d"/>
      </symbol>
      <symbol id="sm-6d7">
         <name>GPIOPinTypeADC</name>
         <value>0x38ad</value>
         <object_component_ref idref="oc-ce"/>
      </symbol>
      <symbol id="sm-6d8">
         <name>GPIOPinTypeGPIOInput</name>
         <value>0x38bf</value>
         <object_component_ref idref="oc-c2"/>
      </symbol>
      <symbol id="sm-6d9">
         <name>GPIOPinTypeGPIOOutput</name>
         <value>0x3813</value>
         <object_component_ref idref="oc-323"/>
      </symbol>
      <symbol id="sm-6da">
         <name>GPIOPinRead</name>
         <value>0x10b3</value>
         <object_component_ref idref="oc-103"/>
      </symbol>
      <symbol id="sm-6db">
         <name>GPIODirModeSet</name>
         <value>0x36bb</value>
         <object_component_ref idref="oc-17d"/>
      </symbol>
      <symbol id="sm-6dc">
         <name>GPIOPinWrite</name>
         <value>0x3333</value>
         <object_component_ref idref="oc-305"/>
      </symbol>
      <symbol id="sm-6dd">
         <name>GPIOPadConfigSet</name>
         <value>0x2503</value>
         <object_component_ref idref="oc-c8"/>
      </symbol>
      <symbol id="sm-6de">
         <name>GPIOPinTypeSSI</name>
         <value>0x38d1</value>
         <object_component_ref idref="oc-317"/>
      </symbol>
      <symbol id="sm-728">
         <name>IntPrioritySet</name>
         <value>0x370d</value>
         <object_component_ref idref="oc-b6"/>
      </symbol>
      <symbol id="sm-729">
         <name>IntEnable</name>
         <value>0x2f65</value>
         <object_component_ref idref="oc-bc"/>
      </symbol>
      <symbol id="sm-72a">
         <name>IntMasterDisable</name>
         <value>0x3939</value>
         <object_component_ref idref="oc-1af"/>
      </symbol>
      <symbol id="sm-72b">
         <name>IntMasterEnable</name>
         <value>0x3949</value>
         <object_component_ref idref="oc-1df"/>
      </symbol>
      <symbol id="sm-752">
         <name>SSIDataPut</name>
         <value>0x39b3</value>
         <object_component_ref idref="oc-2f9"/>
      </symbol>
      <symbol id="sm-753">
         <name>SSIConfigSetExpClk</name>
         <value>0x351d</value>
         <object_component_ref idref="oc-30b"/>
      </symbol>
      <symbol id="sm-754">
         <name>SSIEnable</name>
         <value>0x39bd</value>
         <object_component_ref idref="oc-311"/>
      </symbol>
      <symbol id="sm-755">
         <name>SSIBusy</name>
         <value>0x39cf</value>
         <object_component_ref idref="oc-2ff"/>
      </symbol>
      <symbol id="sm-7c5">
         <name>SysCtlDelay</name>
         <value>0x39ef</value>
         <object_component_ref idref="oc-275"/>
      </symbol>
      <symbol id="sm-7c6">
         <name>SysCtlPeripheralEnable</name>
         <value>0x35cd</value>
         <object_component_ref idref="oc-8f"/>
      </symbol>
      <symbol id="sm-7c7">
         <name>SysCtlClockFreqSet</name>
         <value>0x1b85</value>
         <object_component_ref idref="oc-1c1"/>
      </symbol>
      <symbol id="sm-805">
         <name>TimerLoadSet</name>
         <value>0x38e3</value>
         <object_component_ref idref="oc-a4"/>
      </symbol>
      <symbol id="sm-806">
         <name>TimerDisable</name>
         <value>0x3871</value>
         <object_component_ref idref="oc-95"/>
      </symbol>
      <symbol id="sm-807">
         <name>TimerEnable</name>
         <value>0x3975</value>
         <object_component_ref idref="oc-b0"/>
      </symbol>
      <symbol id="sm-808">
         <name>TimerIntEnable</name>
         <value>0x39d7</value>
         <object_component_ref idref="oc-aa"/>
      </symbol>
      <symbol id="sm-809">
         <name>TimerConfigure</name>
         <value>0x3099</value>
         <object_component_ref idref="oc-9b"/>
      </symbol>
      <symbol id="sm-80a">
         <name>TimerIntClear</name>
         <value>0x39f5</value>
         <object_component_ref idref="oc-fd"/>
      </symbol>
      <symbol id="sm-81c">
         <name>CPUcpsie</name>
         <value>0x399d</value>
         <object_component_ref idref="oc-29b"/>
      </symbol>
      <symbol id="sm-81d">
         <name>CPUcpsid</name>
         <value>0x3991</value>
         <object_component_ref idref="oc-24c"/>
      </symbol>
      <symbol id="sm-81e">
         <name>__TI_static_base__</name>
         <value>0x0</value>
      </symbol>
      <symbol id="sm-821">
         <name>__mpu_init</name>
         <value>0x0</value>
      </symbol>
      <symbol id="sm-822">
         <name>_system_post_cinit</name>
         <value>0x0</value>
      </symbol>
   </symbol_table>
   <title>Link successful</title>
</link_info>
