<?xml version="1.0" encoding="ISO-8859-1" ?>
<link_info>
   <banner>TI ARM Linker PC v18.1.4.LTS</banner>
   <copyright>Copyright (c) 1996-2018 Texas Instruments Incorporated</copyright>
   <link_time>0x5ca59e60</link_time>
   <link_errors>0x0</link_errors>
   <output_file>ece3849d19_lab1_cmbuckley_yaverdeja_extra.out</output_file>
   <entry_point>
      <name>_c_int00_noargs</name>
      <address>0x3db5</address>
   </entry_point>
   <input_file_list>
      <input_file id="fl-2">
         <path>.\</path>
         <kind>object</kind>
         <file>Crystalfontz128x128_ST7735.obj</file>
         <name>Crystalfontz128x128_ST7735.obj</name>
      </input_file>
      <input_file id="fl-3">
         <path>.\</path>
         <kind>object</kind>
         <file>HAL_EK_TM4C1294XL_Crystalfontz128x128_ST7735.obj</file>
         <name>HAL_EK_TM4C1294XL_Crystalfontz128x128_ST7735.obj</name>
      </input_file>
      <input_file id="fl-4">
         <path>.\</path>
         <kind>object</kind>
         <file>buttons.obj</file>
         <name>buttons.obj</name>
      </input_file>
      <input_file id="fl-5">
         <path>.\</path>
         <kind>object</kind>
         <file>main.obj</file>
         <name>main.obj</name>
      </input_file>
      <input_file id="fl-6">
         <path>.\</path>
         <kind>object</kind>
         <file>sysctl_pll.obj</file>
         <name>sysctl_pll.obj</name>
      </input_file>
      <input_file id="fl-7">
         <path>.\</path>
         <kind>object</kind>
         <file>tm4c1294ncpdt_startup_ccs.obj</file>
         <name>tm4c1294ncpdt_startup_ccs.obj</name>
      </input_file>
      <input_file id="fl-d">
         <kind>object</kind>
         <file>&lt;internal&gt;</file>
         <name>&lt;internal&gt;</name>
      </input_file>
      <input_file id="fl-c3">
         <path>C:\ti\ccsv8\tools\compiler\ti-cgt-arm_18.1.4.LTS\lib\</path>
         <kind>archive</kind>
         <file>rtsv7M4_T_le_v4SPD16_eabi.lib</file>
         <name>fd_mul_t2.asm.obj</name>
      </input_file>
      <input_file id="fl-c4">
         <path>C:\ti\ccsv8\tools\compiler\ti-cgt-arm_18.1.4.LTS\lib\</path>
         <kind>archive</kind>
         <file>rtsv7M4_T_le_v4SPD16_eabi.lib</file>
         <name>fd_tos_t2.asm.obj</name>
      </input_file>
      <input_file id="fl-c5">
         <path>C:\ti\ccsv8\tools\compiler\ti-cgt-arm_18.1.4.LTS\lib\</path>
         <kind>archive</kind>
         <file>rtsv7M4_T_le_v4SPD16_eabi.lib</file>
         <name>fs_tod_t2.asm.obj</name>
      </input_file>
      <input_file id="fl-c6">
         <path>C:\ti\ccsv8\tools\compiler\ti-cgt-arm_18.1.4.LTS\lib\</path>
         <kind>archive</kind>
         <file>rtsv7M4_T_le_v4SPD16_eabi.lib</file>
         <name>copy_zero_init.c.obj</name>
      </input_file>
      <input_file id="fl-c7">
         <path>C:\ti\ccsv8\tools\compiler\ti-cgt-arm_18.1.4.LTS\lib\</path>
         <kind>archive</kind>
         <file>rtsv7M4_T_le_v4SPD16_eabi.lib</file>
         <name>copy_decompress_none.c.obj</name>
      </input_file>
      <input_file id="fl-c8">
         <path>C:\ti\ccsv8\tools\compiler\ti-cgt-arm_18.1.4.LTS\lib\</path>
         <kind>archive</kind>
         <file>rtsv7M4_T_le_v4SPD16_eabi.lib</file>
         <name>copy_decompress_lzss.c.obj</name>
      </input_file>
      <input_file id="fl-c9">
         <path>C:\ti\ccsv8\tools\compiler\ti-cgt-arm_18.1.4.LTS\lib\</path>
         <kind>archive</kind>
         <file>rtsv7M4_T_le_v4SPD16_eabi.lib</file>
         <name>boot_cortex_m.c.obj</name>
      </input_file>
      <input_file id="fl-ca">
         <path>C:\ti\ccsv8\tools\compiler\ti-cgt-arm_18.1.4.LTS\lib\</path>
         <kind>archive</kind>
         <file>rtsv7M4_T_le_v4SPD16_eabi.lib</file>
         <name>exit.c.obj</name>
      </input_file>
      <input_file id="fl-cb">
         <path>C:\ti\ccsv8\tools\compiler\ti-cgt-arm_18.1.4.LTS\lib\</path>
         <kind>archive</kind>
         <file>rtsv7M4_T_le_v4SPD16_eabi.lib</file>
         <name>_lock.c.obj</name>
      </input_file>
      <input_file id="fl-cc">
         <path>C:\ti\ccsv8\tools\compiler\ti-cgt-arm_18.1.4.LTS\lib\</path>
         <kind>archive</kind>
         <file>rtsv7M4_T_le_v4SPD16_eabi.lib</file>
         <name>args_main.c.obj</name>
      </input_file>
      <input_file id="fl-cd">
         <path>C:\ti\ccsv8\tools\compiler\ti-cgt-arm_18.1.4.LTS\lib\</path>
         <kind>archive</kind>
         <file>rtsv7M4_T_le_v4SPD16_eabi.lib</file>
         <name>snprintf.c.obj</name>
      </input_file>
      <input_file id="fl-ce">
         <path>C:\ti\ccsv8\tools\compiler\ti-cgt-arm_18.1.4.LTS\lib\</path>
         <kind>archive</kind>
         <file>rtsv7M4_T_le_v4SPD16_eabi.lib</file>
         <name>memcpy_t2.asm.obj</name>
      </input_file>
      <input_file id="fl-cf">
         <path>C:\ti\ccsv8\tools\compiler\ti-cgt-arm_18.1.4.LTS\lib\</path>
         <kind>archive</kind>
         <file>rtsv7M4_T_le_v4SPD16_eabi.lib</file>
         <name>memset_t2.asm.obj</name>
      </input_file>
      <input_file id="fl-d0">
         <path>C:\ti\ccsv8\tools\compiler\ti-cgt-arm_18.1.4.LTS\lib\</path>
         <kind>archive</kind>
         <file>rtsv7M4_T_le_v4SPD16_eabi.lib</file>
         <name>autoinit.c.obj</name>
      </input_file>
      <input_file id="fl-d1">
         <path>C:\ti\ccsv8\tools\compiler\ti-cgt-arm_18.1.4.LTS\lib\</path>
         <kind>archive</kind>
         <file>rtsv7M4_T_le_v4SPD16_eabi.lib</file>
         <name>pre_init.c.obj</name>
      </input_file>
      <input_file id="fl-d2">
         <path>C:\ti\ccsv8\tools\compiler\ti-cgt-arm_18.1.4.LTS\lib\</path>
         <kind>archive</kind>
         <file>rtsv7M4_T_le_v4SPD16_eabi.lib</file>
         <name>cpy_tbl.c.obj</name>
      </input_file>
      <input_file id="fl-d3">
         <path>C:\ti\ccsv8\tools\compiler\ti-cgt-arm_18.1.4.LTS\lib\</path>
         <kind>archive</kind>
         <file>rtsv7M4_T_le_v4SPD16_eabi.lib</file>
         <name>_printfi.c.obj</name>
      </input_file>
      <input_file id="fl-d4">
         <path>C:\ti\ccsv8\tools\compiler\ti-cgt-arm_18.1.4.LTS\lib\</path>
         <kind>archive</kind>
         <file>rtsv7M4_T_le_v4SPD16_eabi.lib</file>
         <name>atoi.c.obj</name>
      </input_file>
      <input_file id="fl-d5">
         <path>C:\ti\ccsv8\tools\compiler\ti-cgt-arm_18.1.4.LTS\lib\</path>
         <kind>archive</kind>
         <file>rtsv7M4_T_le_v4SPD16_eabi.lib</file>
         <name>ctype.c.obj</name>
      </input_file>
      <input_file id="fl-d6">
         <path>C:\ti\ccsv8\tools\compiler\ti-cgt-arm_18.1.4.LTS\lib\</path>
         <kind>archive</kind>
         <file>rtsv7M4_T_le_v4SPD16_eabi.lib</file>
         <name>ltoa.c.obj</name>
      </input_file>
      <input_file id="fl-d7">
         <path>C:\ti\ccsv8\tools\compiler\ti-cgt-arm_18.1.4.LTS\lib\</path>
         <kind>archive</kind>
         <file>rtsv7M4_T_le_v4SPD16_eabi.lib</file>
         <name>memccpy.c.obj</name>
      </input_file>
      <input_file id="fl-d8">
         <path>C:\ti\ccsv8\tools\compiler\ti-cgt-arm_18.1.4.LTS\lib\</path>
         <kind>archive</kind>
         <file>rtsv7M4_T_le_v4SPD16_eabi.lib</file>
         <name>strchr.c.obj</name>
      </input_file>
      <input_file id="fl-d9">
         <path>C:\ti\ccsv8\tools\compiler\ti-cgt-arm_18.1.4.LTS\lib\</path>
         <kind>archive</kind>
         <file>rtsv7M4_T_le_v4SPD16_eabi.lib</file>
         <name>strlen.c.obj</name>
      </input_file>
      <input_file id="fl-da">
         <path>C:\ti\ccsv8\tools\compiler\ti-cgt-arm_18.1.4.LTS\lib\</path>
         <kind>archive</kind>
         <file>rtsv7M4_T_le_v4SPD16_eabi.lib</file>
         <name>wcslen.c.obj</name>
      </input_file>
      <input_file id="fl-db">
         <path>C:\ti\ccsv8\tools\compiler\ti-cgt-arm_18.1.4.LTS\lib\</path>
         <kind>archive</kind>
         <file>rtsv7M4_T_le_v4SPD16_eabi.lib</file>
         <name>s_frexp.c.obj</name>
      </input_file>
      <input_file id="fl-dc">
         <path>C:\ti\ccsv8\tools\compiler\ti-cgt-arm_18.1.4.LTS\lib\</path>
         <kind>archive</kind>
         <file>rtsv7M4_T_le_v4SPD16_eabi.lib</file>
         <name>s_scalbn.c.obj</name>
      </input_file>
      <input_file id="fl-dd">
         <path>C:\ti\ccsv8\tools\compiler\ti-cgt-arm_18.1.4.LTS\lib\</path>
         <kind>archive</kind>
         <file>rtsv7M4_T_le_v4SPD16_eabi.lib</file>
         <name>fd_add_t2.asm.obj</name>
      </input_file>
      <input_file id="fl-de">
         <path>C:\ti\ccsv8\tools\compiler\ti-cgt-arm_18.1.4.LTS\lib\</path>
         <kind>archive</kind>
         <file>rtsv7M4_T_le_v4SPD16_eabi.lib</file>
         <name>fd_cmp_t2.asm.obj</name>
      </input_file>
      <input_file id="fl-df">
         <path>C:\ti\ccsv8\tools\compiler\ti-cgt-arm_18.1.4.LTS\lib\</path>
         <kind>archive</kind>
         <file>rtsv7M4_T_le_v4SPD16_eabi.lib</file>
         <name>fd_div_t2.asm.obj</name>
      </input_file>
      <input_file id="fl-e0">
         <path>C:\ti\ccsv8\tools\compiler\ti-cgt-arm_18.1.4.LTS\lib\</path>
         <kind>archive</kind>
         <file>rtsv7M4_T_le_v4SPD16_eabi.lib</file>
         <name>fd_toi_t2.asm.obj</name>
      </input_file>
      <input_file id="fl-e1">
         <path>C:\ti\ccsv8\tools\compiler\ti-cgt-arm_18.1.4.LTS\lib\</path>
         <kind>archive</kind>
         <file>rtsv7M4_T_le_v4SPD16_eabi.lib</file>
         <name>i_tofd_t2.asm.obj</name>
      </input_file>
      <input_file id="fl-e2">
         <path>C:\ti\ccsv8\tools\compiler\ti-cgt-arm_18.1.4.LTS\lib\</path>
         <kind>archive</kind>
         <file>rtsv7M4_T_le_v4SPD16_eabi.lib</file>
         <name>ull_div_t2.asm.obj</name>
      </input_file>
      <input_file id="fl-e3">
         <path>C:\ti\ccsv8\tools\compiler\ti-cgt-arm_18.1.4.LTS\lib\</path>
         <kind>archive</kind>
         <file>rtsv7M4_T_le_v4SPD16_eabi.lib</file>
         <name>errno.c.obj</name>
      </input_file>
      <input_file id="fl-e4">
         <path>C:\ti\ccsv8\tools\compiler\ti-cgt-arm_18.1.4.LTS\lib\</path>
         <kind>archive</kind>
         <file>rtsv7M4_T_le_v4SPD16_eabi.lib</file>
         <name>s_copysign.c.obj</name>
      </input_file>
      <input_file id="fl-e5">
         <path>C:\ti\ccsv8\tools\compiler\ti-cgt-arm_18.1.4.LTS\lib\</path>
         <kind>archive</kind>
         <file>rtsv7M4_T_le_v4SPD16_eabi.lib</file>
         <name>div0.asm.obj</name>
      </input_file>
      <input_file id="fl-e6">
         <path>C:\ti\tirtos_tivac_2_16_00_08\products\TivaWare_C_Series-2.1.1.71b\grlib\ccs\Debug\</path>
         <kind>archive</kind>
         <file>grlib.lib</file>
         <name>context.obj</name>
      </input_file>
      <input_file id="fl-e7">
         <path>C:\ti\tirtos_tivac_2_16_00_08\products\TivaWare_C_Series-2.1.1.71b\grlib\ccs\Debug\</path>
         <kind>archive</kind>
         <file>grlib.lib</file>
         <name>line.obj</name>
      </input_file>
      <input_file id="fl-e8">
         <path>C:\ti\tirtos_tivac_2_16_00_08\products\TivaWare_C_Series-2.1.1.71b\grlib\ccs\Debug\</path>
         <kind>archive</kind>
         <file>grlib.lib</file>
         <name>rectangle.obj</name>
      </input_file>
      <input_file id="fl-e9">
         <path>C:\ti\tirtos_tivac_2_16_00_08\products\TivaWare_C_Series-2.1.1.71b\grlib\ccs\Debug\</path>
         <kind>archive</kind>
         <file>grlib.lib</file>
         <name>string.obj</name>
      </input_file>
      <input_file id="fl-ea">
         <path>C:\ti\tirtos_tivac_2_16_00_08\products\TivaWare_C_Series-2.1.1.71b\grlib\ccs\Debug\</path>
         <kind>archive</kind>
         <file>grlib.lib</file>
         <name>fontfixed6x8.obj</name>
      </input_file>
      <input_file id="fl-eb">
         <path>C:\ti\tirtos_tivac_2_16_00_08\products\TivaWare_C_Series-2.1.1.71b\grlib\ccs\Debug\</path>
         <kind>archive</kind>
         <file>grlib.lib</file>
         <name>charmap.obj</name>
      </input_file>
      <input_file id="fl-ec">
         <path>C:\ti\tirtos_tivac_2_16_00_08\products\TivaWare_C_Series-2.1.1.71b\driverlib\ccs\Debug\</path>
         <kind>archive</kind>
         <file>driverlib.lib</file>
         <name>adc.obj</name>
      </input_file>
      <input_file id="fl-ed">
         <path>C:\ti\tirtos_tivac_2_16_00_08\products\TivaWare_C_Series-2.1.1.71b\driverlib\ccs\Debug\</path>
         <kind>archive</kind>
         <file>driverlib.lib</file>
         <name>fpu.obj</name>
      </input_file>
      <input_file id="fl-ee">
         <path>C:\ti\tirtos_tivac_2_16_00_08\products\TivaWare_C_Series-2.1.1.71b\driverlib\ccs\Debug\</path>
         <kind>archive</kind>
         <file>driverlib.lib</file>
         <name>gpio.obj</name>
      </input_file>
      <input_file id="fl-ef">
         <path>C:\ti\tirtos_tivac_2_16_00_08\products\TivaWare_C_Series-2.1.1.71b\driverlib\ccs\Debug\</path>
         <kind>archive</kind>
         <file>driverlib.lib</file>
         <name>interrupt.obj</name>
      </input_file>
      <input_file id="fl-f0">
         <path>C:\ti\tirtos_tivac_2_16_00_08\products\TivaWare_C_Series-2.1.1.71b\driverlib\ccs\Debug\</path>
         <kind>archive</kind>
         <file>driverlib.lib</file>
         <name>ssi.obj</name>
      </input_file>
      <input_file id="fl-f1">
         <path>C:\ti\tirtos_tivac_2_16_00_08\products\TivaWare_C_Series-2.1.1.71b\driverlib\ccs\Debug\</path>
         <kind>archive</kind>
         <file>driverlib.lib</file>
         <name>sysctl.obj</name>
      </input_file>
      <input_file id="fl-f2">
         <path>C:\ti\tirtos_tivac_2_16_00_08\products\TivaWare_C_Series-2.1.1.71b\driverlib\ccs\Debug\</path>
         <kind>archive</kind>
         <file>driverlib.lib</file>
         <name>timer.obj</name>
      </input_file>
      <input_file id="fl-f3">
         <path>C:\ti\tirtos_tivac_2_16_00_08\products\TivaWare_C_Series-2.1.1.71b\driverlib\ccs\Debug\</path>
         <kind>archive</kind>
         <file>driverlib.lib</file>
         <name>cpu.obj</name>
      </input_file>
   </input_file_list>
   <object_component_list>
      <object_component id="oc-f">
         <name>.intvecs</name>
         <load_address>0x0</load_address>
         <run_address>0x0</run_address>
         <size>0x208</size>
         <input_file_ref idref="fl-7"/>
      </object_component>
      <object_component id="oc-2f9">
         <name>.text:__TI_printfi</name>
         <load_address>0x208</load_address>
         <run_address>0x208</run_address>
         <size>0xa5e</size>
         <input_file_ref idref="fl-d3"/>
      </object_component>
      <object_component id="oc-4e8">
         <name>.text</name>
         <load_address>0xc66</load_address>
         <run_address>0xc66</run_address>
         <size>0x2</size>
         <input_file_ref idref="fl-e5"/>
      </object_component>
      <object_component id="oc-2a">
         <name>.text</name>
         <load_address>0xc68</load_address>
         <run_address>0xc68</run_address>
         <size>0x7fe</size>
         <input_file_ref idref="fl-4"/>
      </object_component>
      <object_component id="oc-1d5">
         <name>.text</name>
         <load_address>0x1468</load_address>
         <run_address>0x1468</run_address>
         <size>0x3f0</size>
         <input_file_ref idref="fl-2"/>
      </object_component>
      <object_component id="oc-150">
         <name>.text</name>
         <load_address>0x1858</load_address>
         <run_address>0x1858</run_address>
         <size>0x3b4</size>
         <input_file_ref idref="fl-5"/>
      </object_component>
      <object_component id="oc-3e8">
         <name>.text:_pconv_a</name>
         <load_address>0x1c0c</load_address>
         <run_address>0x1c0c</run_address>
         <size>0x270</size>
         <input_file_ref idref="fl-d3"/>
      </object_component>
      <object_component id="oc-393">
         <name>.text:GrFontGlyphRender</name>
         <load_address>0x1e7c</load_address>
         <run_address>0x1e7c</run_address>
         <size>0x256</size>
         <input_file_ref idref="fl-e9"/>
      </object_component>
      <object_component id="oc-1cf">
         <name>.text:SysCtlClockFreqSet</name>
         <load_address>0x20d4</load_address>
         <run_address>0x20d4</run_address>
         <size>0x204</size>
         <input_file_ref idref="fl-f1"/>
      </object_component>
      <object_component id="oc-3d6">
         <name>.text:_pconv_g</name>
         <load_address>0x22d8</load_address>
         <run_address>0x22d8</run_address>
         <size>0x1d0</size>
         <input_file_ref idref="fl-d3"/>
      </object_component>
      <object_component id="oc-47d">
         <name>.text</name>
         <load_address>0x24a8</load_address>
         <run_address>0x24a8</run_address>
         <size>0x1b6</size>
         <input_file_ref idref="fl-dd"/>
      </object_component>
      <object_component id="oc-29e">
         <name>.text</name>
         <load_address>0x2660</load_address>
         <run_address>0x2660</run_address>
         <size>0x17e</size>
         <input_file_ref idref="fl-3"/>
      </object_component>
      <object_component id="oc-3e2">
         <name>.text:_pconv_e</name>
         <load_address>0x27e0</load_address>
         <run_address>0x27e0</run_address>
         <size>0x13c</size>
         <input_file_ref idref="fl-d3"/>
      </object_component>
      <object_component id="oc-463">
         <name>.text</name>
         <load_address>0x291c</load_address>
         <run_address>0x291c</run_address>
         <size>0x136</size>
         <input_file_ref idref="fl-df"/>
      </object_component>
      <object_component id="oc-da">
         <name>.text:GPIOPadConfigSet</name>
         <load_address>0x2a52</load_address>
         <run_address>0x2a52</run_address>
         <size>0x130</size>
         <input_file_ref idref="fl-ee"/>
      </object_component>
      <object_component id="oc-48f">
         <name>.text:fcvt</name>
         <load_address>0x2b84</load_address>
         <run_address>0x2b84</run_address>
         <size>0x124</size>
         <input_file_ref idref="fl-d3"/>
      </object_component>
      <object_component id="oc-4a3">
         <name>.text:scalbn</name>
         <load_address>0x2ca8</load_address>
         <run_address>0x2ca8</run_address>
         <size>0x110</size>
         <input_file_ref idref="fl-dc"/>
      </object_component>
      <object_component id="oc-20e">
         <name>.text:GrLineDraw</name>
         <load_address>0x2db8</load_address>
         <run_address>0x2db8</run_address>
         <size>0x106</size>
         <input_file_ref idref="fl-e7"/>
      </object_component>
      <object_component id="oc-1fe">
         <name>.text</name>
         <load_address>0x2ebe</load_address>
         <run_address>0x2ebe</run_address>
         <size>0xfc</size>
         <input_file_ref idref="fl-c3"/>
      </object_component>
      <object_component id="oc-2b1">
         <name>.text:GrDefaultStringRenderer</name>
         <load_address>0x2fba</load_address>
         <run_address>0x2fba</run_address>
         <size>0xc4</size>
         <input_file_ref idref="fl-e9"/>
      </object_component>
      <object_component id="oc-2e2">
         <name>.text:GrLineClip</name>
         <load_address>0x307e</load_address>
         <run_address>0x307e</run_address>
         <size>0xc0</size>
         <input_file_ref idref="fl-e7"/>
      </object_component>
      <object_component id="oc-3cb">
         <name>.text:_ltostr</name>
         <load_address>0x3140</load_address>
         <run_address>0x3140</run_address>
         <size>0xb1</size>
         <input_file_ref idref="fl-d3"/>
      </object_component>
      <object_component id="oc-3e">
         <name>.text</name>
         <load_address>0x31f2</load_address>
         <run_address>0x31f2</run_address>
         <size>0x9c</size>
         <input_file_ref idref="fl-ce"/>
      </object_component>
      <object_component id="oc-45c">
         <name>.text</name>
         <load_address>0x328e</load_address>
         <run_address>0x328e</run_address>
         <size>0x96</size>
         <input_file_ref idref="fl-e2"/>
      </object_component>
      <object_component id="oc-208">
         <name>.text:GrRectFill</name>
         <load_address>0x3324</load_address>
         <run_address>0x3324</run_address>
         <size>0x86</size>
         <input_file_ref idref="fl-e8"/>
      </object_component>
      <object_component id="oc-3d1">
         <name>.text:__aeabi_cdcmple</name>
         <load_address>0x33aa</load_address>
         <run_address>0x33aa</run_address>
         <size>0x86</size>
         <input_file_ref idref="fl-de"/>
      </object_component>
      <object_component id="oc-468">
         <name>.text:__aeabi_cdrcmple</name>
         <load_address>0x3430</load_address>
         <run_address>0x3430</run_address>
         <size>0x86</size>
         <input_file_ref idref="fl-de"/>
      </object_component>
      <object_component id="oc-f9">
         <name>.text:ADCSequenceStepConfigure</name>
         <load_address>0x34b6</load_address>
         <run_address>0x34b6</run_address>
         <size>0x7a</size>
         <input_file_ref idref="fl-ec"/>
      </object_component>
      <object_component id="oc-144">
         <name>.text</name>
         <load_address>0x3530</load_address>
         <run_address>0x3530</run_address>
         <size>0x7a</size>
         <input_file_ref idref="fl-cf"/>
      </object_component>
      <object_component id="oc-488">
         <name>.text:_mcpy</name>
         <load_address>0x35aa</load_address>
         <run_address>0x35aa</run_address>
         <size>0x6e</size>
         <input_file_ref idref="fl-d3"/>
      </object_component>
      <object_component id="oc-203">
         <name>.text</name>
         <load_address>0x3618</load_address>
         <run_address>0x3618</run_address>
         <size>0x6e</size>
         <input_file_ref idref="fl-c4"/>
      </object_component>
      <object_component id="oc-1de">
         <name>.text:GrContextInit</name>
         <load_address>0x3688</load_address>
         <run_address>0x3688</run_address>
         <size>0x68</size>
         <input_file_ref idref="fl-e6"/>
      </object_component>
      <object_component id="oc-ce">
         <name>.text:IntEnable</name>
         <load_address>0x36f0</load_address>
         <run_address>0x36f0</run_address>
         <size>0x68</size>
         <input_file_ref idref="fl-ef"/>
      </object_component>
      <object_component id="oc-12">
         <name>.text:decompress:lzss:__TI_decompress_lzss</name>
         <load_address>0x3758</load_address>
         <run_address>0x3758</run_address>
         <size>0x68</size>
         <input_file_ref idref="fl-c8"/>
      </object_component>
      <object_component id="oc-49d">
         <name>.text:frexp</name>
         <load_address>0x37c0</load_address>
         <run_address>0x37c0</run_address>
         <size>0x64</size>
         <input_file_ref idref="fl-db"/>
      </object_component>
      <object_component id="oc-b3">
         <name>.text:TimerConfigure</name>
         <load_address>0x3824</load_address>
         <run_address>0x3824</run_address>
         <size>0x60</size>
         <input_file_ref idref="fl-f2"/>
      </object_component>
      <object_component id="oc-443">
         <name>.text:FontWideGlyphDataGet</name>
         <load_address>0x3884</load_address>
         <run_address>0x3884</run_address>
         <size>0x5a</size>
         <input_file_ref idref="fl-e9"/>
      </object_component>
      <object_component id="oc-105">
         <name>.text:TimerControlTrigger</name>
         <load_address>0x38e0</load_address>
         <run_address>0x38e0</run_address>
         <size>0x58</size>
         <input_file_ref idref="fl-f2"/>
      </object_component>
      <object_component id="oc-3dc">
         <name>.text:_pconv_f</name>
         <load_address>0x3938</load_address>
         <run_address>0x3938</run_address>
         <size>0x56</size>
         <input_file_ref idref="fl-d3"/>
      </object_component>
      <object_component id="oc-472">
         <name>.text:ltoa</name>
         <load_address>0x398e</load_address>
         <run_address>0x398e</run_address>
         <size>0x54</size>
         <input_file_ref idref="fl-d6"/>
      </object_component>
      <object_component id="oc-482">
         <name>.text:_ecpy</name>
         <load_address>0x39e2</load_address>
         <run_address>0x39e2</run_address>
         <size>0x52</size>
         <input_file_ref idref="fl-d3"/>
      </object_component>
      <object_component id="oc-3c5">
         <name>.text:atoi</name>
         <load_address>0x3a34</load_address>
         <run_address>0x3a34</run_address>
         <size>0x4c</size>
         <input_file_ref idref="fl-d4"/>
      </object_component>
      <object_component id="oc-217">
         <name>.text:snprintf</name>
         <load_address>0x3a80</load_address>
         <run_address>0x3a80</run_address>
         <size>0x4c</size>
         <input_file_ref idref="fl-cd"/>
      </object_component>
      <object_component id="oc-2c4">
         <name>.text:UpdateContextCharMapping</name>
         <load_address>0x3acc</load_address>
         <run_address>0x3acc</run_address>
         <size>0x4a</size>
         <input_file_ref idref="fl-e9"/>
      </object_component>
      <object_component id="oc-371">
         <name>.text:GPIOPinConfigure</name>
         <load_address>0x3b18</load_address>
         <run_address>0x3b18</run_address>
         <size>0x48</size>
         <input_file_ref idref="fl-ee"/>
      </object_component>
      <object_component id="oc-28d">
         <name>.text:_SysCtlFrequencyGet</name>
         <load_address>0x3b60</load_address>
         <run_address>0x3b60</run_address>
         <size>0x48</size>
         <input_file_ref idref="fl-f1"/>
      </object_component>
      <object_component id="oc-46d">
         <name>.text</name>
         <load_address>0x3ba8</load_address>
         <run_address>0x3ba8</run_address>
         <size>0x48</size>
         <input_file_ref idref="fl-e0"/>
      </object_component>
      <object_component id="oc-2e8">
         <name>.text:GrLineDrawH</name>
         <load_address>0x3bf0</load_address>
         <run_address>0x3bf0</run_address>
         <size>0x46</size>
         <input_file_ref idref="fl-e7"/>
      </object_component>
      <object_component id="oc-2ee">
         <name>.text:GrLineDrawV</name>
         <load_address>0x3c36</load_address>
         <run_address>0x3c36</run_address>
         <size>0x46</size>
         <input_file_ref idref="fl-e7"/>
      </object_component>
      <object_component id="oc-236">
         <name>.text:__TI_auto_init_nobinit_nopinit:__TI_auto_init_nobinit_nopinit</name>
         <load_address>0x3c7c</load_address>
         <run_address>0x3c7c</run_address>
         <size>0x44</size>
         <input_file_ref idref="fl-d0"/>
      </object_component>
      <object_component id="oc-f3">
         <name>.text:ADCSequenceConfigure</name>
         <load_address>0x3cc0</load_address>
         <run_address>0x3cc0</run_address>
         <size>0x3e</size>
         <input_file_ref idref="fl-ec"/>
      </object_component>
      <object_component id="oc-495">
         <name>.text:_fcpy</name>
         <load_address>0x3cfe</load_address>
         <run_address>0x3cfe</run_address>
         <size>0x3e</size>
         <input_file_ref idref="fl-d3"/>
      </object_component>
      <object_component id="oc-35f">
         <name>.text:SSIConfigSetExpClk</name>
         <load_address>0x3d3c</load_address>
         <run_address>0x3d3c</run_address>
         <size>0x3c</size>
         <input_file_ref idref="fl-f0"/>
      </object_component>
      <object_component id="oc-449">
         <name>.text:FontGlyphDataGet</name>
         <load_address>0x3d78</load_address>
         <run_address>0x3d78</run_address>
         <size>0x3a</size>
         <input_file_ref idref="fl-e9"/>
      </object_component>
      <object_component id="oc-5c">
         <name>.text:_c_int00_noargs:_c_int00_noargs</name>
         <load_address>0x3db4</load_address>
         <run_address>0x3db4</run_address>
         <size>0x38</size>
         <input_file_ref idref="fl-c9"/>
      </object_component>
      <object_component id="oc-1f9">
         <name>.text</name>
         <load_address>0x3dec</load_address>
         <run_address>0x3dec</run_address>
         <size>0x38</size>
         <input_file_ref idref="fl-c5"/>
      </object_component>
      <object_component id="oc-3b4">
         <name>.text:GrClipCodeGet</name>
         <load_address>0x3e24</load_address>
         <run_address>0x3e24</run_address>
         <size>0x36</size>
         <input_file_ref idref="fl-e7"/>
      </object_component>
      <object_component id="oc-a7">
         <name>.text:SysCtlPeripheralEnable</name>
         <load_address>0x3e5c</load_address>
         <run_address>0x3e5c</run_address>
         <size>0x34</size>
         <input_file_ref idref="fl-f1"/>
      </object_component>
      <object_component id="oc-2ff">
         <name>.text:_outs</name>
         <load_address>0x3e90</load_address>
         <run_address>0x3e90</run_address>
         <size>0x30</size>
         <input_file_ref idref="fl-cd"/>
      </object_component>
      <object_component id="oc-92">
         <name>.text:ADCIntStatus</name>
         <load_address>0x3ec0</load_address>
         <run_address>0x3ec0</run_address>
         <size>0x2e</size>
         <input_file_ref idref="fl-ec"/>
      </object_component>
      <object_component id="oc-387">
         <name>.text:GrStringNextCharGet</name>
         <load_address>0x3eee</load_address>
         <run_address>0x3eee</run_address>
         <size>0x2e</size>
         <input_file_ref idref="fl-e9"/>
      </object_component>
      <object_component id="oc-478">
         <name>.text</name>
         <load_address>0x3f1c</load_address>
         <run_address>0x3f1c</run_address>
         <size>0x2e</size>
         <input_file_ref idref="fl-e1"/>
      </object_component>
      <object_component id="oc-192">
         <name>.text:GPIODirModeSet</name>
         <load_address>0x3f4a</load_address>
         <run_address>0x3f4a</run_address>
         <size>0x2a</size>
         <input_file_ref idref="fl-ee"/>
      </object_component>
      <object_component id="oc-381">
         <name>.text:GrFontInfoGet</name>
         <load_address>0x3f74</load_address>
         <run_address>0x3f74</run_address>
         <size>0x26</size>
         <input_file_ref idref="fl-e9"/>
      </object_component>
      <object_component id="oc-c8">
         <name>.text:IntPrioritySet</name>
         <load_address>0x3f9c</load_address>
         <run_address>0x3f9c</run_address>
         <size>0x24</size>
         <input_file_ref idref="fl-ef"/>
      </object_component>
      <object_component id="oc-38d">
         <name>.text:GrFontGlyphDataGet</name>
         <load_address>0x3fc0</load_address>
         <run_address>0x3fc0</run_address>
         <size>0x22</size>
         <input_file_ref idref="fl-e9"/>
      </object_component>
      <object_component id="oc-9b">
         <name>.text:ADCSequenceDataGet</name>
         <load_address>0x3fe2</load_address>
         <run_address>0x3fe2</run_address>
         <size>0x1e</size>
         <input_file_ref idref="fl-ec"/>
      </object_component>
      <object_component id="oc-3a8">
         <name>.text:GrFontCodepageGet</name>
         <load_address>0x4000</load_address>
         <run_address>0x4000</run_address>
         <size>0x1e</size>
         <input_file_ref idref="fl-e9"/>
      </object_component>
      <object_component id="oc-287">
         <name>.text:_SysCtlMemTimingGet</name>
         <load_address>0x4020</load_address>
         <run_address>0x4020</run_address>
         <size>0x1c</size>
         <input_file_ref idref="fl-f1"/>
      </object_component>
      <object_component id="oc-3ee">
         <name>.text:memccpy</name>
         <load_address>0x403c</load_address>
         <run_address>0x403c</run_address>
         <size>0x1c</size>
         <input_file_ref idref="fl-d7"/>
      </object_component>
      <object_component id="oc-24">
         <name>.text</name>
         <load_address>0x4058</load_address>
         <run_address>0x4058</run_address>
         <size>0x1a</size>
         <input_file_ref idref="fl-7"/>
      </object_component>
      <object_component id="oc-e7">
         <name>.text:ADCClockConfigSet</name>
         <load_address>0x4072</load_address>
         <run_address>0x4072</run_address>
         <size>0x18</size>
         <input_file_ref idref="fl-ec"/>
      </object_component>
      <object_component id="oc-8c">
         <name>.text:ADCProcessorTrigger</name>
         <load_address>0x408a</load_address>
         <run_address>0x408a</run_address>
         <size>0x18</size>
         <input_file_ref idref="fl-ec"/>
      </object_component>
      <object_component id="oc-377">
         <name>.text:GPIOPinTypeGPIOOutput</name>
         <load_address>0x40a2</load_address>
         <run_address>0x40a2</run_address>
         <size>0x18</size>
         <input_file_ref idref="fl-ee"/>
      </object_component>
      <object_component id="oc-305">
         <name>.text:_outc</name>
         <load_address>0x40ba</load_address>
         <run_address>0x40ba</run_address>
         <size>0x18</size>
         <input_file_ref idref="fl-cd"/>
      </object_component>
      <object_component id="oc-21d">
         <name>.text:GrStringDraw</name>
         <load_address>0x40d2</load_address>
         <run_address>0x40d2</run_address>
         <size>0x16</size>
         <input_file_ref idref="fl-e9"/>
      </object_component>
      <object_component id="oc-4a9">
         <name>.text:strchr</name>
         <load_address>0x40e8</load_address>
         <run_address>0x40e8</run_address>
         <size>0x16</size>
         <input_file_ref idref="fl-d8"/>
      </object_component>
      <object_component id="oc-ad">
         <name>.text:TimerDisable</name>
         <load_address>0x4100</load_address>
         <run_address>0x4100</run_address>
         <size>0x14</size>
         <input_file_ref idref="fl-f2"/>
      </object_component>
      <object_component id="oc-500">
         <name>.text:copysign</name>
         <load_address>0x4114</load_address>
         <run_address>0x4114</run_address>
         <size>0x14</size>
         <input_file_ref idref="fl-e4"/>
      </object_component>
      <object_component id="oc-3bf">
         <name>.text:strlen</name>
         <load_address>0x4128</load_address>
         <run_address>0x4128</run_address>
         <size>0x14</size>
         <input_file_ref idref="fl-d9"/>
      </object_component>
      <object_component id="oc-e0">
         <name>.text:GPIOPinTypeADC</name>
         <load_address>0x413c</load_address>
         <run_address>0x413c</run_address>
         <size>0x12</size>
         <input_file_ref idref="fl-ee"/>
      </object_component>
      <object_component id="oc-d4">
         <name>.text:GPIOPinTypeGPIOInput</name>
         <load_address>0x414e</load_address>
         <run_address>0x414e</run_address>
         <size>0x12</size>
         <input_file_ref idref="fl-ee"/>
      </object_component>
      <object_component id="oc-36b">
         <name>.text:GPIOPinTypeSSI</name>
         <load_address>0x4160</load_address>
         <run_address>0x4160</run_address>
         <size>0x12</size>
         <input_file_ref idref="fl-ee"/>
      </object_component>
      <object_component id="oc-bc">
         <name>.text:TimerLoadSet</name>
         <load_address>0x4172</load_address>
         <run_address>0x4172</run_address>
         <size>0x12</size>
         <input_file_ref idref="fl-f2"/>
      </object_component>
      <object_component id="oc-3f4">
         <name>.text:wcslen</name>
         <load_address>0x4184</load_address>
         <run_address>0x4184</run_address>
         <size>0x12</size>
         <input_file_ref idref="fl-da"/>
      </object_component>
      <object_component id="oc-10e">
         <name>.text:ADCIntEnable</name>
         <load_address>0x4196</load_address>
         <run_address>0x4196</run_address>
         <size>0x10</size>
         <input_file_ref idref="fl-ec"/>
      </object_component>
      <object_component id="oc-1c3">
         <name>.text:FPUEnable</name>
         <load_address>0x41a8</load_address>
         <run_address>0x41a8</run_address>
         <size>0x10</size>
         <input_file_ref idref="fl-ed"/>
      </object_component>
      <object_component id="oc-1c9">
         <name>.text:FPULazyStackingEnable</name>
         <load_address>0x41b8</load_address>
         <run_address>0x41b8</run_address>
         <size>0x10</size>
         <input_file_ref idref="fl-ed"/>
      </object_component>
      <object_component id="oc-1bd">
         <name>.text:IntMasterDisable</name>
         <load_address>0x41c8</load_address>
         <run_address>0x41c8</run_address>
         <size>0x10</size>
         <input_file_ref idref="fl-ef"/>
      </object_component>
      <object_component id="oc-1f3">
         <name>.text:IntMasterEnable</name>
         <load_address>0x41d8</load_address>
         <run_address>0x41d8</run_address>
         <size>0x10</size>
         <input_file_ref idref="fl-ef"/>
      </object_component>
      <object_component id="oc-ed">
         <name>.text:ADCSequenceDisable</name>
         <load_address>0x41e8</load_address>
         <run_address>0x41e8</run_address>
         <size>0xe</size>
         <input_file_ref idref="fl-ec"/>
      </object_component>
      <object_component id="oc-ff">
         <name>.text:ADCSequenceEnable</name>
         <load_address>0x41f6</load_address>
         <run_address>0x41f6</run_address>
         <size>0xe</size>
         <input_file_ref idref="fl-ec"/>
      </object_component>
      <object_component id="oc-80">
         <name>.text:TimerEnable</name>
         <load_address>0x4204</load_address>
         <run_address>0x4204</run_address>
         <size>0xe</size>
         <input_file_ref idref="fl-f2"/>
      </object_component>
      <object_component id="oc-18">
         <name>.text:decompress:none:__TI_decompress_none</name>
         <load_address>0x4212</load_address>
         <run_address>0x4212</run_address>
         <size>0xe</size>
         <input_file_ref idref="fl-c7"/>
      </object_component>
      <object_component id="oc-27e">
         <name>.text:CPUcpsid</name>
         <load_address>0x4220</load_address>
         <run_address>0x4220</run_address>
         <size>0xc</size>
         <input_file_ref idref="fl-f3"/>
      </object_component>
      <object_component id="oc-2d1">
         <name>.text:CPUcpsie</name>
         <load_address>0x422c</load_address>
         <run_address>0x422c</run_address>
         <size>0xc</size>
         <input_file_ref idref="fl-f3"/>
      </object_component>
      <object_component id="oc-50">
         <name>.text:decompress:ZI:__TI_zero_init</name>
         <load_address>0x4238</load_address>
         <run_address>0x4238</run_address>
         <size>0xc</size>
         <input_file_ref idref="fl-c6"/>
      </object_component>
      <object_component id="oc-a1">
         <name>.text:ADCIntClear</name>
         <load_address>0x4244</load_address>
         <run_address>0x4244</run_address>
         <size>0xa</size>
         <input_file_ref idref="fl-ec"/>
      </object_component>
      <object_component id="oc-34d">
         <name>.text:SSIDataPut</name>
         <load_address>0x424e</load_address>
         <run_address>0x424e</run_address>
         <size>0xa</size>
         <input_file_ref idref="fl-f0"/>
      </object_component>
      <object_component id="oc-365">
         <name>.text:SSIEnable</name>
         <load_address>0x4258</load_address>
         <run_address>0x4258</run_address>
         <size>0xa</size>
         <input_file_ref idref="fl-f0"/>
      </object_component>
      <object_component id="oc-86">
         <name>.text:TimerIntStatus</name>
         <load_address>0x4262</load_address>
         <run_address>0x4262</run_address>
         <size>0xa</size>
         <input_file_ref idref="fl-f2"/>
      </object_component>
      <object_component id="oc-39a">
         <name>.text:GrMapISO8859_1_Unicode</name>
         <load_address>0x426c</load_address>
         <run_address>0x426c</run_address>
         <size>0x8</size>
         <input_file_ref idref="fl-eb"/>
      </object_component>
      <object_component id="oc-353">
         <name>.text:SSIBusy</name>
         <load_address>0x4274</load_address>
         <run_address>0x4274</run_address>
         <size>0x8</size>
         <input_file_ref idref="fl-f0"/>
      </object_component>
      <object_component id="oc-c2">
         <name>.text:TimerIntEnable</name>
         <load_address>0x427c</load_address>
         <run_address>0x427c</run_address>
         <size>0x8</size>
         <input_file_ref idref="fl-f2"/>
      </object_component>
      <object_component id="oc-3fa">
         <name>.text:__aeabi_errno_addr</name>
         <load_address>0x4284</load_address>
         <run_address>0x4284</run_address>
         <size>0x8</size>
         <input_file_ref idref="fl-e3"/>
      </object_component>
      <object_component id="oc-116">
         <name>.text:GPIOPinRead</name>
         <load_address>0x428c</load_address>
         <run_address>0x428c</run_address>
         <size>0x6</size>
         <input_file_ref idref="fl-ee"/>
      </object_component>
      <object_component id="oc-359">
         <name>.text:GPIOPinWrite</name>
         <load_address>0x4292</load_address>
         <run_address>0x4292</run_address>
         <size>0x6</size>
         <input_file_ref idref="fl-ee"/>
      </object_component>
      <object_component id="oc-1e7">
         <name>.text:GrContextFontSet</name>
         <load_address>0x4298</load_address>
         <run_address>0x4298</run_address>
         <size>0x6</size>
         <input_file_ref idref="fl-e9"/>
      </object_component>
      <object_component id="oc-2a7">
         <name>.text:SysCtlDelay</name>
         <load_address>0x429e</load_address>
         <run_address>0x429e</run_address>
         <size>0x6</size>
         <input_file_ref idref="fl-f1"/>
      </object_component>
      <object_component id="oc-7a">
         <name>.text:TimerIntClear</name>
         <load_address>0x42a4</load_address>
         <run_address>0x42a4</run_address>
         <size>0x4</size>
         <input_file_ref idref="fl-f2"/>
      </object_component>
      <object_component id="oc-14a">
         <name>.text:_system_pre_init</name>
         <load_address>0x42a8</load_address>
         <run_address>0x42a8</run_address>
         <size>0x4</size>
         <input_file_ref idref="fl-d1"/>
      </object_component>
      <object_component id="oc-22a">
         <name>.text:abort:abort</name>
         <load_address>0x42ac</load_address>
         <run_address>0x42ac</run_address>
         <size>0x4</size>
         <input_file_ref idref="fl-ca"/>
      </object_component>
      <object_component id="oc-2be">
         <name>.const:.string:g_pui8FontFixed6x8Data</name>
         <load_address>0x42b0</load_address>
         <run_address>0x42b0</run_address>
         <size>0x2f8</size>
         <input_file_ref idref="fl-ea"/>
      </object_component>
      <object_component id="oc-296">
         <name>.const:g_pppui32XTALtoVCO</name>
         <load_address>0x45a8</load_address>
         <run_address>0x45a8</run_address>
         <size>0x120</size>
         <input_file_ref idref="fl-f1"/>
      </object_component>
      <object_component id="oc-457">
         <name>.const:.string:_ctypes_</name>
         <load_address>0x46c8</load_address>
         <run_address>0x46c8</run_address>
         <size>0x101</size>
         <input_file_ref idref="fl-d5"/>
      </object_component>
      <object_component id="oc-1e4">
         <name>.const:g_sFontFixed6x8</name>
         <load_address>0x47cc</load_address>
         <run_address>0x47cc</run_address>
         <size>0xc8</size>
         <input_file_ref idref="fl-ea"/>
      </object_component>
      <object_component id="oc-189">
         <name>.const:g_pui32Regs</name>
         <load_address>0x4894</load_address>
         <run_address>0x4894</run_address>
         <size>0x9c</size>
         <input_file_ref idref="fl-ef"/>
      </object_component>
      <object_component id="oc-43a">
         <name>.const:g_pui32GPIOBaseAddrs</name>
         <load_address>0x4930</load_address>
         <run_address>0x4930</run_address>
         <size>0x90</size>
         <input_file_ref idref="fl-ee"/>
      </object_component>
      <object_component id="oc-2f6">
         <name>.const:.string</name>
         <load_address>0x49c0</load_address>
         <run_address>0x49c0</run_address>
         <size>0x8c</size>
         <input_file_ref idref="fl-5"/>
      </object_component>
      <object_component id="oc-18e">
         <name>.const</name>
         <load_address>0x4a4c</load_address>
         <run_address>0x4a4c</run_address>
         <size>0x70</size>
         <input_file_ref idref="fl-ef"/>
      </object_component>
      <object_component id="oc-293">
         <name>.const:g_pui32Xtals</name>
         <load_address>0x4abc</load_address>
         <run_address>0x4abc</run_address>
         <size>0x6c</size>
         <input_file_ref idref="fl-f1"/>
      </object_component>
      <object_component id="oc-214">
         <name>.const:gTimeScaleStr</name>
         <load_address>0x4b28</load_address>
         <run_address>0x4b28</run_address>
         <size>0x30</size>
         <input_file_ref idref="fl-5"/>
      </object_component>
      <object_component id="oc-342">
         <name>.const:g_sXTALtoMEMTIM</name>
         <load_address>0x4b58</load_address>
         <run_address>0x4b58</run_address>
         <size>0x30</size>
         <input_file_ref idref="fl-f1"/>
      </object_component>
      <object_component id="oc-1db">
         <name>.const:g_sCrystalfontz128x128</name>
         <load_address>0x4b88</load_address>
         <run_address>0x4b88</run_address>
         <size>0x28</size>
         <input_file_ref idref="fl-2"/>
      </object_component>
      <object_component id="oc-1ed">
         <name>.const:$P$T0$1</name>
         <load_address>0x4bb0</load_address>
         <run_address>0x4bb0</run_address>
         <size>0x10</size>
         <input_file_ref idref="fl-5"/>
      </object_component>
      <object_component id="oc-223">
         <name>.const:gVoltageScaleStr</name>
         <load_address>0x4bc0</load_address>
         <run_address>0x4bc0</run_address>
         <size>0x10</size>
         <input_file_ref idref="fl-5"/>
      </object_component>
      <object_component id="oc-2b7">
         <name>.const</name>
         <load_address>0x4bd0</load_address>
         <run_address>0x4bd0</run_address>
         <size>0x10</size>
         <input_file_ref idref="fl-e6"/>
      </object_component>
      <object_component id="oc-299">
         <name>.const</name>
         <load_address>0x4be0</load_address>
         <run_address>0x4be0</run_address>
         <size>0x8</size>
         <input_file_ref idref="fl-f1"/>
      </object_component>
      <object_component id="oc-226">
         <name>.const:gTriggerSlopeStr</name>
         <load_address>0x4be8</load_address>
         <run_address>0x4be8</run_address>
         <size>0x8</size>
         <input_file_ref idref="fl-5"/>
      </object_component>
      <object_component id="oc-556">
         <name>.cinit..data.load</name>
         <load_address>0x4bf0</load_address>
         <run_address>0x4bf0</run_address>
         <size>0x49</size>
      </object_component>
      <object_component id="oc-554">
         <name>__TI_handler_table</name>
         <load_address>0x4c3c</load_address>
         <run_address>0x4c3c</run_address>
         <size>0xc</size>
      </object_component>
      <object_component id="oc-557">
         <name>.cinit..bss.load</name>
         <load_address>0x4c48</load_address>
         <run_address>0x4c48</run_address>
         <size>0x8</size>
      </object_component>
      <object_component id="oc-555">
         <name>__TI_cinit_table</name>
         <load_address>0x4c50</load_address>
         <run_address>0x4c50</run_address>
         <size>0x10</size>
      </object_component>
      <object_component id="oc-2a4">
         <name>.data:Lcd_buffer</name>
         <load_address>0x20000000</load_address>
         <run_address>0x20000000</run_address>
         <size>0x8000</size>
         <input_file_ref idref="fl-2"/>
      </object_component>
      <object_component id="oc-74">
         <name>.data</name>
         <load_address>0x20008054</load_address>
         <run_address>0x20008054</run_address>
         <size>0x18</size>
         <input_file_ref idref="fl-4"/>
      </object_component>
      <object_component id="oc-98">
         <name>.data:gJoystick</name>
         <load_address>0x20008078</load_address>
         <run_address>0x20008078</run_address>
         <size>0x8</size>
         <input_file_ref idref="fl-4"/>
      </object_component>
      <object_component id="oc-10b">
         <name>.data:timescale</name>
         <load_address>0x20008000</load_address>
         <run_address>0x20008000</run_address>
         <size>0x30</size>
         <input_file_ref idref="fl-4"/>
      </object_component>
      <object_component id="oc-115">
         <name>.data:count$2</name>
         <load_address>0x20008030</load_address>
         <run_address>0x20008030</run_address>
         <size>0x24</size>
         <input_file_ref idref="fl-4"/>
      </object_component>
      <object_component id="oc-1f0">
         <name>.data</name>
         <load_address>0x2000806c</load_address>
         <run_address>0x2000806c</run_address>
         <size>0xc</size>
         <input_file_ref idref="fl-5"/>
      </object_component>
      <object_component id="oc-4b9">
         <name>.data</name>
         <load_address>0x20008080</load_address>
         <run_address>0x20008080</run_address>
         <size>0x4</size>
         <input_file_ref idref="fl-e3"/>
      </object_component>
      <object_component id="oc-114">
         <name>.bss:state$1</name>
         <uninitialized>true</uninitialized>
         <run_address>0x20009184</run_address>
         <size>0x14</size>
         <input_file_ref idref="fl-4"/>
      </object_component>
      <object_component id="oc-29d">
         <name>.common:Lcd_Orientation</name>
         <uninitialized>true</uninitialized>
         <run_address>0x200091c0</run_address>
         <size>0x1</size>
      </object_component>
      <object_component id="oc-2a9">
         <name>.common:Lcd_ScreenWidth</name>
         <uninitialized>true</uninitialized>
         <run_address>0x200091ba</run_address>
         <size>0x2</size>
      </object_component>
      <object_component id="oc-2a8">
         <name>.common:Lcd_ScreenHeigth</name>
         <uninitialized>true</uninitialized>
         <run_address>0x200091b8</run_address>
         <size>0x2</size>
      </object_component>
      <object_component id="oc-2aa">
         <name>.common:Lcd_PenSolid</name>
         <uninitialized>true</uninitialized>
         <run_address>0x200091c1</run_address>
         <size>0x1</size>
      </object_component>
      <object_component id="oc-2ab">
         <name>.common:Lcd_FontSolid</name>
         <uninitialized>true</uninitialized>
         <run_address>0x200091bf</run_address>
         <size>0x1</size>
      </object_component>
      <object_component id="oc-2ac">
         <name>.common:Lcd_FlagRead</name>
         <uninitialized>true</uninitialized>
         <run_address>0x200091be</run_address>
         <size>0x1</size>
      </object_component>
      <object_component id="oc-2ad">
         <name>.common:Lcd_TouchTrim</name>
         <uninitialized>true</uninitialized>
         <run_address>0x200091bc</run_address>
         <size>0x2</size>
      </object_component>
      <object_component id="oc-71">
         <name>.common:gADCBuffer</name>
         <uninitialized>true</uninitialized>
         <run_address>0x20008084</run_address>
         <size>0x1000</size>
      </object_component>
      <object_component id="oc-78">
         <name>.common:trigger_samples</name>
         <uninitialized>true</uninitialized>
         <run_address>0x20009084</run_address>
         <size>0x100</size>
      </object_component>
      <object_component id="oc-11c">
         <name>.common:gADCErrors</name>
         <uninitialized>true</uninitialized>
         <run_address>0x200091a4</run_address>
         <size>0x4</size>
      </object_component>
      <object_component id="oc-77">
         <name>.common:trigger_value</name>
         <uninitialized>true</uninitialized>
         <run_address>0x200091b4</run_address>
         <size>0x4</size>
      </object_component>
      <object_component id="oc-e6">
         <name>.common:gADCSamplingRate</name>
         <uninitialized>true</uninitialized>
         <run_address>0x200091a8</run_address>
         <size>0x4</size>
      </object_component>
      <object_component id="oc-79">
         <name>.common:fifo</name>
         <uninitialized>true</uninitialized>
         <run_address>0x20009198</run_address>
         <size>0xc</size>
      </object_component>
      <object_component id="oc-b9">
         <name>.common:gSystemClock</name>
         <uninitialized>true</uninitialized>
         <run_address>0x200091ac</run_address>
         <size>0x4</size>
      </object_component>
      <object_component id="oc-2ba">
         <name>.common:g_psGrLibDefaults</name>
         <uninitialized>true</uninitialized>
         <run_address>0x200091b0</run_address>
         <size>0x4</size>
      </object_component>
      <object_component id="oc-21">
         <name>.stack</name>
         <uninitialized>true</uninitialized>
         <run_address>0x200091c8</run_address>
         <size>0x4</size>
         <input_file_ref idref="fl-c9"/>
      </object_component>
      <object_component id="oc-558">
         <name>.stack</name>
         <uninitialized>true</uninitialized>
         <run_address>0x200091c8</run_address>
         <size>0x0</size>
      </object_component>
      <object_component id="oc-1ab">
         <name>.debug_info</name>
         <load_address>0x0</load_address>
         <run_address>0x0</run_address>
         <size>0x729</size>
         <input_file_ref idref="fl-2"/>
      </object_component>
      <object_component id="oc-2a5">
         <name>.debug_info</name>
         <load_address>0x729</load_address>
         <run_address>0x729</run_address>
         <size>0x12f</size>
         <input_file_ref idref="fl-2"/>
      </object_component>
      <object_component id="oc-1dc">
         <name>.debug_info</name>
         <load_address>0x858</load_address>
         <run_address>0x858</run_address>
         <size>0x148</size>
         <input_file_ref idref="fl-2"/>
      </object_component>
      <object_component id="oc-1d6">
         <name>.debug_info</name>
         <load_address>0x9a0</load_address>
         <run_address>0x9a0</run_address>
         <size>0x1124</size>
         <input_file_ref idref="fl-2"/>
      </object_component>
      <object_component id="oc-17d">
         <name>.debug_info</name>
         <load_address>0x1ac4</load_address>
         <run_address>0x1ac4</run_address>
         <size>0x6bd</size>
         <input_file_ref idref="fl-2"/>
      </object_component>
      <object_component id="oc-12a">
         <name>.debug_info</name>
         <load_address>0x2181</load_address>
         <run_address>0x2181</run_address>
         <size>0x26b</size>
         <input_file_ref idref="fl-2"/>
      </object_component>
      <object_component id="oc-123">
         <name>.debug_info</name>
         <load_address>0x23ec</load_address>
         <run_address>0x23ec</run_address>
         <size>0x8b</size>
         <input_file_ref idref="fl-2"/>
      </object_component>
      <object_component id="oc-1a6">
         <name>.debug_info</name>
         <load_address>0x2477</load_address>
         <run_address>0x2477</run_address>
         <size>0x297</size>
         <input_file_ref idref="fl-2"/>
      </object_component>
      <object_component id="oc-11e">
         <name>.debug_info</name>
         <load_address>0x270e</load_address>
         <run_address>0x270e</run_address>
         <size>0xbb</size>
         <input_file_ref idref="fl-2"/>
      </object_component>
      <object_component id="oc-37e">
         <name>.debug_info</name>
         <load_address>0x27c9</load_address>
         <run_address>0x27c9</run_address>
         <size>0x6e9</size>
         <input_file_ref idref="fl-3"/>
      </object_component>
      <object_component id="oc-29f">
         <name>.debug_info</name>
         <load_address>0x2eb2</load_address>
         <run_address>0x2eb2</run_address>
         <size>0x649</size>
         <input_file_ref idref="fl-3"/>
      </object_component>
      <object_component id="oc-72">
         <name>.debug_info</name>
         <load_address>0x34fb</load_address>
         <run_address>0x34fb</run_address>
         <size>0x9e5</size>
         <input_file_ref idref="fl-4"/>
      </object_component>
      <object_component id="oc-75">
         <name>.debug_info</name>
         <load_address>0x3ee0</load_address>
         <run_address>0x3ee0</run_address>
         <size>0x1e3</size>
         <input_file_ref idref="fl-4"/>
      </object_component>
      <object_component id="oc-99">
         <name>.debug_info</name>
         <load_address>0x40c3</load_address>
         <run_address>0x40c3</run_address>
         <size>0x120</size>
         <input_file_ref idref="fl-4"/>
      </object_component>
      <object_component id="oc-10c">
         <name>.debug_info</name>
         <load_address>0x41e3</load_address>
         <run_address>0x41e3</run_address>
         <size>0x120</size>
         <input_file_ref idref="fl-4"/>
      </object_component>
      <object_component id="oc-2b">
         <name>.debug_info</name>
         <load_address>0x4303</load_address>
         <run_address>0x4303</run_address>
         <size>0xd00</size>
         <input_file_ref idref="fl-4"/>
      </object_component>
      <object_component id="oc-ba">
         <name>.debug_info</name>
         <load_address>0x5003</load_address>
         <run_address>0x5003</run_address>
         <size>0xa61</size>
         <input_file_ref idref="fl-5"/>
      </object_component>
      <object_component id="oc-224">
         <name>.debug_info</name>
         <load_address>0x5a64</load_address>
         <run_address>0x5a64</run_address>
         <size>0x12b</size>
         <input_file_ref idref="fl-5"/>
      </object_component>
      <object_component id="oc-215">
         <name>.debug_info</name>
         <load_address>0x5b8f</load_address>
         <run_address>0x5b8f</run_address>
         <size>0x125</size>
         <input_file_ref idref="fl-5"/>
      </object_component>
      <object_component id="oc-227">
         <name>.debug_info</name>
         <load_address>0x5cb4</load_address>
         <run_address>0x5cb4</run_address>
         <size>0x12b</size>
         <input_file_ref idref="fl-5"/>
      </object_component>
      <object_component id="oc-1f1">
         <name>.debug_info</name>
         <load_address>0x5ddf</load_address>
         <run_address>0x5ddf</run_address>
         <size>0x171</size>
         <input_file_ref idref="fl-5"/>
      </object_component>
      <object_component id="oc-1ee">
         <name>.debug_info</name>
         <load_address>0x5f50</load_address>
         <run_address>0x5f50</run_address>
         <size>0x118</size>
         <input_file_ref idref="fl-5"/>
      </object_component>
      <object_component id="oc-151">
         <name>.debug_info</name>
         <load_address>0x6068</load_address>
         <run_address>0x6068</run_address>
         <size>0x560</size>
         <input_file_ref idref="fl-5"/>
      </object_component>
      <object_component id="oc-182">
         <name>.debug_info</name>
         <load_address>0x65c8</load_address>
         <run_address>0x65c8</run_address>
         <size>0xcc</size>
         <input_file_ref idref="fl-5"/>
      </object_component>
      <object_component id="oc-317">
         <name>.debug_info</name>
         <load_address>0x6694</load_address>
         <run_address>0x6694</run_address>
         <size>0x2c</size>
         <input_file_ref idref="fl-5"/>
      </object_component>
      <object_component id="oc-39">
         <name>.debug_info</name>
         <load_address>0x66c0</load_address>
         <run_address>0x66c0</run_address>
         <size>0x84</size>
         <input_file_ref idref="fl-6"/>
      </object_component>
      <object_component id="oc-32">
         <name>.debug_info</name>
         <load_address>0x6744</load_address>
         <run_address>0x6744</run_address>
         <size>0x323</size>
         <input_file_ref idref="fl-7"/>
      </object_component>
      <object_component id="oc-10">
         <name>.debug_info</name>
         <load_address>0x6a67</load_address>
         <run_address>0x6a67</run_address>
         <size>0x132</size>
         <input_file_ref idref="fl-7"/>
      </object_component>
      <object_component id="oc-25">
         <name>.debug_info</name>
         <load_address>0x6b99</load_address>
         <run_address>0x6b99</run_address>
         <size>0x2b1</size>
         <input_file_ref idref="fl-7"/>
      </object_component>
      <object_component id="oc-1ff">
         <name>.debug_info</name>
         <load_address>0x6e4a</load_address>
         <run_address>0x6e4a</run_address>
         <size>0x13d</size>
         <input_file_ref idref="fl-c3"/>
      </object_component>
      <object_component id="oc-204">
         <name>.debug_info</name>
         <load_address>0x6f87</load_address>
         <run_address>0x6f87</run_address>
         <size>0x141</size>
         <input_file_ref idref="fl-c4"/>
      </object_component>
      <object_component id="oc-1fc">
         <name>.debug_info</name>
         <load_address>0x70c8</load_address>
         <run_address>0x70c8</run_address>
         <size>0x12f</size>
         <input_file_ref idref="fl-c5"/>
      </object_component>
      <object_component id="oc-143">
         <name>.debug_info</name>
         <load_address>0x71f7</load_address>
         <run_address>0x71f7</run_address>
         <size>0x31e</size>
         <input_file_ref idref="fl-c6"/>
      </object_component>
      <object_component id="oc-51">
         <name>.debug_info</name>
         <load_address>0x7515</load_address>
         <run_address>0x7515</run_address>
         <size>0x1b5</size>
         <input_file_ref idref="fl-c6"/>
      </object_component>
      <object_component id="oc-13e">
         <name>.debug_info</name>
         <load_address>0x76ca</load_address>
         <run_address>0x76ca</run_address>
         <size>0x46</size>
         <input_file_ref idref="fl-c6"/>
      </object_component>
      <object_component id="oc-1b4">
         <name>.debug_info</name>
         <load_address>0x7710</load_address>
         <run_address>0x7710</run_address>
         <size>0x2c</size>
         <input_file_ref idref="fl-c6"/>
      </object_component>
      <object_component id="oc-49">
         <name>.debug_info</name>
         <load_address>0x773c</load_address>
         <run_address>0x773c</run_address>
         <size>0x2a8</size>
         <input_file_ref idref="fl-c7"/>
      </object_component>
      <object_component id="oc-1c">
         <name>.debug_info</name>
         <load_address>0x79e4</load_address>
         <run_address>0x79e4</run_address>
         <size>0x1ea</size>
         <input_file_ref idref="fl-c7"/>
      </object_component>
      <object_component id="oc-44">
         <name>.debug_info</name>
         <load_address>0x7bce</load_address>
         <run_address>0x7bce</run_address>
         <size>0x46</size>
         <input_file_ref idref="fl-c7"/>
      </object_component>
      <object_component id="oc-136">
         <name>.debug_info</name>
         <load_address>0x7c14</load_address>
         <run_address>0x7c14</run_address>
         <size>0x2c</size>
         <input_file_ref idref="fl-c7"/>
      </object_component>
      <object_component id="oc-134">
         <name>.debug_info</name>
         <load_address>0x7c40</load_address>
         <run_address>0x7c40</run_address>
         <size>0x29e</size>
         <input_file_ref idref="fl-c8"/>
      </object_component>
      <object_component id="oc-14">
         <name>.debug_info</name>
         <load_address>0x7ede</load_address>
         <run_address>0x7ede</run_address>
         <size>0x250</size>
         <input_file_ref idref="fl-c8"/>
      </object_component>
      <object_component id="oc-34">
         <name>.debug_info</name>
         <load_address>0x812e</load_address>
         <run_address>0x812e</run_address>
         <size>0x60</size>
         <input_file_ref idref="fl-c8"/>
      </object_component>
      <object_component id="oc-1ad">
         <name>.debug_info</name>
         <load_address>0x818e</load_address>
         <run_address>0x818e</run_address>
         <size>0x46</size>
         <input_file_ref idref="fl-c8"/>
      </object_component>
      <object_component id="oc-12f">
         <name>.debug_info</name>
         <load_address>0x81d4</load_address>
         <run_address>0x81d4</run_address>
         <size>0x39</size>
         <input_file_ref idref="fl-c8"/>
      </object_component>
      <object_component id="oc-22">
         <name>.debug_info</name>
         <load_address>0x820d</load_address>
         <run_address>0x820d</run_address>
         <size>0x10b</size>
         <input_file_ref idref="fl-c9"/>
      </object_component>
      <object_component id="oc-5d">
         <name>.debug_info</name>
         <load_address>0x8318</load_address>
         <run_address>0x8318</run_address>
         <size>0x1af</size>
         <input_file_ref idref="fl-c9"/>
      </object_component>
      <object_component id="oc-22b">
         <name>.debug_info</name>
         <load_address>0x84c7</load_address>
         <run_address>0x84c7</run_address>
         <size>0x122</size>
         <input_file_ref idref="fl-ca"/>
      </object_component>
      <object_component id="oc-30c">
         <name>.debug_info</name>
         <load_address>0x85e9</load_address>
         <run_address>0x85e9</run_address>
         <size>0x33a</size>
         <input_file_ref idref="fl-cd"/>
      </object_component>
      <object_component id="oc-21a">
         <name>.debug_info</name>
         <load_address>0x8923</load_address>
         <run_address>0x8923</run_address>
         <size>0x1ee</size>
         <input_file_ref idref="fl-cd"/>
      </object_component>
      <object_component id="oc-302">
         <name>.debug_info</name>
         <load_address>0x8b11</load_address>
         <run_address>0x8b11</run_address>
         <size>0x1c3</size>
         <input_file_ref idref="fl-cd"/>
      </object_component>
      <object_component id="oc-308">
         <name>.debug_info</name>
         <load_address>0x8cd4</load_address>
         <run_address>0x8cd4</run_address>
         <size>0x176</size>
         <input_file_ref idref="fl-cd"/>
      </object_component>
      <object_component id="oc-30d">
         <name>.debug_info</name>
         <load_address>0x8e4a</load_address>
         <run_address>0x8e4a</run_address>
         <size>0x2c</size>
         <input_file_ref idref="fl-cd"/>
      </object_component>
      <object_component id="oc-312">
         <name>.debug_info</name>
         <load_address>0x8e76</load_address>
         <run_address>0x8e76</run_address>
         <size>0x69</size>
         <input_file_ref idref="fl-cd"/>
      </object_component>
      <object_component id="oc-40">
         <name>.debug_info</name>
         <load_address>0x8edf</load_address>
         <run_address>0x8edf</run_address>
         <size>0x11c</size>
         <input_file_ref idref="fl-ce"/>
      </object_component>
      <object_component id="oc-146">
         <name>.debug_info</name>
         <load_address>0x8ffb</load_address>
         <run_address>0x8ffb</run_address>
         <size>0x14a</size>
         <input_file_ref idref="fl-cf"/>
      </object_component>
      <object_component id="oc-32c">
         <name>.debug_info</name>
         <load_address>0x9145</load_address>
         <run_address>0x9145</run_address>
         <size>0x552</size>
         <input_file_ref idref="fl-d0"/>
      </object_component>
      <object_component id="oc-237">
         <name>.debug_info</name>
         <load_address>0x9697</load_address>
         <run_address>0x9697</run_address>
         <size>0x1a6</size>
         <input_file_ref idref="fl-d0"/>
      </object_component>
      <object_component id="oc-420">
         <name>.debug_info</name>
         <load_address>0x983d</load_address>
         <run_address>0x983d</run_address>
         <size>0x39</size>
         <input_file_ref idref="fl-d0"/>
      </object_component>
      <object_component id="oc-4cd">
         <name>.debug_info</name>
         <load_address>0x9876</load_address>
         <run_address>0x9876</run_address>
         <size>0x39</size>
         <input_file_ref idref="fl-d0"/>
      </object_component>
      <object_component id="oc-425">
         <name>.debug_info</name>
         <load_address>0x98af</load_address>
         <run_address>0x98af</run_address>
         <size>0x39</size>
         <input_file_ref idref="fl-d0"/>
      </object_component>
      <object_component id="oc-42a">
         <name>.debug_info</name>
         <load_address>0x98e8</load_address>
         <run_address>0x98e8</run_address>
         <size>0xcd</size>
         <input_file_ref idref="fl-d0"/>
      </object_component>
      <object_component id="oc-14c">
         <name>.debug_info</name>
         <load_address>0x99b5</load_address>
         <run_address>0x99b5</run_address>
         <size>0x153</size>
         <input_file_ref idref="fl-d1"/>
      </object_component>
      <object_component id="oc-401">
         <name>.debug_info</name>
         <load_address>0x9b08</load_address>
         <run_address>0x9b08</run_address>
         <size>0x8b1</size>
         <input_file_ref idref="fl-d3"/>
      </object_component>
      <object_component id="oc-3cd">
         <name>.debug_info</name>
         <load_address>0xa3b9</load_address>
         <run_address>0xa3b9</run_address>
         <size>0x21e</size>
         <input_file_ref idref="fl-d3"/>
      </object_component>
      <object_component id="oc-484">
         <name>.debug_info</name>
         <load_address>0xa5d7</load_address>
         <run_address>0xa5d7</run_address>
         <size>0x1b3</size>
         <input_file_ref idref="fl-d3"/>
      </object_component>
      <object_component id="oc-48a">
         <name>.debug_info</name>
         <load_address>0xa78a</load_address>
         <run_address>0xa78a</run_address>
         <size>0x21b</size>
         <input_file_ref idref="fl-d3"/>
      </object_component>
      <object_component id="oc-3d8">
         <name>.debug_info</name>
         <load_address>0xa9a5</load_address>
         <run_address>0xa9a5</run_address>
         <size>0x3bb</size>
         <input_file_ref idref="fl-d3"/>
      </object_component>
      <object_component id="oc-491">
         <name>.debug_info</name>
         <load_address>0xad60</load_address>
         <run_address>0xad60</run_address>
         <size>0x305</size>
         <input_file_ref idref="fl-d3"/>
      </object_component>
      <object_component id="oc-497">
         <name>.debug_info</name>
         <load_address>0xb065</load_address>
         <run_address>0xb065</run_address>
         <size>0x215</size>
         <input_file_ref idref="fl-d3"/>
      </object_component>
      <object_component id="oc-3de">
         <name>.debug_info</name>
         <load_address>0xb27a</load_address>
         <run_address>0xb27a</run_address>
         <size>0x215</size>
         <input_file_ref idref="fl-d3"/>
      </object_component>
      <object_component id="oc-3e4">
         <name>.debug_info</name>
         <load_address>0xb48f</load_address>
         <run_address>0xb48f</run_address>
         <size>0x304</size>
         <input_file_ref idref="fl-d3"/>
      </object_component>
      <object_component id="oc-3e9">
         <name>.debug_info</name>
         <load_address>0xb793</load_address>
         <run_address>0xb793</run_address>
         <size>0x4b0</size>
         <input_file_ref idref="fl-d3"/>
      </object_component>
      <object_component id="oc-2fa">
         <name>.debug_info</name>
         <load_address>0xbc43</load_address>
         <run_address>0xbc43</run_address>
         <size>0x5d8</size>
         <input_file_ref idref="fl-d3"/>
      </object_component>
      <object_component id="oc-402">
         <name>.debug_info</name>
         <load_address>0xc21b</load_address>
         <run_address>0xc21b</run_address>
         <size>0x86</size>
         <input_file_ref idref="fl-d3"/>
      </object_component>
      <object_component id="oc-4c0">
         <name>.debug_info</name>
         <load_address>0xc2a1</load_address>
         <run_address>0xc2a1</run_address>
         <size>0x39</size>
         <input_file_ref idref="fl-d3"/>
      </object_component>
      <object_component id="oc-517">
         <name>.debug_info</name>
         <load_address>0xc2da</load_address>
         <run_address>0xc2da</run_address>
         <size>0xb6</size>
         <input_file_ref idref="fl-d3"/>
      </object_component>
      <object_component id="oc-4c5">
         <name>.debug_info</name>
         <load_address>0xc390</load_address>
         <run_address>0xc390</run_address>
         <size>0x46</size>
         <input_file_ref idref="fl-d3"/>
      </object_component>
      <object_component id="oc-407">
         <name>.debug_info</name>
         <load_address>0xc3d6</load_address>
         <run_address>0xc3d6</run_address>
         <size>0x46</size>
         <input_file_ref idref="fl-d3"/>
      </object_component>
      <object_component id="oc-45b">
         <name>.debug_info</name>
         <load_address>0xc41c</load_address>
         <run_address>0xc41c</run_address>
         <size>0x2b9</size>
         <input_file_ref idref="fl-d4"/>
      </object_component>
      <object_component id="oc-3c6">
         <name>.debug_info</name>
         <load_address>0xc6d5</load_address>
         <run_address>0xc6d5</run_address>
         <size>0x17c</size>
         <input_file_ref idref="fl-d4"/>
      </object_component>
      <object_component id="oc-4e5">
         <name>.debug_info</name>
         <load_address>0xc851</load_address>
         <run_address>0xc851</run_address>
         <size>0xf9</size>
         <input_file_ref idref="fl-d5"/>
      </object_component>
      <object_component id="oc-458">
         <name>.debug_info</name>
         <load_address>0xc94a</load_address>
         <run_address>0xc94a</run_address>
         <size>0x105</size>
         <input_file_ref idref="fl-d5"/>
      </object_component>
      <object_component id="oc-4f2">
         <name>.debug_info</name>
         <load_address>0xca4f</load_address>
         <run_address>0xca4f</run_address>
         <size>0x29b</size>
         <input_file_ref idref="fl-d6"/>
      </object_component>
      <object_component id="oc-473">
         <name>.debug_info</name>
         <load_address>0xccea</load_address>
         <run_address>0xccea</run_address>
         <size>0x1cd</size>
         <input_file_ref idref="fl-d6"/>
      </object_component>
      <object_component id="oc-4b1">
         <name>.debug_info</name>
         <load_address>0xceb7</load_address>
         <run_address>0xceb7</run_address>
         <size>0x296</size>
         <input_file_ref idref="fl-d7"/>
      </object_component>
      <object_component id="oc-3ef">
         <name>.debug_info</name>
         <load_address>0xd14d</load_address>
         <run_address>0xd14d</run_address>
         <size>0x1b6</size>
         <input_file_ref idref="fl-d7"/>
      </object_component>
      <object_component id="oc-509">
         <name>.debug_info</name>
         <load_address>0xd303</load_address>
         <run_address>0xd303</run_address>
         <size>0x29a</size>
         <input_file_ref idref="fl-d8"/>
      </object_component>
      <object_component id="oc-4ad">
         <name>.debug_info</name>
         <load_address>0xd59d</load_address>
         <run_address>0xd59d</run_address>
         <size>0x268</size>
         <input_file_ref idref="fl-d8"/>
      </object_component>
      <object_component id="oc-456">
         <name>.debug_info</name>
         <load_address>0xd805</load_address>
         <run_address>0xd805</run_address>
         <size>0x28f</size>
         <input_file_ref idref="fl-d9"/>
      </object_component>
      <object_component id="oc-3c2">
         <name>.debug_info</name>
         <load_address>0xda94</load_address>
         <run_address>0xda94</run_address>
         <size>0x24b</size>
         <input_file_ref idref="fl-d9"/>
      </object_component>
      <object_component id="oc-4b8">
         <name>.debug_info</name>
         <load_address>0xdcdf</load_address>
         <run_address>0xdcdf</run_address>
         <size>0x28f</size>
         <input_file_ref idref="fl-da"/>
      </object_component>
      <object_component id="oc-3f7">
         <name>.debug_info</name>
         <load_address>0xdf6e</load_address>
         <run_address>0xdf6e</run_address>
         <size>0x15a</size>
         <input_file_ref idref="fl-da"/>
      </object_component>
      <object_component id="oc-50c">
         <name>.debug_info</name>
[...]
      </symbol>
      <symbol id="sm-177">
         <name>gVoltageScaleStr</name>
         <value>0x4bc0</value>
         <object_component_ref idref="oc-223"/>
      </symbol>
      <symbol id="sm-178">
         <name>gTimeScaleStr</name>
         <value>0x4b28</value>
         <object_component_ref idref="oc-214"/>
      </symbol>
      <symbol id="sm-179">
         <name>main</name>
         <value>0x1859</value>
         <object_component_ref idref="oc-150"/>
      </symbol>
      <symbol id="sm-17a">
         <name>cpu_load</name>
         <value>0x20008074</value>
         <object_component_ref idref="oc-1f0"/>
      </symbol>
      <symbol id="sm-17b">
         <name>gTriggerSlopeStr</name>
         <value>0x4be8</value>
         <object_component_ref idref="oc-226"/>
      </symbol>
      <symbol id="sm-17c">
         <name>count_unloaded</name>
         <value>0x2000806c</value>
         <object_component_ref idref="oc-1f0"/>
      </symbol>
      <symbol id="sm-17d">
         <name>count_loaded</name>
         <value>0x20008070</value>
         <object_component_ref idref="oc-1f0"/>
      </symbol>
      <symbol id="sm-19f">
         <name>ResetISR</name>
         <value>0x4059</value>
         <object_component_ref idref="oc-24"/>
      </symbol>
      <symbol id="sm-1a0">
         <name>g_pfnVectors</name>
         <value>0x0</value>
         <object_component_ref idref="oc-f"/>
      </symbol>
      <symbol id="sm-1ab">
         <name>__aeabi_dmul</name>
         <value>0x2ebf</value>
         <object_component_ref idref="oc-1fe"/>
      </symbol>
      <symbol id="sm-1b7">
         <name>__aeabi_d2f</name>
         <value>0x3619</value>
         <object_component_ref idref="oc-203"/>
      </symbol>
      <symbol id="sm-1c2">
         <name>__aeabi_f2d</name>
         <value>0x3ded</value>
         <object_component_ref idref="oc-1f9"/>
      </symbol>
      <symbol id="sm-1d9">
         <name>__TI_zero_init</name>
         <value>0x4239</value>
         <object_component_ref idref="oc-50"/>
      </symbol>
      <symbol id="sm-1f0">
         <name>__TI_decompress_none</name>
         <value>0x4213</value>
         <object_component_ref idref="oc-18"/>
      </symbol>
      <symbol id="sm-213">
         <name>__TI_decompress_lzss</name>
         <value>0x3759</value>
         <object_component_ref idref="oc-12"/>
      </symbol>
      <symbol id="sm-226">
         <name>__stack</name>
         <value>0x200091c8</value>
         <object_component_ref idref="oc-21"/>
      </symbol>
      <symbol id="sm-227">
         <name>_c_int00_noargs</name>
         <value>0x3db5</value>
         <object_component_ref idref="oc-5c"/>
      </symbol>
      <symbol id="sm-232">
         <name>C$$EXIT</name>
         <value>0x42ad</value>
         <object_component_ref idref="oc-22a"/>
      </symbol>
      <symbol id="sm-233">
         <name>abort</name>
         <value>0x42ad</value>
         <object_component_ref idref="oc-22a"/>
      </symbol>
      <symbol id="sm-264">
         <name>snprintf</name>
         <value>0x3a81</value>
         <object_component_ref idref="oc-217"/>
      </symbol>
      <symbol id="sm-27f">
         <name>memcpy</name>
         <value>0x31f3</value>
         <object_component_ref idref="oc-3e"/>
      </symbol>
      <symbol id="sm-280">
         <name>__aeabi_memcpy</name>
         <value>0x31f3</value>
         <object_component_ref idref="oc-3e"/>
      </symbol>
      <symbol id="sm-281">
         <name>__aeabi_memcpy8</name>
         <value>0x31f3</value>
         <object_component_ref idref="oc-3e"/>
      </symbol>
      <symbol id="sm-282">
         <name>__aeabi_memcpy4</name>
         <value>0x31f3</value>
         <object_component_ref idref="oc-3e"/>
      </symbol>
      <symbol id="sm-291">
         <name>__aeabi_memset</name>
         <value>0x3533</value>
         <object_component_ref idref="oc-144"/>
      </symbol>
      <symbol id="sm-292">
         <name>memset</name>
         <value>0x3539</value>
         <object_component_ref idref="oc-144"/>
      </symbol>
      <symbol id="sm-293">
         <name>__aeabi_memset8</name>
         <value>0x3533</value>
         <object_component_ref idref="oc-144"/>
      </symbol>
      <symbol id="sm-294">
         <name>__aeabi_memset4</name>
         <value>0x3533</value>
         <object_component_ref idref="oc-144"/>
      </symbol>
      <symbol id="sm-295">
         <name>__aeabi_memclr8</name>
         <value>0x3531</value>
         <object_component_ref idref="oc-144"/>
      </symbol>
      <symbol id="sm-296">
         <name>__aeabi_memclr4</name>
         <value>0x3531</value>
         <object_component_ref idref="oc-144"/>
      </symbol>
      <symbol id="sm-297">
         <name>__aeabi_memclr</name>
         <value>0x3531</value>
         <object_component_ref idref="oc-144"/>
      </symbol>
      <symbol id="sm-2bf">
         <name>__TI_auto_init_nobinit_nopinit</name>
         <value>0x3c7d</value>
         <object_component_ref idref="oc-236"/>
      </symbol>
      <symbol id="sm-2c9">
         <name>_system_pre_init</name>
         <value>0x42a9</value>
         <object_component_ref idref="oc-14a"/>
      </symbol>
      <symbol id="sm-42f">
         <name>__TI_printfi</name>
         <value>0x209</value>
         <object_component_ref idref="oc-2f9"/>
      </symbol>
      <symbol id="sm-445">
         <name>atoi</name>
         <value>0x3a35</value>
         <object_component_ref idref="oc-3c5"/>
      </symbol>
      <symbol id="sm-450">
         <name>_ctypes_</name>
         <value>0x46c8</value>
         <object_component_ref idref="oc-457"/>
      </symbol>
      <symbol id="sm-45f">
         <name>ltoa</name>
         <value>0x398f</value>
         <object_component_ref idref="oc-472"/>
      </symbol>
      <symbol id="sm-46f">
         <name>memccpy</name>
         <value>0x403d</value>
         <object_component_ref idref="oc-3ee"/>
      </symbol>
      <symbol id="sm-47f">
         <name>strchr</name>
         <value>0x40e9</value>
         <object_component_ref idref="oc-4a9"/>
      </symbol>
      <symbol id="sm-48d">
         <name>strlen</name>
         <value>0x4129</value>
         <object_component_ref idref="oc-3bf"/>
      </symbol>
      <symbol id="sm-4a6">
         <name>wcslen</name>
         <value>0x4185</value>
         <object_component_ref idref="oc-3f4"/>
      </symbol>
      <symbol id="sm-4c6">
         <name>frexpl</name>
         <value>0x37c1</value>
         <object_component_ref idref="oc-49d"/>
      </symbol>
      <symbol id="sm-4c7">
         <name>frexp</name>
         <value>0x37c1</value>
         <object_component_ref idref="oc-49d"/>
      </symbol>
      <symbol id="sm-4e4">
         <name>scalbn</name>
         <value>0x2ca9</value>
         <object_component_ref idref="oc-4a3"/>
      </symbol>
      <symbol id="sm-4e5">
         <name>scalbnl</name>
         <value>0x2ca9</value>
         <object_component_ref idref="oc-4a3"/>
      </symbol>
      <symbol id="sm-4e6">
         <name>ldexpl</name>
         <value>0x2ca9</value>
         <object_component_ref idref="oc-4a3"/>
      </symbol>
      <symbol id="sm-4e7">
         <name>ldexp</name>
         <value>0x2ca9</value>
         <object_component_ref idref="oc-4a3"/>
      </symbol>
      <symbol id="sm-4fe">
         <name>__aeabi_dsub</name>
         <value>0x24a9</value>
         <object_component_ref idref="oc-47d"/>
      </symbol>
      <symbol id="sm-4ff">
         <name>__aeabi_dadd</name>
         <value>0x24b3</value>
         <object_component_ref idref="oc-47d"/>
      </symbol>
      <symbol id="sm-521">
         <name>__aeabi_cdcmpeq</name>
         <value>0x33ab</value>
         <object_component_ref idref="oc-3d1"/>
      </symbol>
      <symbol id="sm-522">
         <name>__aeabi_cdcmple</name>
         <value>0x33ab</value>
         <object_component_ref idref="oc-3d1"/>
      </symbol>
      <symbol id="sm-523">
         <name>__aeabi_cdrcmple</name>
         <value>0x3431</value>
         <object_component_ref idref="oc-468"/>
      </symbol>
      <symbol id="sm-537">
         <name>__aeabi_ddiv</name>
         <value>0x291d</value>
         <object_component_ref idref="oc-463"/>
      </symbol>
      <symbol id="sm-541">
         <name>__aeabi_d2iz</name>
         <value>0x3ba9</value>
         <object_component_ref idref="oc-46d"/>
      </symbol>
      <symbol id="sm-54b">
         <name>__aeabi_i2d</name>
         <value>0x3f1d</value>
         <object_component_ref idref="oc-478"/>
      </symbol>
      <symbol id="sm-558">
         <name>__aeabi_uldivmod</name>
         <value>0x328f</value>
         <object_component_ref idref="oc-45c"/>
      </symbol>
      <symbol id="sm-56e">
         <name>__aeabi_errno_addr</name>
         <value>0x4285</value>
         <object_component_ref idref="oc-3fa"/>
      </symbol>
      <symbol id="sm-56f">
         <name>errno</name>
         <value>0x20008080</value>
         <object_component_ref idref="oc-4b9"/>
      </symbol>
      <symbol id="sm-579">
         <name>copysign</name>
         <value>0x4115</value>
         <object_component_ref idref="oc-500"/>
      </symbol>
      <symbol id="sm-57a">
         <name>copysignl</name>
         <value>0x4115</value>
         <object_component_ref idref="oc-500"/>
      </symbol>
      <symbol id="sm-584">
         <name>__aeabi_idiv0</name>
         <value>0xc67</value>
         <object_component_ref idref="oc-4e8"/>
      </symbol>
      <symbol id="sm-585">
         <name>__aeabi_ldiv0</name>
         <value>0xc67</value>
         <object_component_ref idref="oc-4e8"/>
      </symbol>
      <symbol id="sm-5aa">
         <name>GrContextInit</name>
         <value>0x3689</value>
         <object_component_ref idref="oc-1de"/>
      </symbol>
      <symbol id="sm-5ab">
         <name>g_psDefaultCodePointMapTable</name>
         <value>0x4bd0</value>
         <object_component_ref idref="oc-2b7"/>
      </symbol>
      <symbol id="sm-5ef">
         <name>GrLineDrawH</name>
         <value>0x3bf1</value>
         <object_component_ref idref="oc-2e8"/>
      </symbol>
      <symbol id="sm-5f0">
         <name>GrLineDrawV</name>
         <value>0x3c37</value>
         <object_component_ref idref="oc-2ee"/>
      </symbol>
      <symbol id="sm-5f1">
         <name>GrLineDraw</name>
         <value>0x2db9</value>
         <object_component_ref idref="oc-20e"/>
      </symbol>
      <symbol id="sm-5ff">
         <name>GrRectFill</name>
         <value>0x3325</value>
         <object_component_ref idref="oc-208"/>
      </symbol>
      <symbol id="sm-68e">
         <name>GrFontInfoGet</name>
         <value>0x3f75</value>
         <object_component_ref idref="oc-381"/>
      </symbol>
      <symbol id="sm-68f">
         <name>GrDefaultStringRenderer</name>
         <value>0x2fbb</value>
         <object_component_ref idref="oc-2b1"/>
      </symbol>
      <symbol id="sm-690">
         <name>GrFontGlyphRender</name>
         <value>0x1e7d</value>
         <object_component_ref idref="oc-393"/>
      </symbol>
      <symbol id="sm-691">
         <name>GrContextFontSet</name>
         <value>0x4299</value>
         <object_component_ref idref="oc-1e7"/>
      </symbol>
      <symbol id="sm-692">
         <name>GrFontGlyphDataGet</name>
         <value>0x3fc1</value>
         <object_component_ref idref="oc-38d"/>
      </symbol>
      <symbol id="sm-693">
         <name>GrStringDraw</name>
         <value>0x40d3</value>
         <object_component_ref idref="oc-21d"/>
      </symbol>
      <symbol id="sm-694">
         <name>GrFontCodepageGet</name>
         <value>0x4001</value>
         <object_component_ref idref="oc-3a8"/>
      </symbol>
      <symbol id="sm-695">
         <name>GrStringNextCharGet</name>
         <value>0x3eef</value>
         <object_component_ref idref="oc-387"/>
      </symbol>
      <symbol id="sm-6a7">
         <name>g_sFontFixed6x8</name>
         <value>0x47cc</value>
         <object_component_ref idref="oc-1e4"/>
      </symbol>
      <symbol id="sm-6b4">
         <name>GrMapISO8859_1_Unicode</name>
         <value>0x426d</value>
         <object_component_ref idref="oc-39a"/>
      </symbol>
      <symbol id="sm-711">
         <name>ADCProcessorTrigger</name>
         <value>0x408b</value>
         <object_component_ref idref="oc-8c"/>
      </symbol>
      <symbol id="sm-712">
         <name>ADCSequenceEnable</name>
         <value>0x41f7</value>
         <object_component_ref idref="oc-ff"/>
      </symbol>
      <symbol id="sm-713">
         <name>ADCSequenceConfigure</name>
         <value>0x3cc1</value>
         <object_component_ref idref="oc-f3"/>
      </symbol>
      <symbol id="sm-714">
         <name>ADCIntEnable</name>
         <value>0x4197</value>
         <object_component_ref idref="oc-10e"/>
      </symbol>
      <symbol id="sm-715">
         <name>ADCSequenceStepConfigure</name>
         <value>0x34b7</value>
         <object_component_ref idref="oc-f9"/>
      </symbol>
      <symbol id="sm-716">
         <name>ADCIntClear</name>
         <value>0x4245</value>
         <object_component_ref idref="oc-a1"/>
      </symbol>
      <symbol id="sm-717">
         <name>ADCIntStatus</name>
         <value>0x3ec1</value>
         <object_component_ref idref="oc-92"/>
      </symbol>
      <symbol id="sm-718">
         <name>ADCSequenceDisable</name>
         <value>0x41e9</value>
         <object_component_ref idref="oc-ed"/>
      </symbol>
      <symbol id="sm-719">
         <name>ADCClockConfigSet</name>
         <value>0x4073</value>
         <object_component_ref idref="oc-e7"/>
      </symbol>
      <symbol id="sm-71a">
         <name>ADCSequenceDataGet</name>
         <value>0x3fe3</value>
         <object_component_ref idref="oc-9b"/>
      </symbol>
      <symbol id="sm-730">
         <name>FPULazyStackingEnable</name>
         <value>0x41b9</value>
         <object_component_ref idref="oc-1c9"/>
      </symbol>
      <symbol id="sm-731">
         <name>FPUEnable</name>
         <value>0x41a9</value>
         <object_component_ref idref="oc-1c3"/>
      </symbol>
      <symbol id="sm-78b">
         <name>GPIOPinConfigure</name>
         <value>0x3b19</value>
         <object_component_ref idref="oc-371"/>
      </symbol>
      <symbol id="sm-78c">
         <name>GPIOPinTypeADC</name>
         <value>0x413d</value>
         <object_component_ref idref="oc-e0"/>
      </symbol>
      <symbol id="sm-78d">
         <name>GPIOPinTypeGPIOInput</name>
         <value>0x414f</value>
         <object_component_ref idref="oc-d4"/>
      </symbol>
      <symbol id="sm-78e">
         <name>GPIOPinTypeGPIOOutput</name>
         <value>0x40a3</value>
         <object_component_ref idref="oc-377"/>
      </symbol>
      <symbol id="sm-78f">
         <name>GPIOPinRead</name>
         <value>0x428d</value>
         <object_component_ref idref="oc-116"/>
      </symbol>
      <symbol id="sm-790">
         <name>GPIODirModeSet</name>
         <value>0x3f4b</value>
         <object_component_ref idref="oc-192"/>
      </symbol>
      <symbol id="sm-791">
         <name>GPIOPinWrite</name>
         <value>0x4293</value>
         <object_component_ref idref="oc-359"/>
      </symbol>
      <symbol id="sm-792">
         <name>GPIOPadConfigSet</name>
         <value>0x2a53</value>
         <object_component_ref idref="oc-da"/>
      </symbol>
      <symbol id="sm-793">
         <name>GPIOPinTypeSSI</name>
         <value>0x4161</value>
         <object_component_ref idref="oc-36b"/>
      </symbol>
      <symbol id="sm-7dd">
         <name>IntPrioritySet</name>
         <value>0x3f9d</value>
         <object_component_ref idref="oc-c8"/>
      </symbol>
      <symbol id="sm-7de">
         <name>IntEnable</name>
         <value>0x36f1</value>
         <object_component_ref idref="oc-ce"/>
      </symbol>
      <symbol id="sm-7df">
         <name>IntMasterDisable</name>
         <value>0x41c9</value>
         <object_component_ref idref="oc-1bd"/>
      </symbol>
      <symbol id="sm-7e0">
         <name>IntMasterEnable</name>
         <value>0x41d9</value>
         <object_component_ref idref="oc-1f3"/>
      </symbol>
      <symbol id="sm-807">
         <name>SSIDataPut</name>
         <value>0x424f</value>
         <object_component_ref idref="oc-34d"/>
      </symbol>
      <symbol id="sm-808">
         <name>SSIConfigSetExpClk</name>
         <value>0x3d3d</value>
         <object_component_ref idref="oc-35f"/>
      </symbol>
      <symbol id="sm-809">
         <name>SSIEnable</name>
         <value>0x4259</value>
         <object_component_ref idref="oc-365"/>
      </symbol>
      <symbol id="sm-80a">
         <name>SSIBusy</name>
         <value>0x4275</value>
         <object_component_ref idref="oc-353"/>
      </symbol>
      <symbol id="sm-87a">
         <name>SysCtlDelay</name>
         <value>0x429f</value>
         <object_component_ref idref="oc-2a7"/>
      </symbol>
      <symbol id="sm-87b">
         <name>SysCtlPeripheralEnable</name>
         <value>0x3e5d</value>
         <object_component_ref idref="oc-a7"/>
      </symbol>
      <symbol id="sm-87c">
         <name>SysCtlClockFreqSet</name>
         <value>0x20d5</value>
         <object_component_ref idref="oc-1cf"/>
      </symbol>
      <symbol id="sm-8d1">
         <name>TimerLoadSet</name>
         <value>0x4173</value>
         <object_component_ref idref="oc-bc"/>
      </symbol>
      <symbol id="sm-8d2">
         <name>TimerDisable</name>
         <value>0x4101</value>
         <object_component_ref idref="oc-ad"/>
      </symbol>
      <symbol id="sm-8d3">
         <name>TimerEnable</name>
         <value>0x4205</value>
         <object_component_ref idref="oc-80"/>
      </symbol>
      <symbol id="sm-8d4">
         <name>TimerIntStatus</name>
         <value>0x4263</value>
         <object_component_ref idref="oc-86"/>
      </symbol>
      <symbol id="sm-8d5">
         <name>TimerControlTrigger</name>
         <value>0x38e1</value>
         <object_component_ref idref="oc-105"/>
      </symbol>
      <symbol id="sm-8d6">
         <name>TimerIntEnable</name>
         <value>0x427d</value>
         <object_component_ref idref="oc-c2"/>
      </symbol>
      <symbol id="sm-8d7">
         <name>TimerConfigure</name>
         <value>0x3825</value>
         <object_component_ref idref="oc-b3"/>
      </symbol>
      <symbol id="sm-8d8">
         <name>TimerIntClear</name>
         <value>0x42a5</value>
         <object_component_ref idref="oc-7a"/>
      </symbol>
      <symbol id="sm-8ea">
         <name>CPUcpsie</name>
         <value>0x422d</value>
         <object_component_ref idref="oc-2d1"/>
      </symbol>
      <symbol id="sm-8eb">
         <name>CPUcpsid</name>
         <value>0x4221</value>
         <object_component_ref idref="oc-27e"/>
      </symbol>
      <symbol id="sm-8ec">
         <name>__TI_static_base__</name>
         <value>0x0</value>
      </symbol>
      <symbol id="sm-8ef">
         <name>__mpu_init</name>
         <value>0x0</value>
      </symbol>
      <symbol id="sm-8f0">
         <name>_system_post_cinit</name>
         <value>0x0</value>
      </symbol>
   </symbol_table>
   <title>Link successful</title>
</link_info>
