******************************************************************************
                  TI ARM Linker PC v18.1.4                     
******************************************************************************
>> Linked Thu Apr  4 02:04:16 2019

OUTPUT FILE NAME:   <ece3849d19_lab1_cmbuckley_yaverdeja_extra.out>
ENTRY POINT SYMBOL: "_c_int00_noargs"  address: 00003db5


MEMORY CONFIGURATION

         name            origin    length      used     unused   attr    fill
----------------------  --------  ---------  --------  --------  ----  --------
  FLASH                 00000000   00100000  00004c60  000fb3a0  R  X
  SRAM                  20000000   00040000  000099c2  0003663e  RW X


SEGMENT ALLOCATION MAP

run origin  load origin   length   init length attrs members
----------  ----------- ---------- ----------- ----- -------
00000000    00000000    00004c60   00004c60    r-x
  00000000    00000000    00000208   00000208    r-- .intvecs
  00000208    00000208    000040a8   000040a8    r-x .text
  000042b0    000042b0    00000940   00000940    r-- .const
  00004bf0    00004bf0    00000070   00000070    r-- .cinit
20000000    20000000    000099c8   00000000    rw-
  20000000    20000000    00008084   00000000    rw- .data
  20008084    20008084    0000113e   00000000    rw- .bss
  200091c8    200091c8    00000800   00000000    rw- .stack


SECTION ALLOCATION MAP

 output                                  attributes/
section   page    origin      length       input sections
--------  ----  ----------  ----------   ----------------
.intvecs   0    00000000    00000208     
                  00000000    00000208     tm4c1294ncpdt_startup_ccs.obj (.intvecs)

.text      0    00000208    000040a8     
                  00000208    00000a5e     rtsv7M4_T_le_v4SPD16_eabi.lib : _printfi.c.obj (.text:__TI_printfi)
                  00000c66    00000002                                   : div0.asm.obj (.text)
                  00000c68    000007fe     buttons.obj (.text)
                  00001466    00000002     --HOLE-- [fill = 0]
                  00001468    000003f0     Crystalfontz128x128_ST7735.obj (.text)
                  00001858    000003b4     main.obj (.text)
                  00001c0c    00000270     rtsv7M4_T_le_v4SPD16_eabi.lib : _printfi.c.obj (.text:_pconv_a)
                  00001e7c    00000256     grlib.lib : string.obj (.text:GrFontGlyphRender)
                  000020d2    00000002     --HOLE-- [fill = 0]
                  000020d4    00000204     driverlib.lib : sysctl.obj (.text:SysCtlClockFreqSet)
                  000022d8    000001d0     rtsv7M4_T_le_v4SPD16_eabi.lib : _printfi.c.obj (.text:_pconv_g)
                  000024a8    000001b6                                   : fd_add_t2.asm.obj (.text)
                  0000265e    00000002     --HOLE-- [fill = 0]
                  00002660    0000017e     HAL_EK_TM4C1294XL_Crystalfontz128x128_ST7735.obj (.text)
                  000027de    00000002     --HOLE-- [fill = 0]
                  000027e0    0000013c     rtsv7M4_T_le_v4SPD16_eabi.lib : _printfi.c.obj (.text:_pconv_e)
                  0000291c    00000136                                   : fd_div_t2.asm.obj (.text)
                  00002a52    00000130     driverlib.lib : gpio.obj (.text:GPIOPadConfigSet)
                  00002b82    00000002     --HOLE-- [fill = 0]
                  00002b84    00000124     rtsv7M4_T_le_v4SPD16_eabi.lib : _printfi.c.obj (.text:fcvt)
                  00002ca8    00000110                                   : s_scalbn.c.obj (.text:scalbn)
                  00002db8    00000106     grlib.lib : line.obj (.text:GrLineDraw)
                  00002ebe    000000fc     rtsv7M4_T_le_v4SPD16_eabi.lib : fd_mul_t2.asm.obj (.text)
                  00002fba    000000c4     grlib.lib : string.obj (.text:GrDefaultStringRenderer)
                  0000307e    000000c0               : line.obj (.text:GrLineClip)
                  0000313e    00000002     --HOLE-- [fill = 0]
                  00003140    000000b1     rtsv7M4_T_le_v4SPD16_eabi.lib : _printfi.c.obj (.text:_ltostr)
                  000031f1    00000001     --HOLE-- [fill = 0]
                  000031f2    0000009c                                   : memcpy_t2.asm.obj (.text)
                  0000328e    00000096                                   : ull_div_t2.asm.obj (.text)
                  00003324    00000086     grlib.lib : rectangle.obj (.text:GrRectFill)
                  000033aa    00000086     rtsv7M4_T_le_v4SPD16_eabi.lib : fd_cmp_t2.asm.obj (.text:__aeabi_cdcmple)
                  00003430    00000086                                   : fd_cmp_t2.asm.obj (.text:__aeabi_cdrcmple)
                  000034b6    0000007a     driverlib.lib : adc.obj (.text:ADCSequenceStepConfigure)
                  00003530    0000007a     rtsv7M4_T_le_v4SPD16_eabi.lib : memset_t2.asm.obj (.text)
                  000035aa    0000006e                                   : _printfi.c.obj (.text:_mcpy)
                  00003618    0000006e                                   : fd_tos_t2.asm.obj (.text)
                  00003686    00000002     --HOLE-- [fill = 0]
                  00003688    00000068     grlib.lib : context.obj (.text:GrContextInit)
                  000036f0    00000068     driverlib.lib : interrupt.obj (.text:IntEnable)
                  00003758    00000068     rtsv7M4_T_le_v4SPD16_eabi.lib : copy_decompress_lzss.c.obj (.text:decompress:lzss:__TI_decompress_lzss)
                  000037c0    00000064                                   : s_frexp.c.obj (.text:frexp)
                  00003824    00000060     driverlib.lib : timer.obj (.text:TimerConfigure)
                  00003884    0000005a     grlib.lib : string.obj (.text:FontWideGlyphDataGet)
                  000038de    00000002     --HOLE-- [fill = 0]
                  000038e0    00000058     driverlib.lib : timer.obj (.text:TimerControlTrigger)
                  00003938    00000056     rtsv7M4_T_le_v4SPD16_eabi.lib : _printfi.c.obj (.text:_pconv_f)
                  0000398e    00000054                                   : ltoa.c.obj (.text:ltoa)
                  000039e2    00000052                                   : _printfi.c.obj (.text:_ecpy)
                  00003a34    0000004c                                   : atoi.c.obj (.text:atoi)
                  00003a80    0000004c                                   : snprintf.c.obj (.text:snprintf)
                  00003acc    0000004a     grlib.lib : string.obj (.text:UpdateContextCharMapping)
                  00003b16    00000002     --HOLE-- [fill = 0]
                  00003b18    00000048     driverlib.lib : gpio.obj (.text:GPIOPinConfigure)
                  00003b60    00000048                   : sysctl.obj (.text:_SysCtlFrequencyGet)
                  00003ba8    00000048     rtsv7M4_T_le_v4SPD16_eabi.lib : fd_toi_t2.asm.obj (.text)
                  00003bf0    00000046     grlib.lib : line.obj (.text:GrLineDrawH)
                  00003c36    00000046               : line.obj (.text:GrLineDrawV)
                  00003c7c    00000044     rtsv7M4_T_le_v4SPD16_eabi.lib : autoinit.c.obj (.text:__TI_auto_init_nobinit_nopinit:__TI_auto_init_nobinit_nopinit)
                  00003cc0    0000003e     driverlib.lib : adc.obj (.text:ADCSequenceConfigure)
                  00003cfe    0000003e     rtsv7M4_T_le_v4SPD16_eabi.lib : _printfi.c.obj (.text:_fcpy)
                  00003d3c    0000003c     driverlib.lib : ssi.obj (.text:SSIConfigSetExpClk)
                  00003d78    0000003a     grlib.lib : string.obj (.text:FontGlyphDataGet)
                  00003db2    00000002     --HOLE-- [fill = 0]
                  00003db4    00000038     rtsv7M4_T_le_v4SPD16_eabi.lib : boot_cortex_m.c.obj (.text:_c_int00_noargs:_c_int00_noargs)
                  00003dec    00000038                                   : fs_tod_t2.asm.obj (.text)
                  00003e24    00000036     grlib.lib : line.obj (.text:GrClipCodeGet)
                  00003e5a    00000002     --HOLE-- [fill = 0]
                  00003e5c    00000034     driverlib.lib : sysctl.obj (.text:SysCtlPeripheralEnable)
                  00003e90    00000030     rtsv7M4_T_le_v4SPD16_eabi.lib : snprintf.c.obj (.text:_outs)
                  00003ec0    0000002e     driverlib.lib : adc.obj (.text:ADCIntStatus)
                  00003eee    0000002e     grlib.lib : string.obj (.text:GrStringNextCharGet)
                  00003f1c    0000002e     rtsv7M4_T_le_v4SPD16_eabi.lib : i_tofd_t2.asm.obj (.text)
                  00003f4a    0000002a     driverlib.lib : gpio.obj (.text:GPIODirModeSet)
                  00003f74    00000026     grlib.lib : string.obj (.text:GrFontInfoGet)
                  00003f9a    00000002     --HOLE-- [fill = 0]
                  00003f9c    00000024     driverlib.lib : interrupt.obj (.text:IntPrioritySet)
                  00003fc0    00000022     grlib.lib : string.obj (.text:GrFontGlyphDataGet)
                  00003fe2    0000001e     driverlib.lib : adc.obj (.text:ADCSequenceDataGet)
                  00004000    0000001e     grlib.lib : string.obj (.text:GrFontCodepageGet)
                  0000401e    00000002     --HOLE-- [fill = 0]
                  00004020    0000001c     driverlib.lib : sysctl.obj (.text:_SysCtlMemTimingGet)
                  0000403c    0000001c     rtsv7M4_T_le_v4SPD16_eabi.lib : memccpy.c.obj (.text:memccpy)
                  00004058    0000001a     tm4c1294ncpdt_startup_ccs.obj (.text)
                  00004072    00000018     driverlib.lib : adc.obj (.text:ADCClockConfigSet)
                  0000408a    00000018                   : adc.obj (.text:ADCProcessorTrigger)
                  000040a2    00000018                   : gpio.obj (.text:GPIOPinTypeGPIOOutput)
                  000040ba    00000018     rtsv7M4_T_le_v4SPD16_eabi.lib : snprintf.c.obj (.text:_outc)
                  000040d2    00000016     grlib.lib : string.obj (.text:GrStringDraw)
                  000040e8    00000016     rtsv7M4_T_le_v4SPD16_eabi.lib : strchr.c.obj (.text:strchr)
                  000040fe    00000002     --HOLE-- [fill = 0]
                  00004100    00000014     driverlib.lib : timer.obj (.text:TimerDisable)
                  00004114    00000014     rtsv7M4_T_le_v4SPD16_eabi.lib : s_copysign.c.obj (.text:copysign)
                  00004128    00000014                                   : strlen.c.obj (.text:strlen)
                  0000413c    00000012     driverlib.lib : gpio.obj (.text:GPIOPinTypeADC)
                  0000414e    00000012                   : gpio.obj (.text:GPIOPinTypeGPIOInput)
                  00004160    00000012                   : gpio.obj (.text:GPIOPinTypeSSI)
                  00004172    00000012                   : timer.obj (.text:TimerLoadSet)
                  00004184    00000012     rtsv7M4_T_le_v4SPD16_eabi.lib : wcslen.c.obj (.text:wcslen)
                  00004196    00000010     driverlib.lib : adc.obj (.text:ADCIntEnable)
                  000041a6    00000002     --HOLE-- [fill = 0]
                  000041a8    00000010                   : fpu.obj (.text:FPUEnable)
                  000041b8    00000010                   : fpu.obj (.text:FPULazyStackingEnable)
                  000041c8    00000010                   : interrupt.obj (.text:IntMasterDisable)
                  000041d8    00000010                   : interrupt.obj (.text:IntMasterEnable)
                  000041e8    0000000e                   : adc.obj (.text:ADCSequenceDisable)
                  000041f6    0000000e                   : adc.obj (.text:ADCSequenceEnable)
                  00004204    0000000e                   : timer.obj (.text:TimerEnable)
                  00004212    0000000e     rtsv7M4_T_le_v4SPD16_eabi.lib : copy_decompress_none.c.obj (.text:decompress:none:__TI_decompress_none)
                  00004220    0000000c     driverlib.lib : cpu.obj (.text:CPUcpsid)
                  0000422c    0000000c                   : cpu.obj (.text:CPUcpsie)
                  00004238    0000000c     rtsv7M4_T_le_v4SPD16_eabi.lib : copy_zero_init.c.obj (.text:decompress:ZI:__TI_zero_init)
                  00004244    0000000a     driverlib.lib : adc.obj (.text:ADCIntClear)
                  0000424e    0000000a                   : ssi.obj (.text:SSIDataPut)
                  00004258    0000000a                   : ssi.obj (.text:SSIEnable)
                  00004262    0000000a                   : timer.obj (.text:TimerIntStatus)
                  0000426c    00000008     grlib.lib : charmap.obj (.text:GrMapISO8859_1_Unicode)
                  00004274    00000008     driverlib.lib : ssi.obj (.text:SSIBusy)
                  0000427c    00000008                   : timer.obj (.text:TimerIntEnable)
                  00004284    00000008     rtsv7M4_T_le_v4SPD16_eabi.lib : errno.c.obj (.text:__aeabi_errno_addr)
                  0000428c    00000006     driverlib.lib : gpio.obj (.text:GPIOPinRead)
                  00004292    00000006                   : gpio.obj (.text:GPIOPinWrite)
                  00004298    00000006     grlib.lib : string.obj (.text:GrContextFontSet)
                  0000429e    00000006     driverlib.lib : sysctl.obj (.text:SysCtlDelay)
                  000042a4    00000004                   : timer.obj (.text:TimerIntClear)
                  000042a8    00000004     rtsv7M4_T_le_v4SPD16_eabi.lib : pre_init.c.obj (.text:_system_pre_init)
                  000042ac    00000004                                   : exit.c.obj (.text:abort:abort)

.const     0    000042b0    00000940     
                  000042b0    000002f8     grlib.lib : fontfixed6x8.obj (.const:.string:g_pui8FontFixed6x8Data)
                  000045a8    00000120     driverlib.lib : sysctl.obj (.const:g_pppui32XTALtoVCO)
                  000046c8    00000101     rtsv7M4_T_le_v4SPD16_eabi.lib : ctype.c.obj (.const:.string:_ctypes_)
                  000047c9    00000003     --HOLE-- [fill = 0]
                  000047cc    000000c8     grlib.lib : fontfixed6x8.obj (.const:g_sFontFixed6x8)
                  00004894    0000009c     driverlib.lib : interrupt.obj (.const:g_pui32Regs)
                  00004930    00000090                   : gpio.obj (.const:g_pui32GPIOBaseAddrs)
                  000049c0    0000008c     main.obj (.const:.string)
                  00004a4c    00000070     driverlib.lib : interrupt.obj (.const)
                  00004abc    0000006c                   : sysctl.obj (.const:g_pui32Xtals)
                  00004b28    00000030     main.obj (.const:gTimeScaleStr)
                  00004b58    00000030     driverlib.lib : sysctl.obj (.const:g_sXTALtoMEMTIM)
                  00004b88    00000028     Crystalfontz128x128_ST7735.obj (.const:g_sCrystalfontz128x128)
                  00004bb0    00000010     main.obj (.const:$P$T0$1)
                  00004bc0    00000010     main.obj (.const:gVoltageScaleStr)
                  00004bd0    00000010     grlib.lib : context.obj (.const)
                  00004be0    00000008     driverlib.lib : sysctl.obj (.const)
                  00004be8    00000008     main.obj (.const:gTriggerSlopeStr)

.cinit     0    00004bf0    00000070     
                  00004bf0    00000049     (.cinit..data.load) [load image, compression = lzss]
                  00004c39    00000003     --HOLE-- [fill = 0]
                  00004c3c    0000000c     (__TI_handler_table)
                  00004c48    00000008     (.cinit..bss.load) [load image, compression = zero_init]
                  00004c50    00000010     (__TI_cinit_table)

.init_array 
*          0    00000000    00000000     UNINITIALIZED

.data      0    20000000    00008084     UNINITIALIZED
                  20000000    00008000     Crystalfontz128x128_ST7735.obj (.data:Lcd_buffer)
                  20008000    00000030     buttons.obj (.data:timescale)
                  20008030    00000024     buttons.obj (.data:count$2)
                  20008054    00000018     buttons.obj (.data)
                  2000806c    0000000c     main.obj (.data)
                  20008078    00000008     buttons.obj (.data:gJoystick)
                  20008080    00000004     rtsv7M4_T_le_v4SPD16_eabi.lib : errno.c.obj (.data)

.bss       0    20008084    0000113e     UNINITIALIZED
                  20008084    00001000     (.common:gADCBuffer)
                  20009084    00000100     (.common:trigger_samples)
                  20009184    00000014     buttons.obj (.bss:state$1)
                  20009198    0000000c     (.common:fifo)
                  200091a4    00000004     (.common:gADCErrors)
                  200091a8    00000004     (.common:gADCSamplingRate)
                  200091ac    00000004     (.common:gSystemClock)
                  200091b0    00000004     (.common:g_psGrLibDefaults)
                  200091b4    00000004     (.common:trigger_value)
                  200091b8    00000002     (.common:Lcd_ScreenHeigth)
                  200091ba    00000002     (.common:Lcd_ScreenWidth)
                  200091bc    00000002     (.common:Lcd_TouchTrim)
                  200091be    00000001     (.common:Lcd_FlagRead)
                  200091bf    00000001     (.common:Lcd_FontSolid)
                  200091c0    00000001     (.common:Lcd_Orientation)
                  200091c1    00000001     (.common:Lcd_PenSolid)

.stack     0    200091c8    00000800     UNINITIALIZED
                  200091c8    00000004     rtsv7M4_T_le_v4SPD16_eabi.lib : boot_cortex_m.c.obj (.stack)
                  200091cc    000007fc     --HOLE--

MODULE SUMMARY

       Module                                             code    ro data   rw data
       ------                                             ----    -------   -------
    .\
       Crystalfontz128x128_ST7735.obj                     1008    40        32778  
       buttons.obj                                        2046    0         4512   
       main.obj                                           948     228       16     
       tm4c1294ncpdt_startup_ccs.obj                      26      520       0      
       HAL_EK_TM4C1294XL_Crystalfontz128x128_ST7735.obj   382     0         0      
    +--+--------------------------------------------------+-------+---------+---------+
       Total:                                             4410    788       37306  
                                                                                   
    C:/ti/tirtos_tivac_2_16_00_08/products/TivaWare_C_Series-2.1.1.71b/driverlib/ccs/Debug/driverlib.lib
       sysctl.obj                                         674     452       0      
       gpio.obj                                           508     144       0      
       interrupt.obj                                      172     268       0      
       adc.obj                                            362     0         0      
       timer.obj                                          258     0         0      
       ssi.obj                                            88      0         0      
       fpu.obj                                            32      0         0      
       cpu.obj                                            24      0         0      
    +--+--------------------------------------------------+-------+---------+---------+
       Total:                                             2118    864       0      
                                                                                   
    C:/ti/tirtos_tivac_2_16_00_08/products/TivaWare_C_Series-2.1.1.71b/grlib/ccs/Debug/grlib.lib
       string.obj                                         1192    0         0      
       fontfixed6x8.obj                                   0       960       0      
       line.obj                                           648     0         0      
       rectangle.obj                                      134     0         0      
       context.obj                                        104     16        4      
       charmap.obj                                        8       0         0      
    +--+--------------------------------------------------+-------+---------+---------+
       Total:                                             2086    976       4      
                                                                                   
    C:\ti\ccsv8\tools\compiler\ti-cgt-arm_18.1.4.LTS\lib\rtsv7M4_T_le_v4SPD16_eabi.lib
       _printfi.c.obj                                     4867    0         0      
       fd_add_t2.asm.obj                                  438     0         0      
       fd_div_t2.asm.obj                                  310     0         0      
       s_scalbn.c.obj                                     272     0         0      
       fd_cmp_t2.asm.obj                                  268     0         0      
       ctype.c.obj                                        0       257       0      
       fd_mul_t2.asm.obj                                  252     0         0      
       memcpy_t2.asm.obj                                  156     0         0      
       ull_div_t2.asm.obj                                 150     0         0      
       snprintf.c.obj                                     148     0         0      
       memset_t2.asm.obj                                  122     0         0      
       fd_tos_t2.asm.obj                                  110     0         0      
       copy_decompress_lzss.c.obj                         104     0         0      
       s_frexp.c.obj                                      100     0         0      
       ltoa.c.obj                                         84      0         0      
       atoi.c.obj                                         76      0         0      
       fd_toi_t2.asm.obj                                  72      0         0      
       autoinit.c.obj                                     68      0         0      
       boot_cortex_m.c.obj                                56      0         0      
       fs_tod_t2.asm.obj                                  56      0         0      
       i_tofd_t2.asm.obj                                  46      0         0      
       memccpy.c.obj                                      28      0         0      
       strchr.c.obj                                       22      0         0      
       s_copysign.c.obj                                   20      0         0      
       strlen.c.obj                                       20      0         0      
       wcslen.c.obj                                       18      0         0      
       copy_decompress_none.c.obj                         14      0         0      
       copy_zero_init.c.obj                               12      0         0      
       errno.c.obj                                        8       0         4      
       exit.c.obj                                         4       0         0      
       pre_init.c.obj                                     4       0         0      
       div0.asm.obj                                       2       0         0      
    +--+--------------------------------------------------+-------+---------+---------+
       Total:                                             7907    257       4      
                                                                                   
       Stack:                                             0       0         2048   
       Linker Generated:                                  0       109       0      
    +--+--------------------------------------------------+-------+---------+---------+
       Grand Total:                                       16521   2994      39362  


LINKER GENERATED COPY TABLES

__TI_cinit_table @ 00004c50 records: 2, size/record: 8, table size: 16
	.data: load addr=00004bf0, load size=00000049 bytes, run addr=20000000, run size=00008084 bytes, compression=lzss
	.bss: load addr=00004c48, load size=00000008 bytes, run addr=20008084, run size=0000113e bytes, compression=zero_init


LINKER GENERATED HANDLER TABLE

__TI_handler_table @ 00004c3c records: 3, size/record: 4, table size: 12
	index: 0, handler: __TI_decompress_lzss
	index: 1, handler: __TI_decompress_none
	index: 2, handler: __TI_zero_init


GLOBAL SYMBOLS: SORTED ALPHABETICALLY BY Name 

address   name                              
-------   ----                              
00004073  ADCClockConfigSet                 
00004245  ADCIntClear                       
00004197  ADCIntEnable                      
00003ec1  ADCIntStatus                      
0000408b  ADCProcessorTrigger               
00003cc1  ADCSequenceConfigure              
00003fe3  ADCSequenceDataGet                
000041e9  ADCSequenceDisable                
000041f7  ADCSequenceEnable                 
000034b7  ADCSequenceStepConfigure          
00001419  ADC_ISR                           
00001241  ButtonAutoRepeat                  
000011d1  ButtonDebounce                    
000012c1  ButtonISR                         
00000f11  ButtonInit                        
00000e31  ButtonReadJoystick                
000042ad  C$$EXIT                           
00004221  CPUcpsid                          
0000422d  CPUcpsie                          
00001791  Crystalfontz128x128_Init          
000014b1  Crystalfontz128x128_SetDrawFrame  
00001469  Crystalfontz128x128_SetOrientation
000041a9  FPUEnable                         
000041b9  FPULazyStackingEnable             
00003f4b  GPIODirModeSet                    
00002a53  GPIOPadConfigSet                  
00003b19  GPIOPinConfigure                  
0000428d  GPIOPinRead                       
0000413d  GPIOPinTypeADC                    
0000414f  GPIOPinTypeGPIOInput              
000040a3  GPIOPinTypeGPIOOutput             
00004161  GPIOPinTypeSSI                    
00004293  GPIOPinWrite                      
00004299  GrContextFontSet                  
00003689  GrContextInit                     
00002fbb  GrDefaultStringRenderer           
00004001  GrFontCodepageGet                 
00003fc1  GrFontGlyphDataGet                
00001e7d  GrFontGlyphRender                 
00003f75  GrFontInfoGet                     
00002db9  GrLineDraw                        
00003bf1  GrLineDrawH                       
00003c37  GrLineDrawV                       
0000426d  GrMapISO8859_1_Unicode            
00003325  GrRectFill                        
000040d3  GrStringDraw                      
00003eef  GrStringNextCharGet               
00002751  HAL_LCD_PortInit                  
000026c1  HAL_LCD_SpiInit                   
00002671  HAL_LCD_writeCommand              
00002661  HAL_LCD_writeData                 
000036f1  IntEnable                         
000041c9  IntMasterDisable                  
000041d9  IntMasterEnable                   
00003f9d  IntPrioritySet                    
200091be  Lcd_FlagRead                      
200091bf  Lcd_FontSolid                     
200091c0  Lcd_Orientation                   
200091c1  Lcd_PenSolid                      
200091b8  Lcd_ScreenHeigth                  
200091ba  Lcd_ScreenWidth                   
200091bc  Lcd_TouchTrim                     
20000000  Lcd_buffer                        
00004059  ResetISR                          
00004275  SSIBusy                           
00003d3d  SSIConfigSetExpClk                
0000424f  SSIDataPut                        
00004259  SSIEnable                         
000020d5  SysCtlClockFreqSet                
0000429f  SysCtlDelay                       
00003e5d  SysCtlPeripheralEnable            
00003825  TimerConfigure                    
000038e1  TimerControlTrigger               
00004101  TimerDisable                      
00004205  TimerEnable                       
000042a5  TimerIntClear                     
0000427d  TimerIntEnable                    
00004263  TimerIntStatus                    
00004173  TimerLoadSet                      
200099c8  __STACK_END                       
00000800  __STACK_SIZE                      
200093c8  __STACK_TOP                       
00004c50  __TI_CINIT_Base                   
00004c60  __TI_CINIT_Limit                  
00004c3c  __TI_Handler_Table_Base           
00004c48  __TI_Handler_Table_Limit          
00003c7d  __TI_auto_init_nobinit_nopinit    
00003759  __TI_decompress_lzss              
00004213  __TI_decompress_none              
ffffffff  __TI_pprof_out_hndl               
00000209  __TI_printfi                      
ffffffff  __TI_prof_data_size               
ffffffff  __TI_prof_data_start              
00000000  __TI_static_base__                
00004239  __TI_zero_init                    
000033ab  __aeabi_cdcmpeq                   
000033ab  __aeabi_cdcmple                   
00003431  __aeabi_cdrcmple                  
00003619  __aeabi_d2f                       
00003ba9  __aeabi_d2iz                      
000024b3  __aeabi_dadd                      
0000291d  __aeabi_ddiv                      
00002ebf  __aeabi_dmul                      
000024a9  __aeabi_dsub                      
00004285  __aeabi_errno_addr                
00003ded  __aeabi_f2d                       
00003f1d  __aeabi_i2d                       
00000c67  __aeabi_idiv0                     
00000c67  __aeabi_ldiv0                     
00003531  __aeabi_memclr                    
00003531  __aeabi_memclr4                   
00003531  __aeabi_memclr8                   
000031f3  __aeabi_memcpy                    
000031f3  __aeabi_memcpy4                   
000031f3  __aeabi_memcpy8                   
00003533  __aeabi_memset                    
00003533  __aeabi_memset4                   
00003533  __aeabi_memset8                   
0000328f  __aeabi_uldivmod                  
ffffffff  __binit__                         
ffffffff  __c_args__                        
UNDEFED   __mpu_init                        
200091c8  __stack                           
00003db5  _c_int00_noargs                   
000046c8  _ctypes_                          
UNDEFED   _system_post_cinit                
000042a9  _system_pre_init                  
000042ad  abort                             
00003a35  atoi                              
ffffffff  binit                             
00004115  copysign                          
00004115  copysignl                         
20008070  count_loaded                      
2000806c  count_unloaded                    
20008074  cpu_load                          
00000df9  cpu_load_count                    
20008080  errno                             
20009198  fifo                              
00000da9  fifo_get                          
20008064  fifo_head                         
00000d71  fifo_put                          
20008068  fifo_tail                         
000037c1  frexp                             
000037c1  frexpl                            
20008084  gADCBuffer                        
20008054  gADCBufferIndex                   
200091a4  gADCErrors                        
200091a8  gADCSamplingRate                  
20008058  gButtons                          
20008078  gJoystick                         
200091ac  gSystemClock                      
00004b28  gTimeScaleStr                     
00004be8  gTriggerSlopeStr                  
00004bc0  gVoltageScaleStr                  
00000000  g_pfnVectors                      
00004bd0  g_psDefaultCodePointMapTable      
00004b88  g_sCrystalfontz128x128            
000047cc  g_sFontFixed6x8                   
00002ca9  ldexp                             
00002ca9  ldexpl                            
0000398f  ltoa                              
00001859  main                              
0000403d  memccpy                           
000031f3  memcpy                            
00003539  memset                            
2000805c  risingSlope                       
00002ca9  scalbn                            
00002ca9  scalbnl                           
00003a81  snprintf                          
20008060  stateTperDiv                      
000040e9  strchr                            
00004129  strlen                            
20008000  timescale                         
00000cb1  triggerSearch                     
20009084  trigger_samples                   
200091b4  trigger_value                     
00004185  wcslen                            
00000c69  zero_crossing_point               


GLOBAL SYMBOLS: SORTED BY Symbol Address 

address   name                              
-------   ----                              
00000000  __TI_static_base__                
00000000  g_pfnVectors                      
00000209  __TI_printfi                      
00000800  __STACK_SIZE                      
00000c67  __aeabi_idiv0                     
00000c67  __aeabi_ldiv0                     
00000c69  zero_crossing_point               
00000cb1  triggerSearch                     
00000d71  fifo_put                          
00000da9  fifo_get                          
00000df9  cpu_load_count                    
00000e31  ButtonReadJoystick                
00000f11  ButtonInit                        
000011d1  ButtonDebounce                    
00001241  ButtonAutoRepeat                  
000012c1  ButtonISR                         
00001419  ADC_ISR                           
00001469  Crystalfontz128x128_SetOrientation
000014b1  Crystalfontz128x128_SetDrawFrame  
00001791  Crystalfontz128x128_Init          
00001859  main                              
00001e7d  GrFontGlyphRender                 
000020d5  SysCtlClockFreqSet                
000024a9  __aeabi_dsub                      
000024b3  __aeabi_dadd                      
00002661  HAL_LCD_writeData                 
00002671  HAL_LCD_writeCommand              
000026c1  HAL_LCD_SpiInit                   
00002751  HAL_LCD_PortInit                  
0000291d  __aeabi_ddiv                      
00002a53  GPIOPadConfigSet                  
00002ca9  ldexp                             
00002ca9  ldexpl                            
00002ca9  scalbn                            
00002ca9  scalbnl                           
00002db9  GrLineDraw                        
00002ebf  __aeabi_dmul                      
00002fbb  GrDefaultStringRenderer           
000031f3  __aeabi_memcpy                    
000031f3  __aeabi_memcpy4                   
000031f3  __aeabi_memcpy8                   
000031f3  memcpy                            
0000328f  __aeabi_uldivmod                  
00003325  GrRectFill                        
000033ab  __aeabi_cdcmpeq                   
000033ab  __aeabi_cdcmple                   
00003431  __aeabi_cdrcmple                  
000034b7  ADCSequenceStepConfigure          
00003531  __aeabi_memclr                    
00003531  __aeabi_memclr4                   
00003531  __aeabi_memclr8                   
00003533  __aeabi_memset                    
00003533  __aeabi_memset4                   
00003533  __aeabi_memset8                   
00003539  memset                            
00003619  __aeabi_d2f                       
00003689  GrContextInit                     
000036f1  IntEnable                         
00003759  __TI_decompress_lzss              
000037c1  frexp                             
000037c1  frexpl                            
00003825  TimerConfigure                    
000038e1  TimerControlTrigger               
0000398f  ltoa                              
00003a35  atoi                              
00003a81  snprintf                          
00003b19  GPIOPinConfigure                  
00003ba9  __aeabi_d2iz                      
00003bf1  GrLineDrawH                       
00003c37  GrLineDrawV                       
00003c7d  __TI_auto_init_nobinit_nopinit    
00003cc1  ADCSequenceConfigure              
00003d3d  SSIConfigSetExpClk                
00003db5  _c_int00_noargs                   
00003ded  __aeabi_f2d                       
00003e5d  SysCtlPeripheralEnable            
00003ec1  ADCIntStatus                      
00003eef  GrStringNextCharGet               
00003f1d  __aeabi_i2d                       
00003f4b  GPIODirModeSet                    
00003f75  GrFontInfoGet                     
00003f9d  IntPrioritySet                    
00003fc1  GrFontGlyphDataGet                
00003fe3  ADCSequenceDataGet                
00004001  GrFontCodepageGet                 
0000403d  memccpy                           
00004059  ResetISR                          
00004073  ADCClockConfigSet                 
0000408b  ADCProcessorTrigger               
000040a3  GPIOPinTypeGPIOOutput             
000040d3  GrStringDraw                      
000040e9  strchr                            
00004101  TimerDisable                      
00004115  copysign                          
00004115  copysignl                         
00004129  strlen                            
0000413d  GPIOPinTypeADC                    
0000414f  GPIOPinTypeGPIOInput              
00004161  GPIOPinTypeSSI                    
00004173  TimerLoadSet                      
00004185  wcslen                            
00004197  ADCIntEnable                      
000041a9  FPUEnable                         
000041b9  FPULazyStackingEnable             
000041c9  IntMasterDisable                  
000041d9  IntMasterEnable                   
000041e9  ADCSequenceDisable                
000041f7  ADCSequenceEnable                 
00004205  TimerEnable                       
00004213  __TI_decompress_none              
00004221  CPUcpsid                          
0000422d  CPUcpsie                          
00004239  __TI_zero_init                    
00004245  ADCIntClear                       
0000424f  SSIDataPut                        
00004259  SSIEnable                         
00004263  TimerIntStatus                    
0000426d  GrMapISO8859_1_Unicode            
00004275  SSIBusy                           
0000427d  TimerIntEnable                    
00004285  __aeabi_errno_addr                
0000428d  GPIOPinRead                       
00004293  GPIOPinWrite                      
00004299  GrContextFontSet                  
0000429f  SysCtlDelay                       
000042a5  TimerIntClear                     
000042a9  _system_pre_init                  
000042ad  C$$EXIT                           
000042ad  abort                             
000046c8  _ctypes_                          
000047cc  g_sFontFixed6x8                   
00004b28  gTimeScaleStr                     
00004b88  g_sCrystalfontz128x128            
00004bc0  gVoltageScaleStr                  
00004bd0  g_psDefaultCodePointMapTable      
00004be8  gTriggerSlopeStr                  
00004c3c  __TI_Handler_Table_Base           
00004c48  __TI_Handler_Table_Limit          
00004c50  __TI_CINIT_Base                   
00004c60  __TI_CINIT_Limit                  
20000000  Lcd_buffer                        
20008000  timescale                         
20008054  gADCBufferIndex                   
20008058  gButtons                          
2000805c  risingSlope                       
20008060  stateTperDiv                      
20008064  fifo_head                         
20008068  fifo_tail                         
2000806c  count_unloaded                    
20008070  count_loaded                      
20008074  cpu_load                          
20008078  gJoystick                         
20008080  errno                             
20008084  gADCBuffer                        
20009084  trigger_samples                   
20009198  fifo                              
200091a4  gADCErrors                        
200091a8  gADCSamplingRate                  
200091ac  gSystemClock                      
200091b4  trigger_value                     
200091b8  Lcd_ScreenHeigth                  
200091ba  Lcd_ScreenWidth                   
200091bc  Lcd_TouchTrim                     
200091be  Lcd_FlagRead                      
200091bf  Lcd_FontSolid                     
200091c0  Lcd_Orientation                   
200091c1  Lcd_PenSolid                      
200091c8  __stack                           
200093c8  __STACK_TOP                       
200099c8  __STACK_END                       
ffffffff  __TI_pprof_out_hndl               
ffffffff  __TI_prof_data_size               
ffffffff  __TI_prof_data_start              
ffffffff  __binit__                         
ffffffff  __c_args__                        
ffffffff  binit                             
UNDEFED   __mpu_init                        
UNDEFED   _system_post_cinit                

[178 symbols]
