<?xml version="1.0" encoding="ISO-8859-1" ?>
<link_info>
   <banner>TI ARM Linker PC v18.1.4.LTS</banner>
   <copyright>Copyright (c) 1996-2018 Texas Instruments Incorporated</copyright>
   <link_time>0x5ca41fab</link_time>
   <link_errors>0x0</link_errors>
   <output_file>ece3849d19_lab1_cmbuckley_yaverdeja.out</output_file>
   <entry_point>
      <name>_c_int00_noargs</name>
      <address>0x3dad</address>
   </entry_point>
   <input_file_list>
      <input_file id="fl-2">
         <path>.\</path>
         <kind>object</kind>
         <file>Crystalfontz128x128_ST7735.obj</file>
         <name>Crystalfontz128x128_ST7735.obj</name>
      </input_file>
      <input_file id="fl-3">
         <path>.\</path>
         <kind>object</kind>
         <file>HAL_EK_TM4C1294XL_Crystalfontz128x128_ST7735.obj</file>
         <name>HAL_EK_TM4C1294XL_Crystalfontz128x128_ST7735.obj</name>
      </input_file>
      <input_file id="fl-4">
         <path>.\</path>
         <kind>object</kind>
         <file>buttons.obj</file>
         <name>buttons.obj</name>
      </input_file>
      <input_file id="fl-5">
         <path>.\</path>
         <kind>object</kind>
         <file>main.obj</file>
         <name>main.obj</name>
      </input_file>
      <input_file id="fl-6">
         <path>.\</path>
         <kind>object</kind>
         <file>sysctl_pll.obj</file>
         <name>sysctl_pll.obj</name>
      </input_file>
      <input_file id="fl-7">
         <path>.\</path>
         <kind>object</kind>
         <file>tm4c1294ncpdt_startup_ccs.obj</file>
         <name>tm4c1294ncpdt_startup_ccs.obj</name>
      </input_file>
      <input_file id="fl-d">
         <kind>object</kind>
         <file>&lt;internal&gt;</file>
         <name>&lt;internal&gt;</name>
      </input_file>
      <input_file id="fl-c3">
         <path>C:\ti\ccsv8\tools\compiler\ti-cgt-arm_18.1.4.LTS\lib\</path>
         <kind>archive</kind>
         <file>rtsv7M4_T_le_v4SPD16_eabi.lib</file>
         <name>fd_mul_t2.asm.obj</name>
      </input_file>
      <input_file id="fl-c4">
         <path>C:\ti\ccsv8\tools\compiler\ti-cgt-arm_18.1.4.LTS\lib\</path>
         <kind>archive</kind>
         <file>rtsv7M4_T_le_v4SPD16_eabi.lib</file>
         <name>fd_tos_t2.asm.obj</name>
      </input_file>
      <input_file id="fl-c5">
         <path>C:\ti\ccsv8\tools\compiler\ti-cgt-arm_18.1.4.LTS\lib\</path>
         <kind>archive</kind>
         <file>rtsv7M4_T_le_v4SPD16_eabi.lib</file>
         <name>fs_tod_t2.asm.obj</name>
      </input_file>
      <input_file id="fl-c6">
         <path>C:\ti\ccsv8\tools\compiler\ti-cgt-arm_18.1.4.LTS\lib\</path>
         <kind>archive</kind>
         <file>rtsv7M4_T_le_v4SPD16_eabi.lib</file>
         <name>copy_zero_init.c.obj</name>
      </input_file>
      <input_file id="fl-c7">
         <path>C:\ti\ccsv8\tools\compiler\ti-cgt-arm_18.1.4.LTS\lib\</path>
         <kind>archive</kind>
         <file>rtsv7M4_T_le_v4SPD16_eabi.lib</file>
         <name>copy_decompress_none.c.obj</name>
      </input_file>
      <input_file id="fl-c8">
         <path>C:\ti\ccsv8\tools\compiler\ti-cgt-arm_18.1.4.LTS\lib\</path>
         <kind>archive</kind>
         <file>rtsv7M4_T_le_v4SPD16_eabi.lib</file>
         <name>copy_decompress_lzss.c.obj</name>
      </input_file>
      <input_file id="fl-c9">
         <path>C:\ti\ccsv8\tools\compiler\ti-cgt-arm_18.1.4.LTS\lib\</path>
         <kind>archive</kind>
         <file>rtsv7M4_T_le_v4SPD16_eabi.lib</file>
         <name>boot_cortex_m.c.obj</name>
      </input_file>
      <input_file id="fl-ca">
         <path>C:\ti\ccsv8\tools\compiler\ti-cgt-arm_18.1.4.LTS\lib\</path>
         <kind>archive</kind>
         <file>rtsv7M4_T_le_v4SPD16_eabi.lib</file>
         <name>exit.c.obj</name>
      </input_file>
      <input_file id="fl-cb">
         <path>C:\ti\ccsv8\tools\compiler\ti-cgt-arm_18.1.4.LTS\lib\</path>
         <kind>archive</kind>
         <file>rtsv7M4_T_le_v4SPD16_eabi.lib</file>
         <name>_lock.c.obj</name>
      </input_file>
      <input_file id="fl-cc">
         <path>C:\ti\ccsv8\tools\compiler\ti-cgt-arm_18.1.4.LTS\lib\</path>
         <kind>archive</kind>
         <file>rtsv7M4_T_le_v4SPD16_eabi.lib</file>
         <name>args_main.c.obj</name>
      </input_file>
      <input_file id="fl-cd">
         <path>C:\ti\ccsv8\tools\compiler\ti-cgt-arm_18.1.4.LTS\lib\</path>
         <kind>archive</kind>
         <file>rtsv7M4_T_le_v4SPD16_eabi.lib</file>
         <name>snprintf.c.obj</name>
      </input_file>
      <input_file id="fl-ce">
         <path>C:\ti\ccsv8\tools\compiler\ti-cgt-arm_18.1.4.LTS\lib\</path>
         <kind>archive</kind>
         <file>rtsv7M4_T_le_v4SPD16_eabi.lib</file>
         <name>memcpy_t2.asm.obj</name>
      </input_file>
      <input_file id="fl-cf">
         <path>C:\ti\ccsv8\tools\compiler\ti-cgt-arm_18.1.4.LTS\lib\</path>
         <kind>archive</kind>
         <file>rtsv7M4_T_le_v4SPD16_eabi.lib</file>
         <name>memset_t2.asm.obj</name>
      </input_file>
      <input_file id="fl-d0">
         <path>C:\ti\ccsv8\tools\compiler\ti-cgt-arm_18.1.4.LTS\lib\</path>
         <kind>archive</kind>
         <file>rtsv7M4_T_le_v4SPD16_eabi.lib</file>
         <name>autoinit.c.obj</name>
      </input_file>
      <input_file id="fl-d1">
         <path>C:\ti\ccsv8\tools\compiler\ti-cgt-arm_18.1.4.LTS\lib\</path>
         <kind>archive</kind>
         <file>rtsv7M4_T_le_v4SPD16_eabi.lib</file>
         <name>pre_init.c.obj</name>
      </input_file>
      <input_file id="fl-d2">
         <path>C:\ti\ccsv8\tools\compiler\ti-cgt-arm_18.1.4.LTS\lib\</path>
         <kind>archive</kind>
         <file>rtsv7M4_T_le_v4SPD16_eabi.lib</file>
         <name>cpy_tbl.c.obj</name>
      </input_file>
      <input_file id="fl-d3">
         <path>C:\ti\ccsv8\tools\compiler\ti-cgt-arm_18.1.4.LTS\lib\</path>
         <kind>archive</kind>
         <file>rtsv7M4_T_le_v4SPD16_eabi.lib</file>
         <name>_printfi.c.obj</name>
      </input_file>
      <input_file id="fl-d4">
         <path>C:\ti\ccsv8\tools\compiler\ti-cgt-arm_18.1.4.LTS\lib\</path>
         <kind>archive</kind>
         <file>rtsv7M4_T_le_v4SPD16_eabi.lib</file>
         <name>atoi.c.obj</name>
      </input_file>
      <input_file id="fl-d5">
         <path>C:\ti\ccsv8\tools\compiler\ti-cgt-arm_18.1.4.LTS\lib\</path>
         <kind>archive</kind>
         <file>rtsv7M4_T_le_v4SPD16_eabi.lib</file>
         <name>ctype.c.obj</name>
      </input_file>
      <input_file id="fl-d6">
         <path>C:\ti\ccsv8\tools\compiler\ti-cgt-arm_18.1.4.LTS\lib\</path>
         <kind>archive</kind>
         <file>rtsv7M4_T_le_v4SPD16_eabi.lib</file>
         <name>ltoa.c.obj</name>
      </input_file>
      <input_file id="fl-d7">
         <path>C:\ti\ccsv8\tools\compiler\ti-cgt-arm_18.1.4.LTS\lib\</path>
         <kind>archive</kind>
         <file>rtsv7M4_T_le_v4SPD16_eabi.lib</file>
         <name>memccpy.c.obj</name>
      </input_file>
      <input_file id="fl-d8">
         <path>C:\ti\ccsv8\tools\compiler\ti-cgt-arm_18.1.4.LTS\lib\</path>
         <kind>archive</kind>
         <file>rtsv7M4_T_le_v4SPD16_eabi.lib</file>
         <name>strchr.c.obj</name>
      </input_file>
      <input_file id="fl-d9">
         <path>C:\ti\ccsv8\tools\compiler\ti-cgt-arm_18.1.4.LTS\lib\</path>
         <kind>archive</kind>
         <file>rtsv7M4_T_le_v4SPD16_eabi.lib</file>
         <name>strlen.c.obj</name>
      </input_file>
      <input_file id="fl-da">
         <path>C:\ti\ccsv8\tools\compiler\ti-cgt-arm_18.1.4.LTS\lib\</path>
         <kind>archive</kind>
         <file>rtsv7M4_T_le_v4SPD16_eabi.lib</file>
         <name>wcslen.c.obj</name>
      </input_file>
      <input_file id="fl-db">
         <path>C:\ti\ccsv8\tools\compiler\ti-cgt-arm_18.1.4.LTS\lib\</path>
         <kind>archive</kind>
         <file>rtsv7M4_T_le_v4SPD16_eabi.lib</file>
         <name>s_frexp.c.obj</name>
      </input_file>
      <input_file id="fl-dc">
         <path>C:\ti\ccsv8\tools\compiler\ti-cgt-arm_18.1.4.LTS\lib\</path>
         <kind>archive</kind>
         <file>rtsv7M4_T_le_v4SPD16_eabi.lib</file>
         <name>s_scalbn.c.obj</name>
      </input_file>
      <input_file id="fl-dd">
         <path>C:\ti\ccsv8\tools\compiler\ti-cgt-arm_18.1.4.LTS\lib\</path>
         <kind>archive</kind>
         <file>rtsv7M4_T_le_v4SPD16_eabi.lib</file>
         <name>fd_add_t2.asm.obj</name>
      </input_file>
      <input_file id="fl-de">
         <path>C:\ti\ccsv8\tools\compiler\ti-cgt-arm_18.1.4.LTS\lib\</path>
         <kind>archive</kind>
         <file>rtsv7M4_T_le_v4SPD16_eabi.lib</file>
         <name>fd_cmp_t2.asm.obj</name>
      </input_file>
      <input_file id="fl-df">
         <path>C:\ti\ccsv8\tools\compiler\ti-cgt-arm_18.1.4.LTS\lib\</path>
         <kind>archive</kind>
         <file>rtsv7M4_T_le_v4SPD16_eabi.lib</file>
         <name>fd_div_t2.asm.obj</name>
      </input_file>
      <input_file id="fl-e0">
         <path>C:\ti\ccsv8\tools\compiler\ti-cgt-arm_18.1.4.LTS\lib\</path>
         <kind>archive</kind>
         <file>rtsv7M4_T_le_v4SPD16_eabi.lib</file>
         <name>fd_toi_t2.asm.obj</name>
      </input_file>
      <input_file id="fl-e1">
         <path>C:\ti\ccsv8\tools\compiler\ti-cgt-arm_18.1.4.LTS\lib\</path>
         <kind>archive</kind>
         <file>rtsv7M4_T_le_v4SPD16_eabi.lib</file>
         <name>i_tofd_t2.asm.obj</name>
      </input_file>
      <input_file id="fl-e2">
         <path>C:\ti\ccsv8\tools\compiler\ti-cgt-arm_18.1.4.LTS\lib\</path>
         <kind>archive</kind>
         <file>rtsv7M4_T_le_v4SPD16_eabi.lib</file>
         <name>ull_div_t2.asm.obj</name>
      </input_file>
      <input_file id="fl-e3">
         <path>C:\ti\ccsv8\tools\compiler\ti-cgt-arm_18.1.4.LTS\lib\</path>
         <kind>archive</kind>
         <file>rtsv7M4_T_le_v4SPD16_eabi.lib</file>
         <name>errno.c.obj</name>
      </input_file>
      <input_file id="fl-e4">
         <path>C:\ti\ccsv8\tools\compiler\ti-cgt-arm_18.1.4.LTS\lib\</path>
         <kind>archive</kind>
         <file>rtsv7M4_T_le_v4SPD16_eabi.lib</file>
         <name>s_copysign.c.obj</name>
      </input_file>
      <input_file id="fl-e5">
         <path>C:\ti\ccsv8\tools\compiler\ti-cgt-arm_18.1.4.LTS\lib\</path>
         <kind>archive</kind>
         <file>rtsv7M4_T_le_v4SPD16_eabi.lib</file>
         <name>div0.asm.obj</name>
      </input_file>
      <input_file id="fl-e6">
         <path>C:\ti\tirtos_tivac_2_16_00_08\products\TivaWare_C_Series-2.1.1.71b\grlib\ccs\Debug\</path>
         <kind>archive</kind>
         <file>grlib.lib</file>
         <name>context.obj</name>
      </input_file>
      <input_file id="fl-e7">
         <path>C:\ti\tirtos_tivac_2_16_00_08\products\TivaWare_C_Series-2.1.1.71b\grlib\ccs\Debug\</path>
         <kind>archive</kind>
         <file>grlib.lib</file>
         <name>line.obj</name>
      </input_file>
      <input_file id="fl-e8">
         <path>C:\ti\tirtos_tivac_2_16_00_08\products\TivaWare_C_Series-2.1.1.71b\grlib\ccs\Debug\</path>
         <kind>archive</kind>
         <file>grlib.lib</file>
         <name>rectangle.obj</name>
      </input_file>
      <input_file id="fl-e9">
         <path>C:\ti\tirtos_tivac_2_16_00_08\products\TivaWare_C_Series-2.1.1.71b\grlib\ccs\Debug\</path>
         <kind>archive</kind>
         <file>grlib.lib</file>
         <name>string.obj</name>
      </input_file>
      <input_file id="fl-ea">
         <path>C:\ti\tirtos_tivac_2_16_00_08\products\TivaWare_C_Series-2.1.1.71b\grlib\ccs\Debug\</path>
         <kind>archive</kind>
         <file>grlib.lib</file>
         <name>fontfixed6x8.obj</name>
      </input_file>
      <input_file id="fl-eb">
         <path>C:\ti\tirtos_tivac_2_16_00_08\products\TivaWare_C_Series-2.1.1.71b\grlib\ccs\Debug\</path>
         <kind>archive</kind>
         <file>grlib.lib</file>
         <name>charmap.obj</name>
      </input_file>
      <input_file id="fl-ec">
         <path>C:\ti\tirtos_tivac_2_16_00_08\products\TivaWare_C_Series-2.1.1.71b\driverlib\ccs\Debug\</path>
         <kind>archive</kind>
         <file>driverlib.lib</file>
         <name>adc.obj</name>
      </input_file>
      <input_file id="fl-ed">
         <path>C:\ti\tirtos_tivac_2_16_00_08\products\TivaWare_C_Series-2.1.1.71b\driverlib\ccs\Debug\</path>
         <kind>archive</kind>
         <file>driverlib.lib</file>
         <name>fpu.obj</name>
      </input_file>
      <input_file id="fl-ee">
         <path>C:\ti\tirtos_tivac_2_16_00_08\products\TivaWare_C_Series-2.1.1.71b\driverlib\ccs\Debug\</path>
         <kind>archive</kind>
         <file>driverlib.lib</file>
         <name>gpio.obj</name>
      </input_file>
      <input_file id="fl-ef">
         <path>C:\ti\tirtos_tivac_2_16_00_08\products\TivaWare_C_Series-2.1.1.71b\driverlib\ccs\Debug\</path>
         <kind>archive</kind>
         <file>driverlib.lib</file>
         <name>interrupt.obj</name>
      </input_file>
      <input_file id="fl-f0">
         <path>C:\ti\tirtos_tivac_2_16_00_08\products\TivaWare_C_Series-2.1.1.71b\driverlib\ccs\Debug\</path>
         <kind>archive</kind>
         <file>driverlib.lib</file>
         <name>ssi.obj</name>
      </input_file>
      <input_file id="fl-f1">
         <path>C:\ti\tirtos_tivac_2_16_00_08\products\TivaWare_C_Series-2.1.1.71b\driverlib\ccs\Debug\</path>
         <kind>archive</kind>
         <file>driverlib.lib</file>
         <name>sysctl.obj</name>
      </input_file>
      <input_file id="fl-f2">
         <path>C:\ti\tirtos_tivac_2_16_00_08\products\TivaWare_C_Series-2.1.1.71b\driverlib\ccs\Debug\</path>
         <kind>archive</kind>
         <file>driverlib.lib</file>
         <name>timer.obj</name>
      </input_file>
      <input_file id="fl-f3">
         <path>C:\ti\tirtos_tivac_2_16_00_08\products\TivaWare_C_Series-2.1.1.71b\driverlib\ccs\Debug\</path>
         <kind>archive</kind>
         <file>driverlib.lib</file>
         <name>cpu.obj</name>
      </input_file>
   </input_file_list>
   <object_component_list>
      <object_component id="oc-f">
         <name>.intvecs</name>
         <load_address>0x0</load_address>
         <run_address>0x0</run_address>
         <size>0x208</size>
         <input_file_ref idref="fl-7"/>
      </object_component>
      <object_component id="oc-2f9">
         <name>.text:__TI_printfi</name>
         <load_address>0x208</load_address>
         <run_address>0x208</run_address>
         <size>0xa5e</size>
         <input_file_ref idref="fl-d3"/>
      </object_component>
      <object_component id="oc-4e8">
         <name>.text</name>
         <load_address>0xc66</load_address>
         <run_address>0xc66</run_address>
         <size>0x2</size>
         <input_file_ref idref="fl-e5"/>
      </object_component>
      <object_component id="oc-2a">
         <name>.text</name>
         <load_address>0xc68</load_address>
         <run_address>0xc68</run_address>
         <size>0x7f6</size>
         <input_file_ref idref="fl-4"/>
      </object_component>
      <object_component id="oc-1d5">
         <name>.text</name>
         <load_address>0x1460</load_address>
         <run_address>0x1460</run_address>
         <size>0x3f0</size>
         <input_file_ref idref="fl-2"/>
      </object_component>
      <object_component id="oc-150">
         <name>.text</name>
         <load_address>0x1850</load_address>
         <run_address>0x1850</run_address>
         <size>0x3b4</size>
         <input_file_ref idref="fl-5"/>
      </object_component>
      <object_component id="oc-3e8">
         <name>.text:_pconv_a</name>
         <load_address>0x1c04</load_address>
         <run_address>0x1c04</run_address>
         <size>0x270</size>
         <input_file_ref idref="fl-d3"/>
      </object_component>
      <object_component id="oc-393">
         <name>.text:GrFontGlyphRender</name>
         <load_address>0x1e74</load_address>
         <run_address>0x1e74</run_address>
         <size>0x256</size>
         <input_file_ref idref="fl-e9"/>
      </object_component>
      <object_component id="oc-1cf">
         <name>.text:SysCtlClockFreqSet</name>
         <load_address>0x20cc</load_address>
         <run_address>0x20cc</run_address>
         <size>0x204</size>
         <input_file_ref idref="fl-f1"/>
      </object_component>
      <object_component id="oc-3d6">
         <name>.text:_pconv_g</name>
         <load_address>0x22d0</load_address>
         <run_address>0x22d0</run_address>
         <size>0x1d0</size>
         <input_file_ref idref="fl-d3"/>
      </object_component>
      <object_component id="oc-47d">
         <name>.text</name>
         <load_address>0x24a0</load_address>
         <run_address>0x24a0</run_address>
         <size>0x1b6</size>
         <input_file_ref idref="fl-dd"/>
      </object_component>
      <object_component id="oc-29e">
         <name>.text</name>
         <load_address>0x2658</load_address>
         <run_address>0x2658</run_address>
         <size>0x17e</size>
         <input_file_ref idref="fl-3"/>
      </object_component>
      <object_component id="oc-3e2">
         <name>.text:_pconv_e</name>
         <load_address>0x27d8</load_address>
         <run_address>0x27d8</run_address>
         <size>0x13c</size>
         <input_file_ref idref="fl-d3"/>
      </object_component>
      <object_component id="oc-463">
         <name>.text</name>
         <load_address>0x2914</load_address>
         <run_address>0x2914</run_address>
         <size>0x136</size>
         <input_file_ref idref="fl-df"/>
      </object_component>
      <object_component id="oc-da">
         <name>.text:GPIOPadConfigSet</name>
         <load_address>0x2a4a</load_address>
         <run_address>0x2a4a</run_address>
         <size>0x130</size>
         <input_file_ref idref="fl-ee"/>
      </object_component>
      <object_component id="oc-48f">
         <name>.text:fcvt</name>
         <load_address>0x2b7c</load_address>
         <run_address>0x2b7c</run_address>
         <size>0x124</size>
         <input_file_ref idref="fl-d3"/>
      </object_component>
      <object_component id="oc-4a3">
         <name>.text:scalbn</name>
         <load_address>0x2ca0</load_address>
         <run_address>0x2ca0</run_address>
         <size>0x110</size>
         <input_file_ref idref="fl-dc"/>
      </object_component>
      <object_component id="oc-20e">
         <name>.text:GrLineDraw</name>
         <load_address>0x2db0</load_address>
         <run_address>0x2db0</run_address>
         <size>0x106</size>
         <input_file_ref idref="fl-e7"/>
      </object_component>
      <object_component id="oc-1fe">
         <name>.text</name>
         <load_address>0x2eb6</load_address>
         <run_address>0x2eb6</run_address>
         <size>0xfc</size>
         <input_file_ref idref="fl-c3"/>
      </object_component>
      <object_component id="oc-2b1">
         <name>.text:GrDefaultStringRenderer</name>
         <load_address>0x2fb2</load_address>
         <run_address>0x2fb2</run_address>
         <size>0xc4</size>
         <input_file_ref idref="fl-e9"/>
      </object_component>
      <object_component id="oc-2e2">
         <name>.text:GrLineClip</name>
         <load_address>0x3076</load_address>
         <run_address>0x3076</run_address>
         <size>0xc0</size>
         <input_file_ref idref="fl-e7"/>
      </object_component>
      <object_component id="oc-3cb">
         <name>.text:_ltostr</name>
         <load_address>0x3138</load_address>
         <run_address>0x3138</run_address>
         <size>0xb1</size>
         <input_file_ref idref="fl-d3"/>
      </object_component>
      <object_component id="oc-3e">
         <name>.text</name>
         <load_address>0x31ea</load_address>
         <run_address>0x31ea</run_address>
         <size>0x9c</size>
         <input_file_ref idref="fl-ce"/>
      </object_component>
      <object_component id="oc-45c">
         <name>.text</name>
         <load_address>0x3286</load_address>
         <run_address>0x3286</run_address>
         <size>0x96</size>
         <input_file_ref idref="fl-e2"/>
      </object_component>
      <object_component id="oc-208">
         <name>.text:GrRectFill</name>
         <load_address>0x331c</load_address>
         <run_address>0x331c</run_address>
         <size>0x86</size>
         <input_file_ref idref="fl-e8"/>
      </object_component>
      <object_component id="oc-3d1">
         <name>.text:__aeabi_cdcmple</name>
         <load_address>0x33a2</load_address>
         <run_address>0x33a2</run_address>
         <size>0x86</size>
         <input_file_ref idref="fl-de"/>
      </object_component>
      <object_component id="oc-468">
         <name>.text:__aeabi_cdrcmple</name>
         <load_address>0x3428</load_address>
         <run_address>0x3428</run_address>
         <size>0x86</size>
         <input_file_ref idref="fl-de"/>
      </object_component>
      <object_component id="oc-f9">
         <name>.text:ADCSequenceStepConfigure</name>
         <load_address>0x34ae</load_address>
         <run_address>0x34ae</run_address>
         <size>0x7a</size>
         <input_file_ref idref="fl-ec"/>
      </object_component>
      <object_component id="oc-144">
         <name>.text</name>
         <load_address>0x3528</load_address>
         <run_address>0x3528</run_address>
         <size>0x7a</size>
         <input_file_ref idref="fl-cf"/>
      </object_component>
      <object_component id="oc-488">
         <name>.text:_mcpy</name>
         <load_address>0x35a2</load_address>
         <run_address>0x35a2</run_address>
         <size>0x6e</size>
         <input_file_ref idref="fl-d3"/>
      </object_component>
      <object_component id="oc-203">
         <name>.text</name>
         <load_address>0x3610</load_address>
         <run_address>0x3610</run_address>
         <size>0x6e</size>
         <input_file_ref idref="fl-c4"/>
      </object_component>
      <object_component id="oc-1de">
         <name>.text:GrContextInit</name>
         <load_address>0x3680</load_address>
         <run_address>0x3680</run_address>
         <size>0x68</size>
         <input_file_ref idref="fl-e6"/>
      </object_component>
      <object_component id="oc-ce">
         <name>.text:IntEnable</name>
         <load_address>0x36e8</load_address>
         <run_address>0x36e8</run_address>
         <size>0x68</size>
         <input_file_ref idref="fl-ef"/>
      </object_component>
      <object_component id="oc-12">
         <name>.text:decompress:lzss:__TI_decompress_lzss</name>
         <load_address>0x3750</load_address>
         <run_address>0x3750</run_address>
         <size>0x68</size>
         <input_file_ref idref="fl-c8"/>
      </object_component>
      <object_component id="oc-49d">
         <name>.text:frexp</name>
         <load_address>0x37b8</load_address>
         <run_address>0x37b8</run_address>
         <size>0x64</size>
         <input_file_ref idref="fl-db"/>
      </object_component>
      <object_component id="oc-b3">
         <name>.text:TimerConfigure</name>
         <load_address>0x381c</load_address>
         <run_address>0x381c</run_address>
         <size>0x60</size>
         <input_file_ref idref="fl-f2"/>
      </object_component>
      <object_component id="oc-443">
         <name>.text:FontWideGlyphDataGet</name>
         <load_address>0x387c</load_address>
         <run_address>0x387c</run_address>
         <size>0x5a</size>
         <input_file_ref idref="fl-e9"/>
      </object_component>
      <object_component id="oc-105">
         <name>.text:TimerControlTrigger</name>
         <load_address>0x38d8</load_address>
         <run_address>0x38d8</run_address>
         <size>0x58</size>
         <input_file_ref idref="fl-f2"/>
      </object_component>
      <object_component id="oc-3dc">
         <name>.text:_pconv_f</name>
         <load_address>0x3930</load_address>
         <run_address>0x3930</run_address>
         <size>0x56</size>
         <input_file_ref idref="fl-d3"/>
      </object_component>
      <object_component id="oc-472">
         <name>.text:ltoa</name>
         <load_address>0x3986</load_address>
         <run_address>0x3986</run_address>
         <size>0x54</size>
         <input_file_ref idref="fl-d6"/>
      </object_component>
      <object_component id="oc-482">
         <name>.text:_ecpy</name>
         <load_address>0x39da</load_address>
         <run_address>0x39da</run_address>
         <size>0x52</size>
         <input_file_ref idref="fl-d3"/>
      </object_component>
      <object_component id="oc-3c5">
         <name>.text:atoi</name>
         <load_address>0x3a2c</load_address>
         <run_address>0x3a2c</run_address>
         <size>0x4c</size>
         <input_file_ref idref="fl-d4"/>
      </object_component>
      <object_component id="oc-217">
         <name>.text:snprintf</name>
         <load_address>0x3a78</load_address>
         <run_address>0x3a78</run_address>
         <size>0x4c</size>
         <input_file_ref idref="fl-cd"/>
      </object_component>
      <object_component id="oc-2c4">
         <name>.text:UpdateContextCharMapping</name>
         <load_address>0x3ac4</load_address>
         <run_address>0x3ac4</run_address>
         <size>0x4a</size>
         <input_file_ref idref="fl-e9"/>
      </object_component>
      <object_component id="oc-371">
         <name>.text:GPIOPinConfigure</name>
         <load_address>0x3b10</load_address>
         <run_address>0x3b10</run_address>
         <size>0x48</size>
         <input_file_ref idref="fl-ee"/>
      </object_component>
      <object_component id="oc-28d">
         <name>.text:_SysCtlFrequencyGet</name>
         <load_address>0x3b58</load_address>
         <run_address>0x3b58</run_address>
         <size>0x48</size>
         <input_file_ref idref="fl-f1"/>
      </object_component>
      <object_component id="oc-46d">
         <name>.text</name>
         <load_address>0x3ba0</load_address>
         <run_address>0x3ba0</run_address>
         <size>0x48</size>
         <input_file_ref idref="fl-e0"/>
      </object_component>
      <object_component id="oc-2e8">
         <name>.text:GrLineDrawH</name>
         <load_address>0x3be8</load_address>
         <run_address>0x3be8</run_address>
         <size>0x46</size>
         <input_file_ref idref="fl-e7"/>
      </object_component>
      <object_component id="oc-2ee">
         <name>.text:GrLineDrawV</name>
         <load_address>0x3c2e</load_address>
         <run_address>0x3c2e</run_address>
         <size>0x46</size>
         <input_file_ref idref="fl-e7"/>
      </object_component>
      <object_component id="oc-236">
         <name>.text:__TI_auto_init_nobinit_nopinit:__TI_auto_init_nobinit_nopinit</name>
         <load_address>0x3c74</load_address>
         <run_address>0x3c74</run_address>
         <size>0x44</size>
         <input_file_ref idref="fl-d0"/>
      </object_component>
      <object_component id="oc-f3">
         <name>.text:ADCSequenceConfigure</name>
         <load_address>0x3cb8</load_address>
         <run_address>0x3cb8</run_address>
         <size>0x3e</size>
         <input_file_ref idref="fl-ec"/>
      </object_component>
      <object_component id="oc-495">
         <name>.text:_fcpy</name>
         <load_address>0x3cf6</load_address>
         <run_address>0x3cf6</run_address>
         <size>0x3e</size>
         <input_file_ref idref="fl-d3"/>
      </object_component>
      <object_component id="oc-35f">
         <name>.text:SSIConfigSetExpClk</name>
         <load_address>0x3d34</load_address>
         <run_address>0x3d34</run_address>
         <size>0x3c</size>
         <input_file_ref idref="fl-f0"/>
      </object_component>
      <object_component id="oc-449">
         <name>.text:FontGlyphDataGet</name>
         <load_address>0x3d70</load_address>
         <run_address>0x3d70</run_address>
         <size>0x3a</size>
         <input_file_ref idref="fl-e9"/>
      </object_component>
      <object_component id="oc-5c">
         <name>.text:_c_int00_noargs:_c_int00_noargs</name>
         <load_address>0x3dac</load_address>
         <run_address>0x3dac</run_address>
         <size>0x38</size>
         <input_file_ref idref="fl-c9"/>
      </object_component>
      <object_component id="oc-1f9">
         <name>.text</name>
         <load_address>0x3de4</load_address>
         <run_address>0x3de4</run_address>
         <size>0x38</size>
         <input_file_ref idref="fl-c5"/>
      </object_component>
      <object_component id="oc-3b4">
         <name>.text:GrClipCodeGet</name>
         <load_address>0x3e1c</load_address>
         <run_address>0x3e1c</run_address>
         <size>0x36</size>
         <input_file_ref idref="fl-e7"/>
      </object_component>
      <object_component id="oc-a7">
         <name>.text:SysCtlPeripheralEnable</name>
         <load_address>0x3e54</load_address>
         <run_address>0x3e54</run_address>
         <size>0x34</size>
         <input_file_ref idref="fl-f1"/>
      </object_component>
      <object_component id="oc-2ff">
         <name>.text:_outs</name>
         <load_address>0x3e88</load_address>
         <run_address>0x3e88</run_address>
         <size>0x30</size>
         <input_file_ref idref="fl-cd"/>
      </object_component>
      <object_component id="oc-92">
         <name>.text:ADCIntStatus</name>
         <load_address>0x3eb8</load_address>
         <run_address>0x3eb8</run_address>
         <size>0x2e</size>
         <input_file_ref idref="fl-ec"/>
      </object_component>
      <object_component id="oc-387">
         <name>.text:GrStringNextCharGet</name>
         <load_address>0x3ee6</load_address>
         <run_address>0x3ee6</run_address>
         <size>0x2e</size>
         <input_file_ref idref="fl-e9"/>
      </object_component>
      <object_component id="oc-478">
         <name>.text</name>
         <load_address>0x3f14</load_address>
         <run_address>0x3f14</run_address>
         <size>0x2e</size>
         <input_file_ref idref="fl-e1"/>
      </object_component>
      <object_component id="oc-192">
         <name>.text:GPIODirModeSet</name>
         <load_address>0x3f42</load_address>
         <run_address>0x3f42</run_address>
         <size>0x2a</size>
         <input_file_ref idref="fl-ee"/>
      </object_component>
      <object_component id="oc-381">
         <name>.text:GrFontInfoGet</name>
         <load_address>0x3f6c</load_address>
         <run_address>0x3f6c</run_address>
         <size>0x26</size>
         <input_file_ref idref="fl-e9"/>
      </object_component>
      <object_component id="oc-c8">
         <name>.text:IntPrioritySet</name>
         <load_address>0x3f94</load_address>
         <run_address>0x3f94</run_address>
         <size>0x24</size>
         <input_file_ref idref="fl-ef"/>
      </object_component>
      <object_component id="oc-38d">
         <name>.text:GrFontGlyphDataGet</name>
         <load_address>0x3fb8</load_address>
         <run_address>0x3fb8</run_address>
         <size>0x22</size>
         <input_file_ref idref="fl-e9"/>
      </object_component>
      <object_component id="oc-9b">
         <name>.text:ADCSequenceDataGet</name>
         <load_address>0x3fda</load_address>
         <run_address>0x3fda</run_address>
         <size>0x1e</size>
         <input_file_ref idref="fl-ec"/>
      </object_component>
      <object_component id="oc-3a8">
         <name>.text:GrFontCodepageGet</name>
         <load_address>0x3ff8</load_address>
         <run_address>0x3ff8</run_address>
         <size>0x1e</size>
         <input_file_ref idref="fl-e9"/>
      </object_component>
      <object_component id="oc-287">
         <name>.text:_SysCtlMemTimingGet</name>
         <load_address>0x4018</load_address>
         <run_address>0x4018</run_address>
         <size>0x1c</size>
         <input_file_ref idref="fl-f1"/>
      </object_component>
      <object_component id="oc-3ee">
         <name>.text:memccpy</name>
         <load_address>0x4034</load_address>
         <run_address>0x4034</run_address>
         <size>0x1c</size>
         <input_file_ref idref="fl-d7"/>
      </object_component>
      <object_component id="oc-24">
         <name>.text</name>
         <load_address>0x4050</load_address>
         <run_address>0x4050</run_address>
         <size>0x1a</size>
         <input_file_ref idref="fl-7"/>
      </object_component>
      <object_component id="oc-e7">
         <name>.text:ADCClockConfigSet</name>
         <load_address>0x406a</load_address>
         <run_address>0x406a</run_address>
         <size>0x18</size>
         <input_file_ref idref="fl-ec"/>
      </object_component>
      <object_component id="oc-8c">
         <name>.text:ADCProcessorTrigger</name>
         <load_address>0x4082</load_address>
         <run_address>0x4082</run_address>
         <size>0x18</size>
         <input_file_ref idref="fl-ec"/>
      </object_component>
      <object_component id="oc-377">
         <name>.text:GPIOPinTypeGPIOOutput</name>
         <load_address>0x409a</load_address>
         <run_address>0x409a</run_address>
         <size>0x18</size>
         <input_file_ref idref="fl-ee"/>
      </object_component>
      <object_component id="oc-305">
         <name>.text:_outc</name>
         <load_address>0x40b2</load_address>
         <run_address>0x40b2</run_address>
         <size>0x18</size>
         <input_file_ref idref="fl-cd"/>
      </object_component>
      <object_component id="oc-21d">
         <name>.text:GrStringDraw</name>
         <load_address>0x40ca</load_address>
         <run_address>0x40ca</run_address>
         <size>0x16</size>
         <input_file_ref idref="fl-e9"/>
      </object_component>
      <object_component id="oc-4a9">
         <name>.text:strchr</name>
         <load_address>0x40e0</load_address>
         <run_address>0x40e0</run_address>
         <size>0x16</size>
         <input_file_ref idref="fl-d8"/>
      </object_component>
      <object_component id="oc-ad">
         <name>.text:TimerDisable</name>
         <load_address>0x40f8</load_address>
         <run_address>0x40f8</run_address>
         <size>0x14</size>
         <input_file_ref idref="fl-f2"/>
      </object_component>
      <object_component id="oc-500">
         <name>.text:copysign</name>
         <load_address>0x410c</load_address>
         <run_address>0x410c</run_address>
         <size>0x14</size>
         <input_file_ref idref="fl-e4"/>
      </object_component>
      <object_component id="oc-3bf">
         <name>.text:strlen</name>
         <load_address>0x4120</load_address>
         <run_address>0x4120</run_address>
         <size>0x14</size>
         <input_file_ref idref="fl-d9"/>
      </object_component>
      <object_component id="oc-e0">
         <name>.text:GPIOPinTypeADC</name>
         <load_address>0x4134</load_address>
         <run_address>0x4134</run_address>
         <size>0x12</size>
         <input_file_ref idref="fl-ee"/>
      </object_component>
      <object_component id="oc-d4">
         <name>.text:GPIOPinTypeGPIOInput</name>
         <load_address>0x4146</load_address>
         <run_address>0x4146</run_address>
         <size>0x12</size>
         <input_file_ref idref="fl-ee"/>
      </object_component>
      <object_component id="oc-36b">
         <name>.text:GPIOPinTypeSSI</name>
         <load_address>0x4158</load_address>
         <run_address>0x4158</run_address>
         <size>0x12</size>
         <input_file_ref idref="fl-ee"/>
      </object_component>
      <object_component id="oc-bc">
         <name>.text:TimerLoadSet</name>
         <load_address>0x416a</load_address>
         <run_address>0x416a</run_address>
         <size>0x12</size>
         <input_file_ref idref="fl-f2"/>
      </object_component>
      <object_component id="oc-3f4">
         <name>.text:wcslen</name>
         <load_address>0x417c</load_address>
         <run_address>0x417c</run_address>
         <size>0x12</size>
         <input_file_ref idref="fl-da"/>
      </object_component>
      <object_component id="oc-10e">
         <name>.text:ADCIntEnable</name>
         <load_address>0x418e</load_address>
         <run_address>0x418e</run_address>
         <size>0x10</size>
         <input_file_ref idref="fl-ec"/>
      </object_component>
      <object_component id="oc-1c3">
         <name>.text:FPUEnable</name>
         <load_address>0x41a0</load_address>
         <run_address>0x41a0</run_address>
         <size>0x10</size>
         <input_file_ref idref="fl-ed"/>
      </object_component>
      <object_component id="oc-1c9">
         <name>.text:FPULazyStackingEnable</name>
         <load_address>0x41b0</load_address>
         <run_address>0x41b0</run_address>
         <size>0x10</size>
         <input_file_ref idref="fl-ed"/>
      </object_component>
      <object_component id="oc-1bd">
         <name>.text:IntMasterDisable</name>
         <load_address>0x41c0</load_address>
         <run_address>0x41c0</run_address>
         <size>0x10</size>
         <input_file_ref idref="fl-ef"/>
      </object_component>
      <object_component id="oc-1f3">
         <name>.text:IntMasterEnable</name>
         <load_address>0x41d0</load_address>
         <run_address>0x41d0</run_address>
         <size>0x10</size>
         <input_file_ref idref="fl-ef"/>
      </object_component>
      <object_component id="oc-ed">
         <name>.text:ADCSequenceDisable</name>
         <load_address>0x41e0</load_address>
         <run_address>0x41e0</run_address>
         <size>0xe</size>
         <input_file_ref idref="fl-ec"/>
      </object_component>
      <object_component id="oc-ff">
         <name>.text:ADCSequenceEnable</name>
         <load_address>0x41ee</load_address>
         <run_address>0x41ee</run_address>
         <size>0xe</size>
         <input_file_ref idref="fl-ec"/>
      </object_component>
      <object_component id="oc-80">
         <name>.text:TimerEnable</name>
         <load_address>0x41fc</load_address>
         <run_address>0x41fc</run_address>
         <size>0xe</size>
         <input_file_ref idref="fl-f2"/>
      </object_component>
      <object_component id="oc-18">
         <name>.text:decompress:none:__TI_decompress_none</name>
         <load_address>0x420a</load_address>
         <run_address>0x420a</run_address>
         <size>0xe</size>
         <input_file_ref idref="fl-c7"/>
      </object_component>
      <object_component id="oc-27e">
         <name>.text:CPUcpsid</name>
         <load_address>0x4218</load_address>
         <run_address>0x4218</run_address>
         <size>0xc</size>
         <input_file_ref idref="fl-f3"/>
      </object_component>
      <object_component id="oc-2d1">
         <name>.text:CPUcpsie</name>
         <load_address>0x4224</load_address>
         <run_address>0x4224</run_address>
         <size>0xc</size>
         <input_file_ref idref="fl-f3"/>
      </object_component>
      <object_component id="oc-50">
         <name>.text:decompress:ZI:__TI_zero_init</name>
         <load_address>0x4230</load_address>
         <run_address>0x4230</run_address>
         <size>0xc</size>
         <input_file_ref idref="fl-c6"/>
      </object_component>
      <object_component id="oc-a1">
         <name>.text:ADCIntClear</name>
         <load_address>0x423c</load_address>
         <run_address>0x423c</run_address>
         <size>0xa</size>
         <input_file_ref idref="fl-ec"/>
      </object_component>
      <object_component id="oc-34d">
         <name>.text:SSIDataPut</name>
         <load_address>0x4246</load_address>
         <run_address>0x4246</run_address>
         <size>0xa</size>
         <input_file_ref idref="fl-f0"/>
      </object_component>
      <object_component id="oc-365">
         <name>.text:SSIEnable</name>
         <load_address>0x4250</load_address>
         <run_address>0x4250</run_address>
         <size>0xa</size>
         <input_file_ref idref="fl-f0"/>
      </object_component>
      <object_component id="oc-86">
         <name>.text:TimerIntStatus</name>
         <load_address>0x425a</load_address>
         <run_address>0x425a</run_address>
         <size>0xa</size>
         <input_file_ref idref="fl-f2"/>
      </object_component>
      <object_component id="oc-39a">
         <name>.text:GrMapISO8859_1_Unicode</name>
         <load_address>0x4264</load_address>
         <run_address>0x4264</run_address>
         <size>0x8</size>
         <input_file_ref idref="fl-eb"/>
      </object_component>
      <object_component id="oc-353">
         <name>.text:SSIBusy</name>
         <load_address>0x426c</load_address>
         <run_address>0x426c</run_address>
         <size>0x8</size>
         <input_file_ref idref="fl-f0"/>
      </object_component>
      <object_component id="oc-c2">
         <name>.text:TimerIntEnable</name>
         <load_address>0x4274</load_address>
         <run_address>0x4274</run_address>
         <size>0x8</size>
         <input_file_ref idref="fl-f2"/>
      </object_component>
      <object_component id="oc-3fa">
         <name>.text:__aeabi_errno_addr</name>
         <load_address>0x427c</load_address>
         <run_address>0x427c</run_address>
         <size>0x8</size>
         <input_file_ref idref="fl-e3"/>
      </object_component>
      <object_component id="oc-116">
         <name>.text:GPIOPinRead</name>
         <load_address>0x4284</load_address>
         <run_address>0x4284</run_address>
         <size>0x6</size>
         <input_file_ref idref="fl-ee"/>
      </object_component>
      <object_component id="oc-359">
         <name>.text:GPIOPinWrite</name>
         <load_address>0x428a</load_address>
         <run_address>0x428a</run_address>
         <size>0x6</size>
         <input_file_ref idref="fl-ee"/>
      </object_component>
      <object_component id="oc-1e7">
         <name>.text:GrContextFontSet</name>
         <load_address>0x4290</load_address>
         <run_address>0x4290</run_address>
         <size>0x6</size>
         <input_file_ref idref="fl-e9"/>
      </object_component>
      <object_component id="oc-2a7">
         <name>.text:SysCtlDelay</name>
         <load_address>0x4296</load_address>
         <run_address>0x4296</run_address>
         <size>0x6</size>
         <input_file_ref idref="fl-f1"/>
      </object_component>
      <object_component id="oc-7a">
         <name>.text:TimerIntClear</name>
         <load_address>0x429c</load_address>
         <run_address>0x429c</run_address>
         <size>0x4</size>
         <input_file_ref idref="fl-f2"/>
      </object_component>
      <object_component id="oc-14a">
         <name>.text:_system_pre_init</name>
         <load_address>0x42a0</load_address>
         <run_address>0x42a0</run_address>
         <size>0x4</size>
         <input_file_ref idref="fl-d1"/>
      </object_component>
      <object_component id="oc-22a">
         <name>.text:abort:abort</name>
         <load_address>0x42a4</load_address>
         <run_address>0x42a4</run_address>
         <size>0x4</size>
         <input_file_ref idref="fl-ca"/>
      </object_component>
      <object_component id="oc-2be">
         <name>.const:.string:g_pui8FontFixed6x8Data</name>
         <load_address>0x42a8</load_address>
         <run_address>0x42a8</run_address>
         <size>0x2f8</size>
         <input_file_ref idref="fl-ea"/>
      </object_component>
      <object_component id="oc-296">
         <name>.const:g_pppui32XTALtoVCO</name>
         <load_address>0x45a0</load_address>
         <run_address>0x45a0</run_address>
         <size>0x120</size>
         <input_file_ref idref="fl-f1"/>
      </object_component>
      <object_component id="oc-457">
         <name>.const:.string:_ctypes_</name>
         <load_address>0x46c0</load_address>
         <run_address>0x46c0</run_address>
         <size>0x101</size>
         <input_file_ref idref="fl-d5"/>
      </object_component>
      <object_component id="oc-1e4">
         <name>.const:g_sFontFixed6x8</name>
         <load_address>0x47c4</load_address>
         <run_address>0x47c4</run_address>
         <size>0xc8</size>
         <input_file_ref idref="fl-ea"/>
      </object_component>
      <object_component id="oc-189">
         <name>.const:g_pui32Regs</name>
         <load_address>0x488c</load_address>
         <run_address>0x488c</run_address>
         <size>0x9c</size>
         <input_file_ref idref="fl-ef"/>
      </object_component>
      <object_component id="oc-43a">
         <name>.const:g_pui32GPIOBaseAddrs</name>
         <load_address>0x4928</load_address>
         <run_address>0x4928</run_address>
         <size>0x90</size>
         <input_file_ref idref="fl-ee"/>
      </object_component>
      <object_component id="oc-2f6">
         <name>.const:.string</name>
         <load_address>0x49b8</load_address>
         <run_address>0x49b8</run_address>
         <size>0x8c</size>
         <input_file_ref idref="fl-5"/>
      </object_component>
      <object_component id="oc-18e">
         <name>.const</name>
         <load_address>0x4a44</load_address>
         <run_address>0x4a44</run_address>
         <size>0x70</size>
         <input_file_ref idref="fl-ef"/>
      </object_component>
      <object_component id="oc-293">
         <name>.const:g_pui32Xtals</name>
         <load_address>0x4ab4</load_address>
         <run_address>0x4ab4</run_address>
         <size>0x6c</size>
         <input_file_ref idref="fl-f1"/>
      </object_component>
      <object_component id="oc-214">
         <name>.const:gTimeScaleStr</name>
         <load_address>0x4b20</load_address>
         <run_address>0x4b20</run_address>
         <size>0x30</size>
         <input_file_ref idref="fl-5"/>
      </object_component>
      <object_component id="oc-342">
         <name>.const:g_sXTALtoMEMTIM</name>
         <load_address>0x4b50</load_address>
         <run_address>0x4b50</run_address>
         <size>0x30</size>
         <input_file_ref idref="fl-f1"/>
      </object_component>
      <object_component id="oc-1db">
         <name>.const:g_sCrystalfontz128x128</name>
         <load_address>0x4b80</load_address>
         <run_address>0x4b80</run_address>
         <size>0x28</size>
         <input_file_ref idref="fl-2"/>
      </object_component>
      <object_component id="oc-1ed">
         <name>.const:$P$T0$1</name>
         <load_address>0x4ba8</load_address>
         <run_address>0x4ba8</run_address>
         <size>0x10</size>
         <input_file_ref idref="fl-5"/>
      </object_component>
      <object_component id="oc-223">
         <name>.const:gVoltageScaleStr</name>
         <load_address>0x4bb8</load_address>
         <run_address>0x4bb8</run_address>
         <size>0x10</size>
         <input_file_ref idref="fl-5"/>
      </object_component>
      <object_component id="oc-2b7">
         <name>.const</name>
         <load_address>0x4bc8</load_address>
         <run_address>0x4bc8</run_address>
         <size>0x10</size>
         <input_file_ref idref="fl-e6"/>
      </object_component>
      <object_component id="oc-299">
         <name>.const</name>
         <load_address>0x4bd8</load_address>
         <run_address>0x4bd8</run_address>
         <size>0x8</size>
         <input_file_ref idref="fl-f1"/>
      </object_component>
      <object_component id="oc-226">
         <name>.const:gTriggerSlopeStr</name>
         <load_address>0x4be0</load_address>
         <run_address>0x4be0</run_address>
         <size>0x8</size>
         <input_file_ref idref="fl-5"/>
      </object_component>
      <object_component id="oc-556">
         <name>.cinit..data.load</name>
         <load_address>0x4be8</load_address>
         <run_address>0x4be8</run_address>
         <size>0x49</size>
      </object_component>
      <object_component id="oc-554">
         <name>__TI_handler_table</name>
         <load_address>0x4c34</load_address>
         <run_address>0x4c34</run_address>
         <size>0xc</size>
      </object_component>
      <object_component id="oc-557">
         <name>.cinit..bss.load</name>
         <load_address>0x4c40</load_address>
         <run_address>0x4c40</run_address>
         <size>0x8</size>
      </object_component>
      <object_component id="oc-555">
         <name>__TI_cinit_table</name>
         <load_address>0x4c48</load_address>
         <run_address>0x4c48</run_address>
         <size>0x10</size>
      </object_component>
      <object_component id="oc-2a4">
         <name>.data:Lcd_buffer</name>
         <load_address>0x20000000</load_address>
         <run_address>0x20000000</run_address>
         <size>0x8000</size>
         <input_file_ref idref="fl-2"/>
      </object_component>
      <object_component id="oc-74">
         <name>.data</name>
         <load_address>0x20008054</load_address>
         <run_address>0x20008054</run_address>
         <size>0x18</size>
         <input_file_ref idref="fl-4"/>
      </object_component>
      <object_component id="oc-98">
         <name>.data:gJoystick</name>
         <load_address>0x20008078</load_address>
         <run_address>0x20008078</run_address>
         <size>0x8</size>
         <input_file_ref idref="fl-4"/>
      </object_component>
      <object_component id="oc-10b">
         <name>.data:timescale</name>
         <load_address>0x20008000</load_address>
         <run_address>0x20008000</run_address>
         <size>0x30</size>
         <input_file_ref idref="fl-4"/>
      </object_component>
      <object_component id="oc-115">
         <name>.data:count$2</name>
         <load_address>0x20008030</load_address>
         <run_address>0x20008030</run_address>
         <size>0x24</size>
         <input_file_ref idref="fl-4"/>
      </object_component>
      <object_component id="oc-1f0">
         <name>.data</name>
         <load_address>0x2000806c</load_address>
         <run_address>0x2000806c</run_address>
         <size>0xc</size>
         <input_file_ref idref="fl-5"/>
      </object_component>
      <object_component id="oc-4b9">
         <name>.data</name>
         <load_address>0x20008080</load_address>
         <run_address>0x20008080</run_address>
         <size>0x4</size>
         <input_file_ref idref="fl-e3"/>
      </object_component>
      <object_component id="oc-114">
         <name>.bss:state$1</name>
         <uninitialized>true</uninitialized>
         <run_address>0x20009184</run_address>
         <size>0x14</size>
         <input_file_ref idref="fl-4"/>
      </object_component>
      <object_component id="oc-29d">
         <name>.common:Lcd_Orientation</name>
         <uninitialized>true</uninitialized>
         <run_address>0x200091c0</run_address>
         <size>0x1</size>
      </object_component>
      <object_component id="oc-2a9">
         <name>.common:Lcd_ScreenWidth</name>
         <uninitialized>true</uninitialized>
         <run_address>0x200091ba</run_address>
         <size>0x2</size>
      </object_component>
      <object_component id="oc-2a8">
         <name>.common:Lcd_ScreenHeigth</name>
         <uninitialized>true</uninitialized>
         <run_address>0x200091b8</run_address>
         <size>0x2</size>
      </object_component>
      <object_component id="oc-2aa">
         <name>.common:Lcd_PenSolid</name>
         <uninitialized>true</uninitialized>
         <run_address>0x200091c1</run_address>
         <size>0x1</size>
      </object_component>
      <object_component id="oc-2ab">
         <name>.common:Lcd_FontSolid</name>
         <uninitialized>true</uninitialized>
         <run_address>0x200091bf</run_address>
         <size>0x1</size>
      </object_component>
      <object_component id="oc-2ac">
         <name>.common:Lcd_FlagRead</name>
         <uninitialized>true</uninitialized>
         <run_address>0x200091be</run_address>
         <size>0x1</size>
      </object_component>
      <object_component id="oc-2ad">
         <name>.common:Lcd_TouchTrim</name>
         <uninitialized>true</uninitialized>
         <run_address>0x200091bc</run_address>
         <size>0x2</size>
      </object_component>
      <object_component id="oc-71">
         <name>.common:gADCBuffer</name>
         <uninitialized>true</uninitialized>
         <run_address>0x20008084</run_address>
         <size>0x1000</size>
      </object_component>
      <object_component id="oc-78">
         <name>.common:trigger_samples</name>
         <uninitialized>true</uninitialized>
         <run_address>0x20009084</run_address>
         <size>0x100</size>
      </object_component>
      <object_component id="oc-11c">
         <name>.common:gADCErrors</name>
         <uninitialized>true</uninitialized>
         <run_address>0x200091a4</run_address>
         <size>0x4</size>
      </object_component>
      <object_component id="oc-77">
         <name>.common:trigger_value</name>
         <uninitialized>true</uninitialized>
         <run_address>0x200091b4</run_address>
         <size>0x4</size>
      </object_component>
      <object_component id="oc-e6">
         <name>.common:gADCSamplingRate</name>
         <uninitialized>true</uninitialized>
         <run_address>0x200091a8</run_address>
         <size>0x4</size>
      </object_component>
      <object_component id="oc-79">
         <name>.common:fifo</name>
         <uninitialized>true</uninitialized>
         <run_address>0x20009198</run_address>
         <size>0xc</size>
      </object_component>
      <object_component id="oc-b9">
         <name>.common:gSystemClock</name>
         <uninitialized>true</uninitialized>
         <run_address>0x200091ac</run_address>
         <size>0x4</size>
      </object_component>
      <object_component id="oc-2ba">
         <name>.common:g_psGrLibDefaults</name>
         <uninitialized>true</uninitialized>
         <run_address>0x200091b0</run_address>
         <size>0x4</size>
      </object_component>
      <object_component id="oc-21">
         <name>.stack</name>
         <uninitialized>true</uninitialized>
         <run_address>0x200091c8</run_address>
         <size>0x4</size>
         <input_file_ref idref="fl-c9"/>
      </object_component>
      <object_component id="oc-558">
         <name>.stack</name>
         <uninitialized>true</uninitialized>
         <run_address>0x200091c8</run_address>
         <size>0x0</size>
      </object_component>
      <object_component id="oc-1ab">
         <name>.debug_info</name>
         <load_address>0x0</load_address>
         <run_address>0x0</run_address>
         <size>0x729</size>
         <input_file_ref idref="fl-2"/>
      </object_component>
      <object_component id="oc-2a5">
         <name>.debug_info</name>
         <load_address>0x729</load_address>
         <run_address>0x729</run_address>
         <size>0x12f</size>
         <input_file_ref idref="fl-2"/>
      </object_component>
      <object_component id="oc-1dc">
         <name>.debug_info</name>
         <load_address>0x858</load_address>
         <run_address>0x858</run_address>
         <size>0x148</size>
         <input_file_ref idref="fl-2"/>
      </object_component>
      <object_component id="oc-1d6">
         <name>.debug_info</name>
         <load_address>0x9a0</load_address>
         <run_address>0x9a0</run_address>
         <size>0x1124</size>
         <input_file_ref idref="fl-2"/>
      </object_component>
      <object_component id="oc-17d">
         <name>.debug_info</name>
         <load_address>0x1ac4</load_address>
         <run_address>0x1ac4</run_address>
         <size>0x6bd</size>
         <input_file_ref idref="fl-2"/>
      </object_component>
      <object_component id="oc-12a">
         <name>.debug_info</name>
         <load_address>0x2181</load_address>
         <run_address>0x2181</run_address>
         <size>0x26b</size>
         <input_file_ref idref="fl-2"/>
      </object_component>
      <object_component id="oc-123">
         <name>.debug_info</name>
         <load_address>0x23ec</load_address>
         <run_address>0x23ec</run_address>
         <size>0x8b</size>
         <input_file_ref idref="fl-2"/>
      </object_component>
      <object_component id="oc-1a6">
         <name>.debug_info</name>
         <load_address>0x2477</load_address>
         <run_address>0x2477</run_address>
         <size>0x297</size>
         <input_file_ref idref="fl-2"/>
      </object_component>
      <object_component id="oc-11e">
         <name>.debug_info</name>
         <load_address>0x270e</load_address>
         <run_address>0x270e</run_address>
         <size>0xbb</size>
         <input_file_ref idref="fl-2"/>
      </object_component>
      <object_component id="oc-37e">
         <name>.debug_info</name>
         <load_address>0x27c9</load_address>
         <run_address>0x27c9</run_address>
         <size>0x6e9</size>
         <input_file_ref idref="fl-3"/>
      </object_component>
      <object_component id="oc-2a1">
         <name>.debug_info</name>
         <load_address>0x2eb2</load_address>
         <run_address>0x2eb2</run_address>
         <size>0x649</size>
         <input_file_ref idref="fl-3"/>
      </object_component>
      <object_component id="oc-72">
         <name>.debug_info</name>
         <load_address>0x34fb</load_address>
         <run_address>0x34fb</run_address>
         <size>0x9df</size>
         <input_file_ref idref="fl-4"/>
      </object_component>
      <object_component id="oc-75">
         <name>.debug_info</name>
         <load_address>0x3eda</load_address>
         <run_address>0x3eda</run_address>
         <size>0x1dd</size>
         <input_file_ref idref="fl-4"/>
      </object_component>
      <object_component id="oc-99">
         <name>.debug_info</name>
         <load_address>0x40b7</load_address>
         <run_address>0x40b7</run_address>
         <size>0x11a</size>
         <input_file_ref idref="fl-4"/>
      </object_component>
      <object_component id="oc-10c">
         <name>.debug_info</name>
         <load_address>0x41d1</load_address>
         <run_address>0x41d1</run_address>
         <size>0x11a</size>
         <input_file_ref idref="fl-4"/>
      </object_component>
      <object_component id="oc-2b">
         <name>.debug_info</name>
         <load_address>0x42eb</load_address>
         <run_address>0x42eb</run_address>
         <size>0xd12</size>
         <input_file_ref idref="fl-4"/>
      </object_component>
      <object_component id="oc-ba">
         <name>.debug_info</name>
         <load_address>0x4ffd</load_address>
         <run_address>0x4ffd</run_address>
         <size>0xa5b</size>
         <input_file_ref idref="fl-5"/>
      </object_component>
      <object_component id="oc-224">
         <name>.debug_info</name>
         <load_address>0x5a58</load_address>
         <run_address>0x5a58</run_address>
         <size>0x125</size>
         <input_file_ref idref="fl-5"/>
      </object_component>
      <object_component id="oc-215">
         <name>.debug_info</name>
         <load_address>0x5b7d</load_address>
         <run_address>0x5b7d</run_address>
         <size>0x11f</size>
         <input_file_ref idref="fl-5"/>
      </object_component>
      <object_component id="oc-227">
         <name>.debug_info</name>
         <load_address>0x5c9c</load_address>
         <run_address>0x5c9c</run_address>
         <size>0x125</size>
         <input_file_ref idref="fl-5"/>
      </object_component>
      <object_component id="oc-1f1">
         <name>.debug_info</name>
         <load_address>0x5dc1</load_address>
         <run_address>0x5dc1</run_address>
         <size>0x16b</size>
         <input_file_ref idref="fl-5"/>
      </object_component>
      <object_component id="oc-1ee">
         <name>.debug_info</name>
         <load_address>0x5f2c</load_address>
         <run_address>0x5f2c</run_address>
         <size>0x112</size>
         <input_file_ref idref="fl-5"/>
      </object_component>
      <object_component id="oc-151">
         <name>.debug_info</name>
         <load_address>0x603e</load_address>
         <run_address>0x603e</run_address>
         <size>0x55a</size>
         <input_file_ref idref="fl-5"/>
      </object_component>
      <object_component id="oc-182">
         <name>.debug_info</name>
         <load_address>0x6598</load_address>
         <run_address>0x6598</run_address>
         <size>0xcc</size>
         <input_file_ref idref="fl-5"/>
      </object_component>
      <object_component id="oc-317">
         <name>.debug_info</name>
         <load_address>0x6664</load_address>
         <run_address>0x6664</run_address>
         <size>0x2c</size>
         <input_file_ref idref="fl-5"/>
      </object_component>
      <object_component id="oc-39">
         <name>.debug_info</name>
         <load_address>0x6690</load_address>
         <run_address>0x6690</run_address>
         <size>0x84</size>
         <input_file_ref idref="fl-6"/>
      </object_component>
      <object_component id="oc-32">
         <name>.debug_info</name>
         <load_address>0x6714</load_address>
         <run_address>0x6714</run_address>
         <size>0x323</size>
         <input_file_ref idref="fl-7"/>
      </object_component>
      <object_component id="oc-10">
         <name>.debug_info</name>
         <load_address>0x6a37</load_address>
         <run_address>0x6a37</run_address>
         <size>0x132</size>
         <input_file_ref idref="fl-7"/>
      </object_component>
      <object_component id="oc-25">
         <name>.debug_info</name>
         <load_address>0x6b69</load_address>
         <run_address>0x6b69</run_address>
         <size>0x2b1</size>
         <input_file_ref idref="fl-7"/>
      </object_component>
      <object_component id="oc-201">
         <name>.debug_info</name>
         <load_address>0x6e1a</load_address>
         <run_address>0x6e1a</run_address>
         <size>0x13d</size>
         <input_file_ref idref="fl-c3"/>
      </object_component>
      <object_component id="oc-204">
         <name>.debug_info</name>
         <load_address>0x6f57</load_address>
         <run_address>0x6f57</run_address>
         <size>0x141</size>
         <input_file_ref idref="fl-c4"/>
      </object_component>
      <object_component id="oc-1fc">
         <name>.debug_info</name>
         <load_address>0x7098</load_address>
         <run_address>0x7098</run_address>
         <size>0x12f</size>
         <input_file_ref idref="fl-c5"/>
      </object_component>
      <object_component id="oc-143">
         <name>.debug_info</name>
         <load_address>0x71c7</load_address>
         <run_address>0x71c7</run_address>
         <size>0x31e</size>
         <input_file_ref idref="fl-c6"/>
      </object_component>
      <object_component id="oc-51">
         <name>.debug_info</name>
         <load_address>0x74e5</load_address>
         <run_address>0x74e5</run_address>
         <size>0x1b5</size>
         <input_file_ref idref="fl-c6"/>
      </object_component>
      <object_component id="oc-13e">
         <name>.debug_info</name>
         <load_address>0x769a</load_address>
         <run_address>0x769a</run_address>
         <size>0x46</size>
         <input_file_ref idref="fl-c6"/>
      </object_component>
      <object_component id="oc-1b4">
         <name>.debug_info</name>
         <load_address>0x76e0</load_address>
         <run_address>0x76e0</run_address>
         <size>0x2c</size>
         <input_file_ref idref="fl-c6"/>
      </object_component>
      <object_component id="oc-49">
         <name>.debug_info</name>
         <load_address>0x770c</load_address>
         <run_address>0x770c</run_address>
         <size>0x2a8</size>
         <input_file_ref idref="fl-c7"/>
      </object_component>
      <object_component id="oc-1a">
         <name>.debug_info</name>
         <load_address>0x79b4</load_address>
         <run_address>0x79b4</run_address>
         <size>0x1ea</size>
         <input_file_ref idref="fl-c7"/>
      </object_component>
      <object_component id="oc-44">
         <name>.debug_info</name>
         <load_address>0x7b9e</load_address>
         <run_address>0x7b9e</run_address>
         <size>0x46</size>
         <input_file_ref idref="fl-c7"/>
      </object_component>
      <object_component id="oc-136">
         <name>.debug_info</name>
         <load_address>0x7be4</load_address>
         <run_address>0x7be4</run_address>
         <size>0x2c</size>
         <input_file_ref idref="fl-c7"/>
      </object_component>
      <object_component id="oc-134">
         <name>.debug_info</name>
         <load_address>0x7c10</load_address>
         <run_address>0x7c10</run_address>
         <size>0x29e</size>
         <input_file_ref idref="fl-c8"/>
      </object_component>
      <object_component id="oc-14">
         <name>.debug_info</name>
         <load_address>0x7eae</load_address>
         <run_address>0x7eae</run_address>
         <size>0x250</size>
         <input_file_ref idref="fl-c8"/>
      </object_component>
      <object_component id="oc-34">
         <name>.debug_info</name>
         <load_address>0x80fe</load_address>
         <run_address>0x80fe</run_address>
         <size>0x60</size>
         <input_file_ref idref="fl-c8"/>
      </object_component>
      <object_component id="oc-1ad">
         <name>.debug_info</name>
         <load_address>0x815e</load_address>
         <run_address>0x815e</run_address>
         <size>0x46</size>
         <input_file_ref idref="fl-c8"/>
      </object_component>
      <object_component id="oc-12f">
         <name>.debug_info</name>
         <load_address>0x81a4</load_address>
         <run_address>0x81a4</run_address>
         <size>0x39</size>
         <input_file_ref idref="fl-c8"/>
      </object_component>
      <object_component id="oc-22">
         <name>.debug_info</name>
         <load_address>0x81dd</load_address>
         <run_address>0x81dd</run_address>
         <size>0x10b</size>
         <input_file_ref idref="fl-c9"/>
      </object_component>
      <object_component id="oc-5d">
         <name>.debug_info</name>
         <load_address>0x82e8</load_address>
         <run_address>0x82e8</run_address>
         <size>0x1af</size>
         <input_file_ref idref="fl-c9"/>
      </object_component>
      <object_component id="oc-22b">
         <name>.debug_info</name>
         <load_address>0x8497</load_address>
         <run_address>0x8497</run_address>
         <size>0x122</size>
         <input_file_ref idref="fl-ca"/>
      </object_component>
      <object_component id="oc-30c">
         <name>.debug_info</name>
         <load_address>0x85b9</load_address>
         <run_address>0x85b9</run_address>
         <size>0x33a</size>
         <input_file_ref idref="fl-cd"/>
      </object_component>
      <object_component id="oc-219">
         <name>.debug_info</name>
         <load_address>0x88f3</load_address>
         <run_address>0x88f3</run_address>
         <size>0x1ee</size>
         <input_file_ref idref="fl-cd"/>
      </object_component>
      <object_component id="oc-300">
         <name>.debug_info</name>
         <load_address>0x8ae1</load_address>
         <run_address>0x8ae1</run_address>
         <size>0x1c3</size>
         <input_file_ref idref="fl-cd"/>
      </object_component>
      <object_component id="oc-306">
         <name>.debug_info</name>
         <load_address>0x8ca4</load_address>
         <run_address>0x8ca4</run_address>
         <size>0x176</size>
         <input_file_ref idref="fl-cd"/>
      </object_component>
      <object_component id="oc-30d">
         <name>.debug_info</name>
         <load_address>0x8e1a</load_address>
         <run_address>0x8e1a</run_address>
         <size>0x2c</size>
         <input_file_ref idref="fl-cd"/>
      </object_component>
      <object_component id="oc-312">
         <name>.debug_info</name>
         <load_address>0x8e46</load_address>
         <run_address>0x8e46</run_address>
         <size>0x69</size>
         <input_file_ref idref="fl-cd"/>
      </object_component>
      <object_component id="oc-3f">
         <name>.debug_info</name>
         <load_address>0x8eaf</load_address>
         <run_address>0x8eaf</run_address>
         <size>0x11c</size>
         <input_file_ref idref="fl-ce"/>
      </object_component>
      <object_component id="oc-147">
         <name>.debug_info</name>
         <load_address>0x8fcb</load_address>
         <run_address>0x8fcb</run_address>
         <size>0x14a</size>
         <input_file_ref idref="fl-cf"/>
      </object_component>
      <object_component id="oc-32c">
         <name>.debug_info</name>
         <load_address>0x9115</load_address>
         <run_address>0x9115</run_address>
         <size>0x552</size>
         <input_file_ref idref="fl-d0"/>
      </object_component>
      <object_component id="oc-237">
         <name>.debug_info</name>
         <load_address>0x9667</load_address>
         <run_address>0x9667</run_address>
         <size>0x1a6</size>
         <input_file_ref idref="fl-d0"/>
      </object_component>
      <object_component id="oc-420">
         <name>.debug_info</name>
         <load_address>0x980d</load_address>
         <run_address>0x980d</run_address>
         <size>0x39</size>
         <input_file_ref idref="fl-d0"/>
      </object_component>
      <object_component id="oc-4cd">
         <name>.debug_info</name>
         <load_address>0x9846</load_address>
         <run_address>0x9846</run_address>
         <size>0x39</size>
         <input_file_ref idref="fl-d0"/>
      </object_component>
      <object_component id="oc-425">
         <name>.debug_info</name>
         <load_address>0x987f</load_address>
         <run_address>0x987f</run_address>
         <size>0x39</size>
         <input_file_ref idref="fl-d0"/>
      </object_component>
      <object_component id="oc-42a">
         <name>.debug_info</name>
         <load_address>0x98b8</load_address>
         <run_address>0x98b8</run_address>
         <size>0xcd</size>
         <input_file_ref idref="fl-d0"/>
      </object_component>
      <object_component id="oc-14b">
         <name>.debug_info</name>
         <load_address>0x9985</load_address>
         <run_address>0x9985</run_address>
         <size>0x153</size>
         <input_file_ref idref="fl-d1"/>
      </object_component>
      <object_component id="oc-401">
         <name>.debug_info</name>
         <load_address>0x9ad8</load_address>
         <run_address>0x9ad8</run_address>
         <size>0x8b1</size>
         <input_file_ref idref="fl-d3"/>
      </object_component>
      <object_component id="oc-3cc">
         <name>.debug_info</name>
         <load_address>0xa389</load_address>
         <run_address>0xa389</run_address>
         <size>0x21e</size>
         <input_file_ref idref="fl-d3"/>
      </object_component>
      <object_component id="oc-484">
         <name>.debug_info</name>
         <load_address>0xa5a7</load_address>
         <run_address>0xa5a7</run_address>
         <size>0x1b3</size>
         <input_file_ref idref="fl-d3"/>
      </object_component>
      <object_component id="oc-48a">
         <name>.debug_info</name>
         <load_address>0xa75a</load_address>
         <run_address>0xa75a</run_address>
         <size>0x21b</size>
         <input_file_ref idref="fl-d3"/>
      </object_component>
      <object_component id="oc-3d8">
         <name>.debug_info</name>
         <load_address>0xa975</load_address>
         <run_address>0xa975</run_address>
         <size>0x3bb</size>
         <input_file_ref idref="fl-d3"/>
      </object_component>
      <object_component id="oc-491">
         <name>.debug_info</name>
         <load_address>0xad30</load_address>
         <run_address>0xad30</run_address>
         <size>0x305</size>
         <input_file_ref idref="fl-d3"/>
      </object_component>
      <object_component id="oc-497">
         <name>.debug_info</name>
         <load_address>0xb035</load_address>
         <run_address>0xb035</run_address>
         <size>0x215</size>
         <input_file_ref idref="fl-d3"/>
      </object_component>
      <object_component id="oc-3de">
         <name>.debug_info</name>
         <load_address>0xb24a</load_address>
         <run_address>0xb24a</run_address>
         <size>0x215</size>
         <input_file_ref idref="fl-d3"/>
      </object_component>
      <object_component id="oc-3e4">
         <name>.debug_info</name>
         <load_address>0xb45f</load_address>
         <run_address>0xb45f</run_address>
         <size>0x304</size>
         <input_file_ref idref="fl-d3"/>
      </object_component>
      <object_component id="oc-3e9">
         <name>.debug_info</name>
         <load_address>0xb763</load_address>
         <run_address>0xb763</run_address>
         <size>0x4b0</size>
         <input_file_ref idref="fl-d3"/>
      </object_component>
      <object_component id="oc-2fa">
         <name>.debug_info</name>
         <load_address>0xbc13</load_address>
         <run_address>0xbc13</run_address>
         <size>0x5d8</size>
         <input_file_ref idref="fl-d3"/>
      </object_component>
      <object_component id="oc-402">
         <name>.debug_info</name>
         <load_address>0xc1eb</load_address>
         <run_address>0xc1eb</run_address>
         <size>0x86</size>
         <input_file_ref idref="fl-d3"/>
      </object_component>
      <object_component id="oc-4c0">
         <name>.debug_info</name>
         <load_address>0xc271</load_address>
         <run_address>0xc271</run_address>
         <size>0x39</size>
         <input_file_ref idref="fl-d3"/>
      </object_component>
      <object_component id="oc-517">
         <name>.debug_info</name>
         <load_address>0xc2aa</load_address>
         <run_address>0xc2aa</run_address>
         <size>0xb6</size>
         <input_file_ref idref="fl-d3"/>
      </object_component>
      <object_component id="oc-4c5">
         <name>.debug_info</name>
         <load_address>0xc360</load_address>
         <run_address>0xc360</run_address>
         <size>0x46</size>
         <input_file_ref idref="fl-d3"/>
      </object_component>
      <object_component id="oc-407">
         <name>.debug_info</name>
         <load_address>0xc3a6</load_address>
         <run_address>0xc3a6</run_address>
         <size>0x46</size>
         <input_file_ref idref="fl-d3"/>
      </object_component>
      <object_component id="oc-45b">
         <name>.debug_info</name>
         <load_address>0xc3ec</load_address>
         <run_address>0xc3ec</run_address>
         <size>0x2b9</size>
         <input_file_ref idref="fl-d4"/>
      </object_component>
      <object_component id="oc-3c6">
         <name>.debug_info</name>
         <load_address>0xc6a5</load_address>
         <run_address>0xc6a5</run_address>
         <size>0x17c</size>
         <input_file_ref idref="fl-d4"/>
      </object_component>
      <object_component id="oc-4e5">
         <name>.debug_info</name>
         <load_address>0xc821</load_address>
         <run_address>0xc821</run_address>
         <size>0xf9</size>
         <input_file_ref idref="fl-d5"/>
      </object_component>
      <object_component id="oc-458">
         <name>.debug_info</name>
         <load_address>0xc91a</load_address>
         <run_address>0xc91a</run_address>
         <size>0x105</size>
         <input_file_ref idref="fl-d5"/>
      </object_component>
      <object_component id="oc-4f2">
         <name>.debug_info</name>
         <load_address>0xca1f</load_address>
         <run_address>0xca1f</run_address>
         <size>0x29b</size>
         <input_file_ref idref="fl-d6"/>
      </object_component>
      <object_component id="oc-474">
         <name>.debug_info</name>
         <load_address>0xccba</load_address>
         <run_address>0xccba</run_address>
         <size>0x1cd</size>
         <input_file_ref idref="fl-d6"/>
      </object_component>
      <object_component id="oc-4b1">
         <name>.debug_info</name>
         <load_address>0xce87</load_address>
         <run_address>0xce87</run_address>
         <size>0x296</size>
         <input_file_ref idref="fl-d7"/>
      </object_component>
      <object_component id="oc-3f0">
         <name>.debug_info</name>
         <load_address>0xd11d</load_address>
         <run_address>0xd11d</run_address>
         <size>0x1b6</size>
         <input_file_ref idref="fl-d7"/>
      </object_component>
      <object_component id="oc-509">
         <name>.debug_info</name>
         <load_address>0xd2d3</load_address>
         <run_address>0xd2d3</run_address>
         <size>0x29a</size>
         <input_file_ref idref="fl-d8"/>
      </object_component>
      <object_component id="oc-4ac">
         <name>.debug_info</name>
         <load_address>0xd56d</load_address>
         <run_address>0xd56d</run_address>
         <size>0x268</size>
         <input_file_ref idref="fl-d8"/>
      </object_component>
      <object_component id="oc-456">
         <name>.debug_info</name>
         <load_address>0xd7d5</load_address>
         <run_address>0xd7d5</run_address>
         <size>0x28f</size>
         <input_file_ref idref="fl-d9"/>
      </object_component>
      <object_component id="oc-3c0">
         <name>.debug_info</name>
         <load_address>0xda64</load_address>
         <run_address>0xda64</run_address>
         <size>0x24b</size>
         <input_file_ref idref="fl-d9"/>
      </object_component>
      <object_component id="oc-4b8">
         <name>.debug_info</name>
         <load_address>0xdcaf</load_address>
         <run_address>0xdcaf</run_address>
         <size>0x28f</size>
         <input_file_ref idref="fl-da"/>
      </object_component>
      <object_component id="oc-3f6">
         <name>.debug_info</name>
         <load_address>0xdf3e</load_address>
         <run_address>0xdf3e</run_address>
         <size>0x15a</size>
         <input_file_ref idref="fl-da"/>
      </object_component>
      <object_component id="oc-50c">
         <name>.debug_info</name>
[...]
      </symbol>
      <symbol id="sm-176">
         <name>gVoltageScaleStr</name>
         <value>0x4bb8</value>
         <object_component_ref idref="oc-223"/>
      </symbol>
      <symbol id="sm-177">
         <name>gTimeScaleStr</name>
         <value>0x4b20</value>
         <object_component_ref idref="oc-214"/>
      </symbol>
      <symbol id="sm-178">
         <name>main</name>
         <value>0x1851</value>
         <object_component_ref idref="oc-150"/>
      </symbol>
      <symbol id="sm-179">
         <name>cpu_load</name>
         <value>0x20008074</value>
         <object_component_ref idref="oc-1f0"/>
      </symbol>
      <symbol id="sm-17a">
         <name>gTriggerSlopeStr</name>
         <value>0x4be0</value>
         <object_component_ref idref="oc-226"/>
      </symbol>
      <symbol id="sm-17b">
         <name>count_unloaded</name>
         <value>0x2000806c</value>
         <object_component_ref idref="oc-1f0"/>
      </symbol>
      <symbol id="sm-17c">
         <name>count_loaded</name>
         <value>0x20008070</value>
         <object_component_ref idref="oc-1f0"/>
      </symbol>
      <symbol id="sm-19e">
         <name>ResetISR</name>
         <value>0x4051</value>
         <object_component_ref idref="oc-24"/>
      </symbol>
      <symbol id="sm-19f">
         <name>g_pfnVectors</name>
         <value>0x0</value>
         <object_component_ref idref="oc-f"/>
      </symbol>
      <symbol id="sm-1aa">
         <name>__aeabi_dmul</name>
         <value>0x2eb7</value>
         <object_component_ref idref="oc-1fe"/>
      </symbol>
      <symbol id="sm-1b6">
         <name>__aeabi_d2f</name>
         <value>0x3611</value>
         <object_component_ref idref="oc-203"/>
      </symbol>
      <symbol id="sm-1c1">
         <name>__aeabi_f2d</name>
         <value>0x3de5</value>
         <object_component_ref idref="oc-1f9"/>
      </symbol>
      <symbol id="sm-1d8">
         <name>__TI_zero_init</name>
         <value>0x4231</value>
         <object_component_ref idref="oc-50"/>
      </symbol>
      <symbol id="sm-1ef">
         <name>__TI_decompress_none</name>
         <value>0x420b</value>
         <object_component_ref idref="oc-18"/>
      </symbol>
      <symbol id="sm-212">
         <name>__TI_decompress_lzss</name>
         <value>0x3751</value>
         <object_component_ref idref="oc-12"/>
      </symbol>
      <symbol id="sm-225">
         <name>__stack</name>
         <value>0x200091c8</value>
         <object_component_ref idref="oc-21"/>
      </symbol>
      <symbol id="sm-226">
         <name>_c_int00_noargs</name>
         <value>0x3dad</value>
         <object_component_ref idref="oc-5c"/>
      </symbol>
      <symbol id="sm-231">
         <name>C$$EXIT</name>
         <value>0x42a5</value>
         <object_component_ref idref="oc-22a"/>
      </symbol>
      <symbol id="sm-232">
         <name>abort</name>
         <value>0x42a5</value>
         <object_component_ref idref="oc-22a"/>
      </symbol>
      <symbol id="sm-263">
         <name>snprintf</name>
         <value>0x3a79</value>
         <object_component_ref idref="oc-217"/>
      </symbol>
      <symbol id="sm-27e">
         <name>memcpy</name>
         <value>0x31eb</value>
         <object_component_ref idref="oc-3e"/>
      </symbol>
      <symbol id="sm-27f">
         <name>__aeabi_memcpy</name>
         <value>0x31eb</value>
         <object_component_ref idref="oc-3e"/>
      </symbol>
      <symbol id="sm-280">
         <name>__aeabi_memcpy8</name>
         <value>0x31eb</value>
         <object_component_ref idref="oc-3e"/>
      </symbol>
      <symbol id="sm-281">
         <name>__aeabi_memcpy4</name>
         <value>0x31eb</value>
         <object_component_ref idref="oc-3e"/>
      </symbol>
      <symbol id="sm-290">
         <name>__aeabi_memset</name>
         <value>0x352b</value>
         <object_component_ref idref="oc-144"/>
      </symbol>
      <symbol id="sm-291">
         <name>memset</name>
         <value>0x3531</value>
         <object_component_ref idref="oc-144"/>
      </symbol>
      <symbol id="sm-292">
         <name>__aeabi_memset8</name>
         <value>0x352b</value>
         <object_component_ref idref="oc-144"/>
      </symbol>
      <symbol id="sm-293">
         <name>__aeabi_memset4</name>
         <value>0x352b</value>
         <object_component_ref idref="oc-144"/>
      </symbol>
      <symbol id="sm-294">
         <name>__aeabi_memclr8</name>
         <value>0x3529</value>
         <object_component_ref idref="oc-144"/>
      </symbol>
      <symbol id="sm-295">
         <name>__aeabi_memclr4</name>
         <value>0x3529</value>
         <object_component_ref idref="oc-144"/>
      </symbol>
      <symbol id="sm-296">
         <name>__aeabi_memclr</name>
         <value>0x3529</value>
         <object_component_ref idref="oc-144"/>
      </symbol>
      <symbol id="sm-2be">
         <name>__TI_auto_init_nobinit_nopinit</name>
         <value>0x3c75</value>
         <object_component_ref idref="oc-236"/>
      </symbol>
      <symbol id="sm-2c8">
         <name>_system_pre_init</name>
         <value>0x42a1</value>
         <object_component_ref idref="oc-14a"/>
      </symbol>
      <symbol id="sm-42e">
         <name>__TI_printfi</name>
         <value>0x209</value>
         <object_component_ref idref="oc-2f9"/>
      </symbol>
      <symbol id="sm-444">
         <name>atoi</name>
         <value>0x3a2d</value>
         <object_component_ref idref="oc-3c5"/>
      </symbol>
      <symbol id="sm-44f">
         <name>_ctypes_</name>
         <value>0x46c0</value>
         <object_component_ref idref="oc-457"/>
      </symbol>
      <symbol id="sm-45e">
         <name>ltoa</name>
         <value>0x3987</value>
         <object_component_ref idref="oc-472"/>
      </symbol>
      <symbol id="sm-46e">
         <name>memccpy</name>
         <value>0x4035</value>
         <object_component_ref idref="oc-3ee"/>
      </symbol>
      <symbol id="sm-47e">
         <name>strchr</name>
         <value>0x40e1</value>
         <object_component_ref idref="oc-4a9"/>
      </symbol>
      <symbol id="sm-48c">
         <name>strlen</name>
         <value>0x4121</value>
         <object_component_ref idref="oc-3bf"/>
      </symbol>
      <symbol id="sm-4a5">
         <name>wcslen</name>
         <value>0x417d</value>
         <object_component_ref idref="oc-3f4"/>
      </symbol>
      <symbol id="sm-4c5">
         <name>frexpl</name>
         <value>0x37b9</value>
         <object_component_ref idref="oc-49d"/>
      </symbol>
      <symbol id="sm-4c6">
         <name>frexp</name>
         <value>0x37b9</value>
         <object_component_ref idref="oc-49d"/>
      </symbol>
      <symbol id="sm-4e3">
         <name>scalbn</name>
         <value>0x2ca1</value>
         <object_component_ref idref="oc-4a3"/>
      </symbol>
      <symbol id="sm-4e4">
         <name>scalbnl</name>
         <value>0x2ca1</value>
         <object_component_ref idref="oc-4a3"/>
      </symbol>
      <symbol id="sm-4e5">
         <name>ldexpl</name>
         <value>0x2ca1</value>
         <object_component_ref idref="oc-4a3"/>
      </symbol>
      <symbol id="sm-4e6">
         <name>ldexp</name>
         <value>0x2ca1</value>
         <object_component_ref idref="oc-4a3"/>
      </symbol>
      <symbol id="sm-4fd">
         <name>__aeabi_dsub</name>
         <value>0x24a1</value>
         <object_component_ref idref="oc-47d"/>
      </symbol>
      <symbol id="sm-4fe">
         <name>__aeabi_dadd</name>
         <value>0x24ab</value>
         <object_component_ref idref="oc-47d"/>
      </symbol>
      <symbol id="sm-520">
         <name>__aeabi_cdcmpeq</name>
         <value>0x33a3</value>
         <object_component_ref idref="oc-3d1"/>
      </symbol>
      <symbol id="sm-521">
         <name>__aeabi_cdcmple</name>
         <value>0x33a3</value>
         <object_component_ref idref="oc-3d1"/>
      </symbol>
      <symbol id="sm-522">
         <name>__aeabi_cdrcmple</name>
         <value>0x3429</value>
         <object_component_ref idref="oc-468"/>
      </symbol>
      <symbol id="sm-536">
         <name>__aeabi_ddiv</name>
         <value>0x2915</value>
         <object_component_ref idref="oc-463"/>
      </symbol>
      <symbol id="sm-540">
         <name>__aeabi_d2iz</name>
         <value>0x3ba1</value>
         <object_component_ref idref="oc-46d"/>
      </symbol>
      <symbol id="sm-54a">
         <name>__aeabi_i2d</name>
         <value>0x3f15</value>
         <object_component_ref idref="oc-478"/>
      </symbol>
      <symbol id="sm-557">
         <name>__aeabi_uldivmod</name>
         <value>0x3287</value>
         <object_component_ref idref="oc-45c"/>
      </symbol>
      <symbol id="sm-56d">
         <name>__aeabi_errno_addr</name>
         <value>0x427d</value>
         <object_component_ref idref="oc-3fa"/>
      </symbol>
      <symbol id="sm-56e">
         <name>errno</name>
         <value>0x20008080</value>
         <object_component_ref idref="oc-4b9"/>
      </symbol>
      <symbol id="sm-578">
         <name>copysign</name>
         <value>0x410d</value>
         <object_component_ref idref="oc-500"/>
      </symbol>
      <symbol id="sm-579">
         <name>copysignl</name>
         <value>0x410d</value>
         <object_component_ref idref="oc-500"/>
      </symbol>
      <symbol id="sm-583">
         <name>__aeabi_idiv0</name>
         <value>0xc67</value>
         <object_component_ref idref="oc-4e8"/>
      </symbol>
      <symbol id="sm-584">
         <name>__aeabi_ldiv0</name>
         <value>0xc67</value>
         <object_component_ref idref="oc-4e8"/>
      </symbol>
      <symbol id="sm-5a9">
         <name>GrContextInit</name>
         <value>0x3681</value>
         <object_component_ref idref="oc-1de"/>
      </symbol>
      <symbol id="sm-5aa">
         <name>g_psDefaultCodePointMapTable</name>
         <value>0x4bc8</value>
         <object_component_ref idref="oc-2b7"/>
      </symbol>
      <symbol id="sm-5ee">
         <name>GrLineDrawH</name>
         <value>0x3be9</value>
         <object_component_ref idref="oc-2e8"/>
      </symbol>
      <symbol id="sm-5ef">
         <name>GrLineDrawV</name>
         <value>0x3c2f</value>
         <object_component_ref idref="oc-2ee"/>
      </symbol>
      <symbol id="sm-5f0">
         <name>GrLineDraw</name>
         <value>0x2db1</value>
         <object_component_ref idref="oc-20e"/>
      </symbol>
      <symbol id="sm-5fe">
         <name>GrRectFill</name>
         <value>0x331d</value>
         <object_component_ref idref="oc-208"/>
      </symbol>
      <symbol id="sm-68d">
         <name>GrFontInfoGet</name>
         <value>0x3f6d</value>
         <object_component_ref idref="oc-381"/>
      </symbol>
      <symbol id="sm-68e">
         <name>GrDefaultStringRenderer</name>
         <value>0x2fb3</value>
         <object_component_ref idref="oc-2b1"/>
      </symbol>
      <symbol id="sm-68f">
         <name>GrFontGlyphRender</name>
         <value>0x1e75</value>
         <object_component_ref idref="oc-393"/>
      </symbol>
      <symbol id="sm-690">
         <name>GrContextFontSet</name>
         <value>0x4291</value>
         <object_component_ref idref="oc-1e7"/>
      </symbol>
      <symbol id="sm-691">
         <name>GrFontGlyphDataGet</name>
         <value>0x3fb9</value>
         <object_component_ref idref="oc-38d"/>
      </symbol>
      <symbol id="sm-692">
         <name>GrStringDraw</name>
         <value>0x40cb</value>
         <object_component_ref idref="oc-21d"/>
      </symbol>
      <symbol id="sm-693">
         <name>GrFontCodepageGet</name>
         <value>0x3ff9</value>
         <object_component_ref idref="oc-3a8"/>
      </symbol>
      <symbol id="sm-694">
         <name>GrStringNextCharGet</name>
         <value>0x3ee7</value>
         <object_component_ref idref="oc-387"/>
      </symbol>
      <symbol id="sm-6a6">
         <name>g_sFontFixed6x8</name>
         <value>0x47c4</value>
         <object_component_ref idref="oc-1e4"/>
      </symbol>
      <symbol id="sm-6b3">
         <name>GrMapISO8859_1_Unicode</name>
         <value>0x4265</value>
         <object_component_ref idref="oc-39a"/>
      </symbol>
      <symbol id="sm-710">
         <name>ADCProcessorTrigger</name>
         <value>0x4083</value>
         <object_component_ref idref="oc-8c"/>
      </symbol>
      <symbol id="sm-711">
         <name>ADCSequenceEnable</name>
         <value>0x41ef</value>
         <object_component_ref idref="oc-ff"/>
      </symbol>
      <symbol id="sm-712">
         <name>ADCSequenceConfigure</name>
         <value>0x3cb9</value>
         <object_component_ref idref="oc-f3"/>
      </symbol>
      <symbol id="sm-713">
         <name>ADCIntEnable</name>
         <value>0x418f</value>
         <object_component_ref idref="oc-10e"/>
      </symbol>
      <symbol id="sm-714">
         <name>ADCSequenceStepConfigure</name>
         <value>0x34af</value>
         <object_component_ref idref="oc-f9"/>
      </symbol>
      <symbol id="sm-715">
         <name>ADCIntClear</name>
         <value>0x423d</value>
         <object_component_ref idref="oc-a1"/>
      </symbol>
      <symbol id="sm-716">
         <name>ADCIntStatus</name>
         <value>0x3eb9</value>
         <object_component_ref idref="oc-92"/>
      </symbol>
      <symbol id="sm-717">
         <name>ADCSequenceDisable</name>
         <value>0x41e1</value>
         <object_component_ref idref="oc-ed"/>
      </symbol>
      <symbol id="sm-718">
         <name>ADCClockConfigSet</name>
         <value>0x406b</value>
         <object_component_ref idref="oc-e7"/>
      </symbol>
      <symbol id="sm-719">
         <name>ADCSequenceDataGet</name>
         <value>0x3fdb</value>
         <object_component_ref idref="oc-9b"/>
      </symbol>
      <symbol id="sm-72f">
         <name>FPULazyStackingEnable</name>
         <value>0x41b1</value>
         <object_component_ref idref="oc-1c9"/>
      </symbol>
      <symbol id="sm-730">
         <name>FPUEnable</name>
         <value>0x41a1</value>
         <object_component_ref idref="oc-1c3"/>
      </symbol>
      <symbol id="sm-78a">
         <name>GPIOPinConfigure</name>
         <value>0x3b11</value>
         <object_component_ref idref="oc-371"/>
      </symbol>
      <symbol id="sm-78b">
         <name>GPIOPinTypeADC</name>
         <value>0x4135</value>
         <object_component_ref idref="oc-e0"/>
      </symbol>
      <symbol id="sm-78c">
         <name>GPIOPinTypeGPIOInput</name>
         <value>0x4147</value>
         <object_component_ref idref="oc-d4"/>
      </symbol>
      <symbol id="sm-78d">
         <name>GPIOPinTypeGPIOOutput</name>
         <value>0x409b</value>
         <object_component_ref idref="oc-377"/>
      </symbol>
      <symbol id="sm-78e">
         <name>GPIOPinRead</name>
         <value>0x4285</value>
         <object_component_ref idref="oc-116"/>
      </symbol>
      <symbol id="sm-78f">
         <name>GPIODirModeSet</name>
         <value>0x3f43</value>
         <object_component_ref idref="oc-192"/>
      </symbol>
      <symbol id="sm-790">
         <name>GPIOPinWrite</name>
         <value>0x428b</value>
         <object_component_ref idref="oc-359"/>
      </symbol>
      <symbol id="sm-791">
         <name>GPIOPadConfigSet</name>
         <value>0x2a4b</value>
         <object_component_ref idref="oc-da"/>
      </symbol>
      <symbol id="sm-792">
         <name>GPIOPinTypeSSI</name>
         <value>0x4159</value>
         <object_component_ref idref="oc-36b"/>
      </symbol>
      <symbol id="sm-7dc">
         <name>IntPrioritySet</name>
         <value>0x3f95</value>
         <object_component_ref idref="oc-c8"/>
      </symbol>
      <symbol id="sm-7dd">
         <name>IntEnable</name>
         <value>0x36e9</value>
         <object_component_ref idref="oc-ce"/>
      </symbol>
      <symbol id="sm-7de">
         <name>IntMasterDisable</name>
         <value>0x41c1</value>
         <object_component_ref idref="oc-1bd"/>
      </symbol>
      <symbol id="sm-7df">
         <name>IntMasterEnable</name>
         <value>0x41d1</value>
         <object_component_ref idref="oc-1f3"/>
      </symbol>
      <symbol id="sm-806">
         <name>SSIDataPut</name>
         <value>0x4247</value>
         <object_component_ref idref="oc-34d"/>
      </symbol>
      <symbol id="sm-807">
         <name>SSIConfigSetExpClk</name>
         <value>0x3d35</value>
         <object_component_ref idref="oc-35f"/>
      </symbol>
      <symbol id="sm-808">
         <name>SSIEnable</name>
         <value>0x4251</value>
         <object_component_ref idref="oc-365"/>
      </symbol>
      <symbol id="sm-809">
         <name>SSIBusy</name>
         <value>0x426d</value>
         <object_component_ref idref="oc-353"/>
      </symbol>
      <symbol id="sm-879">
         <name>SysCtlDelay</name>
         <value>0x4297</value>
         <object_component_ref idref="oc-2a7"/>
      </symbol>
      <symbol id="sm-87a">
         <name>SysCtlPeripheralEnable</name>
         <value>0x3e55</value>
         <object_component_ref idref="oc-a7"/>
      </symbol>
      <symbol id="sm-87b">
         <name>SysCtlClockFreqSet</name>
         <value>0x20cd</value>
         <object_component_ref idref="oc-1cf"/>
      </symbol>
      <symbol id="sm-8d0">
         <name>TimerLoadSet</name>
         <value>0x416b</value>
         <object_component_ref idref="oc-bc"/>
      </symbol>
      <symbol id="sm-8d1">
         <name>TimerDisable</name>
         <value>0x40f9</value>
         <object_component_ref idref="oc-ad"/>
      </symbol>
      <symbol id="sm-8d2">
         <name>TimerEnable</name>
         <value>0x41fd</value>
         <object_component_ref idref="oc-80"/>
      </symbol>
      <symbol id="sm-8d3">
         <name>TimerIntStatus</name>
         <value>0x425b</value>
         <object_component_ref idref="oc-86"/>
      </symbol>
      <symbol id="sm-8d4">
         <name>TimerControlTrigger</name>
         <value>0x38d9</value>
         <object_component_ref idref="oc-105"/>
      </symbol>
      <symbol id="sm-8d5">
         <name>TimerIntEnable</name>
         <value>0x4275</value>
         <object_component_ref idref="oc-c2"/>
      </symbol>
      <symbol id="sm-8d6">
         <name>TimerConfigure</name>
         <value>0x381d</value>
         <object_component_ref idref="oc-b3"/>
      </symbol>
      <symbol id="sm-8d7">
         <name>TimerIntClear</name>
         <value>0x429d</value>
         <object_component_ref idref="oc-7a"/>
      </symbol>
      <symbol id="sm-8e9">
         <name>CPUcpsie</name>
         <value>0x4225</value>
         <object_component_ref idref="oc-2d1"/>
      </symbol>
      <symbol id="sm-8ea">
         <name>CPUcpsid</name>
         <value>0x4219</value>
         <object_component_ref idref="oc-27e"/>
      </symbol>
      <symbol id="sm-8eb">
         <name>__TI_static_base__</name>
         <value>0x0</value>
      </symbol>
      <symbol id="sm-8ee">
         <name>__mpu_init</name>
         <value>0x0</value>
      </symbol>
      <symbol id="sm-8ef">
         <name>_system_post_cinit</name>
         <value>0x0</value>
      </symbol>
   </symbol_table>
   <title>Link successful</title>
</link_info>
